=== Round: d10_s3407_ens32 ===
args: {'lr': 5e-05, 'l2': 1e-06, 'batch_size': 16, 'seed': 3407, 'epochs': 30, 'dropout': 0.6, 'hidden_dim': 768, 'n_head': 8, 'temp': 2.0, 'clsNum': 7, 'train': True, 'label_smoothing': 0.05, 'kd_weight_a': 0.01, 'kd_weight_v': 0.08, 'ensemble_a': 0.32, 'ensemble_v': 0.28, 'fusion_arch': 'linear', 'residual_alpha': 0.1, 'fusion_mode': 'fixed', 'loss_target': 'text', 'aux_fused_weight': 0.3, 'focal_gamma': 0.0, 'modality_drop': 0.0, 'patience': 12, 'min_epochs': 3, 'exp_name': 'd10_s3407_ens32', 'log_file': './experiment_logs/d10.log'}
epoch: 0, train_loss: 2.3703, train_acc: 43.43, train_fscore: 40.85 valid_loss: 2.2245, valid_acc: 50.68, valid_fscore: 40.22,test_loss: 2.1409, test_acc: 55.75, test_fscore: 46.1, time: 1780657067.2884965
epoch: 0, train_loss_a_kd: 8.1961, train_loss_v_kd: 6.9444, valid_loss_a_kd: 6.2665, valid_loss_v_kd: 7.0527, test_loss_a_kd: 6.212, test_loss_v_kd: 6.5306
done
epoch: 1, train_loss: 1.2599, train_acc: 86.59, train_fscore: 85.67 valid_loss: 2.1779, valid_acc: 66.91, valid_fscore: 65.85,test_loss: 2.1673, test_acc: 65.98, test_fscore: 64.9, time: 1780657071.8609643
epoch: 1, train_loss_a_kd: 6.965, train_loss_v_kd: 2.7772, valid_loss_a_kd: 6.8991, valid_loss_v_kd: 8.4504, test_loss_a_kd: 6.5405, test_loss_v_kd: 7.9482
done
epoch: 2, train_loss: 0.9992, train_acc: 90.95, train_fscore: 90.9 valid_loss: 2.2287, valid_acc: 67.0, valid_fscore: 66.22,test_loss: 2.2264, test_acc: 66.21, test_fscore: 65.35, time: 1780657076.546153
epoch: 2, train_loss_a_kd: 6.2675, train_loss_v_kd: 1.898, valid_loss_a_kd: 6.7153, valid_loss_v_kd: 8.7169, test_loss_a_kd: 6.3157, test_loss_v_kd: 8.1808
done
epoch: 3, train_loss: 0.9498, train_acc: 91.75, train_fscore: 91.73 valid_loss: 2.2237, valid_acc: 66.91, valid_fscore: 65.98,test_loss: 2.2264, test_acc: 66.09, test_fscore: 65.13, time: 1780657081.1957297
epoch: 3, train_loss_a_kd: 5.6843, train_loss_v_kd: 1.6402, valid_loss_a_kd: 6.6217, valid_loss_v_kd: 8.7325, test_loss_a_kd: 6.2463, test_loss_v_kd: 8.2029
epoch: 4, train_loss: 0.9304, train_acc: 91.94, train_fscore: 91.92 valid_loss: 2.2464, valid_acc: 67.0, valid_fscore: 65.88,test_loss: 2.2492, test_acc: 66.55, test_fscore: 65.29, time: 1780657085.3343663
epoch: 4, train_loss_a_kd: 5.4019, train_loss_v_kd: 1.5681, valid_loss_a_kd: 6.4865, valid_loss_v_kd: 8.7488, test_loss_a_kd: 6.1024, test_loss_v_kd: 8.1853
done
epoch: 5, train_loss: 0.9099, train_acc: 92.42, train_fscore: 92.4 valid_loss: 2.2311, valid_acc: 67.27, valid_fscore: 66.35,test_loss: 2.2421, test_acc: 66.51, test_fscore: 65.44, time: 1780657092.0563476
epoch: 5, train_loss_a_kd: 5.2616, train_loss_v_kd: 1.496, valid_loss_a_kd: 6.4966, valid_loss_v_kd: 8.8151, test_loss_a_kd: 6.1304, test_loss_v_kd: 8.2569
done
epoch: 6, train_loss: 0.8985, train_acc: 92.65, train_fscore: 92.63 valid_loss: 2.2204, valid_acc: 67.45, valid_fscore: 66.43,test_loss: 2.2366, test_acc: 66.63, test_fscore: 65.43, time: 1780657096.613121
epoch: 6, train_loss_a_kd: 5.2043, train_loss_v_kd: 1.4617, valid_loss_a_kd: 6.4494, valid_loss_v_kd: 8.7838, test_loss_a_kd: 6.08, test_loss_v_kd: 8.2175
done
epoch: 7, train_loss: 0.8948, train_acc: 92.69, train_fscore: 92.68 valid_loss: 2.2162, valid_acc: 67.9, valid_fscore: 67.02,test_loss: 2.2325, test_acc: 66.59, test_fscore: 65.47, time: 1780657101.445806
epoch: 7, train_loss_a_kd: 5.0595, train_loss_v_kd: 1.439, valid_loss_a_kd: 6.4304, valid_loss_v_kd: 8.8464, test_loss_a_kd: 6.0643, test_loss_v_kd: 8.2831
epoch: 8, train_loss: 0.8825, train_acc: 92.65, train_fscore: 92.64 valid_loss: 2.2419, valid_acc: 66.28, valid_fscore: 64.8,test_loss: 2.2495, test_acc: 66.93, test_fscore: 65.4, time: 1780657105.394399
epoch: 8, train_loss_a_kd: 5.0112, train_loss_v_kd: 1.4026, valid_loss_a_kd: 6.3189, valid_loss_v_kd: 8.7601, test_loss_a_kd: 5.9685, test_loss_v_kd: 8.1758
done
epoch: 9, train_loss: 0.8806, train_acc: 92.75, train_fscore: 92.73 valid_loss: 2.2064, valid_acc: 67.9, valid_fscore: 66.94,test_loss: 2.2262, test_acc: 66.82, test_fscore: 65.7, time: 1780657109.9513307
epoch: 9, train_loss_a_kd: 4.9594, train_loss_v_kd: 1.4077, valid_loss_a_kd: 6.3898, valid_loss_v_kd: 8.8454, test_loss_a_kd: 6.0413, test_loss_v_kd: 8.2595
done
epoch: 10, train_loss: 0.8723, train_acc: 93.01, train_fscore: 92.99 valid_loss: 2.2073, valid_acc: 67.81, valid_fscore: 67.0,test_loss: 2.2294, test_acc: 66.4, test_fscore: 65.45, time: 1780657114.6655357
epoch: 10, train_loss_a_kd: 4.9132, train_loss_v_kd: 1.3849, valid_loss_a_kd: 6.3762, valid_loss_v_kd: 8.8782, test_loss_a_kd: 6.0251, test_loss_v_kd: 8.2802
epoch: 11, train_loss: 0.8705, train_acc: 92.84, train_fscore: 92.83 valid_loss: 2.2173, valid_acc: 67.63, valid_fscore: 66.62,test_loss: 2.2323, test_acc: 66.59, test_fscore: 65.35, time: 1780657118.7614625
epoch: 11, train_loss_a_kd: 4.8879, train_loss_v_kd: 1.3678, valid_loss_a_kd: 6.3117, valid_loss_v_kd: 8.8542, test_loss_a_kd: 5.96, test_loss_v_kd: 8.2516
epoch: 12, train_loss: 0.8679, train_acc: 92.92, train_fscore: 92.91 valid_loss: 2.2246, valid_acc: 67.63, valid_fscore: 66.44,test_loss: 2.2405, test_acc: 66.97, test_fscore: 65.58, time: 1780657122.8118882
epoch: 12, train_loss_a_kd: 4.8434, train_loss_v_kd: 1.3543, valid_loss_a_kd: 6.2162, valid_loss_v_kd: 8.7615, test_loss_a_kd: 5.8741, test_loss_v_kd: 8.1775
done
epoch: 13, train_loss: 0.86, train_acc: 93.13, train_fscore: 93.1 valid_loss: 2.2091, valid_acc: 68.53, valid_fscore: 67.56,test_loss: 2.228, test_acc: 66.55, test_fscore: 65.37, time: 1780657127.7255547
epoch: 13, train_loss_a_kd: 4.8005, train_loss_v_kd: 1.3398, valid_loss_a_kd: 6.2654, valid_loss_v_kd: 8.8143, test_loss_a_kd: 5.9415, test_loss_v_kd: 8.2326
epoch: 14, train_loss: 0.8587, train_acc: 92.91, train_fscore: 92.89 valid_loss: 2.2178, valid_acc: 67.63, valid_fscore: 66.35,test_loss: 2.2295, test_acc: 67.05, test_fscore: 65.52, time: 1780657131.6765807
epoch: 14, train_loss_a_kd: 4.7632, train_loss_v_kd: 1.3422, valid_loss_a_kd: 6.1786, valid_loss_v_kd: 8.7174, test_loss_a_kd: 5.849, test_loss_v_kd: 8.1341
DUAL_BEAT
epoch: 15, train_loss: 0.8519, train_acc: 92.97, train_fscore: 92.95 valid_loss: 2.2073, valid_acc: 67.63, valid_fscore: 66.44,test_loss: 2.2239, test_acc: 66.93, test_fscore: 65.53, time: 1780657136.5643406
epoch: 15, train_loss_a_kd: 4.7214, train_loss_v_kd: 1.3196, valid_loss_a_kd: 6.1929, valid_loss_v_kd: 8.7775, test_loss_a_kd: 5.8588, test_loss_v_kd: 8.1749
epoch: 16, train_loss: 0.8504, train_acc: 93.29, train_fscore: 93.28 valid_loss: 2.2336, valid_acc: 67.27, valid_fscore: 65.97,test_loss: 2.2451, test_acc: 66.63, test_fscore: 65.06, time: 1780657140.6444376
epoch: 16, train_loss_a_kd: 4.6983, train_loss_v_kd: 1.3025, valid_loss_a_kd: 6.1235, valid_loss_v_kd: 8.7144, test_loss_a_kd: 5.7991, test_loss_v_kd: 8.1193
epoch: 17, train_loss: 0.8467, train_acc: 93.22, train_fscore: 93.2 valid_loss: 2.2233, valid_acc: 67.36, valid_fscore: 66.13,test_loss: 2.2386, test_acc: 66.7, test_fscore: 65.25, time: 1780657144.723208
epoch: 17, train_loss_a_kd: 4.7059, train_loss_v_kd: 1.2857, valid_loss_a_kd: 6.1194, valid_loss_v_kd: 8.7038, test_loss_a_kd: 5.7965, test_loss_v_kd: 8.1116
epoch: 18, train_loss: 0.8409, train_acc: 92.95, train_fscore: 92.92 valid_loss: 2.2097, valid_acc: 67.45, valid_fscore: 66.22,test_loss: 2.2241, test_acc: 66.82, test_fscore: 65.5, time: 1780657148.8427796
epoch: 18, train_loss_a_kd: 4.646, train_loss_v_kd: 1.2798, valid_loss_a_kd: 6.1504, valid_loss_v_kd: 8.7344, test_loss_a_kd: 5.8378, test_loss_v_kd: 8.1519
epoch: 19, train_loss: 0.8388, train_acc: 93.23, train_fscore: 93.22 valid_loss: 2.2087, valid_acc: 67.54, valid_fscore: 66.28,test_loss: 2.2248, test_acc: 66.93, test_fscore: 65.59, time: 1780657152.6410334
epoch: 19, train_loss_a_kd: 4.6449, train_loss_v_kd: 1.2735, valid_loss_a_kd: 6.1216, valid_loss_v_kd: 8.7239, test_loss_a_kd: 5.8027, test_loss_v_kd: 8.1301
epoch: 20, train_loss: 0.8391, train_acc: 93.39, train_fscore: 93.38 valid_loss: 2.2248, valid_acc: 67.54, valid_fscore: 66.24,test_loss: 2.233, test_acc: 66.74, test_fscore: 65.35, time: 1780657156.490713
epoch: 20, train_loss_a_kd: 4.5995, train_loss_v_kd: 1.2813, valid_loss_a_kd: 6.0906, valid_loss_v_kd: 8.7212, test_loss_a_kd: 5.7849, test_loss_v_kd: 8.133
epoch: 21, train_loss: 0.8364, train_acc: 93.4, train_fscore: 93.38 valid_loss: 2.2225, valid_acc: 66.91, valid_fscore: 65.47,test_loss: 2.2314, test_acc: 66.74, test_fscore: 65.17, time: 1780657160.4579842
epoch: 21, train_loss_a_kd: 4.6413, train_loss_v_kd: 1.2631, valid_loss_a_kd: 6.056, valid_loss_v_kd: 8.6901, test_loss_a_kd: 5.7461, test_loss_v_kd: 8.0922
epoch: 22, train_loss: 0.8358, train_acc: 93.39, train_fscore: 93.37 valid_loss: 2.2135, valid_acc: 67.54, valid_fscore: 66.19,test_loss: 2.2272, test_acc: 66.86, test_fscore: 65.37, time: 1780657164.705803
epoch: 22, train_loss_a_kd: 4.5886, train_loss_v_kd: 1.286, valid_loss_a_kd: 6.0678, valid_loss_v_kd: 8.701, test_loss_a_kd: 5.7701, test_loss_v_kd: 8.1122
epoch: 23, train_loss: 0.8336, train_acc: 93.12, train_fscore: 93.1 valid_loss: 2.2145, valid_acc: 67.27, valid_fscore: 66.0,test_loss: 2.2265, test_acc: 66.82, test_fscore: 65.32, time: 1780657168.8405125
epoch: 23, train_loss_a_kd: 4.5722, train_loss_v_kd: 1.2657, valid_loss_a_kd: 6.0614, valid_loss_v_kd: 8.6982, test_loss_a_kd: 5.7567, test_loss_v_kd: 8.1038
epoch: 24, train_loss: 0.8266, train_acc: 93.32, train_fscore: 93.31 valid_loss: 2.2255, valid_acc: 67.18, valid_fscore: 65.78,test_loss: 2.235, test_acc: 66.7, test_fscore: 65.2, time: 1780657173.0102599
epoch: 24, train_loss_a_kd: 4.5941, train_loss_v_kd: 1.2401, valid_loss_a_kd: 6.0449, valid_loss_v_kd: 8.6681, test_loss_a_kd: 5.7378, test_loss_v_kd: 8.081
epoch: 25, train_loss: 0.8272, train_acc: 93.34, train_fscore: 93.32 valid_loss: 2.2247, valid_acc: 67.09, valid_fscore: 65.74,test_loss: 2.2363, test_acc: 66.44, test_fscore: 64.85, time: 1780657176.9307523
epoch: 25, train_loss_a_kd: 4.5512, train_loss_v_kd: 1.2512, valid_loss_a_kd: 6.0174, valid_loss_v_kd: 8.6548, test_loss_a_kd: 5.7163, test_loss_v_kd: 8.0638
epoch: 26, train_loss: 0.8187, train_acc: 93.38, train_fscore: 93.37 valid_loss: 2.2171, valid_acc: 67.36, valid_fscore: 66.04,test_loss: 2.2283, test_acc: 66.74, test_fscore: 65.26, time: 1780657180.9333644
epoch: 26, train_loss_a_kd: 4.5505, train_loss_v_kd: 1.2244, valid_loss_a_kd: 6.0356, valid_loss_v_kd: 8.6639, test_loss_a_kd: 5.7355, test_loss_v_kd: 8.0786
early stopping at epoch 26, best epoch 14, best test_acc 67.05, best test_fscore 65.52
FINAL best epoch 14: test_acc=67.05, test_fscore=65.52, composite=132.57, dual_beat=True
