=== Round: d1_rescross_a005 ===
args: {'lr': 5e-05, 'l2': 1e-06, 'batch_size': 16, 'seed': 2024, 'epochs': 30, 'dropout': 0.6, 'hidden_dim': 768, 'n_head': 8, 'temp': 2.0, 'clsNum': 7, 'train': True, 'label_smoothing': 0.05, 'kd_weight_a': 0.01, 'kd_weight_v': 0.08, 'ensemble_a': 0.3, 'ensemble_v': 0.3, 'fusion_arch': 'residual_cross', 'residual_alpha': 0.05, 'fusion_mode': 'fixed', 'loss_target': 'text', 'aux_fused_weight': 0.3, 'focal_gamma': 0.0, 'modality_drop': 0.0, 'patience': 12, 'min_epochs': 3, 'exp_name': 'd1_rescross_a005', 'log_file': './experiment_logs/d1_rescross_a005.log'}
epoch: 0, train_loss: 2.4714, train_acc: 40.18, train_fscore: 43.39 valid_loss: 2.4932, valid_acc: 61.95, valid_fscore: 58.26,test_loss: 2.4443, test_acc: 64.37, test_fscore: 60.27, time: 1780652978.331545
epoch: 0, train_loss_a_kd: 9.1179, train_loss_v_kd: 7.7563, valid_loss_a_kd: 7.3437, valid_loss_v_kd: 7.5927, test_loss_a_kd: 7.1212, test_loss_v_kd: 7.1433
done
epoch: 1, train_loss: 1.2123, train_acc: 87.74, train_fscore: 87.37 valid_loss: 2.8795, valid_acc: 65.28, valid_fscore: 64.9,test_loss: 2.9831, test_acc: 65.1, test_fscore: 64.76, time: 1780652983.176509
epoch: 1, train_loss_a_kd: 7.4608, train_loss_v_kd: 3.0105, valid_loss_a_kd: 7.0746, valid_loss_v_kd: 8.4147, test_loss_a_kd: 6.6902, test_loss_v_kd: 7.9976
done
epoch: 2, train_loss: 1.0127, train_acc: 90.93, train_fscore: 90.89 valid_loss: 2.8448, valid_acc: 65.19, valid_fscore: 65.13,test_loss: 2.9559, test_acc: 64.33, test_fscore: 64.4, time: 1780652988.0909135
epoch: 2, train_loss_a_kd: 6.4483, train_loss_v_kd: 1.9907, valid_loss_a_kd: 6.8847, valid_loss_v_kd: 8.7341, test_loss_a_kd: 6.5111, test_loss_v_kd: 8.2515
epoch: 3, train_loss: 0.9602, train_acc: 91.56, train_fscore: 91.54 valid_loss: 2.7925, valid_acc: 66.28, valid_fscore: 65.87,test_loss: 2.8793, test_acc: 65.48, test_fscore: 65.03, time: 1780652992.1531522
epoch: 3, train_loss_a_kd: 5.861, train_loss_v_kd: 1.7234, valid_loss_a_kd: 6.6253, valid_loss_v_kd: 8.7361, test_loss_a_kd: 6.2485, test_loss_v_kd: 8.2331
done
epoch: 4, train_loss: 0.9403, train_acc: 92.21, train_fscore: 92.19 valid_loss: 2.7373, valid_acc: 66.01, valid_fscore: 65.56,test_loss: 2.7881, test_acc: 65.56, test_fscore: 65.03, time: 1780652997.1270406
epoch: 4, train_loss_a_kd: 5.5216, train_loss_v_kd: 1.6225, valid_loss_a_kd: 6.5421, valid_loss_v_kd: 8.7774, test_loss_a_kd: 6.1895, test_loss_v_kd: 8.2783
done
epoch: 5, train_loss: 0.9228, train_acc: 92.19, train_fscore: 92.18 valid_loss: 2.6637, valid_acc: 66.46, valid_fscore: 65.8,test_loss: 2.7226, test_acc: 65.82, test_fscore: 65.1, time: 1780653002.1807363
epoch: 5, train_loss_a_kd: 5.3096, train_loss_v_kd: 1.5499, valid_loss_a_kd: 6.5175, valid_loss_v_kd: 8.8137, test_loss_a_kd: 6.1487, test_loss_v_kd: 8.2838
done
epoch: 6, train_loss: 0.9095, train_acc: 92.54, train_fscore: 92.52 valid_loss: 2.6002, valid_acc: 66.73, valid_fscore: 66.05,test_loss: 2.6581, test_acc: 65.79, test_fscore: 65.03, time: 1780653007.0237749
epoch: 6, train_loss_a_kd: 5.1867, train_loss_v_kd: 1.5226, valid_loss_a_kd: 6.4484, valid_loss_v_kd: 8.8182, test_loss_a_kd: 6.0847, test_loss_v_kd: 8.2868
epoch: 7, train_loss: 0.8977, train_acc: 92.68, train_fscore: 92.66 valid_loss: 2.5486, valid_acc: 66.55, valid_fscore: 65.84,test_loss: 2.5903, test_acc: 65.86, test_fscore: 65.15, time: 1780653011.1334763
epoch: 7, train_loss_a_kd: 5.1483, train_loss_v_kd: 1.4716, valid_loss_a_kd: 6.4633, valid_loss_v_kd: 8.8767, test_loss_a_kd: 6.0883, test_loss_v_kd: 8.3231
done
epoch: 8, train_loss: 0.8899, train_acc: 92.82, train_fscore: 92.8 valid_loss: 2.5137, valid_acc: 66.73, valid_fscore: 65.89,test_loss: 2.5617, test_acc: 66.05, test_fscore: 65.21, time: 1780653015.989471
epoch: 8, train_loss_a_kd: 5.0913, train_loss_v_kd: 1.4545, valid_loss_a_kd: 6.4654, valid_loss_v_kd: 8.8446, test_loss_a_kd: 6.1114, test_loss_v_kd: 8.2921
done
epoch: 9, train_loss: 0.886, train_acc: 92.79, train_fscore: 92.77 valid_loss: 2.4944, valid_acc: 66.28, valid_fscore: 65.4,test_loss: 2.5492, test_acc: 66.32, test_fscore: 65.45, time: 1780653020.8612647
epoch: 9, train_loss_a_kd: 5.0265, train_loss_v_kd: 1.4356, valid_loss_a_kd: 6.3744, valid_loss_v_kd: 8.793, test_loss_a_kd: 6.0383, test_loss_v_kd: 8.2433
done
epoch: 10, train_loss: 0.8733, train_acc: 92.83, train_fscore: 92.81 valid_loss: 2.4915, valid_acc: 66.55, valid_fscore: 65.87,test_loss: 2.5416, test_acc: 65.59, test_fscore: 64.92, time: 1780653025.5982041
epoch: 10, train_loss_a_kd: 4.9691, train_loss_v_kd: 1.3905, valid_loss_a_kd: 6.4067, valid_loss_v_kd: 8.8785, test_loss_a_kd: 6.0511, test_loss_v_kd: 8.3053
epoch: 11, train_loss: 0.8732, train_acc: 93.05, train_fscore: 93.03 valid_loss: 2.4596, valid_acc: 66.64, valid_fscore: 65.7,test_loss: 2.5004, test_acc: 66.05, test_fscore: 65.16, time: 1780653029.563126
epoch: 11, train_loss_a_kd: 4.9186, train_loss_v_kd: 1.391, valid_loss_a_kd: 6.3633, valid_loss_v_kd: 8.8775, test_loss_a_kd: 6.0199, test_loss_v_kd: 8.2975
epoch: 12, train_loss: 0.8669, train_acc: 93.04, train_fscore: 93.02 valid_loss: 2.4853, valid_acc: 66.82, valid_fscore: 65.72,test_loss: 2.5228, test_acc: 66.32, test_fscore: 65.16, time: 1780653033.6671078
epoch: 12, train_loss_a_kd: 4.8859, train_loss_v_kd: 1.3637, valid_loss_a_kd: 6.2568, valid_loss_v_kd: 8.803, test_loss_a_kd: 5.9243, test_loss_v_kd: 8.223
epoch: 13, train_loss: 0.8663, train_acc: 93.03, train_fscore: 93.01 valid_loss: 2.4645, valid_acc: 66.73, valid_fscore: 65.72,test_loss: 2.4936, test_acc: 66.21, test_fscore: 65.09, time: 1780653037.6617067
epoch: 13, train_loss_a_kd: 4.8393, train_loss_v_kd: 1.3516, valid_loss_a_kd: 6.247, valid_loss_v_kd: 8.7939, test_loss_a_kd: 5.9106, test_loss_v_kd: 8.2243
epoch: 14, train_loss: 0.8553, train_acc: 93.16, train_fscore: 93.14 valid_loss: 2.4347, valid_acc: 66.64, valid_fscore: 65.75,test_loss: 2.4796, test_acc: 66.13, test_fscore: 65.17, time: 1780653041.765166
epoch: 14, train_loss_a_kd: 4.7938, train_loss_v_kd: 1.3223, valid_loss_a_kd: 6.2863, valid_loss_v_kd: 8.8541, test_loss_a_kd: 5.9563, test_loss_v_kd: 8.2712
epoch: 15, train_loss: 0.8497, train_acc: 93.24, train_fscore: 93.22 valid_loss: 2.4323, valid_acc: 67.27, valid_fscore: 66.2,test_loss: 2.4762, test_acc: 66.51, test_fscore: 65.34, time: 1780653045.7324233
epoch: 15, train_loss_a_kd: 4.7773, train_loss_v_kd: 1.3218, valid_loss_a_kd: 6.2203, valid_loss_v_kd: 8.7992, test_loss_a_kd: 5.8865, test_loss_v_kd: 8.2133
done
epoch: 16, train_loss: 0.8472, train_acc: 93.27, train_fscore: 93.25 valid_loss: 2.4207, valid_acc: 67.18, valid_fscore: 66.09,test_loss: 2.4651, test_acc: 66.13, test_fscore: 64.95, time: 1780653050.6202307
epoch: 16, train_loss_a_kd: 4.7033, train_loss_v_kd: 1.2946, valid_loss_a_kd: 6.1994, valid_loss_v_kd: 8.802, test_loss_a_kd: 5.8759, test_loss_v_kd: 8.203
epoch: 17, train_loss: 0.8414, train_acc: 93.51, train_fscore: 93.49 valid_loss: 2.4142, valid_acc: 67.09, valid_fscore: 66.01,test_loss: 2.4692, test_acc: 66.13, test_fscore: 64.99, time: 1780653054.7438395
epoch: 17, train_loss_a_kd: 4.7062, train_loss_v_kd: 1.3092, valid_loss_a_kd: 6.1968, valid_loss_v_kd: 8.7822, test_loss_a_kd: 5.876, test_loss_v_kd: 8.1973
epoch: 18, train_loss: 0.8421, train_acc: 93.24, train_fscore: 93.22 valid_loss: 2.4462, valid_acc: 66.82, valid_fscore: 65.69,test_loss: 2.484, test_acc: 66.36, test_fscore: 65.11, time: 1780653058.9528675
epoch: 18, train_loss_a_kd: 4.7211, train_loss_v_kd: 1.3111, valid_loss_a_kd: 6.144, valid_loss_v_kd: 8.7761, test_loss_a_kd: 5.8264, test_loss_v_kd: 8.1876
epoch: 19, train_loss: 0.8408, train_acc: 93.41, train_fscore: 93.39 valid_loss: 2.4364, valid_acc: 67.0, valid_fscore: 65.82,test_loss: 2.4722, test_acc: 66.63, test_fscore: 65.37, time: 1780653062.952718
epoch: 19, train_loss_a_kd: 4.6816, train_loss_v_kd: 1.3079, valid_loss_a_kd: 6.1288, valid_loss_v_kd: 8.7393, test_loss_a_kd: 5.8129, test_loss_v_kd: 8.1564
done
epoch: 20, train_loss: 0.8382, train_acc: 93.41, train_fscore: 93.4 valid_loss: 2.4309, valid_acc: 66.91, valid_fscore: 65.85,test_loss: 2.4587, test_acc: 66.48, test_fscore: 65.29, time: 1780653067.697578
epoch: 20, train_loss_a_kd: 4.6799, train_loss_v_kd: 1.2831, valid_loss_a_kd: 6.1325, valid_loss_v_kd: 8.7925, test_loss_a_kd: 5.8276, test_loss_v_kd: 8.1873
epoch: 21, train_loss: 0.8371, train_acc: 93.55, train_fscore: 93.53 valid_loss: 2.4268, valid_acc: 66.82, valid_fscore: 65.61,test_loss: 2.4607, test_acc: 66.48, test_fscore: 65.23, time: 1780653071.8164504
epoch: 21, train_loss_a_kd: 4.6515, train_loss_v_kd: 1.2881, valid_loss_a_kd: 6.1185, valid_loss_v_kd: 8.7524, test_loss_a_kd: 5.8139, test_loss_v_kd: 8.1558
epoch: 22, train_loss: 0.8321, train_acc: 93.4, train_fscore: 93.38 valid_loss: 2.431, valid_acc: 67.0, valid_fscore: 65.87,test_loss: 2.4604, test_acc: 66.63, test_fscore: 65.36, time: 1780653075.9329107
epoch: 22, train_loss_a_kd: 4.6295, train_loss_v_kd: 1.2731, valid_loss_a_kd: 6.0943, valid_loss_v_kd: 8.7421, test_loss_a_kd: 5.7886, test_loss_v_kd: 8.1518
epoch: 23, train_loss: 0.8317, train_acc: 93.6, train_fscore: 93.58 valid_loss: 2.4164, valid_acc: 66.55, valid_fscore: 65.33,test_loss: 2.4555, test_acc: 66.55, test_fscore: 65.28, time: 1780653080.1316996
epoch: 23, train_loss_a_kd: 4.6156, train_loss_v_kd: 1.2667, valid_loss_a_kd: 6.0915, valid_loss_v_kd: 8.7327, test_loss_a_kd: 5.7821, test_loss_v_kd: 8.1393
epoch: 24, train_loss: 0.8306, train_acc: 93.3, train_fscore: 93.28 valid_loss: 2.4151, valid_acc: 67.09, valid_fscore: 65.9,test_loss: 2.4468, test_acc: 66.63, test_fscore: 65.3, time: 1780653084.5984616
epoch: 24, train_loss_a_kd: 4.5826, train_loss_v_kd: 1.2702, valid_loss_a_kd: 6.0771, valid_loss_v_kd: 8.7217, test_loss_a_kd: 5.7754, test_loss_v_kd: 8.1281
epoch: 25, train_loss: 0.8217, train_acc: 93.44, train_fscore: 93.42 valid_loss: 2.4121, valid_acc: 66.82, valid_fscore: 65.66,test_loss: 2.4515, test_acc: 66.4, test_fscore: 65.17, time: 1780653088.4942548
epoch: 25, train_loss_a_kd: 4.6215, train_loss_v_kd: 1.2444, valid_loss_a_kd: 6.1007, valid_loss_v_kd: 8.7554, test_loss_a_kd: 5.7953, test_loss_v_kd: 8.1566
epoch: 26, train_loss: 0.8216, train_acc: 93.6, train_fscore: 93.58 valid_loss: 2.4238, valid_acc: 66.55, valid_fscore: 65.34,test_loss: 2.4593, test_acc: 66.44, test_fscore: 65.16, time: 1780653092.7174785
epoch: 26, train_loss_a_kd: 4.59, train_loss_v_kd: 1.2445, valid_loss_a_kd: 6.0835, valid_loss_v_kd: 8.7548, test_loss_a_kd: 5.7788, test_loss_v_kd: 8.1527
epoch: 27, train_loss: 0.8161, train_acc: 93.61, train_fscore: 93.6 valid_loss: 2.4216, valid_acc: 66.73, valid_fscore: 65.53,test_loss: 2.4578, test_acc: 66.55, test_fscore: 65.27, time: 1780653096.65832
epoch: 27, train_loss_a_kd: 4.5932, train_loss_v_kd: 1.2281, valid_loss_a_kd: 6.079, valid_loss_v_kd: 8.7402, test_loss_a_kd: 5.774, test_loss_v_kd: 8.1411
epoch: 28, train_loss: 0.8168, train_acc: 93.65, train_fscore: 93.64 valid_loss: 2.4275, valid_acc: 66.46, valid_fscore: 65.23,test_loss: 2.4629, test_acc: 66.51, test_fscore: 65.21, time: 1780653100.7254393
epoch: 28, train_loss_a_kd: 4.5738, train_loss_v_kd: 1.2348, valid_loss_a_kd: 6.0693, valid_loss_v_kd: 8.7291, test_loss_a_kd: 5.7644, test_loss_v_kd: 8.1326
epoch: 29, train_loss: 0.8223, train_acc: 93.5, train_fscore: 93.48 valid_loss: 2.4272, valid_acc: 66.55, valid_fscore: 65.34,test_loss: 2.4615, test_acc: 66.55, test_fscore: 65.24, time: 1780653104.7726917
epoch: 29, train_loss_a_kd: 4.6182, train_loss_v_kd: 1.2604, valid_loss_a_kd: 6.0727, valid_loss_v_kd: 8.7338, test_loss_a_kd: 5.7666, test_loss_v_kd: 8.1372
FINAL best epoch 19: test_acc=66.63, test_fscore=65.37, composite=132.0, dual_beat=False
