=== Round: d9_seed3407 ===
args: {'lr': 5e-05, 'l2': 1e-06, 'batch_size': 16, 'seed': 3407, 'epochs': 30, 'dropout': 0.6, 'hidden_dim': 768, 'n_head': 8, 'temp': 2.0, 'clsNum': 7, 'train': True, 'label_smoothing': 0.05, 'kd_weight_a': 0.01, 'kd_weight_v': 0.08, 'ensemble_a': 0.3, 'ensemble_v': 0.3, 'fusion_arch': 'linear', 'residual_alpha': 0.1, 'fusion_mode': 'fixed', 'loss_target': 'text', 'aux_fused_weight': 0.3, 'focal_gamma': 0.0, 'modality_drop': 0.0, 'patience': 12, 'min_epochs': 3, 'exp_name': 'd9_seed3407', 'log_file': './experiment_logs/d9.log'}
epoch: 0, train_loss: 2.3703, train_acc: 43.58, train_fscore: 41.03 valid_loss: 2.2245, valid_acc: 50.23, valid_fscore: 39.59,test_loss: 2.1409, test_acc: 55.48, test_fscore: 45.7, time: 1780656952.678978
epoch: 0, train_loss_a_kd: 8.1961, train_loss_v_kd: 6.9444, valid_loss_a_kd: 6.2665, valid_loss_v_kd: 7.0527, test_loss_a_kd: 6.212, test_loss_v_kd: 6.5306
done
epoch: 1, train_loss: 1.2599, train_acc: 86.71, train_fscore: 85.81 valid_loss: 2.1779, valid_acc: 66.91, valid_fscore: 65.82,test_loss: 2.1673, test_acc: 65.94, test_fscore: 64.84, time: 1780656957.0320523
epoch: 1, train_loss_a_kd: 6.965, train_loss_v_kd: 2.7772, valid_loss_a_kd: 6.8991, valid_loss_v_kd: 8.4504, test_loss_a_kd: 6.5405, test_loss_v_kd: 7.9482
done
epoch: 2, train_loss: 0.9992, train_acc: 91.1, train_fscore: 91.05 valid_loss: 2.2287, valid_acc: 67.09, valid_fscore: 66.32,test_loss: 2.2264, test_acc: 66.32, test_fscore: 65.46, time: 1780656961.3045099
epoch: 2, train_loss_a_kd: 6.2675, train_loss_v_kd: 1.898, valid_loss_a_kd: 6.7153, valid_loss_v_kd: 8.7169, test_loss_a_kd: 6.3157, test_loss_v_kd: 8.1808
done
epoch: 3, train_loss: 0.9498, train_acc: 91.91, train_fscore: 91.9 valid_loss: 2.2237, valid_acc: 66.91, valid_fscore: 65.95,test_loss: 2.2264, test_acc: 65.98, test_fscore: 64.98, time: 1780656968.3506284
epoch: 3, train_loss_a_kd: 5.6843, train_loss_v_kd: 1.6402, valid_loss_a_kd: 6.6217, valid_loss_v_kd: 8.7325, test_loss_a_kd: 6.2463, test_loss_v_kd: 8.2029
epoch: 4, train_loss: 0.9304, train_acc: 92.09, train_fscore: 92.07 valid_loss: 2.2464, valid_acc: 66.91, valid_fscore: 65.74,test_loss: 2.2492, test_acc: 66.44, test_fscore: 65.16, time: 1780656972.0368433
epoch: 4, train_loss_a_kd: 5.4019, train_loss_v_kd: 1.5681, valid_loss_a_kd: 6.4865, valid_loss_v_kd: 8.7488, test_loss_a_kd: 6.1024, test_loss_v_kd: 8.1853
epoch: 5, train_loss: 0.9099, train_acc: 92.68, train_fscore: 92.66 valid_loss: 2.2311, valid_acc: 67.18, valid_fscore: 66.26,test_loss: 2.2421, test_acc: 66.44, test_fscore: 65.34, time: 1780656975.8632474
epoch: 5, train_loss_a_kd: 5.2616, train_loss_v_kd: 1.496, valid_loss_a_kd: 6.4966, valid_loss_v_kd: 8.8151, test_loss_a_kd: 6.1304, test_loss_v_kd: 8.2569
done
epoch: 6, train_loss: 0.8985, train_acc: 92.79, train_fscore: 92.77 valid_loss: 2.2204, valid_acc: 67.18, valid_fscore: 66.11,test_loss: 2.2366, test_acc: 66.67, test_fscore: 65.42, time: 1780656980.4640512
epoch: 6, train_loss_a_kd: 5.2043, train_loss_v_kd: 1.4617, valid_loss_a_kd: 6.4494, valid_loss_v_kd: 8.7838, test_loss_a_kd: 6.08, test_loss_v_kd: 8.2175
done
epoch: 7, train_loss: 0.8948, train_acc: 92.81, train_fscore: 92.8 valid_loss: 2.2162, valid_acc: 68.17, valid_fscore: 67.26,test_loss: 2.2325, test_acc: 66.67, test_fscore: 65.52, time: 1780656984.986503
epoch: 7, train_loss_a_kd: 5.0595, train_loss_v_kd: 1.439, valid_loss_a_kd: 6.4304, valid_loss_v_kd: 8.8464, test_loss_a_kd: 6.0643, test_loss_v_kd: 8.2831
done
epoch: 8, train_loss: 0.8825, train_acc: 92.75, train_fscore: 92.74 valid_loss: 2.2419, valid_acc: 66.19, valid_fscore: 64.71,test_loss: 2.2495, test_acc: 66.78, test_fscore: 65.2, time: 1780656989.378331
epoch: 8, train_loss_a_kd: 5.0112, train_loss_v_kd: 1.4026, valid_loss_a_kd: 6.3189, valid_loss_v_kd: 8.7601, test_loss_a_kd: 5.9685, test_loss_v_kd: 8.1758
epoch: 9, train_loss: 0.8806, train_acc: 92.87, train_fscore: 92.85 valid_loss: 2.2064, valid_acc: 67.99, valid_fscore: 66.96,test_loss: 2.2262, test_acc: 66.78, test_fscore: 65.64, time: 1780656993.183151
epoch: 9, train_loss_a_kd: 4.9594, train_loss_v_kd: 1.4077, valid_loss_a_kd: 6.3898, valid_loss_v_kd: 8.8454, test_loss_a_kd: 6.0413, test_loss_v_kd: 8.2595
done
epoch: 10, train_loss: 0.8723, train_acc: 93.12, train_fscore: 93.1 valid_loss: 2.2073, valid_acc: 68.08, valid_fscore: 67.28,test_loss: 2.2294, test_acc: 66.32, test_fscore: 65.34, time: 1780656999.7566311
epoch: 10, train_loss_a_kd: 4.9132, train_loss_v_kd: 1.3849, valid_loss_a_kd: 6.3762, valid_loss_v_kd: 8.8782, test_loss_a_kd: 6.0251, test_loss_v_kd: 8.2802
epoch: 11, train_loss: 0.8705, train_acc: 93.02, train_fscore: 93.01 valid_loss: 2.2173, valid_acc: 67.9, valid_fscore: 66.89,test_loss: 2.2323, test_acc: 66.67, test_fscore: 65.41, time: 1780657003.4090471
epoch: 11, train_loss_a_kd: 4.8879, train_loss_v_kd: 1.3678, valid_loss_a_kd: 6.3117, valid_loss_v_kd: 8.8542, test_loss_a_kd: 5.96, test_loss_v_kd: 8.2516
epoch: 12, train_loss: 0.8679, train_acc: 93.08, train_fscore: 93.07 valid_loss: 2.2246, valid_acc: 67.45, valid_fscore: 66.18,test_loss: 2.2405, test_acc: 66.7, test_fscore: 65.28, time: 1780657007.4504101
epoch: 12, train_loss_a_kd: 4.8434, train_loss_v_kd: 1.3543, valid_loss_a_kd: 6.2162, valid_loss_v_kd: 8.7615, test_loss_a_kd: 5.8741, test_loss_v_kd: 8.1775
epoch: 13, train_loss: 0.86, train_acc: 93.29, train_fscore: 93.27 valid_loss: 2.2091, valid_acc: 68.26, valid_fscore: 67.19,test_loss: 2.228, test_acc: 66.48, test_fscore: 65.23, time: 1780657011.1999822
epoch: 13, train_loss_a_kd: 4.8005, train_loss_v_kd: 1.3398, valid_loss_a_kd: 6.2654, valid_loss_v_kd: 8.8143, test_loss_a_kd: 5.9415, test_loss_v_kd: 8.2326
epoch: 14, train_loss: 0.8587, train_acc: 93.09, train_fscore: 93.07 valid_loss: 2.2178, valid_acc: 67.45, valid_fscore: 66.12,test_loss: 2.2295, test_acc: 66.93, test_fscore: 65.38, time: 1780657014.949261
epoch: 14, train_loss_a_kd: 4.7632, train_loss_v_kd: 1.3422, valid_loss_a_kd: 6.1786, valid_loss_v_kd: 8.7174, test_loss_a_kd: 5.849, test_loss_v_kd: 8.1341
epoch: 15, train_loss: 0.8519, train_acc: 93.08, train_fscore: 93.06 valid_loss: 2.2073, valid_acc: 67.45, valid_fscore: 66.23,test_loss: 2.2239, test_acc: 66.86, test_fscore: 65.43, time: 1780657018.6576893
epoch: 15, train_loss_a_kd: 4.7214, train_loss_v_kd: 1.3196, valid_loss_a_kd: 6.1929, valid_loss_v_kd: 8.7775, test_loss_a_kd: 5.8588, test_loss_v_kd: 8.1749
epoch: 16, train_loss: 0.8504, train_acc: 93.43, train_fscore: 93.42 valid_loss: 2.2336, valid_acc: 67.0, valid_fscore: 65.66,test_loss: 2.2451, test_acc: 66.78, test_fscore: 65.2, time: 1780657022.663994
epoch: 16, train_loss_a_kd: 4.6983, train_loss_v_kd: 1.3025, valid_loss_a_kd: 6.1235, valid_loss_v_kd: 8.7144, test_loss_a_kd: 5.7991, test_loss_v_kd: 8.1193
epoch: 17, train_loss: 0.8467, train_acc: 93.42, train_fscore: 93.4 valid_loss: 2.2233, valid_acc: 67.36, valid_fscore: 66.05,test_loss: 2.2386, test_acc: 66.78, test_fscore: 65.29, time: 1780657026.4407597
epoch: 17, train_loss_a_kd: 4.7059, train_loss_v_kd: 1.2857, valid_loss_a_kd: 6.1194, valid_loss_v_kd: 8.7038, test_loss_a_kd: 5.7965, test_loss_v_kd: 8.1116
epoch: 18, train_loss: 0.8409, train_acc: 93.17, train_fscore: 93.14 valid_loss: 2.2097, valid_acc: 67.45, valid_fscore: 66.2,test_loss: 2.2241, test_acc: 66.74, test_fscore: 65.36, time: 1780657030.1591601
epoch: 18, train_loss_a_kd: 4.646, train_loss_v_kd: 1.2798, valid_loss_a_kd: 6.1504, valid_loss_v_kd: 8.7344, test_loss_a_kd: 5.8378, test_loss_v_kd: 8.1519
epoch: 19, train_loss: 0.8388, train_acc: 93.44, train_fscore: 93.43 valid_loss: 2.2087, valid_acc: 67.18, valid_fscore: 65.86,test_loss: 2.2248, test_acc: 66.82, test_fscore: 65.4, time: 1780657034.0602727
epoch: 19, train_loss_a_kd: 4.6449, train_loss_v_kd: 1.2735, valid_loss_a_kd: 6.1216, valid_loss_v_kd: 8.7239, test_loss_a_kd: 5.8027, test_loss_v_kd: 8.1301
epoch: 20, train_loss: 0.8391, train_acc: 93.48, train_fscore: 93.47 valid_loss: 2.2248, valid_acc: 67.45, valid_fscore: 66.13,test_loss: 2.233, test_acc: 66.7, test_fscore: 65.25, time: 1780657038.006912
epoch: 20, train_loss_a_kd: 4.5995, train_loss_v_kd: 1.2813, valid_loss_a_kd: 6.0906, valid_loss_v_kd: 8.7212, test_loss_a_kd: 5.7849, test_loss_v_kd: 8.133
epoch: 21, train_loss: 0.8364, train_acc: 93.68, train_fscore: 93.66 valid_loss: 2.2225, valid_acc: 67.09, valid_fscore: 65.63,test_loss: 2.2314, test_acc: 66.59, test_fscore: 64.99, time: 1780657041.7594666
epoch: 21, train_loss_a_kd: 4.6413, train_loss_v_kd: 1.2631, valid_loss_a_kd: 6.056, valid_loss_v_kd: 8.6901, test_loss_a_kd: 5.7461, test_loss_v_kd: 8.0922
early stopping at epoch 21, best epoch 9, best test_acc 66.78, best test_fscore 65.64
FINAL best epoch 9: test_acc=66.78, test_fscore=65.64, composite=132.42000000000002, dual_beat=False
