=== Round: r10_high_dropout ===
args: {'lr': 0.0001, 'l2': 1e-06, 'batch_size': 16, 'seed': 2024, 'epochs': 30, 'dropout': 0.6, 'hidden_dim': 768, 'n_head': 8, 'temp': 2.0, 'clsNum': 7, 'train': True, 'label_smoothing': 0.05, 'kd_weight_a': 0.01, 'kd_weight_v': 0.08, 'ensemble_a': 0.2, 'ensemble_v': 0.2, 'loss_target': 'text', 'aux_fused_weight': 0.3, 'focal_gamma': 0.0, 'patience': 12, 'min_epochs': 3, 'exp_name': 'r10_high_dropout', 'log_file': './experiment_logs/r10_high_dropout.log'}
epoch: 0, train_loss: 2.1026, train_acc: 56.33, train_fscore: 51.06 valid_loss: 2.1619, valid_acc: 64.83, valid_fscore: 62.4,test_loss: 2.1131, test_acc: 66.51, test_fscore: 64.32, time: 1780643850.0102234
epoch: 0, train_loss_a_kd: 7.8367, train_loss_v_kd: 5.725, valid_loss_a_kd: 7.0406, valid_loss_v_kd: 7.9018, test_loss_a_kd: 6.6293, test_loss_v_kd: 7.387
done
epoch: 1, train_loss: 1.0643, train_acc: 89.83, train_fscore: 89.75 valid_loss: 2.2072, valid_acc: 66.01, valid_fscore: 65.67,test_loss: 2.2312, test_acc: 65.02, test_fscore: 64.78, time: 1780643854.322887
epoch: 1, train_loss_a_kd: 6.6515, train_loss_v_kd: 2.1521, valid_loss_a_kd: 6.9577, valid_loss_v_kd: 8.737, test_loss_a_kd: 6.4724, test_loss_v_kd: 8.2446
epoch: 2, train_loss: 0.9546, train_acc: 90.88, train_fscore: 90.9 valid_loss: 2.2376, valid_acc: 66.1, valid_fscore: 65.6,test_loss: 2.2718, test_acc: 65.36, test_fscore: 64.8, time: 1780643857.9636874
epoch: 2, train_loss_a_kd: 5.7248, train_loss_v_kd: 1.6693, valid_loss_a_kd: 6.4741, valid_loss_v_kd: 8.716, test_loss_a_kd: 6.0762, test_loss_v_kd: 8.2077
epoch: 3, train_loss: 0.9261, train_acc: 91.53, train_fscore: 91.55 valid_loss: 2.2516, valid_acc: 66.55, valid_fscore: 65.62,test_loss: 2.2564, test_acc: 66.09, test_fscore: 65.21, time: 1780643861.5640807
epoch: 3, train_loss_a_kd: 5.2756, train_loss_v_kd: 1.541, valid_loss_a_kd: 6.3332, valid_loss_v_kd: 8.7572, test_loss_a_kd: 5.952, test_loss_v_kd: 8.1901
done
epoch: 4, train_loss: 0.9072, train_acc: 91.8, train_fscore: 91.79 valid_loss: 2.2161, valid_acc: 67.0, valid_fscore: 66.52,test_loss: 2.2531, test_acc: 65.52, test_fscore: 64.98, time: 1780643865.985252
epoch: 4, train_loss_a_kd: 5.0893, train_loss_v_kd: 1.4682, valid_loss_a_kd: 6.4846, valid_loss_v_kd: 8.854, test_loss_a_kd: 6.0771, test_loss_v_kd: 8.2669
epoch: 5, train_loss: 0.8975, train_acc: 91.77, train_fscore: 91.78 valid_loss: 2.2282, valid_acc: 66.82, valid_fscore: 66.1,test_loss: 2.2533, test_acc: 65.52, test_fscore: 64.83, time: 1780643869.6983721
epoch: 5, train_loss_a_kd: 4.9505, train_loss_v_kd: 1.436, valid_loss_a_kd: 6.2931, valid_loss_v_kd: 8.7744, test_loss_a_kd: 5.9314, test_loss_v_kd: 8.1966
epoch: 6, train_loss: 0.8905, train_acc: 91.8, train_fscore: 91.79 valid_loss: 2.2276, valid_acc: 66.19, valid_fscore: 65.75,test_loss: 2.2452, test_acc: 65.44, test_fscore: 64.88, time: 1780643873.4889588
epoch: 6, train_loss_a_kd: 4.9144, train_loss_v_kd: 1.4268, valid_loss_a_kd: 6.2703, valid_loss_v_kd: 8.83, test_loss_a_kd: 5.917, test_loss_v_kd: 8.2243
epoch: 7, train_loss: 0.879, train_acc: 92.26, train_fscore: 92.25 valid_loss: 2.246, valid_acc: 66.37, valid_fscore: 65.39,test_loss: 2.2486, test_acc: 66.17, test_fscore: 65.19, time: 1780643877.1492343
epoch: 7, train_loss_a_kd: 4.822, train_loss_v_kd: 1.4057, valid_loss_a_kd: 6.1372, valid_loss_v_kd: 8.7156, test_loss_a_kd: 5.79, test_loss_v_kd: 8.1165
done
epoch: 8, train_loss: 0.8729, train_acc: 92.06, train_fscore: 92.06 valid_loss: 2.2108, valid_acc: 67.0, valid_fscore: 66.09,test_loss: 2.2346, test_acc: 66.02, test_fscore: 65.17, time: 1780643881.6152747
epoch: 8, train_loss_a_kd: 4.7654, train_loss_v_kd: 1.3802, valid_loss_a_kd: 6.1489, valid_loss_v_kd: 8.7124, test_loss_a_kd: 5.7974, test_loss_v_kd: 8.0799
epoch: 9, train_loss: 0.8663, train_acc: 92.31, train_fscore: 92.3 valid_loss: 2.1973, valid_acc: 67.09, valid_fscore: 66.23,test_loss: 2.2153, test_acc: 66.05, test_fscore: 65.18, time: 1780643885.291432
epoch: 9, train_loss_a_kd: 4.7278, train_loss_v_kd: 1.3399, valid_loss_a_kd: 6.056, valid_loss_v_kd: 8.6802, test_loss_a_kd: 5.748, test_loss_v_kd: 8.0485
epoch: 10, train_loss: 0.8467, train_acc: 92.51, train_fscore: 92.5 valid_loss: 2.2254, valid_acc: 66.73, valid_fscore: 65.76,test_loss: 2.2434, test_acc: 66.13, test_fscore: 65.17, time: 1780643888.846354
epoch: 10, train_loss_a_kd: 4.6728, train_loss_v_kd: 1.3176, valid_loss_a_kd: 5.9877, valid_loss_v_kd: 8.6895, test_loss_a_kd: 5.6931, test_loss_v_kd: 8.057
epoch: 11, train_loss: 0.8497, train_acc: 92.5, train_fscore: 92.5 valid_loss: 2.2256, valid_acc: 67.09, valid_fscore: 66.08,test_loss: 2.244, test_acc: 66.21, test_fscore: 65.14, time: 1780643892.4825208
epoch: 11, train_loss_a_kd: 4.6132, train_loss_v_kd: 1.3243, valid_loss_a_kd: 5.9324, valid_loss_v_kd: 8.5406, test_loss_a_kd: 5.6372, test_loss_v_kd: 7.9477
epoch: 12, train_loss: 0.8419, train_acc: 92.53, train_fscore: 92.53 valid_loss: 2.2405, valid_acc: 66.37, valid_fscore: 65.26,test_loss: 2.2302, test_acc: 66.09, test_fscore: 65.05, time: 1780643896.24129
epoch: 12, train_loss_a_kd: 4.5796, train_loss_v_kd: 1.297, valid_loss_a_kd: 5.9636, valid_loss_v_kd: 8.6453, test_loss_a_kd: 5.6661, test_loss_v_kd: 8.0143
epoch: 13, train_loss: 0.8382, train_acc: 92.72, train_fscore: 92.72 valid_loss: 2.2295, valid_acc: 66.64, valid_fscore: 65.38,test_loss: 2.238, test_acc: 66.17, test_fscore: 64.83, time: 1780643899.9967945
epoch: 13, train_loss_a_kd: 4.5362, train_loss_v_kd: 1.2837, valid_loss_a_kd: 5.9013, valid_loss_v_kd: 8.5231, test_loss_a_kd: 5.6178, test_loss_v_kd: 7.9152
epoch: 14, train_loss: 0.829, train_acc: 92.75, train_fscore: 92.74 valid_loss: 2.2207, valid_acc: 67.0, valid_fscore: 65.92,test_loss: 2.2362, test_acc: 66.09, test_fscore: 65.07, time: 1780643903.8623767
epoch: 14, train_loss_a_kd: 4.5721, train_loss_v_kd: 1.2593, valid_loss_a_kd: 5.9424, valid_loss_v_kd: 8.5791, test_loss_a_kd: 5.653, test_loss_v_kd: 7.9458
epoch: 15, train_loss: 0.8286, train_acc: 92.7, train_fscore: 92.69 valid_loss: 2.2294, valid_acc: 66.64, valid_fscore: 65.67,test_loss: 2.2269, test_acc: 66.32, test_fscore: 65.3, time: 1780643907.599836
epoch: 15, train_loss_a_kd: 4.5102, train_loss_v_kd: 1.2669, valid_loss_a_kd: 5.8538, valid_loss_v_kd: 8.629, test_loss_a_kd: 5.5881, test_loss_v_kd: 7.9818
done
epoch: 16, train_loss: 0.8219, train_acc: 92.83, train_fscore: 92.83 valid_loss: 2.2309, valid_acc: 66.55, valid_fscore: 65.46,test_loss: 2.2242, test_acc: 66.32, test_fscore: 65.15, time: 1780643912.121768
epoch: 16, train_loss_a_kd: 4.4982, train_loss_v_kd: 1.2541, valid_loss_a_kd: 5.8562, valid_loss_v_kd: 8.5641, test_loss_a_kd: 5.5825, test_loss_v_kd: 7.9077
epoch: 17, train_loss: 0.8076, train_acc: 92.97, train_fscore: 92.97 valid_loss: 2.238, valid_acc: 66.73, valid_fscore: 65.6,test_loss: 2.2312, test_acc: 66.4, test_fscore: 65.25, time: 1780643915.841347
epoch: 17, train_loss_a_kd: 4.4371, train_loss_v_kd: 1.2061, valid_loss_a_kd: 5.8311, valid_loss_v_kd: 8.5084, test_loss_a_kd: 5.5494, test_loss_v_kd: 7.8855
done
epoch: 18, train_loss: 0.8085, train_acc: 93.1, train_fscore: 93.1 valid_loss: 2.2438, valid_acc: 66.46, valid_fscore: 65.33,test_loss: 2.2366, test_acc: 66.4, test_fscore: 65.2, time: 1780643920.2383158
epoch: 18, train_loss_a_kd: 4.4316, train_loss_v_kd: 1.2192, valid_loss_a_kd: 5.7837, valid_loss_v_kd: 8.5213, test_loss_a_kd: 5.5088, test_loss_v_kd: 7.8887
epoch: 19, train_loss: 0.7952, train_acc: 93.29, train_fscore: 93.29 valid_loss: 2.2324, valid_acc: 66.91, valid_fscore: 65.68,test_loss: 2.2483, test_acc: 66.48, test_fscore: 65.2, time: 1780643924.1114898
epoch: 19, train_loss_a_kd: 4.3667, train_loss_v_kd: 1.1924, valid_loss_a_kd: 5.756, valid_loss_v_kd: 8.4657, test_loss_a_kd: 5.4725, test_loss_v_kd: 7.833
done
epoch: 20, train_loss: 0.7953, train_acc: 93.19, train_fscore: 93.18 valid_loss: 2.229, valid_acc: 66.73, valid_fscore: 65.6,test_loss: 2.2302, test_acc: 66.36, test_fscore: 65.19, time: 1780643928.5016205
epoch: 20, train_loss_a_kd: 4.3918, train_loss_v_kd: 1.1868, valid_loss_a_kd: 5.7965, valid_loss_v_kd: 8.491, test_loss_a_kd: 5.5321, test_loss_v_kd: 7.8546
epoch: 21, train_loss: 0.7962, train_acc: 93.16, train_fscore: 93.16 valid_loss: 2.2503, valid_acc: 66.73, valid_fscore: 65.28,test_loss: 2.2433, test_acc: 66.51, test_fscore: 64.97, time: 1780643932.4202414
epoch: 21, train_loss_a_kd: 4.319, train_loss_v_kd: 1.2019, valid_loss_a_kd: 5.7217, valid_loss_v_kd: 8.4057, test_loss_a_kd: 5.4479, test_loss_v_kd: 7.7699
epoch: 22, train_loss: 0.7883, train_acc: 93.29, train_fscore: 93.29 valid_loss: 2.2196, valid_acc: 66.64, valid_fscore: 65.45,test_loss: 2.2258, test_acc: 66.28, test_fscore: 64.99, time: 1780643936.120103
epoch: 22, train_loss_a_kd: 4.3538, train_loss_v_kd: 1.1686, valid_loss_a_kd: 5.7656, valid_loss_v_kd: 8.452, test_loss_a_kd: 5.4861, test_loss_v_kd: 7.8137
epoch: 23, train_loss: 0.7816, train_acc: 93.28, train_fscore: 93.28 valid_loss: 2.2349, valid_acc: 66.73, valid_fscore: 65.54,test_loss: 2.2374, test_acc: 66.51, test_fscore: 65.19, time: 1780643939.838393
epoch: 23, train_loss_a_kd: 4.3198, train_loss_v_kd: 1.1634, valid_loss_a_kd: 5.7421, valid_loss_v_kd: 8.4616, test_loss_a_kd: 5.4725, test_loss_v_kd: 7.8149
done
epoch: 24, train_loss: 0.7783, train_acc: 93.47, train_fscore: 93.47 valid_loss: 2.2481, valid_acc: 66.82, valid_fscore: 65.56,test_loss: 2.2433, test_acc: 66.48, test_fscore: 65.12, time: 1780643944.2070458
epoch: 24, train_loss_a_kd: 4.3703, train_loss_v_kd: 1.1568, valid_loss_a_kd: 5.7002, valid_loss_v_kd: 8.4086, test_loss_a_kd: 5.4401, test_loss_v_kd: 7.7714
epoch: 25, train_loss: 0.7825, train_acc: 93.33, train_fscore: 93.33 valid_loss: 2.2475, valid_acc: 66.91, valid_fscore: 65.65,test_loss: 2.2426, test_acc: 66.44, test_fscore: 65.03, time: 1780643947.9134622
epoch: 25, train_loss_a_kd: 4.3103, train_loss_v_kd: 1.1483, valid_loss_a_kd: 5.7018, valid_loss_v_kd: 8.4116, test_loss_a_kd: 5.4432, test_loss_v_kd: 7.7813
epoch: 26, train_loss: 0.7761, train_acc: 93.53, train_fscore: 93.53 valid_loss: 2.2391, valid_acc: 66.64, valid_fscore: 65.46,test_loss: 2.2428, test_acc: 66.4, test_fscore: 65.11, time: 1780643951.621557
epoch: 26, train_loss_a_kd: 4.3362, train_loss_v_kd: 1.1499, valid_loss_a_kd: 5.7256, valid_loss_v_kd: 8.4403, test_loss_a_kd: 5.4582, test_loss_v_kd: 7.7994
epoch: 27, train_loss: 0.7768, train_acc: 93.62, train_fscore: 93.62 valid_loss: 2.2429, valid_acc: 66.82, valid_fscore: 65.62,test_loss: 2.2392, test_acc: 66.36, test_fscore: 65.05, time: 1780643955.4062984
epoch: 27, train_loss_a_kd: 4.3294, train_loss_v_kd: 1.1416, valid_loss_a_kd: 5.7158, valid_loss_v_kd: 8.4145, test_loss_a_kd: 5.4554, test_loss_v_kd: 7.7807
epoch: 28, train_loss: 0.7772, train_acc: 93.45, train_fscore: 93.45 valid_loss: 2.2396, valid_acc: 66.91, valid_fscore: 65.72,test_loss: 2.2375, test_acc: 66.4, test_fscore: 65.08, time: 1780643959.2351322
epoch: 28, train_loss_a_kd: 4.3048, train_loss_v_kd: 1.133, valid_loss_a_kd: 5.7194, valid_loss_v_kd: 8.4216, test_loss_a_kd: 5.4518, test_loss_v_kd: 7.7801
epoch: 29, train_loss: 0.7685, train_acc: 93.56, train_fscore: 93.56 valid_loss: 2.2402, valid_acc: 66.82, valid_fscore: 65.62,test_loss: 2.2372, test_acc: 66.48, test_fscore: 65.14, time: 1780643963.206504
epoch: 29, train_loss_a_kd: 4.3095, train_loss_v_kd: 1.1422, valid_loss_a_kd: 5.7204, valid_loss_v_kd: 8.4209, test_loss_a_kd: 5.4519, test_loss_v_kd: 7.7769
FINAL best epoch 23: test_acc=66.51, test_fscore=65.19, composite=131.7
