=== Round: r11_low_lr ===
args: {'lr': 5e-05, 'l2': 1e-06, 'batch_size': 16, 'seed': 2024, 'epochs': 30, 'dropout': 0.5, 'hidden_dim': 768, 'n_head': 8, 'temp': 2.0, 'clsNum': 7, 'train': True, 'label_smoothing': 0.05, 'kd_weight_a': 0.01, 'kd_weight_v': 0.08, 'ensemble_a': 0.2, 'ensemble_v': 0.2, 'loss_target': 'text', 'aux_fused_weight': 0.3, 'focal_gamma': 0.0, 'patience': 12, 'min_epochs': 3, 'exp_name': 'r11_low_lr', 'log_file': './experiment_logs/r11_low_lr.log'}
epoch: 0, train_loss: 2.2427, train_acc: 48.71, train_fscore: 38.53 valid_loss: 2.1984, valid_acc: 55.46, valid_fscore: 47.92,test_loss: 2.1177, test_acc: 60.54, test_fscore: 53.29, time: 1780643977.0256736
epoch: 0, train_loss_a_kd: 7.3022, train_loss_v_kd: 5.8522, valid_loss_a_kd: 5.9788, valid_loss_v_kd: 6.9678, test_loss_a_kd: 5.6415, test_loss_v_kd: 6.4723
done
epoch: 1, train_loss: 1.1712, train_acc: 88.05, train_fscore: 87.48 valid_loss: 2.1702, valid_acc: 66.46, valid_fscore: 65.98,test_loss: 2.1796, test_acc: 65.1, test_fscore: 64.64, time: 1780643981.6165094
epoch: 1, train_loss_a_kd: 6.0103, train_loss_v_kd: 2.2688, valid_loss_a_kd: 6.6792, valid_loss_v_kd: 8.4163, test_loss_a_kd: 6.2081, test_loss_v_kd: 7.9409
done
epoch: 2, train_loss: 0.9495, train_acc: 90.56, train_fscore: 90.58 valid_loss: 2.2043, valid_acc: 66.01, valid_fscore: 65.6,test_loss: 2.2355, test_acc: 65.44, test_fscore: 65.02, time: 1780643986.1624107
epoch: 2, train_loss_a_kd: 5.3311, train_loss_v_kd: 1.669, valid_loss_a_kd: 6.3567, valid_loss_v_kd: 8.5558, test_loss_a_kd: 5.9423, test_loss_v_kd: 8.0699
done
epoch: 3, train_loss: 0.9075, train_acc: 91.29, train_fscore: 91.32 valid_loss: 2.2343, valid_acc: 66.1, valid_fscore: 65.27,test_loss: 2.2512, test_acc: 65.86, test_fscore: 65.04, time: 1780643990.9435153
epoch: 3, train_loss_a_kd: 4.8818, train_loss_v_kd: 1.4783, valid_loss_a_kd: 6.1365, valid_loss_v_kd: 8.5617, test_loss_a_kd: 5.7522, test_loss_v_kd: 8.0285
done
epoch: 4, train_loss: 0.8866, train_acc: 91.65, train_fscore: 91.66 valid_loss: 2.2124, valid_acc: 66.73, valid_fscore: 66.23,test_loss: 2.2413, test_acc: 65.44, test_fscore: 64.83, time: 1780643995.312795
epoch: 4, train_loss_a_kd: 4.6757, train_loss_v_kd: 1.401, valid_loss_a_kd: 6.0917, valid_loss_v_kd: 8.6884, test_loss_a_kd: 5.7454, test_loss_v_kd: 8.1182
epoch: 5, train_loss: 0.8713, train_acc: 91.83, train_fscore: 91.84 valid_loss: 2.196, valid_acc: 66.73, valid_fscore: 66.09,test_loss: 2.2246, test_acc: 65.63, test_fscore: 64.97, time: 1780643999.158661
epoch: 5, train_loss_a_kd: 4.5295, train_loss_v_kd: 1.3407, valid_loss_a_kd: 6.0025, valid_loss_v_kd: 8.637, test_loss_a_kd: 5.6783, test_loss_v_kd: 8.0844
epoch: 6, train_loss: 0.8604, train_acc: 91.82, train_fscore: 91.83 valid_loss: 2.2063, valid_acc: 66.73, valid_fscore: 66.19,test_loss: 2.2299, test_acc: 65.36, test_fscore: 64.76, time: 1780644003.5535305
epoch: 6, train_loss_a_kd: 4.4153, train_loss_v_kd: 1.3241, valid_loss_a_kd: 5.9184, valid_loss_v_kd: 8.6563, test_loss_a_kd: 5.6121, test_loss_v_kd: 8.0712
epoch: 7, train_loss: 0.8506, train_acc: 92.13, train_fscore: 92.14 valid_loss: 2.2429, valid_acc: 66.37, valid_fscore: 65.19,test_loss: 2.2383, test_acc: 66.13, test_fscore: 65.07, time: 1780644007.41055
epoch: 7, train_loss_a_kd: 4.3342, train_loss_v_kd: 1.3007, valid_loss_a_kd: 5.711, valid_loss_v_kd: 8.5366, test_loss_a_kd: 5.4153, test_loss_v_kd: 7.9602
done
epoch: 8, train_loss: 0.8435, train_acc: 92.16, train_fscore: 92.16 valid_loss: 2.1967, valid_acc: 66.82, valid_fscore: 65.93,test_loss: 2.2191, test_acc: 65.98, test_fscore: 65.04, time: 1780644011.8750706
epoch: 8, train_loss_a_kd: 4.2441, train_loss_v_kd: 1.2635, valid_loss_a_kd: 5.6638, valid_loss_v_kd: 8.5182, test_loss_a_kd: 5.394, test_loss_v_kd: 7.9268
epoch: 9, train_loss: 0.837, train_acc: 92.37, train_fscore: 92.38 valid_loss: 2.1829, valid_acc: 66.64, valid_fscore: 65.58,test_loss: 2.2067, test_acc: 66.13, test_fscore: 65.08, time: 1780644015.665568
epoch: 9, train_loss_a_kd: 4.157, train_loss_v_kd: 1.238, valid_loss_a_kd: 5.6036, valid_loss_v_kd: 8.4389, test_loss_a_kd: 5.3585, test_loss_v_kd: 7.8603
done
epoch: 10, train_loss: 0.8204, train_acc: 92.4, train_fscore: 92.4 valid_loss: 2.201, valid_acc: 66.91, valid_fscore: 65.82,test_loss: 2.221, test_acc: 66.13, test_fscore: 65.04, time: 1780644020.2788792
epoch: 10, train_loss_a_kd: 4.1001, train_loss_v_kd: 1.2149, valid_loss_a_kd: 5.5494, valid_loss_v_kd: 8.419, test_loss_a_kd: 5.3056, test_loss_v_kd: 7.8328
epoch: 11, train_loss: 0.8154, train_acc: 92.26, train_fscore: 92.27 valid_loss: 2.2047, valid_acc: 66.91, valid_fscore: 65.68,test_loss: 2.2251, test_acc: 66.44, test_fscore: 65.19, time: 1780644024.2998843
epoch: 11, train_loss_a_kd: 4.0511, train_loss_v_kd: 1.2031, valid_loss_a_kd: 5.4177, valid_loss_v_kd: 8.2675, test_loss_a_kd: 5.1819, test_loss_v_kd: 7.7107
done
epoch: 12, train_loss: 0.8117, train_acc: 92.68, train_fscore: 92.68 valid_loss: 2.2077, valid_acc: 66.64, valid_fscore: 65.48,test_loss: 2.2077, test_acc: 66.21, test_fscore: 65.01, time: 1780644029.1702552
epoch: 12, train_loss_a_kd: 3.9615, train_loss_v_kd: 1.1771, valid_loss_a_kd: 5.4048, valid_loss_v_kd: 8.3478, test_loss_a_kd: 5.1798, test_loss_v_kd: 7.7625
epoch: 13, train_loss: 0.802, train_acc: 92.74, train_fscore: 92.74 valid_loss: 2.2033, valid_acc: 66.28, valid_fscore: 64.86,test_loss: 2.2194, test_acc: 65.9, test_fscore: 64.46, time: 1780644032.9302487
epoch: 13, train_loss_a_kd: 3.9237, train_loss_v_kd: 1.1529, valid_loss_a_kd: 5.3181, valid_loss_v_kd: 8.2322, test_loss_a_kd: 5.1082, test_loss_v_kd: 7.6607
epoch: 14, train_loss: 0.7946, train_acc: 92.76, train_fscore: 92.76 valid_loss: 2.1925, valid_acc: 66.64, valid_fscore: 65.42,test_loss: 2.2035, test_acc: 66.05, test_fscore: 64.74, time: 1780644036.7447002
epoch: 14, train_loss_a_kd: 3.9154, train_loss_v_kd: 1.1393, valid_loss_a_kd: 5.3396, valid_loss_v_kd: 8.2658, test_loss_a_kd: 5.1277, test_loss_v_kd: 7.6721
epoch: 15, train_loss: 0.7926, train_acc: 92.99, train_fscore: 92.99 valid_loss: 2.208, valid_acc: 66.46, valid_fscore: 65.22,test_loss: 2.2122, test_acc: 66.13, test_fscore: 64.79, time: 1780644040.5399938
epoch: 15, train_loss_a_kd: 3.8488, train_loss_v_kd: 1.1489, valid_loss_a_kd: 5.2421, valid_loss_v_kd: 8.2612, test_loss_a_kd: 5.0259, test_loss_v_kd: 7.6561
epoch: 16, train_loss: 0.7826, train_acc: 93.14, train_fscore: 93.14 valid_loss: 2.2103, valid_acc: 66.64, valid_fscore: 65.28,test_loss: 2.2112, test_acc: 66.48, test_fscore: 65.06, time: 1780644044.2828262
epoch: 16, train_loss_a_kd: 3.8092, train_loss_v_kd: 1.1299, valid_loss_a_kd: 5.1852, valid_loss_v_kd: 8.1839, test_loss_a_kd: 4.9941, test_loss_v_kd: 7.5931
epoch: 17, train_loss: 0.7747, train_acc: 93.2, train_fscore: 93.2 valid_loss: 2.2192, valid_acc: 66.37, valid_fscore: 64.95,test_loss: 2.2191, test_acc: 66.51, test_fscore: 65.05, time: 1780644048.0604017
epoch: 17, train_loss_a_kd: 3.7743, train_loss_v_kd: 1.1017, valid_loss_a_kd: 5.1101, valid_loss_v_kd: 8.129, test_loss_a_kd: 4.9191, test_loss_v_kd: 7.5557
epoch: 18, train_loss: 0.7722, train_acc: 93.32, train_fscore: 93.32 valid_loss: 2.2208, valid_acc: 66.19, valid_fscore: 64.75,test_loss: 2.2206, test_acc: 66.21, test_fscore: 64.62, time: 1780644051.884653
epoch: 18, train_loss_a_kd: 3.769, train_loss_v_kd: 1.102, valid_loss_a_kd: 5.0444, valid_loss_v_kd: 8.0896, test_loss_a_kd: 4.8648, test_loss_v_kd: 7.5142
epoch: 19, train_loss: 0.7651, train_acc: 93.54, train_fscore: 93.54 valid_loss: 2.2157, valid_acc: 65.46, valid_fscore: 63.95,test_loss: 2.2291, test_acc: 66.13, test_fscore: 64.53, time: 1780644055.8138912
epoch: 19, train_loss_a_kd: 3.6881, train_loss_v_kd: 1.0841, valid_loss_a_kd: 5.0335, valid_loss_v_kd: 8.0529, test_loss_a_kd: 4.8441, test_loss_v_kd: 7.4797
epoch: 20, train_loss: 0.7605, train_acc: 93.56, train_fscore: 93.56 valid_loss: 2.2217, valid_acc: 65.55, valid_fscore: 64.05,test_loss: 2.2229, test_acc: 66.17, test_fscore: 64.57, time: 1780644059.801246
epoch: 20, train_loss_a_kd: 3.7175, train_loss_v_kd: 1.0734, valid_loss_a_kd: 5.0433, valid_loss_v_kd: 8.0662, test_loss_a_kd: 4.8603, test_loss_v_kd: 7.4783
epoch: 21, train_loss: 0.7553, train_acc: 93.73, train_fscore: 93.74 valid_loss: 2.2439, valid_acc: 65.73, valid_fscore: 63.96,test_loss: 2.2357, test_acc: 66.02, test_fscore: 64.19, time: 1780644063.4986174
epoch: 21, train_loss_a_kd: 3.6888, train_loss_v_kd: 1.0726, valid_loss_a_kd: 4.9734, valid_loss_v_kd: 7.9743, test_loss_a_kd: 4.7997, test_loss_v_kd: 7.3969
epoch: 22, train_loss: 0.7499, train_acc: 93.7, train_fscore: 93.71 valid_loss: 2.21, valid_acc: 65.83, valid_fscore: 64.24,test_loss: 2.2212, test_acc: 65.79, test_fscore: 64.17, time: 1780644067.2984836
epoch: 22, train_loss_a_kd: 3.6676, train_loss_v_kd: 1.0505, valid_loss_a_kd: 5.0073, valid_loss_v_kd: 7.986, test_loss_a_kd: 4.8244, test_loss_v_kd: 7.3969
epoch: 23, train_loss: 0.7443, train_acc: 93.85, train_fscore: 93.85 valid_loss: 2.2331, valid_acc: 65.83, valid_fscore: 64.28,test_loss: 2.235, test_acc: 65.79, test_fscore: 64.06, time: 1780644071.106474
epoch: 23, train_loss_a_kd: 3.6436, train_loss_v_kd: 1.048, valid_loss_a_kd: 4.9535, valid_loss_v_kd: 7.9863, test_loss_a_kd: 4.7923, test_loss_v_kd: 7.3949
early stopping at epoch 23, best epoch 11, best test_acc 66.44, best test_fscore 65.19
FINAL best epoch 11: test_acc=66.44, test_fscore=65.19, composite=131.63
