=== Round: r4_baseline_repro ===
args: {'lr': 0.0001, 'l2': 1e-06, 'batch_size': 16, 'seed': 2024, 'epochs': 30, 'dropout': 0.5, 'hidden_dim': 768, 'n_head': 8, 'temp': 2.0, 'clsNum': 7, 'train': True, 'label_smoothing': 0.05, 'kd_weight_a': 0.01, 'kd_weight_v': 0.08, 'ensemble_a': 0.2, 'ensemble_v': 0.2, 'loss_target': 'text', 'aux_fused_weight': 0.3, 'focal_gamma': 0.0, 'patience': 12, 'min_epochs': 3, 'exp_name': 'r4_baseline_repro', 'log_file': './experiment_logs/r4_baseline_repro.log'}
epoch: 0, train_loss: 1.9835, train_acc: 58.29, train_fscore: 52.47 valid_loss: 2.1452, valid_acc: 65.64, valid_fscore: 63.79,test_loss: 2.1124, test_acc: 65.75, test_fscore: 64.18, time: 1780643409.1671028
epoch: 0, train_loss_a_kd: 7.0007, train_loss_v_kd: 4.9474, valid_loss_a_kd: 6.6941, valid_loss_v_kd: 7.9626, test_loss_a_kd: 6.2322, test_loss_v_kd: 7.5063
done
epoch: 1, train_loss: 1.0001, train_acc: 90.15, train_fscore: 90.11 valid_loss: 2.1957, valid_acc: 66.1, valid_fscore: 65.84,test_loss: 2.2279, test_acc: 65.1, test_fscore: 64.89, time: 1780643413.592285
epoch: 1, train_loss_a_kd: 5.6557, train_loss_v_kd: 1.8561, valid_loss_a_kd: 6.6168, valid_loss_v_kd: 8.6915, test_loss_a_kd: 6.1495, test_loss_v_kd: 8.1841
done
epoch: 2, train_loss: 0.9126, train_acc: 91.25, train_fscore: 91.28 valid_loss: 2.2184, valid_acc: 65.73, valid_fscore: 65.21,test_loss: 2.2682, test_acc: 64.79, test_fscore: 64.26, time: 1780643417.790087
epoch: 2, train_loss_a_kd: 4.9352, train_loss_v_kd: 1.4954, valid_loss_a_kd: 6.2338, valid_loss_v_kd: 8.6913, test_loss_a_kd: 5.8612, test_loss_v_kd: 8.1716
epoch: 3, train_loss: 0.8877, train_acc: 91.79, train_fscore: 91.8 valid_loss: 2.2495, valid_acc: 66.28, valid_fscore: 65.06,test_loss: 2.2465, test_acc: 66.36, test_fscore: 65.09, time: 1780643421.5790265
epoch: 3, train_loss_a_kd: 4.5769, train_loss_v_kd: 1.4015, valid_loss_a_kd: 5.846, valid_loss_v_kd: 8.5435, test_loss_a_kd: 5.5289, test_loss_v_kd: 7.9754
done
epoch: 4, train_loss: 0.8674, train_acc: 92.09, train_fscore: 92.09 valid_loss: 2.2119, valid_acc: 66.55, valid_fscore: 65.8,test_loss: 2.2395, test_acc: 65.59, test_fscore: 64.88, time: 1780643425.8396392
epoch: 4, train_loss_a_kd: 4.3732, train_loss_v_kd: 1.3342, valid_loss_a_kd: 5.794, valid_loss_v_kd: 8.5385, test_loss_a_kd: 5.4854, test_loss_v_kd: 7.9584
epoch: 5, train_loss: 0.8491, train_acc: 92.16, train_fscore: 92.16 valid_loss: 2.2016, valid_acc: 66.64, valid_fscore: 65.8,test_loss: 2.2231, test_acc: 65.59, test_fscore: 64.74, time: 1780643429.46183
epoch: 5, train_loss_a_kd: 4.2038, train_loss_v_kd: 1.27, valid_loss_a_kd: 5.6222, valid_loss_v_kd: 8.4527, test_loss_a_kd: 5.3731, test_loss_v_kd: 7.8834
epoch: 6, train_loss: 0.8322, train_acc: 92.1, train_fscore: 92.11 valid_loss: 2.2097, valid_acc: 67.09, valid_fscore: 66.27,test_loss: 2.2112, test_acc: 65.98, test_fscore: 64.96, time: 1780643433.059746
epoch: 6, train_loss_a_kd: 4.0661, train_loss_v_kd: 1.2405, valid_loss_a_kd: 5.4392, valid_loss_v_kd: 8.3627, test_loss_a_kd: 5.2062, test_loss_v_kd: 7.7763
epoch: 7, train_loss: 0.8173, train_acc: 92.61, train_fscore: 92.62 valid_loss: 2.215, valid_acc: 66.19, valid_fscore: 64.93,test_loss: 2.2247, test_acc: 65.98, test_fscore: 64.75, time: 1780643436.8291347
epoch: 7, train_loss_a_kd: 3.9826, train_loss_v_kd: 1.2032, valid_loss_a_kd: 5.2782, valid_loss_v_kd: 8.3031, test_loss_a_kd: 5.0675, test_loss_v_kd: 7.7021
epoch: 8, train_loss: 0.8077, train_acc: 92.68, train_fscore: 92.69 valid_loss: 2.1852, valid_acc: 66.19, valid_fscore: 65.1,test_loss: 2.1989, test_acc: 66.05, test_fscore: 64.91, time: 1780643440.3869078
epoch: 8, train_loss_a_kd: 3.8826, train_loss_v_kd: 1.1793, valid_loss_a_kd: 5.1594, valid_loss_v_kd: 8.2691, test_loss_a_kd: 4.974, test_loss_v_kd: 7.6417
epoch: 9, train_loss: 0.7954, train_acc: 93.17, train_fscore: 93.17 valid_loss: 2.2005, valid_acc: 66.55, valid_fscore: 65.24,test_loss: 2.203, test_acc: 66.02, test_fscore: 64.58, time: 1780643444.2048397
epoch: 9, train_loss_a_kd: 3.7844, train_loss_v_kd: 1.1501, valid_loss_a_kd: 5.0352, valid_loss_v_kd: 8.1206, test_loss_a_kd: 4.8649, test_loss_v_kd: 7.5136
epoch: 10, train_loss: 0.7725, train_acc: 93.28, train_fscore: 93.28 valid_loss: 2.2196, valid_acc: 65.83, valid_fscore: 64.51,test_loss: 2.2263, test_acc: 65.86, test_fscore: 64.56, time: 1780643447.7748332
epoch: 10, train_loss_a_kd: 3.7095, train_loss_v_kd: 1.1231, valid_loss_a_kd: 5.0169, valid_loss_v_kd: 8.1878, test_loss_a_kd: 4.8608, test_loss_v_kd: 7.5382
epoch: 11, train_loss: 0.7629, train_acc: 93.66, train_fscore: 93.67 valid_loss: 2.2769, valid_acc: 65.92, valid_fscore: 64.11,test_loss: 2.2742, test_acc: 65.13, test_fscore: 63.1, time: 1780643451.4522874
epoch: 11, train_loss_a_kd: 3.6644, train_loss_v_kd: 1.1088, valid_loss_a_kd: 4.8595, valid_loss_v_kd: 7.9252, test_loss_a_kd: 4.7172, test_loss_v_kd: 7.3195
epoch: 12, train_loss: 0.7566, train_acc: 93.87, train_fscore: 93.88 valid_loss: 2.2525, valid_acc: 64.83, valid_fscore: 63.3,test_loss: 2.2459, test_acc: 65.82, test_fscore: 64.14, time: 1780643455.0419362
epoch: 12, train_loss_a_kd: 3.6148, train_loss_v_kd: 1.0822, valid_loss_a_kd: 4.7997, valid_loss_v_kd: 7.9341, test_loss_a_kd: 4.6478, test_loss_v_kd: 7.3095
epoch: 13, train_loss: 0.7445, train_acc: 93.94, train_fscore: 93.94 valid_loss: 2.2597, valid_acc: 64.92, valid_fscore: 63.16,test_loss: 2.2542, test_acc: 64.87, test_fscore: 62.88, time: 1780643458.6062093
epoch: 13, train_loss_a_kd: 3.5395, train_loss_v_kd: 1.0596, valid_loss_a_kd: 4.7305, valid_loss_v_kd: 7.8254, test_loss_a_kd: 4.6245, test_loss_v_kd: 7.2252
epoch: 14, train_loss: 0.7354, train_acc: 94.17, train_fscore: 94.17 valid_loss: 2.2673, valid_acc: 64.56, valid_fscore: 62.64,test_loss: 2.2579, test_acc: 65.06, test_fscore: 63.01, time: 1780643462.3005412
epoch: 14, train_loss_a_kd: 3.5107, train_loss_v_kd: 1.0385, valid_loss_a_kd: 4.6943, valid_loss_v_kd: 7.8298, test_loss_a_kd: 4.5631, test_loss_v_kd: 7.2132
epoch: 15, train_loss: 0.7271, train_acc: 94.42, train_fscore: 94.43 valid_loss: 2.2707, valid_acc: 65.01, valid_fscore: 63.43,test_loss: 2.2477, test_acc: 65.44, test_fscore: 63.62, time: 1780643466.0667675
epoch: 15, train_loss_a_kd: 3.4792, train_loss_v_kd: 1.0386, valid_loss_a_kd: 4.6036, valid_loss_v_kd: 7.829, test_loss_a_kd: 4.4642, test_loss_v_kd: 7.2143
early stopping at epoch 15, best epoch 3, best test_acc 66.36, best test_fscore 65.09
FINAL best epoch 3: test_acc=66.36, test_fscore=65.09, composite=131.45
