=== Round: r7_text_fused_aux ===
args: {'lr': 0.0001, 'l2': 1e-06, 'batch_size': 16, 'seed': 2024, 'epochs': 30, 'dropout': 0.5, 'hidden_dim': 768, 'n_head': 8, 'temp': 2.0, 'clsNum': 7, 'train': True, 'label_smoothing': 0.05, 'kd_weight_a': 0.01, 'kd_weight_v': 0.08, 'ensemble_a': 0.2, 'ensemble_v': 0.2, 'loss_target': 'text+fused', 'aux_fused_weight': 0.2, 'focal_gamma': 0.0, 'patience': 12, 'min_epochs': 3, 'exp_name': 'r7_text_fused_aux', 'log_file': './experiment_logs/r7_text_fused_aux.log'}
epoch: 0, train_loss: 2.2634, train_acc: 61.31, train_fscore: 56.72 valid_loss: 2.4351, valid_acc: 64.65, valid_fscore: 63.49,test_loss: 2.4156, test_acc: 65.17, test_fscore: 64.36, time: 1780643625.9269032
epoch: 0, train_loss_a_kd: 7.0087, train_loss_v_kd: 4.9239, valid_loss_a_kd: 6.6205, valid_loss_v_kd: 8.11, test_loss_a_kd: 6.2411, test_loss_v_kd: 7.6856
done
epoch: 1, train_loss: 1.138, train_acc: 90.15, train_fscore: 90.19 valid_loss: 2.4827, valid_acc: 65.55, valid_fscore: 65.44,test_loss: 2.5331, test_acc: 64.71, test_fscore: 64.69, time: 1780643630.507467
epoch: 1, train_loss_a_kd: 5.6136, train_loss_v_kd: 1.832, valid_loss_a_kd: 6.5781, valid_loss_v_kd: 8.7548, test_loss_a_kd: 6.1847, test_loss_v_kd: 8.266
epoch: 2, train_loss: 1.0478, train_acc: 91.27, train_fscore: 91.32 valid_loss: 2.5113, valid_acc: 65.83, valid_fscore: 65.47,test_loss: 2.5834, test_acc: 64.6, test_fscore: 64.3, time: 1780643634.3423104
epoch: 2, train_loss_a_kd: 5.0097, train_loss_v_kd: 1.5107, valid_loss_a_kd: 6.2335, valid_loss_v_kd: 8.8254, test_loss_a_kd: 5.9143, test_loss_v_kd: 8.3288
epoch: 3, train_loss: 1.0214, train_acc: 91.87, train_fscore: 91.91 valid_loss: 2.5574, valid_acc: 66.64, valid_fscore: 65.55,test_loss: 2.5671, test_acc: 65.98, test_fscore: 64.94, time: 1780643638.30124
epoch: 3, train_loss_a_kd: 4.6901, train_loss_v_kd: 1.4292, valid_loss_a_kd: 5.8714, valid_loss_v_kd: 8.7121, test_loss_a_kd: 5.5964, test_loss_v_kd: 8.1682
done
epoch: 4, train_loss: 0.9998, train_acc: 92.28, train_fscore: 92.3 valid_loss: 2.5219, valid_acc: 66.64, valid_fscore: 66.15,test_loss: 2.5681, test_acc: 65.25, test_fscore: 64.64, time: 1780643643.0504224
epoch: 4, train_loss_a_kd: 4.5068, train_loss_v_kd: 1.3661, valid_loss_a_kd: 5.851, valid_loss_v_kd: 8.7421, test_loss_a_kd: 5.5915, test_loss_v_kd: 8.1861
epoch: 5, train_loss: 0.981, train_acc: 92.48, train_fscore: 92.5 valid_loss: 2.5143, valid_acc: 66.73, valid_fscore: 66.02,test_loss: 2.5516, test_acc: 65.25, test_fscore: 64.52, time: 1780643647.041621
epoch: 5, train_loss_a_kd: 4.369, train_loss_v_kd: 1.311, valid_loss_a_kd: 5.6899, valid_loss_v_kd: 8.6592, test_loss_a_kd: 5.4839, test_loss_v_kd: 8.1147
epoch: 6, train_loss: 0.9618, train_acc: 92.59, train_fscore: 92.62 valid_loss: 2.529, valid_acc: 67.0, valid_fscore: 66.24,test_loss: 2.5423, test_acc: 65.9, test_fscore: 65.09, time: 1780643650.9844418
epoch: 6, train_loss_a_kd: 4.2509, train_loss_v_kd: 1.2832, valid_loss_a_kd: 5.5844, valid_loss_v_kd: 8.6061, test_loss_a_kd: 5.3715, test_loss_v_kd: 8.031
done
epoch: 7, train_loss: 0.9451, train_acc: 92.95, train_fscore: 92.97 valid_loss: 2.5357, valid_acc: 65.73, valid_fscore: 64.61,test_loss: 2.5582, test_acc: 65.29, test_fscore: 64.28, time: 1780643655.7789629
epoch: 7, train_loss_a_kd: 4.1803, train_loss_v_kd: 1.2475, valid_loss_a_kd: 5.486, valid_loss_v_kd: 8.5531, test_loss_a_kd: 5.2873, test_loss_v_kd: 7.9634
epoch: 8, train_loss: 0.935, train_acc: 92.93, train_fscore: 92.95 valid_loss: 2.5088, valid_acc: 65.83, valid_fscore: 64.81,test_loss: 2.5336, test_acc: 65.52, test_fscore: 64.52, time: 1780643659.6134636
epoch: 8, train_loss_a_kd: 4.097, train_loss_v_kd: 1.2263, valid_loss_a_kd: 5.3657, valid_loss_v_kd: 8.4993, test_loss_a_kd: 5.1953, test_loss_v_kd: 7.8807
epoch: 9, train_loss: 0.9225, train_acc: 93.59, train_fscore: 93.61 valid_loss: 2.5238, valid_acc: 66.01, valid_fscore: 64.83,test_loss: 2.538, test_acc: 65.52, test_fscore: 64.29, time: 1780643663.665444
epoch: 9, train_loss_a_kd: 4.0304, train_loss_v_kd: 1.2009, valid_loss_a_kd: 5.2969, valid_loss_v_kd: 8.3549, test_loss_a_kd: 5.1428, test_loss_v_kd: 7.7577
epoch: 10, train_loss: 0.8959, train_acc: 93.75, train_fscore: 93.76 valid_loss: 2.5441, valid_acc: 65.1, valid_fscore: 63.95,test_loss: 2.5652, test_acc: 65.4, test_fscore: 64.28, time: 1780643667.5320516
epoch: 10, train_loss_a_kd: 3.9531, train_loss_v_kd: 1.1657, valid_loss_a_kd: 5.2963, valid_loss_v_kd: 8.3902, test_loss_a_kd: 5.1454, test_loss_v_kd: 7.7583
epoch: 11, train_loss: 0.8861, train_acc: 94.06, train_fscore: 94.08 valid_loss: 2.6133, valid_acc: 65.19, valid_fscore: 63.45,test_loss: 2.6247, test_acc: 64.98, test_fscore: 63.08, time: 1780643671.337182
epoch: 11, train_loss_a_kd: 3.9158, train_loss_v_kd: 1.1557, valid_loss_a_kd: 5.1216, valid_loss_v_kd: 8.1403, test_loss_a_kd: 4.9796, test_loss_v_kd: 7.5419
epoch: 12, train_loss: 0.8784, train_acc: 94.32, train_fscore: 94.33 valid_loss: 2.5853, valid_acc: 64.56, valid_fscore: 63.07,test_loss: 2.5925, test_acc: 65.17, test_fscore: 63.63, time: 1780643675.1761606
epoch: 12, train_loss_a_kd: 3.8588, train_loss_v_kd: 1.1304, valid_loss_a_kd: 5.0633, valid_loss_v_kd: 8.1395, test_loss_a_kd: 4.9164, test_loss_v_kd: 7.5175
epoch: 13, train_loss: 0.8649, train_acc: 94.48, train_fscore: 94.49 valid_loss: 2.5923, valid_acc: 64.74, valid_fscore: 63.06,test_loss: 2.6028, test_acc: 64.64, test_fscore: 62.82, time: 1780643679.1322448
epoch: 13, train_loss_a_kd: 3.8049, train_loss_v_kd: 1.1033, valid_loss_a_kd: 4.9839, valid_loss_v_kd: 8.0099, test_loss_a_kd: 4.8736, test_loss_v_kd: 7.4158
epoch: 14, train_loss: 0.8542, train_acc: 94.6, train_fscore: 94.61 valid_loss: 2.611, valid_acc: 64.29, valid_fscore: 62.48,test_loss: 2.6134, test_acc: 64.52, test_fscore: 62.61, time: 1780643683.0489705
epoch: 14, train_loss_a_kd: 3.7887, train_loss_v_kd: 1.0813, valid_loss_a_kd: 4.951, valid_loss_v_kd: 8.0337, test_loss_a_kd: 4.8216, test_loss_v_kd: 7.4235
epoch: 15, train_loss: 0.8436, train_acc: 94.86, train_fscore: 94.88 valid_loss: 2.6188, valid_acc: 64.2, valid_fscore: 62.78,test_loss: 2.6035, test_acc: 64.83, test_fscore: 63.16, time: 1780643686.8145807
epoch: 15, train_loss_a_kd: 3.7396, train_loss_v_kd: 1.0782, valid_loss_a_kd: 4.8573, valid_loss_v_kd: 8.0354, test_loss_a_kd: 4.7222, test_loss_v_kd: 7.4169
epoch: 16, train_loss: 0.833, train_acc: 95.16, train_fscore: 95.17 valid_loss: 2.657, valid_acc: 64.47, valid_fscore: 62.68,test_loss: 2.6346, test_acc: 65.02, test_fscore: 62.99, time: 1780643690.5230799
epoch: 16, train_loss_a_kd: 3.7028, train_loss_v_kd: 1.0599, valid_loss_a_kd: 4.781, valid_loss_v_kd: 7.8956, test_loss_a_kd: 4.6859, test_loss_v_kd: 7.3054
epoch: 17, train_loss: 0.8229, train_acc: 95.28, train_fscore: 95.29 valid_loss: 2.6793, valid_acc: 65.1, valid_fscore: 63.26,test_loss: 2.627, test_acc: 64.87, test_fscore: 62.88, time: 1780643694.6979833
epoch: 17, train_loss_a_kd: 3.693, train_loss_v_kd: 1.0383, valid_loss_a_kd: 4.7829, valid_loss_v_kd: 7.8647, test_loss_a_kd: 4.6534, test_loss_v_kd: 7.2775
epoch: 18, train_loss: 0.8214, train_acc: 95.22, train_fscore: 95.23 valid_loss: 2.6146, valid_acc: 64.56, valid_fscore: 62.94,test_loss: 2.6041, test_acc: 64.25, test_fscore: 62.43, time: 1780643698.533695
epoch: 18, train_loss_a_kd: 3.647, train_loss_v_kd: 1.0269, valid_loss_a_kd: 4.7761, valid_loss_v_kd: 7.8787, test_loss_a_kd: 4.6589, test_loss_v_kd: 7.2628
early stopping at epoch 18, best epoch 6, best test_acc 65.9, best test_fscore 65.09
FINAL best epoch 6: test_acc=65.9, test_fscore=65.09, composite=130.99
