=== Round: r8_focal_g15 ===
args: {'lr': 0.0001, 'l2': 1e-06, 'batch_size': 16, 'seed': 2024, 'epochs': 30, 'dropout': 0.5, 'hidden_dim': 768, 'n_head': 8, 'temp': 2.0, 'clsNum': 7, 'train': True, 'label_smoothing': 0.05, 'kd_weight_a': 0.01, 'kd_weight_v': 0.08, 'ensemble_a': 0.2, 'ensemble_v': 0.2, 'loss_target': 'text', 'aux_fused_weight': 0.3, 'focal_gamma': 1.5, 'patience': 12, 'min_epochs': 3, 'exp_name': 'r8_focal_g15', 'log_file': './experiment_logs/r8_focal_g15.log'}
epoch: 0, train_loss: 1.4478, train_acc: 59.92, train_fscore: 54.89 valid_loss: 1.6904, valid_acc: 65.19, valid_fscore: 63.48,test_loss: 1.5694, test_acc: 65.56, test_fscore: 64.26, time: 1780643709.4492047
epoch: 0, train_loss_a_kd: 7.0337, train_loss_v_kd: 5.0256, valid_loss_a_kd: 6.6146, valid_loss_v_kd: 7.8931, test_loss_a_kd: 6.1499, test_loss_v_kd: 7.4535
done
epoch: 1, train_loss: 0.585, train_acc: 90.22, train_fscore: 90.19 valid_loss: 1.7559, valid_acc: 65.92, valid_fscore: 65.67,test_loss: 1.6925, test_acc: 65.02, test_fscore: 64.82, time: 1780643713.7535393
epoch: 1, train_loss_a_kd: 5.4988, train_loss_v_kd: 1.8449, valid_loss_a_kd: 6.5088, valid_loss_v_kd: 8.6117, test_loss_a_kd: 6.0202, test_loss_v_kd: 8.0892
done
epoch: 2, train_loss: 0.5115, train_acc: 91.4, train_fscore: 91.44 valid_loss: 1.8019, valid_acc: 66.46, valid_fscore: 65.73,test_loss: 1.7496, test_acc: 65.25, test_fscore: 64.39, time: 1780643718.0020158
epoch: 2, train_loss_a_kd: 4.7973, train_loss_v_kd: 1.4826, valid_loss_a_kd: 6.0667, valid_loss_v_kd: 8.5127, test_loss_a_kd: 5.6471, test_loss_v_kd: 7.9701
epoch: 3, train_loss: 0.4871, train_acc: 91.79, train_fscore: 91.81 valid_loss: 1.83, valid_acc: 66.01, valid_fscore: 64.57,test_loss: 1.7237, test_acc: 66.48, test_fscore: 64.95, time: 1780643721.6914275
epoch: 3, train_loss_a_kd: 4.4404, train_loss_v_kd: 1.3918, valid_loss_a_kd: 5.6875, valid_loss_v_kd: 8.3355, test_loss_a_kd: 5.3302, test_loss_v_kd: 7.748
done
epoch: 4, train_loss: 0.4713, train_acc: 92.02, train_fscore: 92.03 valid_loss: 1.7717, valid_acc: 66.55, valid_fscore: 65.83,test_loss: 1.6988, test_acc: 65.44, test_fscore: 64.7, time: 1780643726.1101518
epoch: 4, train_loss_a_kd: 4.2441, train_loss_v_kd: 1.3309, valid_loss_a_kd: 5.7528, valid_loss_v_kd: 8.4107, test_loss_a_kd: 5.3941, test_loss_v_kd: 7.8006
epoch: 5, train_loss: 0.4536, train_acc: 92.24, train_fscore: 92.26 valid_loss: 1.7698, valid_acc: 66.55, valid_fscore: 65.69,test_loss: 1.6895, test_acc: 65.36, test_fscore: 64.32, time: 1780643729.7873554
epoch: 5, train_loss_a_kd: 4.0752, train_loss_v_kd: 1.2689, valid_loss_a_kd: 5.4651, valid_loss_v_kd: 8.2289, test_loss_a_kd: 5.1818, test_loss_v_kd: 7.6393
epoch: 6, train_loss: 0.4379, train_acc: 92.09, train_fscore: 92.12 valid_loss: 1.7791, valid_acc: 66.28, valid_fscore: 65.45,test_loss: 1.6764, test_acc: 65.94, test_fscore: 64.84, time: 1780643733.4149215
epoch: 6, train_loss_a_kd: 3.9426, train_loss_v_kd: 1.2422, valid_loss_a_kd: 5.3087, valid_loss_v_kd: 8.1556, test_loss_a_kd: 5.0358, test_loss_v_kd: 7.5404
epoch: 7, train_loss: 0.4241, train_acc: 92.47, train_fscore: 92.49 valid_loss: 1.7831, valid_acc: 65.92, valid_fscore: 64.61,test_loss: 1.6862, test_acc: 65.79, test_fscore: 64.36, time: 1780643736.9948258
epoch: 7, train_loss_a_kd: 3.8658, train_loss_v_kd: 1.2049, valid_loss_a_kd: 5.1652, valid_loss_v_kd: 8.0929, test_loss_a_kd: 4.8991, test_loss_v_kd: 7.4758
epoch: 8, train_loss: 0.4153, train_acc: 92.68, train_fscore: 92.71 valid_loss: 1.7549, valid_acc: 66.19, valid_fscore: 64.99,test_loss: 1.6653, test_acc: 65.98, test_fscore: 64.69, time: 1780643740.5700395
epoch: 8, train_loss_a_kd: 3.7759, train_loss_v_kd: 1.1856, valid_loss_a_kd: 5.0184, valid_loss_v_kd: 7.9785, test_loss_a_kd: 4.7906, test_loss_v_kd: 7.3454
epoch: 9, train_loss: 0.4022, train_acc: 92.98, train_fscore: 93.0 valid_loss: 1.7853, valid_acc: 66.82, valid_fscore: 65.32,test_loss: 1.6827, test_acc: 65.82, test_fscore: 64.09, time: 1780643744.7331054
epoch: 9, train_loss_a_kd: 3.6648, train_loss_v_kd: 1.1547, valid_loss_a_kd: 4.8767, valid_loss_v_kd: 7.8384, test_loss_a_kd: 4.6551, test_loss_v_kd: 7.2383
epoch: 10, train_loss: 0.3809, train_acc: 93.38, train_fscore: 93.4 valid_loss: 1.8134, valid_acc: 66.1, valid_fscore: 64.44,test_loss: 1.7083, test_acc: 65.79, test_fscore: 64.04, time: 1780643748.404056
epoch: 10, train_loss_a_kd: 3.5965, train_loss_v_kd: 1.123, valid_loss_a_kd: 4.8475, valid_loss_v_kd: 7.8388, test_loss_a_kd: 4.6375, test_loss_v_kd: 7.2045
epoch: 11, train_loss: 0.373, train_acc: 93.69, train_fscore: 93.71 valid_loss: 1.8788, valid_acc: 65.73, valid_fscore: 63.58,test_loss: 1.758, test_acc: 65.1, test_fscore: 62.66, time: 1780643752.2213497
epoch: 11, train_loss_a_kd: 3.5637, train_loss_v_kd: 1.1162, valid_loss_a_kd: 4.6876, valid_loss_v_kd: 7.555, test_loss_a_kd: 4.4943, test_loss_v_kd: 6.982
epoch: 12, train_loss: 0.3682, train_acc: 93.82, train_fscore: 93.84 valid_loss: 1.8505, valid_acc: 64.47, valid_fscore: 62.9,test_loss: 1.7236, test_acc: 64.48, test_fscore: 62.7, time: 1780643755.9474463
epoch: 12, train_loss_a_kd: 3.5015, train_loss_v_kd: 1.0957, valid_loss_a_kd: 4.674, valid_loss_v_kd: 7.6845, test_loss_a_kd: 4.5059, test_loss_v_kd: 7.0649
epoch: 13, train_loss: 0.3561, train_acc: 94.03, train_fscore: 94.05 valid_loss: 1.8666, valid_acc: 64.92, valid_fscore: 62.83,test_loss: 1.7284, test_acc: 64.56, test_fscore: 62.16, time: 1780643759.782464
epoch: 13, train_loss_a_kd: 3.4442, train_loss_v_kd: 1.07, valid_loss_a_kd: 4.6165, valid_loss_v_kd: 7.4945, test_loss_a_kd: 4.453, test_loss_v_kd: 6.899
epoch: 14, train_loss: 0.3479, train_acc: 93.98, train_fscore: 94.0 valid_loss: 1.8601, valid_acc: 64.56, valid_fscore: 62.62,test_loss: 1.7246, test_acc: 64.6, test_fscore: 62.37, time: 1780643763.4607222
epoch: 14, train_loss_a_kd: 3.4054, train_loss_v_kd: 1.0534, valid_loss_a_kd: 4.5851, valid_loss_v_kd: 7.524, test_loss_a_kd: 4.4161, test_loss_v_kd: 6.9199
epoch: 15, train_loss: 0.3387, train_acc: 94.51, train_fscore: 94.53 valid_loss: 1.8969, valid_acc: 64.2, valid_fscore: 62.4,test_loss: 1.7487, test_acc: 64.56, test_fscore: 62.46, time: 1780643767.140989
epoch: 15, train_loss_a_kd: 3.3738, train_loss_v_kd: 1.052, valid_loss_a_kd: 4.4728, valid_loss_v_kd: 7.5076, test_loss_a_kd: 4.2932, test_loss_v_kd: 6.9016
early stopping at epoch 15, best epoch 3, best test_acc 66.48, best test_fscore 64.95
FINAL best epoch 3: test_acc=66.48, test_fscore=64.95, composite=131.43
