total parameters: 49293334
training parameters: 49293334
fusion_arch: residual_cross, fusion_mode: fixed
epoch: 0, train_loss: 2.3535, train_acc: 49.36, train_fscore: 46.66 valid_loss: 2.465, valid_acc: 63.39, valid_fscore: 59.9,test_loss: 2.4219, test_acc: 65.13, test_fscore: 61.58, time: 1780651276.721544
epoch: 0, train_loss_a_kd: 9.0722, train_loss_v_kd: 7.2673, valid_loss_a_kd: 7.2117, valid_loss_v_kd: 7.606, test_loss_a_kd: 7.0335, test_loss_v_kd: 7.1303
done
epoch: 1, train_loss: 1.2133, train_acc: 87.88, train_fscore: 87.53 valid_loss: 2.9161, valid_acc: 65.73, valid_fscore: 65.38,test_loss: 3.0059, test_acc: 64.64, test_fscore: 64.43, time: 1780651281.3473542
epoch: 1, train_loss_a_kd: 7.355, train_loss_v_kd: 3.0088, valid_loss_a_kd: 7.1129, valid_loss_v_kd: 8.3944, test_loss_a_kd: 6.8189, test_loss_v_kd: 8.0048
done
epoch: 2, train_loss: 1.0173, train_acc: 90.86, train_fscore: 90.82 valid_loss: 2.8681, valid_acc: 64.83, valid_fscore: 64.83,test_loss: 2.9685, test_acc: 64.33, test_fscore: 64.42, time: 1780651286.1012073
epoch: 2, train_loss_a_kd: 6.5068, train_loss_v_kd: 1.9969, valid_loss_a_kd: 6.9191, valid_loss_v_kd: 8.7037, test_loss_a_kd: 6.5969, test_loss_v_kd: 8.2401
epoch: 3, train_loss: 0.9636, train_acc: 91.47, train_fscore: 91.46 valid_loss: 2.7834, valid_acc: 65.92, valid_fscore: 65.53,test_loss: 2.865, test_acc: 65.33, test_fscore: 64.92, time: 1780651290.0010102
epoch: 3, train_loss_a_kd: 5.8564, train_loss_v_kd: 1.7328, valid_loss_a_kd: 6.6623, valid_loss_v_kd: 8.7281, test_loss_a_kd: 6.3448, test_loss_v_kd: 8.2297
done
epoch: 4, train_loss: 0.9353, train_acc: 92.16, train_fscore: 92.15 valid_loss: 2.731, valid_acc: 66.28, valid_fscore: 65.86,test_loss: 2.7888, test_acc: 65.52, test_fscore: 65.05, time: 1780651294.698246
epoch: 4, train_loss_a_kd: 5.5448, train_loss_v_kd: 1.6223, valid_loss_a_kd: 6.5751, valid_loss_v_kd: 8.7542, test_loss_a_kd: 6.2627, test_loss_v_kd: 8.2547
done
epoch: 5, train_loss: 0.9216, train_acc: 92.04, train_fscore: 92.02 valid_loss: 2.6899, valid_acc: 66.64, valid_fscore: 65.96,test_loss: 2.7428, test_acc: 65.98, test_fscore: 65.17, time: 1780651299.2497468
epoch: 5, train_loss_a_kd: 5.3972, train_loss_v_kd: 1.551, valid_loss_a_kd: 6.4898, valid_loss_v_kd: 8.7458, test_loss_a_kd: 6.1541, test_loss_v_kd: 8.2256
done
epoch: 6, train_loss: 0.9135, train_acc: 92.35, train_fscore: 92.33 valid_loss: 2.5962, valid_acc: 66.46, valid_fscore: 65.78,test_loss: 2.6469, test_acc: 65.9, test_fscore: 65.12, time: 1780651303.9220748
epoch: 6, train_loss_a_kd: 5.2325, train_loss_v_kd: 1.531, valid_loss_a_kd: 6.4767, valid_loss_v_kd: 8.7884, test_loss_a_kd: 6.1267, test_loss_v_kd: 8.2487
epoch: 7, train_loss: 0.9022, train_acc: 92.8, train_fscore: 92.78 valid_loss: 2.5405, valid_acc: 66.46, valid_fscore: 65.62,test_loss: 2.5816, test_acc: 66.05, test_fscore: 65.24, time: 1780651307.767248
epoch: 7, train_loss_a_kd: 5.1721, train_loss_v_kd: 1.4793, valid_loss_a_kd: 6.4519, valid_loss_v_kd: 8.8174, test_loss_a_kd: 6.1047, test_loss_v_kd: 8.2645
done
epoch: 8, train_loss: 0.8844, train_acc: 93.02, train_fscore: 93.0 valid_loss: 2.5005, valid_acc: 66.82, valid_fscore: 65.84,test_loss: 2.5443, test_acc: 65.9, test_fscore: 64.96, time: 1780651312.3263934
epoch: 8, train_loss_a_kd: 5.0997, train_loss_v_kd: 1.4397, valid_loss_a_kd: 6.4791, valid_loss_v_kd: 8.8238, test_loss_a_kd: 6.1382, test_loss_v_kd: 8.2643
epoch: 9, train_loss: 0.8834, train_acc: 92.98, train_fscore: 92.95 valid_loss: 2.4935, valid_acc: 66.73, valid_fscore: 65.79,test_loss: 2.5428, test_acc: 66.09, test_fscore: 65.15, time: 1780651316.0616522
epoch: 9, train_loss_a_kd: 5.0646, train_loss_v_kd: 1.4359, valid_loss_a_kd: 6.385, valid_loss_v_kd: 8.8031, test_loss_a_kd: 6.0592, test_loss_v_kd: 8.237
epoch: 10, train_loss: 0.8802, train_acc: 92.94, train_fscore: 92.91 valid_loss: 2.476, valid_acc: 66.55, valid_fscore: 65.81,test_loss: 2.5156, test_acc: 65.67, test_fscore: 64.94, time: 1780651319.9269354
epoch: 10, train_loss_a_kd: 4.9839, train_loss_v_kd: 1.405, valid_loss_a_kd: 6.4001, valid_loss_v_kd: 8.8808, test_loss_a_kd: 6.0743, test_loss_v_kd: 8.2982
epoch: 11, train_loss: 0.8696, train_acc: 93.07, train_fscore: 93.05 valid_loss: 2.4631, valid_acc: 66.55, valid_fscore: 65.68,test_loss: 2.4933, test_acc: 65.75, test_fscore: 64.85, time: 1780651323.6703188
epoch: 11, train_loss_a_kd: 4.9229, train_loss_v_kd: 1.3934, valid_loss_a_kd: 6.3936, valid_loss_v_kd: 8.8941, test_loss_a_kd: 6.0629, test_loss_v_kd: 8.2904
epoch: 12, train_loss: 0.8634, train_acc: 92.95, train_fscore: 92.93 valid_loss: 2.4699, valid_acc: 67.36, valid_fscore: 66.36,test_loss: 2.5021, test_acc: 66.09, test_fscore: 65.05, time: 1780651327.4280086
epoch: 12, train_loss_a_kd: 4.8979, train_loss_v_kd: 1.3565, valid_loss_a_kd: 6.3012, valid_loss_v_kd: 8.8268, test_loss_a_kd: 5.9873, test_loss_v_kd: 8.2319
epoch: 13, train_loss: 0.8613, train_acc: 93.18, train_fscore: 93.16 valid_loss: 2.4643, valid_acc: 66.64, valid_fscore: 65.66,test_loss: 2.4862, test_acc: 66.09, test_fscore: 65.04, time: 1780651331.214662
epoch: 13, train_loss_a_kd: 4.8524, train_loss_v_kd: 1.3478, valid_loss_a_kd: 6.2988, valid_loss_v_kd: 8.8037, test_loss_a_kd: 5.9835, test_loss_v_kd: 8.236
epoch: 14, train_loss: 0.8548, train_acc: 93.34, train_fscore: 93.32 valid_loss: 2.4418, valid_acc: 66.91, valid_fscore: 66.1,test_loss: 2.4773, test_acc: 65.75, test_fscore: 64.86, time: 1780651335.1011593
epoch: 14, train_loss_a_kd: 4.8386, train_loss_v_kd: 1.3289, valid_loss_a_kd: 6.33, valid_loss_v_kd: 8.879, test_loss_a_kd: 6.024, test_loss_v_kd: 8.2872
epoch: 15, train_loss: 0.8489, train_acc: 93.28, train_fscore: 93.26 valid_loss: 2.4354, valid_acc: 67.09, valid_fscore: 66.07,test_loss: 2.4652, test_acc: 66.55, test_fscore: 65.44, time: 1780651338.879769
epoch: 15, train_loss_a_kd: 4.7583, train_loss_v_kd: 1.3209, valid_loss_a_kd: 6.2494, valid_loss_v_kd: 8.8042, test_loss_a_kd: 5.9378, test_loss_v_kd: 8.2071
done
epoch: 16, train_loss: 0.8504, train_acc: 93.27, train_fscore: 93.25 valid_loss: 2.425, valid_acc: 67.0, valid_fscore: 65.93,test_loss: 2.4545, test_acc: 66.36, test_fscore: 65.26, time: 1780651343.563911
epoch: 16, train_loss_a_kd: 4.7632, train_loss_v_kd: 1.3106, valid_loss_a_kd: 6.2469, valid_loss_v_kd: 8.8083, test_loss_a_kd: 5.9248, test_loss_v_kd: 8.1968
epoch: 17, train_loss: 0.8432, train_acc: 93.36, train_fscore: 93.34 valid_loss: 2.4166, valid_acc: 67.09, valid_fscore: 66.08,test_loss: 2.4562, test_acc: 66.21, test_fscore: 65.16, time: 1780651347.358771
epoch: 17, train_loss_a_kd: 4.7553, train_loss_v_kd: 1.3044, valid_loss_a_kd: 6.2516, valid_loss_v_kd: 8.799, test_loss_a_kd: 5.9363, test_loss_v_kd: 8.2007
epoch: 18, train_loss: 0.8418, train_acc: 93.39, train_fscore: 93.38 valid_loss: 2.4473, valid_acc: 66.46, valid_fscore: 65.42,test_loss: 2.4776, test_acc: 66.21, test_fscore: 65.0, time: 1780651351.4666853
epoch: 18, train_loss_a_kd: 4.7596, train_loss_v_kd: 1.3073, valid_loss_a_kd: 6.1855, valid_loss_v_kd: 8.7816, test_loss_a_kd: 5.8782, test_loss_v_kd: 8.1774
epoch: 19, train_loss: 0.8459, train_acc: 93.39, train_fscore: 93.38 valid_loss: 2.4304, valid_acc: 67.18, valid_fscore: 66.07,test_loss: 2.4573, test_acc: 66.86, test_fscore: 65.65, time: 1780651355.2587497
epoch: 19, train_loss_a_kd: 4.7199, train_loss_v_kd: 1.3155, valid_loss_a_kd: 6.1814, valid_loss_v_kd: 8.7554, test_loss_a_kd: 5.8699, test_loss_v_kd: 8.1585
done
epoch: 20, train_loss: 0.8365, train_acc: 93.45, train_fscore: 93.43 valid_loss: 2.4383, valid_acc: 66.91, valid_fscore: 65.81,test_loss: 2.4552, test_acc: 66.28, test_fscore: 65.16, time: 1780651359.8999903
epoch: 20, train_loss_a_kd: 4.6868, train_loss_v_kd: 1.2823, valid_loss_a_kd: 6.1745, valid_loss_v_kd: 8.7943, test_loss_a_kd: 5.8764, test_loss_v_kd: 8.1838
epoch: 21, train_loss: 0.8359, train_acc: 93.45, train_fscore: 93.44 valid_loss: 2.4261, valid_acc: 67.18, valid_fscore: 66.09,test_loss: 2.4497, test_acc: 66.48, test_fscore: 65.34, time: 1780651363.6775472
epoch: 21, train_loss_a_kd: 4.6891, train_loss_v_kd: 1.2871, valid_loss_a_kd: 6.1688, valid_loss_v_kd: 8.7713, test_loss_a_kd: 5.8738, test_loss_v_kd: 8.166
epoch: 22, train_loss: 0.8339, train_acc: 93.41, train_fscore: 93.39 valid_loss: 2.4309, valid_acc: 66.73, valid_fscore: 65.62,test_loss: 2.4494, test_acc: 66.7, test_fscore: 65.47, time: 1780651367.478462
epoch: 22, train_loss_a_kd: 4.6792, train_loss_v_kd: 1.2699, valid_loss_a_kd: 6.1533, valid_loss_v_kd: 8.7518, test_loss_a_kd: 5.8496, test_loss_v_kd: 8.1494
epoch: 23, train_loss: 0.8317, train_acc: 93.47, train_fscore: 93.45 valid_loss: 2.4135, valid_acc: 66.91, valid_fscore: 65.76,test_loss: 2.4434, test_acc: 66.63, test_fscore: 65.41, time: 1780651371.3505747
epoch: 23, train_loss_a_kd: 4.6578, train_loss_v_kd: 1.2695, valid_loss_a_kd: 6.155, valid_loss_v_kd: 8.7366, test_loss_a_kd: 5.8429, test_loss_v_kd: 8.1352
epoch: 24, train_loss: 0.8274, train_acc: 93.69, train_fscore: 93.67 valid_loss: 2.4187, valid_acc: 66.91, valid_fscore: 65.73,test_loss: 2.4375, test_acc: 66.67, test_fscore: 65.4, time: 1780651375.1716156
epoch: 24, train_loss_a_kd: 4.6191, train_loss_v_kd: 1.2621, valid_loss_a_kd: 6.1295, valid_loss_v_kd: 8.7394, test_loss_a_kd: 5.8324, test_loss_v_kd: 8.1348
epoch: 25, train_loss: 0.8204, train_acc: 93.49, train_fscore: 93.47 valid_loss: 2.4174, valid_acc: 67.09, valid_fscore: 65.98,test_loss: 2.4437, test_acc: 66.51, test_fscore: 65.38, time: 1780651378.9781187
epoch: 25, train_loss_a_kd: 4.6478, train_loss_v_kd: 1.2396, valid_loss_a_kd: 6.1514, valid_loss_v_kd: 8.7627, test_loss_a_kd: 5.8549, test_loss_v_kd: 8.1602
epoch: 26, train_loss: 0.8233, train_acc: 93.57, train_fscore: 93.56 valid_loss: 2.4286, valid_acc: 66.73, valid_fscore: 65.65,test_loss: 2.4532, test_acc: 66.4, test_fscore: 65.24, time: 1780651382.9079459
epoch: 26, train_loss_a_kd: 4.6417, train_loss_v_kd: 1.2424, valid_loss_a_kd: 6.1372, valid_loss_v_kd: 8.7628, test_loss_a_kd: 5.8403, test_loss_v_kd: 8.1567
epoch: 27, train_loss: 0.8213, train_acc: 93.61, train_fscore: 93.6 valid_loss: 2.4276, valid_acc: 67.0, valid_fscore: 65.91,test_loss: 2.4529, test_acc: 66.48, test_fscore: 65.24, time: 1780651386.7840495
epoch: 27, train_loss_a_kd: 4.6581, train_loss_v_kd: 1.2394, valid_loss_a_kd: 6.1252, valid_loss_v_kd: 8.7463, test_loss_a_kd: 5.8302, test_loss_v_kd: 8.1425
epoch: 28, train_loss: 0.8203, train_acc: 93.65, train_fscore: 93.63 valid_loss: 2.4318, valid_acc: 66.91, valid_fscore: 65.8,test_loss: 2.4563, test_acc: 66.82, test_fscore: 65.55, time: 1780651390.5827036
epoch: 28, train_loss_a_kd: 4.6286, train_loss_v_kd: 1.2454, valid_loss_a_kd: 6.1164, valid_loss_v_kd: 8.7385, test_loss_a_kd: 5.8234, test_loss_v_kd: 8.1366
epoch: 29, train_loss: 0.8234, train_acc: 93.66, train_fscore: 93.64 valid_loss: 2.4329, valid_acc: 66.91, valid_fscore: 65.8,test_loss: 2.4559, test_acc: 66.74, test_fscore: 65.48, time: 1780651394.4556208
epoch: 29, train_loss_a_kd: 4.6538, train_loss_v_kd: 1.2628, valid_loss_a_kd: 6.1161, valid_loss_v_kd: 8.739, test_loss_a_kd: 5.8215, test_loss_v_kd: 8.1369
FINAL best epoch 19: test_acc=66.86, test_fscore=65.65, composite=132.51
total parameters: 49293334
training parameters: 49293334
fusion_arch: residual_cross, fusion_mode: fixed
epoch: 0, train_loss: 2.3758, train_acc: 50.44, train_fscore: 48.0 valid_loss: 2.4604, valid_acc: 63.39, valid_fscore: 59.98,test_loss: 2.4168, test_acc: 65.4, test_fscore: 62.05, time: 1780651404.8522398
epoch: 0, train_loss_a_kd: 9.2096, train_loss_v_kd: 7.6679, valid_loss_a_kd: 7.2649, valid_loss_v_kd: 7.5773, test_loss_a_kd: 7.0963, test_loss_v_kd: 7.1254
done
epoch: 1, train_loss: 1.2656, train_acc: 88.03, train_fscore: 87.75 valid_loss: 2.9237, valid_acc: 65.46, valid_fscore: 65.22,test_loss: 3.0143, test_acc: 64.33, test_fscore: 64.31, time: 1780651409.8980541
epoch: 1, train_loss_a_kd: 7.7456, train_loss_v_kd: 3.7642, valid_loss_a_kd: 7.1711, valid_loss_v_kd: 8.4591, test_loss_a_kd: 6.8888, test_loss_v_kd: 8.074
done
epoch: 2, train_loss: 1.0829, train_acc: 90.39, train_fscore: 90.4 valid_loss: 2.8629, valid_acc: 64.92, valid_fscore: 64.97,test_loss: 2.965, test_acc: 64.52, test_fscore: 64.69, time: 1780651415.0205429
epoch: 2, train_loss_a_kd: 7.0161, train_loss_v_kd: 2.8001, valid_loss_a_kd: 6.9427, valid_loss_v_kd: 8.7273, test_loss_a_kd: 6.6321, test_loss_v_kd: 8.2865
done
epoch: 3, train_loss: 1.0261, train_acc: 91.19, train_fscore: 91.19 valid_loss: 2.812, valid_acc: 65.64, valid_fscore: 65.32,test_loss: 2.8924, test_acc: 65.17, test_fscore: 64.82, time: 1780651420.209215
epoch: 3, train_loss_a_kd: 6.4135, train_loss_v_kd: 2.5098, valid_loss_a_kd: 6.7057, valid_loss_v_kd: 8.7378, test_loss_a_kd: 6.3707, test_loss_v_kd: 8.2548
done
epoch: 4, train_loss: 1.0043, train_acc: 91.5, train_fscore: 91.51 valid_loss: 2.7602, valid_acc: 66.01, valid_fscore: 65.66,test_loss: 2.8044, test_acc: 65.25, test_fscore: 64.87, time: 1780651425.3103812
epoch: 4, train_loss_a_kd: 6.0855, train_loss_v_kd: 2.3817, valid_loss_a_kd: 6.6308, valid_loss_v_kd: 8.8015, test_loss_a_kd: 6.326, test_loss_v_kd: 8.3425
done
epoch: 5, train_loss: 0.9869, train_acc: 91.84, train_fscore: 91.85 valid_loss: 2.6812, valid_acc: 66.55, valid_fscore: 66.07,test_loss: 2.7345, test_acc: 65.82, test_fscore: 65.2, time: 1780651430.477865
epoch: 5, train_loss_a_kd: 5.907, train_loss_v_kd: 2.2981, valid_loss_a_kd: 6.5775, valid_loss_v_kd: 8.8406, test_loss_a_kd: 6.2579, test_loss_v_kd: 8.3386
done
epoch: 6, train_loss: 0.9787, train_acc: 92.05, train_fscore: 92.06 valid_loss: 2.6185, valid_acc: 66.64, valid_fscore: 66.22,test_loss: 2.6659, test_acc: 65.59, test_fscore: 65.05, time: 1780651435.6833854
epoch: 6, train_loss_a_kd: 5.763, train_loss_v_kd: 2.2999, valid_loss_a_kd: 6.5454, valid_loss_v_kd: 8.8359, test_loss_a_kd: 6.209, test_loss_v_kd: 8.3378
epoch: 7, train_loss: 0.9593, train_acc: 92.43, train_fscore: 92.43 valid_loss: 2.568, valid_acc: 66.28, valid_fscore: 65.75,test_loss: 2.6026, test_acc: 65.86, test_fscore: 65.27, time: 1780651440.051368
epoch: 7, train_loss_a_kd: 5.665, train_loss_v_kd: 2.2103, valid_loss_a_kd: 6.5283, valid_loss_v_kd: 8.8642, test_loss_a_kd: 6.1897, test_loss_v_kd: 8.359
done
epoch: 8, train_loss: 0.9505, train_acc: 92.32, train_fscore: 92.32 valid_loss: 2.517, valid_acc: 66.01, valid_fscore: 65.42,test_loss: 2.5523, test_acc: 65.82, test_fscore: 65.24, time: 1780651445.1040945
epoch: 8, train_loss_a_kd: 5.5882, train_loss_v_kd: 2.1457, valid_loss_a_kd: 6.5484, valid_loss_v_kd: 8.8544, test_loss_a_kd: 6.232, test_loss_v_kd: 8.3341
epoch: 9, train_loss: 0.9484, train_acc: 92.42, train_fscore: 92.42 valid_loss: 2.5202, valid_acc: 67.0, valid_fscore: 66.24,test_loss: 2.562, test_acc: 65.98, test_fscore: 65.18, time: 1780651449.2407246
epoch: 9, train_loss_a_kd: 5.5662, train_loss_v_kd: 2.2045, valid_loss_a_kd: 6.4375, valid_loss_v_kd: 8.8532, test_loss_a_kd: 6.1306, test_loss_v_kd: 8.3243
done
epoch: 10, train_loss: 0.9378, train_acc: 92.5, train_fscore: 92.5 valid_loss: 2.4985, valid_acc: 66.46, valid_fscore: 65.89,test_loss: 2.5314, test_acc: 65.75, test_fscore: 65.1, time: 1780651454.1984706
epoch: 10, train_loss_a_kd: 5.4789, train_loss_v_kd: 2.1192, valid_loss_a_kd: 6.4539, valid_loss_v_kd: 8.9046, test_loss_a_kd: 6.1444, test_loss_v_kd: 8.3594
epoch: 11, train_loss: 0.9319, train_acc: 92.71, train_fscore: 92.7 valid_loss: 2.4723, valid_acc: 66.91, valid_fscore: 66.16,test_loss: 2.4995, test_acc: 65.79, test_fscore: 65.11, time: 1780651458.5725863
epoch: 11, train_loss_a_kd: 5.4549, train_loss_v_kd: 2.1087, valid_loss_a_kd: 6.4475, valid_loss_v_kd: 8.8809, test_loss_a_kd: 6.1431, test_loss_v_kd: 8.3408
epoch: 12, train_loss: 0.9273, train_acc: 92.74, train_fscore: 92.73 valid_loss: 2.4926, valid_acc: 67.09, valid_fscore: 66.1,test_loss: 2.519, test_acc: 66.13, test_fscore: 65.11, time: 1780651462.8168793
epoch: 12, train_loss_a_kd: 5.3968, train_loss_v_kd: 2.1089, valid_loss_a_kd: 6.3408, valid_loss_v_kd: 8.8146, test_loss_a_kd: 6.0338, test_loss_v_kd: 8.267
done
epoch: 13, train_loss: 0.9237, train_acc: 92.8, train_fscore: 92.79 valid_loss: 2.504, valid_acc: 66.82, valid_fscore: 65.79,test_loss: 2.5059, test_acc: 66.05, test_fscore: 65.09, time: 1780651467.9146078
epoch: 13, train_loss_a_kd: 5.3898, train_loss_v_kd: 2.0697, valid_loss_a_kd: 6.3339, valid_loss_v_kd: 8.7997, test_loss_a_kd: 6.0354, test_loss_v_kd: 8.2651
epoch: 14, train_loss: 0.9248, train_acc: 92.84, train_fscore: 92.84 valid_loss: 2.4591, valid_acc: 67.0, valid_fscore: 66.3,test_loss: 2.4903, test_acc: 66.09, test_fscore: 65.44, time: 1780651472.18342
epoch: 14, train_loss_a_kd: 5.3651, train_loss_v_kd: 2.0958, valid_loss_a_kd: 6.3802, valid_loss_v_kd: 8.8754, test_loss_a_kd: 6.1033, test_loss_v_kd: 8.3332
done
epoch: 15, train_loss: 0.9215, train_acc: 92.65, train_fscore: 92.65 valid_loss: 2.4416, valid_acc: 67.09, valid_fscore: 66.12,test_loss: 2.4723, test_acc: 66.02, test_fscore: 65.02, time: 1780651477.4028354
epoch: 15, train_loss_a_kd: 5.31, train_loss_v_kd: 2.0718, valid_loss_a_kd: 6.3125, valid_loss_v_kd: 8.822, test_loss_a_kd: 6.0201, test_loss_v_kd: 8.2636
epoch: 16, train_loss: 0.9096, train_acc: 92.95, train_fscore: 92.95 valid_loss: 2.4375, valid_acc: 67.18, valid_fscore: 66.23,test_loss: 2.4675, test_acc: 65.86, test_fscore: 64.94, time: 1780651481.512416
epoch: 16, train_loss_a_kd: 5.2939, train_loss_v_kd: 2.0455, valid_loss_a_kd: 6.3015, valid_loss_v_kd: 8.8267, test_loss_a_kd: 6.016, test_loss_v_kd: 8.2632
epoch: 17, train_loss: 0.9107, train_acc: 93.0, train_fscore: 93.0 valid_loss: 2.4254, valid_acc: 66.82, valid_fscore: 65.92,test_loss: 2.4652, test_acc: 65.94, test_fscore: 65.04, time: 1780651485.7462583
epoch: 17, train_loss_a_kd: 5.2892, train_loss_v_kd: 2.0991, valid_loss_a_kd: 6.282, valid_loss_v_kd: 8.7989, test_loss_a_kd: 6.0137, test_loss_v_kd: 8.2549
epoch: 18, train_loss: 0.9077, train_acc: 93.03, train_fscore: 93.03 valid_loss: 2.4652, valid_acc: 66.73, valid_fscore: 65.69,test_loss: 2.4835, test_acc: 66.13, test_fscore: 65.04, time: 1780651489.9391692
epoch: 18, train_loss_a_kd: 5.3121, train_loss_v_kd: 2.0617, valid_loss_a_kd: 6.2335, valid_loss_v_kd: 8.8008, test_loss_a_kd: 5.9609, test_loss_v_kd: 8.2389
epoch: 19, train_loss: 0.9125, train_acc: 92.99, train_fscore: 92.98 valid_loss: 2.4528, valid_acc: 67.0, valid_fscore: 65.92,test_loss: 2.4708, test_acc: 66.28, test_fscore: 65.25, time: 1780651494.2822838
epoch: 19, train_loss_a_kd: 5.2307, train_loss_v_kd: 2.0931, valid_loss_a_kd: 6.2291, valid_loss_v_kd: 8.7781, test_loss_a_kd: 5.955, test_loss_v_kd: 8.2379
epoch: 20, train_loss: 0.9027, train_acc: 93.15, train_fscore: 93.15 valid_loss: 2.4473, valid_acc: 66.55, valid_fscore: 65.55,test_loss: 2.4606, test_acc: 66.44, test_fscore: 65.44, time: 1780651498.4860475
epoch: 20, train_loss_a_kd: 5.2607, train_loss_v_kd: 2.0499, valid_loss_a_kd: 6.2407, valid_loss_v_kd: 8.8159, test_loss_a_kd: 5.9714, test_loss_v_kd: 8.2638
done
epoch: 21, train_loss: 0.9064, train_acc: 93.17, train_fscore: 93.16 valid_loss: 2.4421, valid_acc: 67.18, valid_fscore: 66.08,test_loss: 2.4538, test_acc: 66.48, test_fscore: 65.39, time: 1780651503.850713
epoch: 21, train_loss_a_kd: 5.2367, train_loss_v_kd: 2.0799, valid_loss_a_kd: 6.2242, valid_loss_v_kd: 8.8018, test_loss_a_kd: 5.9506, test_loss_v_kd: 8.2351
epoch: 22, train_loss: 0.9023, train_acc: 93.21, train_fscore: 93.2 valid_loss: 2.4422, valid_acc: 66.73, valid_fscore: 65.67,test_loss: 2.4553, test_acc: 66.44, test_fscore: 65.34, time: 1780651508.1258945
epoch: 22, train_loss_a_kd: 5.2045, train_loss_v_kd: 2.0856, valid_loss_a_kd: 6.1914, valid_loss_v_kd: 8.7802, test_loss_a_kd: 5.9236, test_loss_v_kd: 8.215
epoch: 23, train_loss: 0.8987, train_acc: 93.29, train_fscore: 93.29 valid_loss: 2.4268, valid_acc: 67.27, valid_fscore: 66.18,test_loss: 2.4527, test_acc: 66.51, test_fscore: 65.42, time: 1780651512.3306885
epoch: 23, train_loss_a_kd: 5.1682, train_loss_v_kd: 2.0307, valid_loss_a_kd: 6.1908, valid_loss_v_kd: 8.757, test_loss_a_kd: 5.9131, test_loss_v_kd: 8.1944
done
epoch: 24, train_loss: 0.8932, train_acc: 93.17, train_fscore: 93.17 valid_loss: 2.4266, valid_acc: 67.0, valid_fscore: 65.89,test_loss: 2.4424, test_acc: 66.63, test_fscore: 65.49, time: 1780651517.327672
epoch: 24, train_loss_a_kd: 5.1805, train_loss_v_kd: 2.04, valid_loss_a_kd: 6.1857, valid_loss_v_kd: 8.7545, test_loss_a_kd: 5.9138, test_loss_v_kd: 8.1902
done
epoch: 25, train_loss: 0.8932, train_acc: 93.37, train_fscore: 93.37 valid_loss: 2.4262, valid_acc: 67.0, valid_fscore: 66.01,test_loss: 2.4481, test_acc: 66.48, test_fscore: 65.5, time: 1780651522.4713187
epoch: 25, train_loss_a_kd: 5.2336, train_loss_v_kd: 2.0385, valid_loss_a_kd: 6.207, valid_loss_v_kd: 8.7809, test_loss_a_kd: 5.9438, test_loss_v_kd: 8.22
epoch: 26, train_loss: 0.8912, train_acc: 93.35, train_fscore: 93.35 valid_loss: 2.4337, valid_acc: 67.09, valid_fscore: 66.11,test_loss: 2.4538, test_acc: 66.25, test_fscore: 65.2, time: 1780651526.810824
epoch: 26, train_loss_a_kd: 5.1642, train_loss_v_kd: 2.01, valid_loss_a_kd: 6.1913, valid_loss_v_kd: 8.7851, test_loss_a_kd: 5.9264, test_loss_v_kd: 8.2189
epoch: 27, train_loss: 0.8885, train_acc: 93.41, train_fscore: 93.41 valid_loss: 2.4389, valid_acc: 67.09, valid_fscore: 66.02,test_loss: 2.455, test_acc: 66.48, test_fscore: 65.42, time: 1780651531.1529675
epoch: 27, train_loss_a_kd: 5.196, train_loss_v_kd: 2.0091, valid_loss_a_kd: 6.1798, valid_loss_v_kd: 8.7618, test_loss_a_kd: 5.915, test_loss_v_kd: 8.2022
epoch: 28, train_loss: 0.8833, train_acc: 93.23, train_fscore: 93.23 valid_loss: 2.44, valid_acc: 67.18, valid_fscore: 66.13,test_loss: 2.4552, test_acc: 66.55, test_fscore: 65.45, time: 1780651535.32724
epoch: 28, train_loss_a_kd: 5.1653, train_loss_v_kd: 1.9936, valid_loss_a_kd: 6.1716, valid_loss_v_kd: 8.7623, test_loss_a_kd: 5.9075, test_loss_v_kd: 8.2022
epoch: 29, train_loss: 0.8814, train_acc: 93.21, train_fscore: 93.21 valid_loss: 2.4412, valid_acc: 66.91, valid_fscore: 65.83,test_loss: 2.4556, test_acc: 66.51, test_fscore: 65.41, time: 1780651539.7218192
epoch: 29, train_loss_a_kd: 5.1265, train_loss_v_kd: 1.966, valid_loss_a_kd: 6.1698, valid_loss_v_kd: 8.7628, test_loss_a_kd: 5.9042, test_loss_v_kd: 8.202
FINAL best epoch 24: test_acc=66.63, test_fscore=65.49, composite=132.12
total parameters: 49293334
training parameters: 49293334
fusion_arch: residual_cross, fusion_mode: fixed
epoch: 0, train_loss: 2.3758, train_acc: 50.92, train_fscore: 48.65 valid_loss: 2.4604, valid_acc: 64.02, valid_fscore: 60.99,test_loss: 2.4168, test_acc: 65.44, test_fscore: 62.5, time: 1780651552.2827864
epoch: 0, train_loss_a_kd: 9.2096, train_loss_v_kd: 7.6679, valid_loss_a_kd: 7.2649, valid_loss_v_kd: 7.5773, test_loss_a_kd: 7.0963, test_loss_v_kd: 7.1254
done
epoch: 1, train_loss: 1.2656, train_acc: 87.86, train_fscore: 87.61 valid_loss: 2.9237, valid_acc: 65.01, valid_fscore: 64.85,test_loss: 3.0143, test_acc: 64.25, test_fscore: 64.31, time: 1780651557.0525897
epoch: 1, train_loss_a_kd: 7.7456, train_loss_v_kd: 3.7642, valid_loss_a_kd: 7.1711, valid_loss_v_kd: 8.4591, test_loss_a_kd: 6.8888, test_loss_v_kd: 8.074
done
epoch: 2, train_loss: 1.0829, train_acc: 90.15, train_fscore: 90.18 valid_loss: 2.8629, valid_acc: 64.47, valid_fscore: 64.6,test_loss: 2.965, test_acc: 64.21, test_fscore: 64.48, time: 1780651561.7953377
epoch: 2, train_loss_a_kd: 7.0161, train_loss_v_kd: 2.8001, valid_loss_a_kd: 6.9427, valid_loss_v_kd: 8.7273, test_loss_a_kd: 6.6321, test_loss_v_kd: 8.2865
done
epoch: 3, train_loss: 1.0261, train_acc: 90.77, train_fscore: 90.79 valid_loss: 2.812, valid_acc: 65.64, valid_fscore: 65.41,test_loss: 2.8924, test_acc: 65.1, test_fscore: 64.87, time: 1780651566.7224545
epoch: 3, train_loss_a_kd: 6.4135, train_loss_v_kd: 2.5098, valid_loss_a_kd: 6.7057, valid_loss_v_kd: 8.7378, test_loss_a_kd: 6.3707, test_loss_v_kd: 8.2548
done
epoch: 4, train_loss: 1.0043, train_acc: 91.25, train_fscore: 91.26 valid_loss: 2.7602, valid_acc: 65.83, valid_fscore: 65.52,test_loss: 2.8044, test_acc: 64.87, test_fscore: 64.6, time: 1780651571.4536326
epoch: 4, train_loss_a_kd: 6.0855, train_loss_v_kd: 2.3817, valid_loss_a_kd: 6.6308, valid_loss_v_kd: 8.8015, test_loss_a_kd: 6.326, test_loss_v_kd: 8.3425
epoch: 5, train_loss: 0.9869, train_acc: 91.53, train_fscore: 91.55 valid_loss: 2.6812, valid_acc: 66.19, valid_fscore: 65.73,test_loss: 2.7345, test_acc: 65.44, test_fscore: 64.89, time: 1780651575.2037647
epoch: 5, train_loss_a_kd: 5.907, train_loss_v_kd: 2.2981, valid_loss_a_kd: 6.5775, valid_loss_v_kd: 8.8406, test_loss_a_kd: 6.2579, test_loss_v_kd: 8.3386
done
epoch: 6, train_loss: 0.9787, train_acc: 91.61, train_fscore: 91.62 valid_loss: 2.6185, valid_acc: 66.46, valid_fscore: 66.08,test_loss: 2.6659, test_acc: 65.52, test_fscore: 65.06, time: 1780651580.120546
epoch: 6, train_loss_a_kd: 5.763, train_loss_v_kd: 2.2999, valid_loss_a_kd: 6.5454, valid_loss_v_kd: 8.8359, test_loss_a_kd: 6.209, test_loss_v_kd: 8.3378
done
epoch: 7, train_loss: 0.9593, train_acc: 92.0, train_fscore: 92.0 valid_loss: 2.568, valid_acc: 66.01, valid_fscore: 65.63,test_loss: 2.6026, test_acc: 65.71, test_fscore: 65.23, time: 1780651584.7803464
epoch: 7, train_loss_a_kd: 5.665, train_loss_v_kd: 2.2103, valid_loss_a_kd: 6.5283, valid_loss_v_kd: 8.8642, test_loss_a_kd: 6.1897, test_loss_v_kd: 8.359
done
epoch: 8, train_loss: 0.9505, train_acc: 91.84, train_fscore: 91.85 valid_loss: 2.517, valid_acc: 66.1, valid_fscore: 65.62,test_loss: 2.5523, test_acc: 65.75, test_fscore: 65.22, time: 1780651589.4629517
epoch: 8, train_loss_a_kd: 5.5882, train_loss_v_kd: 2.1457, valid_loss_a_kd: 6.5484, valid_loss_v_kd: 8.8544, test_loss_a_kd: 6.232, test_loss_v_kd: 8.3341
done
epoch: 9, train_loss: 0.9484, train_acc: 92.1, train_fscore: 92.1 valid_loss: 2.5202, valid_acc: 66.55, valid_fscore: 65.95,test_loss: 2.562, test_acc: 65.75, test_fscore: 65.1, time: 1780651594.416912
epoch: 9, train_loss_a_kd: 5.5662, train_loss_v_kd: 2.2045, valid_loss_a_kd: 6.4375, valid_loss_v_kd: 8.8532, test_loss_a_kd: 6.1306, test_loss_v_kd: 8.3243
epoch: 10, train_loss: 0.9378, train_acc: 92.13, train_fscore: 92.14 valid_loss: 2.4985, valid_acc: 66.82, valid_fscore: 66.39,test_loss: 2.5314, test_acc: 65.48, test_fscore: 64.97, time: 1780651598.304633
epoch: 10, train_loss_a_kd: 5.4789, train_loss_v_kd: 2.1192, valid_loss_a_kd: 6.4539, valid_loss_v_kd: 8.9046, test_loss_a_kd: 6.1444, test_loss_v_kd: 8.3594
epoch: 11, train_loss: 0.9319, train_acc: 92.33, train_fscore: 92.33 valid_loss: 2.4723, valid_acc: 66.73, valid_fscore: 66.11,test_loss: 2.4995, test_acc: 65.71, test_fscore: 65.13, time: 1780651602.2910862
epoch: 11, train_loss_a_kd: 5.4549, train_loss_v_kd: 2.1087, valid_loss_a_kd: 6.4475, valid_loss_v_kd: 8.8809, test_loss_a_kd: 6.1431, test_loss_v_kd: 8.3408
epoch: 12, train_loss: 0.9273, train_acc: 92.35, train_fscore: 92.35 valid_loss: 2.4926, valid_acc: 66.91, valid_fscore: 66.09,test_loss: 2.519, test_acc: 65.9, test_fscore: 65.07, time: 1780651606.1437237
epoch: 12, train_loss_a_kd: 5.3968, train_loss_v_kd: 2.1089, valid_loss_a_kd: 6.3408, valid_loss_v_kd: 8.8146, test_loss_a_kd: 6.0338, test_loss_v_kd: 8.267
epoch: 13, train_loss: 0.9237, train_acc: 92.39, train_fscore: 92.39 valid_loss: 2.504, valid_acc: 67.18, valid_fscore: 66.29,test_loss: 2.5059, test_acc: 65.86, test_fscore: 65.07, time: 1780651609.9770045
epoch: 13, train_loss_a_kd: 5.3898, train_loss_v_kd: 2.0697, valid_loss_a_kd: 6.3339, valid_loss_v_kd: 8.7997, test_loss_a_kd: 6.0354, test_loss_v_kd: 8.2651
epoch: 14, train_loss: 0.9248, train_acc: 92.5, train_fscore: 92.49 valid_loss: 2.4591, valid_acc: 66.82, valid_fscore: 66.29,test_loss: 2.4903, test_acc: 65.86, test_fscore: 65.29, time: 1780651613.9692173
epoch: 14, train_loss_a_kd: 5.3651, train_loss_v_kd: 2.0958, valid_loss_a_kd: 6.3802, valid_loss_v_kd: 8.8754, test_loss_a_kd: 6.1033, test_loss_v_kd: 8.3332
done
epoch: 15, train_loss: 0.9215, train_acc: 92.22, train_fscore: 92.22 valid_loss: 2.4416, valid_acc: 67.09, valid_fscore: 66.24,test_loss: 2.4723, test_acc: 65.59, test_fscore: 64.83, time: 1780651618.6191173
epoch: 15, train_loss_a_kd: 5.31, train_loss_v_kd: 2.0718, valid_loss_a_kd: 6.3125, valid_loss_v_kd: 8.822, test_loss_a_kd: 6.0201, test_loss_v_kd: 8.2636
epoch: 16, train_loss: 0.9096, train_acc: 92.55, train_fscore: 92.55 valid_loss: 2.4375, valid_acc: 67.0, valid_fscore: 66.21,test_loss: 2.4675, test_acc: 65.44, test_fscore: 64.68, time: 1780651622.567904
epoch: 16, train_loss_a_kd: 5.2939, train_loss_v_kd: 2.0455, valid_loss_a_kd: 6.3015, valid_loss_v_kd: 8.8267, test_loss_a_kd: 6.016, test_loss_v_kd: 8.2632
epoch: 17, train_loss: 0.9107, train_acc: 92.61, train_fscore: 92.61 valid_loss: 2.4254, valid_acc: 66.82, valid_fscore: 66.03,test_loss: 2.4652, test_acc: 65.79, test_fscore: 65.02, time: 1780651626.3815925
epoch: 17, train_loss_a_kd: 5.2892, train_loss_v_kd: 2.0991, valid_loss_a_kd: 6.282, valid_loss_v_kd: 8.7989, test_loss_a_kd: 6.0137, test_loss_v_kd: 8.2549
epoch: 18, train_loss: 0.9077, train_acc: 92.69, train_fscore: 92.69 valid_loss: 2.4652, valid_acc: 66.82, valid_fscore: 65.86,test_loss: 2.4835, test_acc: 65.86, test_fscore: 64.92, time: 1780651630.251618
epoch: 18, train_loss_a_kd: 5.3121, train_loss_v_kd: 2.0617, valid_loss_a_kd: 6.2335, valid_loss_v_kd: 8.8008, test_loss_a_kd: 5.9609, test_loss_v_kd: 8.2389
epoch: 19, train_loss: 0.9125, train_acc: 92.55, train_fscore: 92.54 valid_loss: 2.4528, valid_acc: 66.37, valid_fscore: 65.44,test_loss: 2.4708, test_acc: 66.09, test_fscore: 65.15, time: 1780651634.2369714
epoch: 19, train_loss_a_kd: 5.2307, train_loss_v_kd: 2.0931, valid_loss_a_kd: 6.2291, valid_loss_v_kd: 8.7781, test_loss_a_kd: 5.955, test_loss_v_kd: 8.2379
done
epoch: 20, train_loss: 0.9027, train_acc: 92.84, train_fscore: 92.84 valid_loss: 2.4473, valid_acc: 66.82, valid_fscore: 65.97,test_loss: 2.4606, test_acc: 66.02, test_fscore: 65.22, time: 1780651638.9512675
epoch: 20, train_loss_a_kd: 5.2607, train_loss_v_kd: 2.0499, valid_loss_a_kd: 6.2407, valid_loss_v_kd: 8.8159, test_loss_a_kd: 5.9714, test_loss_v_kd: 8.2638
epoch: 21, train_loss: 0.9064, train_acc: 92.88, train_fscore: 92.88 valid_loss: 2.4421, valid_acc: 66.73, valid_fscore: 65.77,test_loss: 2.4538, test_acc: 66.21, test_fscore: 65.35, time: 1780651642.7733004
epoch: 21, train_loss_a_kd: 5.2367, train_loss_v_kd: 2.0799, valid_loss_a_kd: 6.2242, valid_loss_v_kd: 8.8018, test_loss_a_kd: 5.9506, test_loss_v_kd: 8.2351
done
epoch: 22, train_loss: 0.9023, train_acc: 92.87, train_fscore: 92.87 valid_loss: 2.4422, valid_acc: 66.37, valid_fscore: 65.47,test_loss: 2.4553, test_acc: 66.13, test_fscore: 65.22, time: 1780651647.4529138
epoch: 22, train_loss_a_kd: 5.2045, train_loss_v_kd: 2.0856, valid_loss_a_kd: 6.1914, valid_loss_v_kd: 8.7802, test_loss_a_kd: 5.9236, test_loss_v_kd: 8.215
epoch: 23, train_loss: 0.8987, train_acc: 92.99, train_fscore: 92.99 valid_loss: 2.4268, valid_acc: 66.91, valid_fscore: 65.88,test_loss: 2.4527, test_acc: 66.25, test_fscore: 65.32, time: 1780651651.6729908
epoch: 23, train_loss_a_kd: 5.1682, train_loss_v_kd: 2.0307, valid_loss_a_kd: 6.1908, valid_loss_v_kd: 8.757, test_loss_a_kd: 5.9131, test_loss_v_kd: 8.1944
done
epoch: 24, train_loss: 0.8932, train_acc: 92.81, train_fscore: 92.81 valid_loss: 2.4266, valid_acc: 66.82, valid_fscore: 65.79,test_loss: 2.4424, test_acc: 66.28, test_fscore: 65.3, time: 1780651656.2796307
epoch: 24, train_loss_a_kd: 5.1805, train_loss_v_kd: 2.04, valid_loss_a_kd: 6.1857, valid_loss_v_kd: 8.7545, test_loss_a_kd: 5.9138, test_loss_v_kd: 8.1902
done
epoch: 25, train_loss: 0.8932, train_acc: 93.06, train_fscore: 93.06 valid_loss: 2.4262, valid_acc: 67.0, valid_fscore: 66.15,test_loss: 2.4481, test_acc: 66.09, test_fscore: 65.28, time: 1780651661.0340993
epoch: 25, train_loss_a_kd: 5.2336, train_loss_v_kd: 2.0385, valid_loss_a_kd: 6.207, valid_loss_v_kd: 8.7809, test_loss_a_kd: 5.9438, test_loss_v_kd: 8.22
epoch: 26, train_loss: 0.8912, train_acc: 93.03, train_fscore: 93.03 valid_loss: 2.4337, valid_acc: 67.18, valid_fscore: 66.35,test_loss: 2.4538, test_acc: 66.05, test_fscore: 65.2, time: 1780651664.9845378
epoch: 26, train_loss_a_kd: 5.1642, train_loss_v_kd: 2.01, valid_loss_a_kd: 6.1913, valid_loss_v_kd: 8.7851, test_loss_a_kd: 5.9264, test_loss_v_kd: 8.2189
epoch: 27, train_loss: 0.8885, train_acc: 93.1, train_fscore: 93.11 valid_loss: 2.4389, valid_acc: 66.82, valid_fscore: 65.9,test_loss: 2.455, test_acc: 66.17, test_fscore: 65.29, time: 1780651668.7779214
epoch: 27, train_loss_a_kd: 5.196, train_loss_v_kd: 2.0091, valid_loss_a_kd: 6.1798, valid_loss_v_kd: 8.7618, test_loss_a_kd: 5.915, test_loss_v_kd: 8.2022
epoch: 28, train_loss: 0.8833, train_acc: 92.97, train_fscore: 92.97 valid_loss: 2.44, valid_acc: 67.0, valid_fscore: 66.06,test_loss: 2.4552, test_acc: 66.13, test_fscore: 65.24, time: 1780651672.6140213
epoch: 28, train_loss_a_kd: 5.1653, train_loss_v_kd: 1.9936, valid_loss_a_kd: 6.1716, valid_loss_v_kd: 8.7623, test_loss_a_kd: 5.9075, test_loss_v_kd: 8.2022
epoch: 29, train_loss: 0.8814, train_acc: 92.84, train_fscore: 92.84 valid_loss: 2.4412, valid_acc: 66.91, valid_fscore: 65.95,test_loss: 2.4556, test_acc: 66.28, test_fscore: 65.39, time: 1780651676.4593804
epoch: 29, train_loss_a_kd: 5.1265, train_loss_v_kd: 1.966, valid_loss_a_kd: 6.1698, valid_loss_v_kd: 8.7628, test_loss_a_kd: 5.9042, test_loss_v_kd: 8.202
done
FINAL best epoch 29: test_acc=66.28, test_fscore=65.39, composite=131.67000000000002
total parameters: 49293334
training parameters: 49293334
fusion_arch: residual_cross, fusion_mode: fixed
epoch: 0, train_loss: 2.3535, train_acc: 48.61, train_fscore: 45.76 valid_loss: 2.465, valid_acc: 62.67, valid_fscore: 58.76,test_loss: 2.4219, test_acc: 64.83, test_fscore: 61.03, time: 1780651686.9087179
epoch: 0, train_loss_a_kd: 9.0722, train_loss_v_kd: 7.2673, valid_loss_a_kd: 7.2117, valid_loss_v_kd: 7.606, test_loss_a_kd: 7.0335, test_loss_v_kd: 7.1303
done
epoch: 1, train_loss: 1.2133, train_acc: 87.96, train_fscore: 87.56 valid_loss: 2.9161, valid_acc: 66.01, valid_fscore: 65.6,test_loss: 3.0059, test_acc: 64.71, test_fscore: 64.44, time: 1780651691.7489815
epoch: 1, train_loss_a_kd: 7.355, train_loss_v_kd: 3.0088, valid_loss_a_kd: 7.1129, valid_loss_v_kd: 8.3944, test_loss_a_kd: 6.8189, test_loss_v_kd: 8.0048
done
epoch: 2, train_loss: 1.0173, train_acc: 91.24, train_fscore: 91.19 valid_loss: 2.8681, valid_acc: 65.37, valid_fscore: 65.31,test_loss: 2.9685, test_acc: 64.64, test_fscore: 64.63, time: 1780651696.6231554
epoch: 2, train_loss_a_kd: 6.5068, train_loss_v_kd: 1.9969, valid_loss_a_kd: 6.9191, valid_loss_v_kd: 8.7037, test_loss_a_kd: 6.5969, test_loss_v_kd: 8.2401
done
epoch: 3, train_loss: 0.9636, train_acc: 91.91, train_fscore: 91.89 valid_loss: 2.7834, valid_acc: 66.37, valid_fscore: 65.93,test_loss: 2.865, test_acc: 65.56, test_fscore: 65.05, time: 1780651701.5022886
epoch: 3, train_loss_a_kd: 5.8564, train_loss_v_kd: 1.7328, valid_loss_a_kd: 6.6623, valid_loss_v_kd: 8.7281, test_loss_a_kd: 6.3448, test_loss_v_kd: 8.2297
done
epoch: 4, train_loss: 0.9353, train_acc: 92.58, train_fscore: 92.56 valid_loss: 2.731, valid_acc: 66.55, valid_fscore: 66.03,test_loss: 2.7888, test_acc: 65.67, test_fscore: 65.1, time: 1780651706.515144
epoch: 4, train_loss_a_kd: 5.5448, train_loss_v_kd: 1.6223, valid_loss_a_kd: 6.5751, valid_loss_v_kd: 8.7542, test_loss_a_kd: 6.2627, test_loss_v_kd: 8.2547
done
epoch: 5, train_loss: 0.9216, train_acc: 92.5, train_fscore: 92.48 valid_loss: 2.6899, valid_acc: 66.55, valid_fscore: 65.79,test_loss: 2.7428, test_acc: 65.98, test_fscore: 65.07, time: 1780651711.378761
epoch: 5, train_loss_a_kd: 5.3972, train_loss_v_kd: 1.551, valid_loss_a_kd: 6.4898, valid_loss_v_kd: 8.7458, test_loss_a_kd: 6.1541, test_loss_v_kd: 8.2256
done
epoch: 6, train_loss: 0.9135, train_acc: 92.87, train_fscore: 92.84 valid_loss: 2.5962, valid_acc: 67.0, valid_fscore: 66.13,test_loss: 2.6469, test_acc: 65.94, test_fscore: 64.97, time: 1780651716.2303805
epoch: 6, train_loss_a_kd: 5.2325, train_loss_v_kd: 1.531, valid_loss_a_kd: 6.4767, valid_loss_v_kd: 8.7884, test_loss_a_kd: 6.1267, test_loss_v_kd: 8.2487
epoch: 7, train_loss: 0.9022, train_acc: 93.31, train_fscore: 93.29 valid_loss: 2.5405, valid_acc: 66.73, valid_fscore: 65.76,test_loss: 2.5816, test_acc: 66.17, test_fscore: 65.19, time: 1780651720.3452208
epoch: 7, train_loss_a_kd: 5.1721, train_loss_v_kd: 1.4793, valid_loss_a_kd: 6.4519, valid_loss_v_kd: 8.8174, test_loss_a_kd: 6.1047, test_loss_v_kd: 8.2645
done
epoch: 8, train_loss: 0.8844, train_acc: 93.43, train_fscore: 93.4 valid_loss: 2.5005, valid_acc: 66.73, valid_fscore: 65.67,test_loss: 2.5443, test_acc: 66.25, test_fscore: 65.17, time: 1780651725.2680333
epoch: 8, train_loss_a_kd: 5.0997, train_loss_v_kd: 1.4397, valid_loss_a_kd: 6.4791, valid_loss_v_kd: 8.8238, test_loss_a_kd: 6.1382, test_loss_v_kd: 8.2643
done
epoch: 9, train_loss: 0.8834, train_acc: 93.35, train_fscore: 93.32 valid_loss: 2.4935, valid_acc: 67.0, valid_fscore: 65.98,test_loss: 2.5428, test_acc: 66.05, test_fscore: 64.95, time: 1780651730.056489
epoch: 9, train_loss_a_kd: 5.0646, train_loss_v_kd: 1.4359, valid_loss_a_kd: 6.385, valid_loss_v_kd: 8.8031, test_loss_a_kd: 6.0592, test_loss_v_kd: 8.237
epoch: 10, train_loss: 0.8802, train_acc: 93.3, train_fscore: 93.27 valid_loss: 2.476, valid_acc: 66.91, valid_fscore: 66.07,test_loss: 2.5156, test_acc: 66.13, test_fscore: 65.24, time: 1780651734.1744545
epoch: 10, train_loss_a_kd: 4.9839, train_loss_v_kd: 1.405, valid_loss_a_kd: 6.4001, valid_loss_v_kd: 8.8808, test_loss_a_kd: 6.0743, test_loss_v_kd: 8.2982
epoch: 11, train_loss: 0.8696, train_acc: 93.39, train_fscore: 93.36 valid_loss: 2.4631, valid_acc: 66.91, valid_fscore: 65.89,test_loss: 2.4933, test_acc: 66.28, test_fscore: 65.2, time: 1780651738.1802459
epoch: 11, train_loss_a_kd: 4.9229, train_loss_v_kd: 1.3934, valid_loss_a_kd: 6.3936, valid_loss_v_kd: 8.8941, test_loss_a_kd: 6.0629, test_loss_v_kd: 8.2904
done
epoch: 12, train_loss: 0.8634, train_acc: 93.36, train_fscore: 93.33 valid_loss: 2.4699, valid_acc: 67.27, valid_fscore: 66.15,test_loss: 2.5021, test_acc: 66.51, test_fscore: 65.31, time: 1780651743.1441638
epoch: 12, train_loss_a_kd: 4.8979, train_loss_v_kd: 1.3565, valid_loss_a_kd: 6.3012, valid_loss_v_kd: 8.8268, test_loss_a_kd: 5.9873, test_loss_v_kd: 8.2319
done
epoch: 13, train_loss: 0.8613, train_acc: 93.65, train_fscore: 93.63 valid_loss: 2.4643, valid_acc: 67.0, valid_fscore: 65.87,test_loss: 2.4862, test_acc: 66.55, test_fscore: 65.32, time: 1780651748.21248
epoch: 13, train_loss_a_kd: 4.8524, train_loss_v_kd: 1.3478, valid_loss_a_kd: 6.2988, valid_loss_v_kd: 8.8037, test_loss_a_kd: 5.9835, test_loss_v_kd: 8.236
done
epoch: 14, train_loss: 0.8548, train_acc: 93.73, train_fscore: 93.71 valid_loss: 2.4418, valid_acc: 67.18, valid_fscore: 66.23,test_loss: 2.4773, test_acc: 66.25, test_fscore: 65.15, time: 1780651753.2671978
epoch: 14, train_loss_a_kd: 4.8386, train_loss_v_kd: 1.3289, valid_loss_a_kd: 6.33, valid_loss_v_kd: 8.879, test_loss_a_kd: 6.024, test_loss_v_kd: 8.2872
epoch: 15, train_loss: 0.8489, train_acc: 93.54, train_fscore: 93.52 valid_loss: 2.4354, valid_acc: 67.18, valid_fscore: 66.04,test_loss: 2.4652, test_acc: 66.48, test_fscore: 65.14, time: 1780651757.1867692
epoch: 15, train_loss_a_kd: 4.7583, train_loss_v_kd: 1.3209, valid_loss_a_kd: 6.2494, valid_loss_v_kd: 8.8042, test_loss_a_kd: 5.9378, test_loss_v_kd: 8.2071
epoch: 16, train_loss: 0.8504, train_acc: 93.69, train_fscore: 93.67 valid_loss: 2.425, valid_acc: 66.91, valid_fscore: 65.78,test_loss: 2.4545, test_acc: 66.48, test_fscore: 65.16, time: 1780651761.1378064
epoch: 16, train_loss_a_kd: 4.7632, train_loss_v_kd: 1.3106, valid_loss_a_kd: 6.2469, valid_loss_v_kd: 8.8083, test_loss_a_kd: 5.9248, test_loss_v_kd: 8.1968
epoch: 17, train_loss: 0.8432, train_acc: 93.69, train_fscore: 93.67 valid_loss: 2.4166, valid_acc: 67.18, valid_fscore: 66.07,test_loss: 2.4562, test_acc: 66.17, test_fscore: 64.95, time: 1780651765.212092
epoch: 17, train_loss_a_kd: 4.7553, train_loss_v_kd: 1.3044, valid_loss_a_kd: 6.2516, valid_loss_v_kd: 8.799, test_loss_a_kd: 5.9363, test_loss_v_kd: 8.2007
epoch: 18, train_loss: 0.8418, train_acc: 93.71, train_fscore: 93.7 valid_loss: 2.4473, valid_acc: 66.55, valid_fscore: 65.38,test_loss: 2.4776, test_acc: 66.4, test_fscore: 65.0, time: 1780651769.1387067
epoch: 18, train_loss_a_kd: 4.7596, train_loss_v_kd: 1.3073, valid_loss_a_kd: 6.1855, valid_loss_v_kd: 8.7816, test_loss_a_kd: 5.8782, test_loss_v_kd: 8.1774
epoch: 19, train_loss: 0.8459, train_acc: 93.76, train_fscore: 93.74 valid_loss: 2.4304, valid_acc: 67.0, valid_fscore: 65.82,test_loss: 2.4573, test_acc: 66.82, test_fscore: 65.46, time: 1780651773.2072086
epoch: 19, train_loss_a_kd: 4.7199, train_loss_v_kd: 1.3155, valid_loss_a_kd: 6.1814, valid_loss_v_kd: 8.7554, test_loss_a_kd: 5.8699, test_loss_v_kd: 8.1585
done
epoch: 20, train_loss: 0.8365, train_acc: 93.93, train_fscore: 93.91 valid_loss: 2.4383, valid_acc: 67.0, valid_fscore: 65.82,test_loss: 2.4552, test_acc: 66.63, test_fscore: 65.31, time: 1780651778.0268025
epoch: 20, train_loss_a_kd: 4.6868, train_loss_v_kd: 1.2823, valid_loss_a_kd: 6.1745, valid_loss_v_kd: 8.7943, test_loss_a_kd: 5.8764, test_loss_v_kd: 8.1838
epoch: 21, train_loss: 0.8359, train_acc: 93.89, train_fscore: 93.88 valid_loss: 2.4261, valid_acc: 67.45, valid_fscore: 66.28,test_loss: 2.4497, test_acc: 66.78, test_fscore: 65.45, time: 1780651782.1277454
epoch: 21, train_loss_a_kd: 4.6891, train_loss_v_kd: 1.2871, valid_loss_a_kd: 6.1688, valid_loss_v_kd: 8.7713, test_loss_a_kd: 5.8738, test_loss_v_kd: 8.166
epoch: 22, train_loss: 0.8339, train_acc: 93.73, train_fscore: 93.71 valid_loss: 2.4309, valid_acc: 66.82, valid_fscore: 65.55,test_loss: 2.4494, test_acc: 66.74, test_fscore: 65.34, time: 1780651786.2045684
epoch: 22, train_loss_a_kd: 4.6792, train_loss_v_kd: 1.2699, valid_loss_a_kd: 6.1533, valid_loss_v_kd: 8.7518, test_loss_a_kd: 5.8496, test_loss_v_kd: 8.1494
epoch: 23, train_loss: 0.8317, train_acc: 93.91, train_fscore: 93.89 valid_loss: 2.4135, valid_acc: 66.55, valid_fscore: 65.32,test_loss: 2.4434, test_acc: 66.7, test_fscore: 65.32, time: 1780651790.2682376
epoch: 23, train_loss_a_kd: 4.6578, train_loss_v_kd: 1.2695, valid_loss_a_kd: 6.155, valid_loss_v_kd: 8.7366, test_loss_a_kd: 5.8429, test_loss_v_kd: 8.1352
epoch: 24, train_loss: 0.8274, train_acc: 94.01, train_fscore: 93.99 valid_loss: 2.4187, valid_acc: 66.82, valid_fscore: 65.57,test_loss: 2.4375, test_acc: 66.7, test_fscore: 65.29, time: 1780651794.3930986
epoch: 24, train_loss_a_kd: 4.6191, train_loss_v_kd: 1.2621, valid_loss_a_kd: 6.1295, valid_loss_v_kd: 8.7394, test_loss_a_kd: 5.8324, test_loss_v_kd: 8.1348
epoch: 25, train_loss: 0.8204, train_acc: 93.87, train_fscore: 93.85 valid_loss: 2.4174, valid_acc: 66.91, valid_fscore: 65.71,test_loss: 2.4437, test_acc: 66.78, test_fscore: 65.46, time: 1780651798.3967102
epoch: 25, train_loss_a_kd: 4.6478, train_loss_v_kd: 1.2396, valid_loss_a_kd: 6.1514, valid_loss_v_kd: 8.7627, test_loss_a_kd: 5.8549, test_loss_v_kd: 8.1602
epoch: 26, train_loss: 0.8233, train_acc: 93.87, train_fscore: 93.86 valid_loss: 2.4286, valid_acc: 67.0, valid_fscore: 65.82,test_loss: 2.4532, test_acc: 66.78, test_fscore: 65.44, time: 1780651802.5067112
epoch: 26, train_loss_a_kd: 4.6417, train_loss_v_kd: 1.2424, valid_loss_a_kd: 6.1372, valid_loss_v_kd: 8.7628, test_loss_a_kd: 5.8403, test_loss_v_kd: 8.1567
epoch: 27, train_loss: 0.8213, train_acc: 93.98, train_fscore: 93.96 valid_loss: 2.4276, valid_acc: 66.82, valid_fscore: 65.63,test_loss: 2.4529, test_acc: 66.7, test_fscore: 65.35, time: 1780651806.6659102
epoch: 27, train_loss_a_kd: 4.6581, train_loss_v_kd: 1.2394, valid_loss_a_kd: 6.1252, valid_loss_v_kd: 8.7463, test_loss_a_kd: 5.8302, test_loss_v_kd: 8.1425
epoch: 28, train_loss: 0.8203, train_acc: 93.86, train_fscore: 93.84 valid_loss: 2.4318, valid_acc: 66.82, valid_fscore: 65.61,test_loss: 2.4563, test_acc: 66.78, test_fscore: 65.42, time: 1780651810.667903
epoch: 28, train_loss_a_kd: 4.6286, train_loss_v_kd: 1.2454, valid_loss_a_kd: 6.1164, valid_loss_v_kd: 8.7385, test_loss_a_kd: 5.8234, test_loss_v_kd: 8.1366
epoch: 29, train_loss: 0.8234, train_acc: 93.97, train_fscore: 93.95 valid_loss: 2.4329, valid_acc: 66.73, valid_fscore: 65.52,test_loss: 2.4559, test_acc: 66.82, test_fscore: 65.43, time: 1780651814.760833
epoch: 29, train_loss_a_kd: 4.6538, train_loss_v_kd: 1.2628, valid_loss_a_kd: 6.1161, valid_loss_v_kd: 8.739, test_loss_a_kd: 5.8215, test_loss_v_kd: 8.1369
FINAL best epoch 19: test_acc=66.82, test_fscore=65.46, composite=132.27999999999997

>>> s10_rescross+logit: 残差交叉注意力+Logit集成
acc=66.86 fscore=65.65 comp=132.51 Δ=+0.07

>>> s11_rescross+moddrop: 残差交叉注意力+模态dropout
acc=66.63 fscore=65.49 comp=132.12 Δ=-0.32

>>> s12_rescross+all: 残差交叉+Logit+moddrop
acc=66.28 fscore=65.39 comp=131.67000000000002 Δ=-0.77

>>> s13_rescross+ens35: 残差交叉+更强logit集成0.35
acc=66.82 fscore=65.46 comp=132.27999999999997 Δ=-0.16
Saved ./experiment_logs/summary_arch_r3.json
