total parameters: 44566293
training parameters: 44566293
fusion_arch: linear, fusion_mode: fixed
epoch: 0, train_loss: 2.2599, train_acc: 49.92, train_fscore: 45.55 valid_loss: 2.197, valid_acc: 51.67, valid_fscore: 42.02,test_loss: 2.1259, test_acc: 57.09, test_fscore: 48.1, time: 1780649886.8124526
epoch: 0, train_loss_a_kd: 8.2385, train_loss_v_kd: 6.5336, valid_loss_a_kd: 6.2858, valid_loss_v_kd: 6.9172, test_loss_a_kd: 6.0257, test_loss_v_kd: 6.5784
done
epoch: 1, train_loss: 1.2557, train_acc: 86.79, train_fscore: 85.9 valid_loss: 2.1732, valid_acc: 66.55, valid_fscore: 65.55,test_loss: 2.1789, test_acc: 66.13, test_fscore: 65.04, time: 1780649891.2206933
epoch: 1, train_loss_a_kd: 6.9492, train_loss_v_kd: 2.7027, valid_loss_a_kd: 6.9632, valid_loss_v_kd: 8.3827, test_loss_a_kd: 6.5127, test_loss_v_kd: 7.9451
done
epoch: 2, train_loss: 1.0026, train_acc: 91.22, train_fscore: 91.18 valid_loss: 2.2064, valid_acc: 67.0, valid_fscore: 66.29,test_loss: 2.2323, test_acc: 65.67, test_fscore: 64.86, time: 1780649895.4453278
epoch: 2, train_loss_a_kd: 6.3067, train_loss_v_kd: 1.9026, valid_loss_a_kd: 6.688, valid_loss_v_kd: 8.6089, test_loss_a_kd: 6.2564, test_loss_v_kd: 8.147
epoch: 3, train_loss: 0.9507, train_acc: 91.77, train_fscore: 91.76 valid_loss: 2.2351, valid_acc: 66.55, valid_fscore: 65.57,test_loss: 2.2546, test_acc: 65.86, test_fscore: 64.76, time: 1780649899.136717
epoch: 3, train_loss_a_kd: 5.6848, train_loss_v_kd: 1.6537, valid_loss_a_kd: 6.5279, valid_loss_v_kd: 8.6834, test_loss_a_kd: 6.1086, test_loss_v_kd: 8.1769
epoch: 4, train_loss: 0.9241, train_acc: 92.29, train_fscore: 92.28 valid_loss: 2.2321, valid_acc: 66.73, valid_fscore: 66.02,test_loss: 2.2565, test_acc: 65.71, test_fscore: 64.8, time: 1780649902.7889986
epoch: 4, train_loss_a_kd: 5.3902, train_loss_v_kd: 1.5443, valid_loss_a_kd: 6.5412, valid_loss_v_kd: 8.7975, test_loss_a_kd: 6.1391, test_loss_v_kd: 8.2691
epoch: 5, train_loss: 0.9093, train_acc: 92.38, train_fscore: 92.37 valid_loss: 2.2222, valid_acc: 66.91, valid_fscore: 66.04,test_loss: 2.2452, test_acc: 65.75, test_fscore: 64.8, time: 1780649906.6407104
epoch: 5, train_loss_a_kd: 5.203, train_loss_v_kd: 1.4915, valid_loss_a_kd: 6.5067, valid_loss_v_kd: 8.8001, test_loss_a_kd: 6.1171, test_loss_v_kd: 8.2745
epoch: 6, train_loss: 0.8991, train_acc: 92.64, train_fscore: 92.63 valid_loss: 2.2188, valid_acc: 66.82, valid_fscore: 65.98,test_loss: 2.2406, test_acc: 66.25, test_fscore: 65.24, time: 1780649910.2600064
epoch: 6, train_loss_a_kd: 5.1544, train_loss_v_kd: 1.467, valid_loss_a_kd: 6.4723, valid_loss_v_kd: 8.8458, test_loss_a_kd: 6.0916, test_loss_v_kd: 8.2869
done
epoch: 7, train_loss: 0.8913, train_acc: 92.8, train_fscore: 92.79 valid_loss: 2.2483, valid_acc: 66.91, valid_fscore: 65.7,test_loss: 2.2519, test_acc: 66.32, test_fscore: 65.0, time: 1780649914.6814115
epoch: 7, train_loss_a_kd: 5.0452, train_loss_v_kd: 1.4328, valid_loss_a_kd: 6.3587, valid_loss_v_kd: 8.7719, test_loss_a_kd: 5.9814, test_loss_v_kd: 8.2193
epoch: 8, train_loss: 0.8855, train_acc: 92.97, train_fscore: 92.95 valid_loss: 2.2115, valid_acc: 67.45, valid_fscore: 66.57,test_loss: 2.2311, test_acc: 66.51, test_fscore: 65.41, time: 1780649918.2965925
epoch: 8, train_loss_a_kd: 4.9774, train_loss_v_kd: 1.4129, valid_loss_a_kd: 6.3701, valid_loss_v_kd: 8.8752, test_loss_a_kd: 6.0107, test_loss_v_kd: 8.293
done
epoch: 9, train_loss: 0.8804, train_acc: 92.95, train_fscore: 92.94 valid_loss: 2.2157, valid_acc: 67.09, valid_fscore: 65.91,test_loss: 2.2323, test_acc: 66.51, test_fscore: 65.18, time: 1780649922.7466624
epoch: 9, train_loss_a_kd: 4.9544, train_loss_v_kd: 1.3881, valid_loss_a_kd: 6.2701, valid_loss_v_kd: 8.7729, test_loss_a_kd: 5.9227, test_loss_v_kd: 8.199
epoch: 10, train_loss: 0.8719, train_acc: 92.99, train_fscore: 92.97 valid_loss: 2.2253, valid_acc: 67.81, valid_fscore: 66.79,test_loss: 2.2411, test_acc: 66.44, test_fscore: 65.19, time: 1780649926.4204943
epoch: 10, train_loss_a_kd: 4.9001, train_loss_v_kd: 1.3772, valid_loss_a_kd: 6.2844, valid_loss_v_kd: 8.839, test_loss_a_kd: 5.9346, test_loss_v_kd: 8.2564
epoch: 11, train_loss: 0.8705, train_acc: 92.96, train_fscore: 92.94 valid_loss: 2.2184, valid_acc: 67.9, valid_fscore: 66.83,test_loss: 2.2391, test_acc: 66.59, test_fscore: 65.33, time: 1780649930.0922978
epoch: 11, train_loss_a_kd: 4.8415, train_loss_v_kd: 1.3729, valid_loss_a_kd: 6.2338, valid_loss_v_kd: 8.7767, test_loss_a_kd: 5.8944, test_loss_v_kd: 8.2058
epoch: 12, train_loss: 0.8678, train_acc: 93.17, train_fscore: 93.15 valid_loss: 2.2148, valid_acc: 67.72, valid_fscore: 66.58,test_loss: 2.23, test_acc: 66.44, test_fscore: 65.12, time: 1780649933.6952634
epoch: 12, train_loss_a_kd: 4.7643, train_loss_v_kd: 1.3589, valid_loss_a_kd: 6.224, valid_loss_v_kd: 8.8076, test_loss_a_kd: 5.8792, test_loss_v_kd: 8.2192
epoch: 13, train_loss: 0.8557, train_acc: 93.25, train_fscore: 93.24 valid_loss: 2.2146, valid_acc: 67.0, valid_fscore: 65.69,test_loss: 2.232, test_acc: 66.25, test_fscore: 64.77, time: 1780649937.3399956
epoch: 13, train_loss_a_kd: 4.7471, train_loss_v_kd: 1.3152, valid_loss_a_kd: 6.1828, valid_loss_v_kd: 8.7599, test_loss_a_kd: 5.844, test_loss_v_kd: 8.1792
epoch: 14, train_loss: 0.8524, train_acc: 93.24, train_fscore: 93.22 valid_loss: 2.2162, valid_acc: 67.36, valid_fscore: 66.19,test_loss: 2.2295, test_acc: 66.55, test_fscore: 65.25, time: 1780649941.010271
epoch: 14, train_loss_a_kd: 4.7671, train_loss_v_kd: 1.3177, valid_loss_a_kd: 6.1676, valid_loss_v_kd: 8.8126, test_loss_a_kd: 5.8335, test_loss_v_kd: 8.2024
epoch: 15, train_loss: 0.8512, train_acc: 93.22, train_fscore: 93.2 valid_loss: 2.2264, valid_acc: 67.18, valid_fscore: 66.05,test_loss: 2.2364, test_acc: 66.36, test_fscore: 65.03, time: 1780649944.5938635
epoch: 15, train_loss_a_kd: 4.7277, train_loss_v_kd: 1.3236, valid_loss_a_kd: 6.1489, valid_loss_v_kd: 8.8233, test_loss_a_kd: 5.8277, test_loss_v_kd: 8.2144
epoch: 16, train_loss: 0.8529, train_acc: 93.28, train_fscore: 93.27 valid_loss: 2.2276, valid_acc: 67.18, valid_fscore: 65.94,test_loss: 2.2353, test_acc: 66.74, test_fscore: 65.3, time: 1780649948.2436175
epoch: 16, train_loss_a_kd: 4.668, train_loss_v_kd: 1.333, valid_loss_a_kd: 6.1107, valid_loss_v_kd: 8.7826, test_loss_a_kd: 5.788, test_loss_v_kd: 8.1723
done
epoch: 17, train_loss: 0.8434, train_acc: 93.3, train_fscore: 93.29 valid_loss: 2.2323, valid_acc: 67.18, valid_fscore: 65.99,test_loss: 2.2378, test_acc: 66.44, test_fscore: 65.09, time: 1780649952.696765
epoch: 17, train_loss_a_kd: 4.6822, train_loss_v_kd: 1.2897, valid_loss_a_kd: 6.1068, valid_loss_v_kd: 8.7708, test_loss_a_kd: 5.7733, test_loss_v_kd: 8.1735
epoch: 18, train_loss: 0.844, train_acc: 93.61, train_fscore: 93.6 valid_loss: 2.2352, valid_acc: 66.73, valid_fscore: 65.39,test_loss: 2.2425, test_acc: 66.67, test_fscore: 65.11, time: 1780649956.3470879
epoch: 18, train_loss_a_kd: 4.6707, train_loss_v_kd: 1.3017, valid_loss_a_kd: 6.0386, valid_loss_v_kd: 8.7053, test_loss_a_kd: 5.7115, test_loss_v_kd: 8.1121
epoch: 19, train_loss: 0.8411, train_acc: 93.47, train_fscore: 93.45 valid_loss: 2.2201, valid_acc: 67.18, valid_fscore: 65.89,test_loss: 2.2404, test_acc: 66.51, test_fscore: 65.08, time: 1780649960.0021389
epoch: 19, train_loss_a_kd: 4.5963, train_loss_v_kd: 1.2821, valid_loss_a_kd: 6.0711, valid_loss_v_kd: 8.7472, test_loss_a_kd: 5.748, test_loss_v_kd: 8.1506
epoch: 20, train_loss: 0.8357, train_acc: 93.43, train_fscore: 93.42 valid_loss: 2.2182, valid_acc: 67.27, valid_fscore: 65.98,test_loss: 2.2315, test_acc: 66.55, test_fscore: 65.07, time: 1780649963.753179
epoch: 20, train_loss_a_kd: 4.5961, train_loss_v_kd: 1.2791, valid_loss_a_kd: 6.0593, valid_loss_v_kd: 8.7359, test_loss_a_kd: 5.7354, test_loss_v_kd: 8.135
epoch: 21, train_loss: 0.8335, train_acc: 93.44, train_fscore: 93.43 valid_loss: 2.2271, valid_acc: 66.91, valid_fscore: 65.52,test_loss: 2.234, test_acc: 66.55, test_fscore: 64.96, time: 1780649967.4920788
epoch: 21, train_loss_a_kd: 4.5496, train_loss_v_kd: 1.2813, valid_loss_a_kd: 6.0221, valid_loss_v_kd: 8.6968, test_loss_a_kd: 5.693, test_loss_v_kd: 8.0928
epoch: 22, train_loss: 0.8337, train_acc: 93.3, train_fscore: 93.28 valid_loss: 2.2143, valid_acc: 67.0, valid_fscore: 65.68,test_loss: 2.2285, test_acc: 66.63, test_fscore: 65.13, time: 1780649971.1482427
epoch: 22, train_loss_a_kd: 4.5941, train_loss_v_kd: 1.2607, valid_loss_a_kd: 6.0336, valid_loss_v_kd: 8.7028, test_loss_a_kd: 5.7043, test_loss_v_kd: 8.0994
epoch: 23, train_loss: 0.8308, train_acc: 93.24, train_fscore: 93.22 valid_loss: 2.2183, valid_acc: 67.09, valid_fscore: 65.76,test_loss: 2.2306, test_acc: 66.55, test_fscore: 65.08, time: 1780649975.1635985
epoch: 23, train_loss_a_kd: 4.5466, train_loss_v_kd: 1.2652, valid_loss_a_kd: 6.0292, valid_loss_v_kd: 8.7098, test_loss_a_kd: 5.7065, test_loss_v_kd: 8.1058
epoch: 24, train_loss: 0.8279, train_acc: 93.62, train_fscore: 93.61 valid_loss: 2.2286, valid_acc: 67.0, valid_fscore: 65.67,test_loss: 2.234, test_acc: 66.7, test_fscore: 65.18, time: 1780649978.8321779
epoch: 24, train_loss_a_kd: 4.5669, train_loss_v_kd: 1.2533, valid_loss_a_kd: 6.0031, valid_loss_v_kd: 8.6947, test_loss_a_kd: 5.683, test_loss_v_kd: 8.0892
epoch: 25, train_loss: 0.8257, train_acc: 93.43, train_fscore: 93.42 valid_loss: 2.235, valid_acc: 67.27, valid_fscore: 65.9,test_loss: 2.2378, test_acc: 66.63, test_fscore: 65.09, time: 1780649982.440141
epoch: 25, train_loss_a_kd: 4.5548, train_loss_v_kd: 1.2412, valid_loss_a_kd: 5.9923, valid_loss_v_kd: 8.7064, test_loss_a_kd: 5.6804, test_loss_v_kd: 8.0969
epoch: 26, train_loss: 0.8176, train_acc: 93.58, train_fscore: 93.56 valid_loss: 2.2253, valid_acc: 67.0, valid_fscore: 65.66,test_loss: 2.2359, test_acc: 66.59, test_fscore: 65.09, time: 1780649986.1982028
epoch: 26, train_loss_a_kd: 4.5363, train_loss_v_kd: 1.2398, valid_loss_a_kd: 6.0171, valid_loss_v_kd: 8.7213, test_loss_a_kd: 5.6952, test_loss_v_kd: 8.11
epoch: 27, train_loss: 0.8229, train_acc: 93.49, train_fscore: 93.48 valid_loss: 2.2281, valid_acc: 67.09, valid_fscore: 65.73,test_loss: 2.2347, test_acc: 66.59, test_fscore: 65.07, time: 1780649989.865431
epoch: 27, train_loss_a_kd: 4.5166, train_loss_v_kd: 1.243, valid_loss_a_kd: 5.995, valid_loss_v_kd: 8.7048, test_loss_a_kd: 5.6822, test_loss_v_kd: 8.096
epoch: 28, train_loss: 0.8238, train_acc: 93.7, train_fscore: 93.69 valid_loss: 2.2263, valid_acc: 66.64, valid_fscore: 65.27,test_loss: 2.2334, test_acc: 66.63, test_fscore: 65.09, time: 1780649993.62232
epoch: 28, train_loss_a_kd: 4.5255, train_loss_v_kd: 1.227, valid_loss_a_kd: 5.9987, valid_loss_v_kd: 8.7073, test_loss_a_kd: 5.6822, test_loss_v_kd: 8.0966
early stopping at epoch 28, best epoch 16, best test_acc 66.74, best test_fscore 65.3
FINAL best epoch 16: test_acc=66.74, test_fscore=65.3, composite=132.04
total parameters: 47523093
training parameters: 47523093
fusion_arch: trimodal_attn, fusion_mode: fixed
epoch: 0, train_loss: 2.4154, train_acc: 42.33, train_fscore: 42.94 valid_loss: 2.287, valid_acc: 56.09, valid_fscore: 48.08,test_loss: 2.2587, test_acc: 60.65, test_fscore: 53.38, time: 1780650004.4390094
epoch: 0, train_loss_a_kd: 8.4631, train_loss_v_kd: 7.0576, valid_loss_a_kd: 6.2842, valid_loss_v_kd: 7.1315, test_loss_a_kd: 6.0506, test_loss_v_kd: 6.6594
done
epoch: 1, train_loss: 1.2374, train_acc: 86.65, train_fscore: 85.77 valid_loss: 2.4818, valid_acc: 66.1, valid_fscore: 65.57,test_loss: 2.5452, test_acc: 64.98, test_fscore: 64.45, time: 1780650009.1526923
epoch: 1, train_loss_a_kd: 6.7862, train_loss_v_kd: 2.7473, valid_loss_a_kd: 6.9193, valid_loss_v_kd: 8.4704, test_loss_a_kd: 6.503, test_loss_v_kd: 8.064
done
epoch: 2, train_loss: 0.9929, train_acc: 90.98, train_fscore: 90.94 valid_loss: 2.4941, valid_acc: 66.37, valid_fscore: 65.93,test_loss: 2.5726, test_acc: 65.13, test_fscore: 64.75, time: 1780650013.9307115
epoch: 2, train_loss_a_kd: 6.0034, train_loss_v_kd: 1.8715, valid_loss_a_kd: 6.7313, valid_loss_v_kd: 8.7093, test_loss_a_kd: 6.317, test_loss_v_kd: 8.2208
done
epoch: 3, train_loss: 0.9459, train_acc: 91.67, train_fscore: 91.66 valid_loss: 2.4994, valid_acc: 66.46, valid_fscore: 65.92,test_loss: 2.5704, test_acc: 65.56, test_fscore: 65.01, time: 1780650018.6659317
epoch: 3, train_loss_a_kd: 5.5198, train_loss_v_kd: 1.6455, valid_loss_a_kd: 6.605, valid_loss_v_kd: 8.8499, test_loss_a_kd: 6.2165, test_loss_v_kd: 8.3216
done
epoch: 4, train_loss: 0.9316, train_acc: 92.13, train_fscore: 92.11 valid_loss: 2.524, valid_acc: 66.28, valid_fscore: 65.56,test_loss: 2.5816, test_acc: 65.67, test_fscore: 64.92, time: 1780650023.2943122
epoch: 4, train_loss_a_kd: 5.2862, train_loss_v_kd: 1.5514, valid_loss_a_kd: 6.54, valid_loss_v_kd: 8.8045, test_loss_a_kd: 6.134, test_loss_v_kd: 8.2841
done
epoch: 5, train_loss: 0.9159, train_acc: 92.41, train_fscore: 92.38 valid_loss: 2.4525, valid_acc: 67.45, valid_fscore: 66.71,test_loss: 2.5014, test_acc: 66.02, test_fscore: 65.08, time: 1780650027.9442039
epoch: 5, train_loss_a_kd: 5.1396, train_loss_v_kd: 1.5305, valid_loss_a_kd: 6.452, valid_loss_v_kd: 8.8307, test_loss_a_kd: 6.0712, test_loss_v_kd: 8.2743
done
epoch: 6, train_loss: 0.9011, train_acc: 92.51, train_fscore: 92.49 valid_loss: 2.4333, valid_acc: 67.27, valid_fscore: 66.58,test_loss: 2.4771, test_acc: 66.13, test_fscore: 65.26, time: 1780650032.7830648
epoch: 6, train_loss_a_kd: 5.001, train_loss_v_kd: 1.4852, valid_loss_a_kd: 6.464, valid_loss_v_kd: 8.8764, test_loss_a_kd: 6.0733, test_loss_v_kd: 8.293
done
epoch: 7, train_loss: 0.8872, train_acc: 92.74, train_fscore: 92.72 valid_loss: 2.4468, valid_acc: 66.1, valid_fscore: 65.32,test_loss: 2.4834, test_acc: 65.98, test_fscore: 65.14, time: 1780650037.5260727
epoch: 7, train_loss_a_kd: 4.9509, train_loss_v_kd: 1.4424, valid_loss_a_kd: 6.4551, valid_loss_v_kd: 8.912, test_loss_a_kd: 6.0723, test_loss_v_kd: 8.3188
epoch: 8, train_loss: 0.883, train_acc: 92.75, train_fscore: 92.72 valid_loss: 2.4053, valid_acc: 66.91, valid_fscore: 66.21,test_loss: 2.458, test_acc: 65.86, test_fscore: 64.92, time: 1780650041.3791428
epoch: 8, train_loss_a_kd: 4.9014, train_loss_v_kd: 1.4071, valid_loss_a_kd: 6.3656, valid_loss_v_kd: 8.8839, test_loss_a_kd: 6.0003, test_loss_v_kd: 8.3067
epoch: 9, train_loss: 0.8717, train_acc: 92.91, train_fscore: 92.89 valid_loss: 2.4496, valid_acc: 66.91, valid_fscore: 66.04,test_loss: 2.496, test_acc: 66.13, test_fscore: 65.16, time: 1780650045.38344
epoch: 9, train_loss_a_kd: 4.8927, train_loss_v_kd: 1.376, valid_loss_a_kd: 6.2872, valid_loss_v_kd: 8.8515, test_loss_a_kd: 5.9591, test_loss_v_kd: 8.2703
epoch: 10, train_loss: 0.8714, train_acc: 92.98, train_fscore: 92.95 valid_loss: 2.4124, valid_acc: 66.73, valid_fscore: 65.92,test_loss: 2.4492, test_acc: 66.09, test_fscore: 65.15, time: 1780650049.1738026
epoch: 10, train_loss_a_kd: 4.7892, train_loss_v_kd: 1.3607, valid_loss_a_kd: 6.3295, valid_loss_v_kd: 8.9233, test_loss_a_kd: 5.9714, test_loss_v_kd: 8.3214
epoch: 11, train_loss: 0.8615, train_acc: 93.04, train_fscore: 93.02 valid_loss: 2.4002, valid_acc: 67.0, valid_fscore: 66.13,test_loss: 2.4413, test_acc: 65.94, test_fscore: 64.97, time: 1780650053.1456335
epoch: 11, train_loss_a_kd: 4.7399, train_loss_v_kd: 1.342, valid_loss_a_kd: 6.2833, valid_loss_v_kd: 8.9297, test_loss_a_kd: 5.9543, test_loss_v_kd: 8.3099
epoch: 12, train_loss: 0.856, train_acc: 93.17, train_fscore: 93.14 valid_loss: 2.4071, valid_acc: 67.0, valid_fscore: 66.2,test_loss: 2.4461, test_acc: 66.13, test_fscore: 65.19, time: 1780650056.974369
epoch: 12, train_loss_a_kd: 4.7397, train_loss_v_kd: 1.3198, valid_loss_a_kd: 6.2259, valid_loss_v_kd: 8.9113, test_loss_a_kd: 5.8935, test_loss_v_kd: 8.2921
epoch: 13, train_loss: 0.8602, train_acc: 92.99, train_fscore: 92.96 valid_loss: 2.4015, valid_acc: 66.91, valid_fscore: 66.05,test_loss: 2.4324, test_acc: 66.4, test_fscore: 65.4, time: 1780650060.8233757
epoch: 13, train_loss_a_kd: 4.7042, train_loss_v_kd: 1.3313, valid_loss_a_kd: 6.2008, valid_loss_v_kd: 8.906, test_loss_a_kd: 5.8647, test_loss_v_kd: 8.2911
done
epoch: 14, train_loss: 0.8495, train_acc: 93.31, train_fscore: 93.28 valid_loss: 2.4029, valid_acc: 66.82, valid_fscore: 65.87,test_loss: 2.4429, test_acc: 66.32, test_fscore: 65.26, time: 1780650065.5549839
epoch: 14, train_loss_a_kd: 4.6807, train_loss_v_kd: 1.3154, valid_loss_a_kd: 6.1661, valid_loss_v_kd: 8.8654, test_loss_a_kd: 5.8299, test_loss_v_kd: 8.2532
epoch: 15, train_loss: 0.8502, train_acc: 93.08, train_fscore: 93.06 valid_loss: 2.3868, valid_acc: 66.82, valid_fscore: 66.01,test_loss: 2.4209, test_acc: 65.98, test_fscore: 65.12, time: 1780650069.4366307
epoch: 15, train_loss_a_kd: 4.6741, train_loss_v_kd: 1.3239, valid_loss_a_kd: 6.1976, valid_loss_v_kd: 8.9278, test_loss_a_kd: 5.8805, test_loss_v_kd: 8.321
epoch: 16, train_loss: 0.8432, train_acc: 93.26, train_fscore: 93.24 valid_loss: 2.4104, valid_acc: 67.09, valid_fscore: 66.04,test_loss: 2.4503, test_acc: 66.48, test_fscore: 65.31, time: 1780650073.430739
epoch: 16, train_loss_a_kd: 4.6671, train_loss_v_kd: 1.3083, valid_loss_a_kd: 6.1039, valid_loss_v_kd: 8.8218, test_loss_a_kd: 5.7843, test_loss_v_kd: 8.2127
epoch: 17, train_loss: 0.8434, train_acc: 93.33, train_fscore: 93.32 valid_loss: 2.4041, valid_acc: 67.18, valid_fscore: 66.18,test_loss: 2.4402, test_acc: 66.51, test_fscore: 65.37, time: 1780650077.3445756
epoch: 17, train_loss_a_kd: 4.6419, train_loss_v_kd: 1.3031, valid_loss_a_kd: 6.0876, valid_loss_v_kd: 8.8212, test_loss_a_kd: 5.7713, test_loss_v_kd: 8.2049
done
epoch: 18, train_loss: 0.8342, train_acc: 93.41, train_fscore: 93.39 valid_loss: 2.3933, valid_acc: 66.28, valid_fscore: 65.32,test_loss: 2.4306, test_acc: 66.21, test_fscore: 65.2, time: 1780650082.2347624
epoch: 18, train_loss_a_kd: 4.5896, train_loss_v_kd: 1.2687, valid_loss_a_kd: 6.1187, valid_loss_v_kd: 8.8782, test_loss_a_kd: 5.8034, test_loss_v_kd: 8.2474
epoch: 19, train_loss: 0.8298, train_acc: 93.33, train_fscore: 93.31 valid_loss: 2.39, valid_acc: 66.82, valid_fscore: 65.84,test_loss: 2.4277, test_acc: 66.21, test_fscore: 65.18, time: 1780650086.0882118
epoch: 19, train_loss_a_kd: 4.5698, train_loss_v_kd: 1.2637, valid_loss_a_kd: 6.0781, valid_loss_v_kd: 8.8541, test_loss_a_kd: 5.7771, test_loss_v_kd: 8.2284
epoch: 20, train_loss: 0.8279, train_acc: 93.41, train_fscore: 93.39 valid_loss: 2.3861, valid_acc: 67.18, valid_fscore: 66.18,test_loss: 2.4274, test_acc: 66.13, test_fscore: 65.0, time: 1780650089.9556885
epoch: 20, train_loss_a_kd: 4.5534, train_loss_v_kd: 1.236, valid_loss_a_kd: 6.0797, valid_loss_v_kd: 8.839, test_loss_a_kd: 5.7666, test_loss_v_kd: 8.2027
epoch: 21, train_loss: 0.8257, train_acc: 93.3, train_fscore: 93.29 valid_loss: 2.3943, valid_acc: 67.18, valid_fscore: 66.2,test_loss: 2.4356, test_acc: 66.25, test_fscore: 65.19, time: 1780650094.0148332
epoch: 21, train_loss_a_kd: 4.5624, train_loss_v_kd: 1.2601, valid_loss_a_kd: 6.0615, valid_loss_v_kd: 8.8471, test_loss_a_kd: 5.7621, test_loss_v_kd: 8.2208
epoch: 22, train_loss: 0.8246, train_acc: 93.36, train_fscore: 93.34 valid_loss: 2.3879, valid_acc: 67.27, valid_fscore: 66.28,test_loss: 2.4304, test_acc: 66.17, test_fscore: 65.08, time: 1780650097.935224
epoch: 22, train_loss_a_kd: 4.5588, train_loss_v_kd: 1.2654, valid_loss_a_kd: 6.0441, valid_loss_v_kd: 8.8617, test_loss_a_kd: 5.7467, test_loss_v_kd: 8.2205
epoch: 23, train_loss: 0.8208, train_acc: 93.43, train_fscore: 93.41 valid_loss: 2.3931, valid_acc: 67.09, valid_fscore: 66.09,test_loss: 2.4381, test_acc: 66.13, test_fscore: 65.08, time: 1780650101.7708724
epoch: 23, train_loss_a_kd: 4.5043, train_loss_v_kd: 1.234, valid_loss_a_kd: 6.0272, valid_loss_v_kd: 8.8425, test_loss_a_kd: 5.7374, test_loss_v_kd: 8.2127
epoch: 24, train_loss: 0.8188, train_acc: 93.5, train_fscore: 93.48 valid_loss: 2.3905, valid_acc: 67.36, valid_fscore: 66.42,test_loss: 2.4297, test_acc: 65.98, test_fscore: 64.96, time: 1780650105.7242203
epoch: 24, train_loss_a_kd: 4.5167, train_loss_v_kd: 1.2291, valid_loss_a_kd: 6.0388, valid_loss_v_kd: 8.8584, test_loss_a_kd: 5.7383, test_loss_v_kd: 8.2223
epoch: 25, train_loss: 0.8187, train_acc: 93.4, train_fscore: 93.38 valid_loss: 2.3806, valid_acc: 67.36, valid_fscore: 66.39,test_loss: 2.4195, test_acc: 66.32, test_fscore: 65.24, time: 1780650109.5784187
epoch: 25, train_loss_a_kd: 4.4818, train_loss_v_kd: 1.2415, valid_loss_a_kd: 6.0293, valid_loss_v_kd: 8.8369, test_loss_a_kd: 5.7256, test_loss_v_kd: 8.2052
epoch: 26, train_loss: 0.8181, train_acc: 93.59, train_fscore: 93.58 valid_loss: 2.3823, valid_acc: 67.45, valid_fscore: 66.46,test_loss: 2.4293, test_acc: 66.09, test_fscore: 64.98, time: 1780650113.521915
epoch: 26, train_loss_a_kd: 4.505, train_loss_v_kd: 1.2489, valid_loss_a_kd: 6.0147, valid_loss_v_kd: 8.8204, test_loss_a_kd: 5.7167, test_loss_v_kd: 8.1907
epoch: 27, train_loss: 0.8114, train_acc: 93.51, train_fscore: 93.49 valid_loss: 2.3814, valid_acc: 67.45, valid_fscore: 66.46,test_loss: 2.4249, test_acc: 66.17, test_fscore: 65.08, time: 1780650117.4949546
epoch: 27, train_loss_a_kd: 4.4933, train_loss_v_kd: 1.2092, valid_loss_a_kd: 6.0173, valid_loss_v_kd: 8.822, test_loss_a_kd: 5.7213, test_loss_v_kd: 8.1962
epoch: 28, train_loss: 0.8146, train_acc: 93.58, train_fscore: 93.57 valid_loss: 2.3852, valid_acc: 67.45, valid_fscore: 66.46,test_loss: 2.4278, test_acc: 66.13, test_fscore: 65.06, time: 1780650121.2879844
epoch: 28, train_loss_a_kd: 4.5071, train_loss_v_kd: 1.2262, valid_loss_a_kd: 6.0111, valid_loss_v_kd: 8.8197, test_loss_a_kd: 5.713, test_loss_v_kd: 8.1945
epoch: 29, train_loss: 0.8103, train_acc: 93.48, train_fscore: 93.45 valid_loss: 2.3865, valid_acc: 67.36, valid_fscore: 66.39,test_loss: 2.4269, test_acc: 66.28, test_fscore: 65.2, time: 1780650125.1547413
epoch: 29, train_loss_a_kd: 4.5167, train_loss_v_kd: 1.205, valid_loss_a_kd: 6.0133, valid_loss_v_kd: 8.826, test_loss_a_kd: 5.7155, test_loss_v_kd: 8.2016
early stopping at epoch 29, best epoch 17, best test_acc 66.51, best test_fscore 65.37
FINAL best epoch 17: test_acc=66.51, test_fscore=65.37, composite=131.88
total parameters: 45750552
training parameters: 45750552
fusion_arch: speaker_gate, fusion_mode: fixed
epoch: 0, train_loss: 2.4566, train_acc: 41.47, train_fscore: 36.62 valid_loss: 2.2459, valid_acc: 47.79, valid_fscore: 35.94,test_loss: 2.1585, test_acc: 52.57, test_fscore: 40.47, time: 1780650136.1660979
epoch: 0, train_loss_a_kd: 7.9485, train_loss_v_kd: 6.9885, valid_loss_a_kd: 5.5968, valid_loss_v_kd: 6.3474, test_loss_a_kd: 5.2868, test_loss_v_kd: 6.0682
done
epoch: 1, train_loss: 1.3109, train_acc: 84.0, train_fscore: 82.94 valid_loss: 2.2743, valid_acc: 66.55, valid_fscore: 65.75,test_loss: 2.3183, test_acc: 64.9, test_fscore: 64.13, time: 1780650140.92568
epoch: 1, train_loss_a_kd: 6.469, train_loss_v_kd: 2.7933, valid_loss_a_kd: 6.7135, valid_loss_v_kd: 8.2532, test_loss_a_kd: 6.2569, test_loss_v_kd: 7.851
done
epoch: 2, train_loss: 0.9874, train_acc: 91.01, train_fscore: 90.99 valid_loss: 2.3657, valid_acc: 66.55, valid_fscore: 66.02,test_loss: 2.421, test_acc: 65.48, test_fscore: 64.89, time: 1780650145.5447166
epoch: 2, train_loss_a_kd: 5.7981, train_loss_v_kd: 1.8143, valid_loss_a_kd: 6.5745, valid_loss_v_kd: 8.6609, test_loss_a_kd: 6.1663, test_loss_v_kd: 8.1709
done
epoch: 3, train_loss: 0.9362, train_acc: 91.89, train_fscore: 91.87 valid_loss: 2.3703, valid_acc: 66.28, valid_fscore: 65.72,test_loss: 2.4226, test_acc: 65.33, test_fscore: 64.69, time: 1780650150.293977
epoch: 3, train_loss_a_kd: 5.2748, train_loss_v_kd: 1.5956, valid_loss_a_kd: 6.548, valid_loss_v_kd: 8.8417, test_loss_a_kd: 6.1704, test_loss_v_kd: 8.3066
epoch: 4, train_loss: 0.9081, train_acc: 92.15, train_fscore: 92.12 valid_loss: 2.394, valid_acc: 66.82, valid_fscore: 66.05,test_loss: 2.4422, test_acc: 65.63, test_fscore: 64.74, time: 1780650154.4290597
epoch: 4, train_loss_a_kd: 5.1091, train_loss_v_kd: 1.4775, valid_loss_a_kd: 6.4913, valid_loss_v_kd: 8.8628, test_loss_a_kd: 6.0925, test_loss_v_kd: 8.2877
epoch: 5, train_loss: 0.8952, train_acc: 92.65, train_fscore: 92.63 valid_loss: 2.3762, valid_acc: 66.46, valid_fscore: 65.86,test_loss: 2.4155, test_acc: 65.63, test_fscore: 64.95, time: 1780650158.9214847
epoch: 5, train_loss_a_kd: 4.9799, train_loss_v_kd: 1.4552, valid_loss_a_kd: 6.4588, valid_loss_v_kd: 8.9751, test_loss_a_kd: 6.0814, test_loss_v_kd: 8.3911
done
epoch: 6, train_loss: 0.8825, train_acc: 92.86, train_fscore: 92.84 valid_loss: 2.366, valid_acc: 66.73, valid_fscore: 65.97,test_loss: 2.3988, test_acc: 65.79, test_fscore: 64.92, time: 1780650163.8490746
epoch: 6, train_loss_a_kd: 4.8786, train_loss_v_kd: 1.4034, valid_loss_a_kd: 6.4151, valid_loss_v_kd: 9.014, test_loss_a_kd: 6.0485, test_loss_v_kd: 8.3937
done
epoch: 7, train_loss: 0.8749, train_acc: 92.81, train_fscore: 92.78 valid_loss: 2.3472, valid_acc: 66.73, valid_fscore: 66.16,test_loss: 2.3787, test_acc: 66.13, test_fscore: 65.42, time: 1780650168.815334
epoch: 7, train_loss_a_kd: 4.786, train_loss_v_kd: 1.3814, valid_loss_a_kd: 6.3377, valid_loss_v_kd: 9.0396, test_loss_a_kd: 5.9894, test_loss_v_kd: 8.4104
done
epoch: 8, train_loss: 0.8743, train_acc: 92.83, train_fscore: 92.81 valid_loss: 2.3556, valid_acc: 67.09, valid_fscore: 66.18,test_loss: 2.3824, test_acc: 66.09, test_fscore: 65.09, time: 1780650173.5841622
epoch: 8, train_loss_a_kd: 4.6607, train_loss_v_kd: 1.3859, valid_loss_a_kd: 6.2146, valid_loss_v_kd: 8.9489, test_loss_a_kd: 5.8779, test_loss_v_kd: 8.332
epoch: 9, train_loss: 0.8635, train_acc: 92.99, train_fscore: 92.96 valid_loss: 2.3754, valid_acc: 67.09, valid_fscore: 66.23,test_loss: 2.403, test_acc: 65.82, test_fscore: 64.89, time: 1780650177.5719326
epoch: 9, train_loss_a_kd: 4.6452, train_loss_v_kd: 1.3341, valid_loss_a_kd: 6.2158, valid_loss_v_kd: 9.0018, test_loss_a_kd: 5.8535, test_loss_v_kd: 8.3765
epoch: 10, train_loss: 0.858, train_acc: 93.04, train_fscore: 93.02 valid_loss: 2.3508, valid_acc: 67.72, valid_fscore: 66.87,test_loss: 2.3928, test_acc: 66.02, test_fscore: 65.13, time: 1780650181.6714895
epoch: 10, train_loss_a_kd: 4.5999, train_loss_v_kd: 1.3343, valid_loss_a_kd: 6.1255, valid_loss_v_kd: 8.9542, test_loss_a_kd: 5.7963, test_loss_v_kd: 8.324
epoch: 11, train_loss: 0.8474, train_acc: 93.13, train_fscore: 93.11 valid_loss: 2.3605, valid_acc: 67.18, valid_fscore: 66.25,test_loss: 2.3927, test_acc: 66.05, test_fscore: 65.1, time: 1780650185.5063262
epoch: 11, train_loss_a_kd: 4.5376, train_loss_v_kd: 1.2979, valid_loss_a_kd: 6.0881, valid_loss_v_kd: 8.927, test_loss_a_kd: 5.7497, test_loss_v_kd: 8.2985
epoch: 12, train_loss: 0.8484, train_acc: 93.23, train_fscore: 93.2 valid_loss: 2.3371, valid_acc: 66.82, valid_fscore: 66.06,test_loss: 2.3715, test_acc: 65.98, test_fscore: 65.08, time: 1780650189.5183983
epoch: 12, train_loss_a_kd: 4.5348, train_loss_v_kd: 1.2937, valid_loss_a_kd: 6.0595, valid_loss_v_kd: 8.9601, test_loss_a_kd: 5.7273, test_loss_v_kd: 8.308
epoch: 13, train_loss: 0.8397, train_acc: 93.31, train_fscore: 93.29 valid_loss: 2.3333, valid_acc: 67.0, valid_fscore: 66.26,test_loss: 2.3644, test_acc: 66.13, test_fscore: 65.28, time: 1780650193.3994505
epoch: 13, train_loss_a_kd: 4.4338, train_loss_v_kd: 1.2605, valid_loss_a_kd: 6.0168, valid_loss_v_kd: 8.9386, test_loss_a_kd: 5.6923, test_loss_v_kd: 8.3217
epoch: 14, train_loss: 0.8305, train_acc: 93.13, train_fscore: 93.1 valid_loss: 2.3285, valid_acc: 67.0, valid_fscore: 66.2,test_loss: 2.3667, test_acc: 66.32, test_fscore: 65.38, time: 1780650197.3736188
epoch: 14, train_loss_a_kd: 4.4237, train_loss_v_kd: 1.2537, valid_loss_a_kd: 5.9566, valid_loss_v_kd: 8.9126, test_loss_a_kd: 5.6218, test_loss_v_kd: 8.2695
done
epoch: 15, train_loss: 0.8321, train_acc: 93.36, train_fscore: 93.35 valid_loss: 2.3323, valid_acc: 67.36, valid_fscore: 66.4,test_loss: 2.3661, test_acc: 66.36, test_fscore: 65.26, time: 1780650202.0195646
epoch: 15, train_loss_a_kd: 4.3855, train_loss_v_kd: 1.25, valid_loss_a_kd: 5.8581, valid_loss_v_kd: 8.8856, test_loss_a_kd: 5.5316, test_loss_v_kd: 8.2379
epoch: 16, train_loss: 0.8254, train_acc: 93.25, train_fscore: 93.23 valid_loss: 2.3456, valid_acc: 67.09, valid_fscore: 66.18,test_loss: 2.3686, test_acc: 66.28, test_fscore: 65.23, time: 1780650205.9658952
epoch: 16, train_loss_a_kd: 4.3333, train_loss_v_kd: 1.2337, valid_loss_a_kd: 5.7974, valid_loss_v_kd: 8.8824, test_loss_a_kd: 5.4823, test_loss_v_kd: 8.2428
epoch: 17, train_loss: 0.8189, train_acc: 93.35, train_fscore: 93.33 valid_loss: 2.3432, valid_acc: 67.36, valid_fscore: 66.27,test_loss: 2.363, test_acc: 66.4, test_fscore: 65.25, time: 1780650209.933518
epoch: 17, train_loss_a_kd: 4.336, train_loss_v_kd: 1.2102, valid_loss_a_kd: 5.7536, valid_loss_v_kd: 8.861, test_loss_a_kd: 5.4322, test_loss_v_kd: 8.2075
epoch: 18, train_loss: 0.818, train_acc: 93.28, train_fscore: 93.27 valid_loss: 2.3251, valid_acc: 67.45, valid_fscore: 66.56,test_loss: 2.3636, test_acc: 66.17, test_fscore: 65.17, time: 1780650214.0159886
epoch: 18, train_loss_a_kd: 4.291, train_loss_v_kd: 1.2047, valid_loss_a_kd: 5.7553, valid_loss_v_kd: 8.903, test_loss_a_kd: 5.4503, test_loss_v_kd: 8.2288
epoch: 19, train_loss: 0.813, train_acc: 93.47, train_fscore: 93.45 valid_loss: 2.355, valid_acc: 66.82, valid_fscore: 65.95,test_loss: 2.3782, test_acc: 66.17, test_fscore: 65.16, time: 1780650218.127702
epoch: 19, train_loss_a_kd: 4.2559, train_loss_v_kd: 1.1928, valid_loss_a_kd: 5.7184, valid_loss_v_kd: 8.9023, test_loss_a_kd: 5.4021, test_loss_v_kd: 8.2493
epoch: 20, train_loss: 0.8162, train_acc: 93.35, train_fscore: 93.34 valid_loss: 2.3302, valid_acc: 67.18, valid_fscore: 66.29,test_loss: 2.3629, test_acc: 66.05, test_fscore: 65.01, time: 1780650222.0393677
epoch: 20, train_loss_a_kd: 4.2646, train_loss_v_kd: 1.2015, valid_loss_a_kd: 5.6693, valid_loss_v_kd: 8.8359, test_loss_a_kd: 5.3702, test_loss_v_kd: 8.1878
epoch: 21, train_loss: 0.8092, train_acc: 93.43, train_fscore: 93.41 valid_loss: 2.3215, valid_acc: 67.18, valid_fscore: 66.3,test_loss: 2.3584, test_acc: 66.05, test_fscore: 65.05, time: 1780650226.1222003
epoch: 21, train_loss_a_kd: 4.2163, train_loss_v_kd: 1.1686, valid_loss_a_kd: 5.6701, valid_loss_v_kd: 8.8503, test_loss_a_kd: 5.3627, test_loss_v_kd: 8.1944
epoch: 22, train_loss: 0.8033, train_acc: 93.54, train_fscore: 93.53 valid_loss: 2.3273, valid_acc: 67.27, valid_fscore: 66.46,test_loss: 2.3591, test_acc: 66.09, test_fscore: 65.14, time: 1780650230.0958884
epoch: 22, train_loss_a_kd: 4.1995, train_loss_v_kd: 1.1596, valid_loss_a_kd: 5.6345, valid_loss_v_kd: 8.8447, test_loss_a_kd: 5.332, test_loss_v_kd: 8.2006
epoch: 23, train_loss: 0.8031, train_acc: 93.45, train_fscore: 93.43 valid_loss: 2.3309, valid_acc: 67.36, valid_fscore: 66.51,test_loss: 2.362, test_acc: 66.17, test_fscore: 65.17, time: 1780650234.0412793
epoch: 23, train_loss_a_kd: 4.1811, train_loss_v_kd: 1.1684, valid_loss_a_kd: 5.5939, valid_loss_v_kd: 8.8585, test_loss_a_kd: 5.3009, test_loss_v_kd: 8.2019
epoch: 24, train_loss: 0.7967, train_acc: 93.48, train_fscore: 93.46 valid_loss: 2.3217, valid_acc: 67.18, valid_fscore: 66.34,test_loss: 2.3569, test_acc: 65.94, test_fscore: 64.96, time: 1780650237.9936743
epoch: 24, train_loss_a_kd: 4.2228, train_loss_v_kd: 1.132, valid_loss_a_kd: 5.5903, valid_loss_v_kd: 8.8499, test_loss_a_kd: 5.2983, test_loss_v_kd: 8.1922
epoch: 25, train_loss: 0.7984, train_acc: 93.52, train_fscore: 93.5 valid_loss: 2.3247, valid_acc: 67.18, valid_fscore: 66.34,test_loss: 2.3573, test_acc: 66.05, test_fscore: 65.08, time: 1780650241.9270372
epoch: 25, train_loss_a_kd: 4.1342, train_loss_v_kd: 1.149, valid_loss_a_kd: 5.5715, valid_loss_v_kd: 8.8521, test_loss_a_kd: 5.2777, test_loss_v_kd: 8.1983
epoch: 26, train_loss: 0.7971, train_acc: 93.54, train_fscore: 93.53 valid_loss: 2.3264, valid_acc: 67.09, valid_fscore: 66.26,test_loss: 2.3588, test_acc: 66.17, test_fscore: 65.2, time: 1780650246.0388086
epoch: 26, train_loss_a_kd: 4.174, train_loss_v_kd: 1.1564, valid_loss_a_kd: 5.553, valid_loss_v_kd: 8.8404, test_loss_a_kd: 5.2639, test_loss_v_kd: 8.1837
early stopping at epoch 26, best epoch 14, best test_acc 66.32, best test_fscore 65.38
FINAL best epoch 14: test_acc=66.32, test_fscore=65.38, composite=131.7
total parameters: 47521557
training parameters: 47521557
fusion_arch: cross_enhance, fusion_mode: fixed
epoch: 0, train_loss: 2.5185, train_acc: 39.44, train_fscore: 40.49 valid_loss: 2.3872, valid_acc: 54.64, valid_fscore: 45.04,test_loss: 2.3462, test_acc: 58.66, test_fscore: 49.48, time: 1780650257.0482585
epoch: 0, train_loss_a_kd: 8.7192, train_loss_v_kd: 7.4359, valid_loss_a_kd: 6.0994, valid_loss_v_kd: 6.7165, test_loss_a_kd: 5.9347, test_loss_v_kd: 6.3125
done
epoch: 1, train_loss: 1.3575, train_acc: 84.29, train_fscore: 82.91 valid_loss: 2.6021, valid_acc: 66.1, valid_fscore: 65.51,test_loss: 2.6721, test_acc: 64.75, test_fscore: 64.13, time: 1780650261.6450415
epoch: 1, train_loss_a_kd: 6.9308, train_loss_v_kd: 3.0132, valid_loss_a_kd: 7.0226, valid_loss_v_kd: 8.3951, test_loss_a_kd: 6.615, test_loss_v_kd: 7.9802
done
epoch: 2, train_loss: 1.0367, train_acc: 90.49, train_fscore: 90.43 valid_loss: 2.7118, valid_acc: 65.83, valid_fscore: 65.43,test_loss: 2.8106, test_acc: 65.13, test_fscore: 64.76, time: 1780650266.5083017
epoch: 2, train_loss_a_kd: 6.2851, train_loss_v_kd: 2.0077, valid_loss_a_kd: 6.8313, valid_loss_v_kd: 8.6623, test_loss_a_kd: 6.4027, test_loss_v_kd: 8.1905
done
epoch: 3, train_loss: 0.9764, train_acc: 91.3, train_fscore: 91.28 valid_loss: 2.7316, valid_acc: 66.82, valid_fscore: 66.31,test_loss: 2.8225, test_acc: 65.17, test_fscore: 64.71, time: 1780650271.1303365
epoch: 3, train_loss_a_kd: 5.7429, train_loss_v_kd: 1.738, valid_loss_a_kd: 6.6574, valid_loss_v_kd: 8.7759, test_loss_a_kd: 6.2633, test_loss_v_kd: 8.2638
epoch: 4, train_loss: 0.9582, train_acc: 91.84, train_fscore: 91.82 valid_loss: 2.7341, valid_acc: 65.92, valid_fscore: 65.32,test_loss: 2.8046, test_acc: 65.25, test_fscore: 64.63, time: 1780650275.154133
epoch: 4, train_loss_a_kd: 5.461, train_loss_v_kd: 1.6308, valid_loss_a_kd: 6.6135, valid_loss_v_kd: 8.7804, test_loss_a_kd: 6.2071, test_loss_v_kd: 8.2681
epoch: 5, train_loss: 0.9377, train_acc: 92.27, train_fscore: 92.25 valid_loss: 2.6575, valid_acc: 66.46, valid_fscore: 65.83,test_loss: 2.7299, test_acc: 65.98, test_fscore: 65.23, time: 1780650279.0853512
epoch: 5, train_loss_a_kd: 5.3046, train_loss_v_kd: 1.5874, valid_loss_a_kd: 6.5144, valid_loss_v_kd: 8.7845, test_loss_a_kd: 6.142, test_loss_v_kd: 8.2514
done
epoch: 6, train_loss: 0.9271, train_acc: 92.26, train_fscore: 92.24 valid_loss: 2.6244, valid_acc: 67.0, valid_fscore: 66.44,test_loss: 2.6878, test_acc: 65.71, test_fscore: 64.99, time: 1780650283.9622371
epoch: 6, train_loss_a_kd: 5.1558, train_loss_v_kd: 1.5573, valid_loss_a_kd: 6.5357, valid_loss_v_kd: 8.8206, test_loss_a_kd: 6.147, test_loss_v_kd: 8.2748
epoch: 7, train_loss: 0.9093, train_acc: 92.37, train_fscore: 92.36 valid_loss: 2.6338, valid_acc: 66.37, valid_fscore: 65.74,test_loss: 2.6901, test_acc: 65.9, test_fscore: 65.21, time: 1780650287.833435
epoch: 7, train_loss_a_kd: 5.1035, train_loss_v_kd: 1.5006, valid_loss_a_kd: 6.5199, valid_loss_v_kd: 8.8769, test_loss_a_kd: 6.142, test_loss_v_kd: 8.3074
epoch: 8, train_loss: 0.9045, train_acc: 92.53, train_fscore: 92.51 valid_loss: 2.594, valid_acc: 66.73, valid_fscore: 66.11,test_loss: 2.6613, test_acc: 65.86, test_fscore: 65.1, time: 1780650291.6245587
epoch: 8, train_loss_a_kd: 5.055, train_loss_v_kd: 1.4748, valid_loss_a_kd: 6.4748, valid_loss_v_kd: 8.8426, test_loss_a_kd: 6.0942, test_loss_v_kd: 8.288
epoch: 9, train_loss: 0.894, train_acc: 92.67, train_fscore: 92.65 valid_loss: 2.6356, valid_acc: 66.82, valid_fscore: 66.12,test_loss: 2.6942, test_acc: 65.94, test_fscore: 65.11, time: 1780650295.5367951
epoch: 9, train_loss_a_kd: 5.0287, train_loss_v_kd: 1.4386, valid_loss_a_kd: 6.3885, valid_loss_v_kd: 8.8125, test_loss_a_kd: 6.0492, test_loss_v_kd: 8.2607
epoch: 10, train_loss: 0.8929, train_acc: 92.8, train_fscore: 92.78 valid_loss: 2.59, valid_acc: 66.55, valid_fscore: 65.93,test_loss: 2.6372, test_acc: 65.9, test_fscore: 65.19, time: 1780650299.6444252
epoch: 10, train_loss_a_kd: 4.9, train_loss_v_kd: 1.4158, valid_loss_a_kd: 6.4155, valid_loss_v_kd: 8.8743, test_loss_a_kd: 6.0604, test_loss_v_kd: 8.2992
epoch: 11, train_loss: 0.8828, train_acc: 92.84, train_fscore: 92.82 valid_loss: 2.5766, valid_acc: 67.18, valid_fscore: 66.42,test_loss: 2.6379, test_acc: 65.71, test_fscore: 64.87, time: 1780650303.6594167
epoch: 11, train_loss_a_kd: 4.876, train_loss_v_kd: 1.3991, valid_loss_a_kd: 6.3798, valid_loss_v_kd: 8.8896, test_loss_a_kd: 6.04, test_loss_v_kd: 8.2899
epoch: 12, train_loss: 0.8787, train_acc: 92.96, train_fscore: 92.93 valid_loss: 2.5847, valid_acc: 66.55, valid_fscore: 65.79,test_loss: 2.6379, test_acc: 66.28, test_fscore: 65.41, time: 1780650307.6516793
epoch: 12, train_loss_a_kd: 4.8774, train_loss_v_kd: 1.3767, valid_loss_a_kd: 6.3336, valid_loss_v_kd: 8.8705, test_loss_a_kd: 5.9887, test_loss_v_kd: 8.2777
done
epoch: 13, train_loss: 0.8847, train_acc: 92.8, train_fscore: 92.77 valid_loss: 2.568, valid_acc: 66.37, valid_fscore: 65.56,test_loss: 2.6179, test_acc: 66.25, test_fscore: 65.33, time: 1780650312.1998975
epoch: 13, train_loss_a_kd: 4.8334, train_loss_v_kd: 1.397, valid_loss_a_kd: 6.3318, valid_loss_v_kd: 8.8787, test_loss_a_kd: 5.9847, test_loss_v_kd: 8.2842
epoch: 14, train_loss: 0.8743, train_acc: 92.92, train_fscore: 92.9 valid_loss: 2.5705, valid_acc: 66.46, valid_fscore: 65.67,test_loss: 2.628, test_acc: 66.32, test_fscore: 65.36, time: 1780650315.9785554
epoch: 14, train_loss_a_kd: 4.8144, train_loss_v_kd: 1.3764, valid_loss_a_kd: 6.3082, valid_loss_v_kd: 8.8489, test_loss_a_kd: 5.9504, test_loss_v_kd: 8.2567
epoch: 15, train_loss: 0.8728, train_acc: 92.83, train_fscore: 92.81 valid_loss: 2.5471, valid_acc: 66.55, valid_fscore: 65.84,test_loss: 2.5988, test_acc: 66.09, test_fscore: 65.32, time: 1780650319.9537354
epoch: 15, train_loss_a_kd: 4.7934, train_loss_v_kd: 1.383, valid_loss_a_kd: 6.3295, valid_loss_v_kd: 8.9048, test_loss_a_kd: 5.9987, test_loss_v_kd: 8.3157
epoch: 16, train_loss: 0.866, train_acc: 93.25, train_fscore: 93.23 valid_loss: 2.5757, valid_acc: 66.91, valid_fscore: 66.05,test_loss: 2.6292, test_acc: 66.36, test_fscore: 65.35, time: 1780650323.980822
epoch: 16, train_loss_a_kd: 4.7888, train_loss_v_kd: 1.364, valid_loss_a_kd: 6.2559, valid_loss_v_kd: 8.8227, test_loss_a_kd: 5.9145, test_loss_v_kd: 8.2243
done
epoch: 17, train_loss: 0.8674, train_acc: 92.96, train_fscore: 92.95 valid_loss: 2.5649, valid_acc: 67.36, valid_fscore: 66.58,test_loss: 2.6151, test_acc: 66.28, test_fscore: 65.34, time: 1780650328.6310353
epoch: 17, train_loss_a_kd: 4.7605, train_loss_v_kd: 1.3589, valid_loss_a_kd: 6.2359, valid_loss_v_kd: 8.8318, test_loss_a_kd: 5.9038, test_loss_v_kd: 8.2282
epoch: 18, train_loss: 0.8577, train_acc: 93.15, train_fscore: 93.13 valid_loss: 2.5591, valid_acc: 66.55, valid_fscore: 65.76,test_loss: 2.607, test_acc: 65.9, test_fscore: 65.0, time: 1780650332.4927268
epoch: 18, train_loss_a_kd: 4.7272, train_loss_v_kd: 1.3269, valid_loss_a_kd: 6.2458, valid_loss_v_kd: 8.862, test_loss_a_kd: 5.9154, test_loss_v_kd: 8.2554
epoch: 19, train_loss: 0.8546, train_acc: 93.02, train_fscore: 92.99 valid_loss: 2.5427, valid_acc: 66.82, valid_fscore: 66.02,test_loss: 2.5936, test_acc: 66.02, test_fscore: 65.19, time: 1780650336.7335298
epoch: 19, train_loss_a_kd: 4.6862, train_loss_v_kd: 1.3303, valid_loss_a_kd: 6.2315, valid_loss_v_kd: 8.8587, test_loss_a_kd: 5.9128, test_loss_v_kd: 8.2547
epoch: 20, train_loss: 0.8542, train_acc: 93.04, train_fscore: 93.02 valid_loss: 2.5438, valid_acc: 66.91, valid_fscore: 66.07,test_loss: 2.5955, test_acc: 66.21, test_fscore: 65.25, time: 1780650340.6221585
epoch: 20, train_loss_a_kd: 4.6804, train_loss_v_kd: 1.3066, valid_loss_a_kd: 6.2, valid_loss_v_kd: 8.8188, test_loss_a_kd: 5.8813, test_loss_v_kd: 8.2144
epoch: 21, train_loss: 0.8532, train_acc: 93.17, train_fscore: 93.15 valid_loss: 2.5542, valid_acc: 66.73, valid_fscore: 65.92,test_loss: 2.6028, test_acc: 66.09, test_fscore: 65.17, time: 1780650344.7259834
epoch: 21, train_loss_a_kd: 4.6882, train_loss_v_kd: 1.3252, valid_loss_a_kd: 6.1962, valid_loss_v_kd: 8.8348, test_loss_a_kd: 5.8752, test_loss_v_kd: 8.2366
epoch: 22, train_loss: 0.8513, train_acc: 93.19, train_fscore: 93.17 valid_loss: 2.5491, valid_acc: 66.73, valid_fscore: 65.89,test_loss: 2.5956, test_acc: 66.13, test_fscore: 65.12, time: 1780650348.7317507
epoch: 22, train_loss_a_kd: 4.687, train_loss_v_kd: 1.3272, valid_loss_a_kd: 6.1757, valid_loss_v_kd: 8.8397, test_loss_a_kd: 5.8609, test_loss_v_kd: 8.2244
epoch: 23, train_loss: 0.8479, train_acc: 93.08, train_fscore: 93.06 valid_loss: 2.5494, valid_acc: 66.82, valid_fscore: 65.95,test_loss: 2.5982, test_acc: 66.09, test_fscore: 65.19, time: 1780650352.6996164
epoch: 23, train_loss_a_kd: 4.6421, train_loss_v_kd: 1.3011, valid_loss_a_kd: 6.1687, valid_loss_v_kd: 8.8258, test_loss_a_kd: 5.8625, test_loss_v_kd: 8.2222
epoch: 24, train_loss: 0.8426, train_acc: 93.23, train_fscore: 93.21 valid_loss: 2.5474, valid_acc: 67.0, valid_fscore: 66.19,test_loss: 2.5946, test_acc: 66.21, test_fscore: 65.29, time: 1780650356.5389583
epoch: 24, train_loss_a_kd: 4.6512, train_loss_v_kd: 1.2913, valid_loss_a_kd: 6.1729, valid_loss_v_kd: 8.8351, test_loss_a_kd: 5.8592, test_loss_v_kd: 8.225
epoch: 25, train_loss: 0.8463, train_acc: 93.08, train_fscore: 93.06 valid_loss: 2.5379, valid_acc: 66.55, valid_fscore: 65.72,test_loss: 2.5833, test_acc: 66.25, test_fscore: 65.26, time: 1780650360.4144099
epoch: 25, train_loss_a_kd: 4.6115, train_loss_v_kd: 1.307, valid_loss_a_kd: 6.1626, valid_loss_v_kd: 8.823, test_loss_a_kd: 5.8458, test_loss_v_kd: 8.2105
epoch: 26, train_loss: 0.8453, train_acc: 93.24, train_fscore: 93.22 valid_loss: 2.5378, valid_acc: 66.73, valid_fscore: 65.88,test_loss: 2.5898, test_acc: 66.05, test_fscore: 65.07, time: 1780650364.4028373
epoch: 26, train_loss_a_kd: 4.6515, train_loss_v_kd: 1.3168, valid_loss_a_kd: 6.1508, valid_loss_v_kd: 8.8146, test_loss_a_kd: 5.8385, test_loss_v_kd: 8.2028
epoch: 27, train_loss: 0.8386, train_acc: 93.25, train_fscore: 93.24 valid_loss: 2.534, valid_acc: 66.82, valid_fscore: 66.01,test_loss: 2.5834, test_acc: 66.09, test_fscore: 65.14, time: 1780650368.2391453
epoch: 27, train_loss_a_kd: 4.6247, train_loss_v_kd: 1.2752, valid_loss_a_kd: 6.1523, valid_loss_v_kd: 8.819, test_loss_a_kd: 5.8418, test_loss_v_kd: 8.2102
epoch: 28, train_loss: 0.8414, train_acc: 93.16, train_fscore: 93.14 valid_loss: 2.5354, valid_acc: 66.91, valid_fscore: 66.08,test_loss: 2.5844, test_acc: 66.09, test_fscore: 65.13, time: 1780650372.1899705
epoch: 28, train_loss_a_kd: 4.6221, train_loss_v_kd: 1.2875, valid_loss_a_kd: 6.1479, valid_loss_v_kd: 8.8177, test_loss_a_kd: 5.8369, test_loss_v_kd: 8.2094
early stopping at epoch 28, best epoch 16, best test_acc 66.36, best test_fscore 65.35
FINAL best epoch 16: test_acc=66.36, test_fscore=65.35, composite=131.70999999999998
total parameters: 47523093
training parameters: 47523093
fusion_arch: trimodal_attn, fusion_mode: fixed
epoch: 0, train_loss: 2.4154, train_acc: 42.33, train_fscore: 42.94 valid_loss: 2.287, valid_acc: 56.09, valid_fscore: 48.08,test_loss: 2.2587, test_acc: 60.65, test_fscore: 53.38, time: 1780650383.8625853
epoch: 0, train_loss_a_kd: 8.4631, train_loss_v_kd: 7.0576, valid_loss_a_kd: 6.2842, valid_loss_v_kd: 7.1315, test_loss_a_kd: 6.0506, test_loss_v_kd: 6.6594
done
epoch: 1, train_loss: 1.2374, train_acc: 86.65, train_fscore: 85.77 valid_loss: 2.4818, valid_acc: 66.1, valid_fscore: 65.57,test_loss: 2.5452, test_acc: 64.98, test_fscore: 64.45, time: 1780650388.7572079
epoch: 1, train_loss_a_kd: 6.7862, train_loss_v_kd: 2.7473, valid_loss_a_kd: 6.9193, valid_loss_v_kd: 8.4704, test_loss_a_kd: 6.503, test_loss_v_kd: 8.064
done
epoch: 2, train_loss: 0.9929, train_acc: 90.98, train_fscore: 90.94 valid_loss: 2.4941, valid_acc: 66.37, valid_fscore: 65.93,test_loss: 2.5726, test_acc: 65.13, test_fscore: 64.75, time: 1780650393.7413013
epoch: 2, train_loss_a_kd: 6.0034, train_loss_v_kd: 1.8715, valid_loss_a_kd: 6.7313, valid_loss_v_kd: 8.7093, test_loss_a_kd: 6.317, test_loss_v_kd: 8.2208
done
epoch: 3, train_loss: 0.9459, train_acc: 91.67, train_fscore: 91.66 valid_loss: 2.4994, valid_acc: 66.46, valid_fscore: 65.92,test_loss: 2.5704, test_acc: 65.56, test_fscore: 65.01, time: 1780650398.6406028
epoch: 3, train_loss_a_kd: 5.5198, train_loss_v_kd: 1.6455, valid_loss_a_kd: 6.605, valid_loss_v_kd: 8.8499, test_loss_a_kd: 6.2165, test_loss_v_kd: 8.3216
done
epoch: 4, train_loss: 0.9316, train_acc: 92.13, train_fscore: 92.11 valid_loss: 2.524, valid_acc: 66.28, valid_fscore: 65.56,test_loss: 2.5816, test_acc: 65.67, test_fscore: 64.92, time: 1780650403.6216767
epoch: 4, train_loss_a_kd: 5.2862, train_loss_v_kd: 1.5514, valid_loss_a_kd: 6.54, valid_loss_v_kd: 8.8045, test_loss_a_kd: 6.134, test_loss_v_kd: 8.2841
done
epoch: 5, train_loss: 0.9159, train_acc: 92.41, train_fscore: 92.38 valid_loss: 2.4525, valid_acc: 67.45, valid_fscore: 66.71,test_loss: 2.5014, test_acc: 66.02, test_fscore: 65.08, time: 1780650408.5919306
epoch: 5, train_loss_a_kd: 5.1396, train_loss_v_kd: 1.5305, valid_loss_a_kd: 6.452, valid_loss_v_kd: 8.8307, test_loss_a_kd: 6.0712, test_loss_v_kd: 8.2743
done
epoch: 6, train_loss: 0.9011, train_acc: 92.51, train_fscore: 92.49 valid_loss: 2.4333, valid_acc: 67.27, valid_fscore: 66.58,test_loss: 2.4771, test_acc: 66.13, test_fscore: 65.26, time: 1780650413.6746256
epoch: 6, train_loss_a_kd: 5.001, train_loss_v_kd: 1.4852, valid_loss_a_kd: 6.464, valid_loss_v_kd: 8.8764, test_loss_a_kd: 6.0733, test_loss_v_kd: 8.293
done
epoch: 7, train_loss: 0.8872, train_acc: 92.74, train_fscore: 92.72 valid_loss: 2.4468, valid_acc: 66.1, valid_fscore: 65.32,test_loss: 2.4834, test_acc: 65.98, test_fscore: 65.14, time: 1780650418.7761095
epoch: 7, train_loss_a_kd: 4.9509, train_loss_v_kd: 1.4424, valid_loss_a_kd: 6.4551, valid_loss_v_kd: 8.912, test_loss_a_kd: 6.0723, test_loss_v_kd: 8.3188
epoch: 8, train_loss: 0.883, train_acc: 92.75, train_fscore: 92.72 valid_loss: 2.4053, valid_acc: 66.91, valid_fscore: 66.21,test_loss: 2.458, test_acc: 65.86, test_fscore: 64.92, time: 1780650422.9719632
epoch: 8, train_loss_a_kd: 4.9014, train_loss_v_kd: 1.4071, valid_loss_a_kd: 6.3656, valid_loss_v_kd: 8.8839, test_loss_a_kd: 6.0003, test_loss_v_kd: 8.3067
epoch: 9, train_loss: 0.8717, train_acc: 92.91, train_fscore: 92.89 valid_loss: 2.4496, valid_acc: 66.91, valid_fscore: 66.04,test_loss: 2.496, test_acc: 66.13, test_fscore: 65.16, time: 1780650427.0079494
epoch: 9, train_loss_a_kd: 4.8927, train_loss_v_kd: 1.376, valid_loss_a_kd: 6.2872, valid_loss_v_kd: 8.8515, test_loss_a_kd: 5.9591, test_loss_v_kd: 8.2703
epoch: 10, train_loss: 0.8714, train_acc: 92.98, train_fscore: 92.95 valid_loss: 2.4124, valid_acc: 66.73, valid_fscore: 65.92,test_loss: 2.4492, test_acc: 66.09, test_fscore: 65.15, time: 1780650431.1712186
epoch: 10, train_loss_a_kd: 4.7892, train_loss_v_kd: 1.3607, valid_loss_a_kd: 6.3295, valid_loss_v_kd: 8.9233, test_loss_a_kd: 5.9714, test_loss_v_kd: 8.3214
epoch: 11, train_loss: 0.8615, train_acc: 93.04, train_fscore: 93.02 valid_loss: 2.4002, valid_acc: 67.0, valid_fscore: 66.13,test_loss: 2.4413, test_acc: 65.94, test_fscore: 64.97, time: 1780650435.3021977
epoch: 11, train_loss_a_kd: 4.7399, train_loss_v_kd: 1.342, valid_loss_a_kd: 6.2833, valid_loss_v_kd: 8.9297, test_loss_a_kd: 5.9543, test_loss_v_kd: 8.3099
epoch: 12, train_loss: 0.856, train_acc: 93.17, train_fscore: 93.14 valid_loss: 2.4071, valid_acc: 67.0, valid_fscore: 66.2,test_loss: 2.4461, test_acc: 66.13, test_fscore: 65.19, time: 1780650439.5813096
epoch: 12, train_loss_a_kd: 4.7397, train_loss_v_kd: 1.3198, valid_loss_a_kd: 6.2259, valid_loss_v_kd: 8.9113, test_loss_a_kd: 5.8935, test_loss_v_kd: 8.2921
epoch: 13, train_loss: 0.8602, train_acc: 92.99, train_fscore: 92.96 valid_loss: 2.4015, valid_acc: 66.91, valid_fscore: 66.05,test_loss: 2.4324, test_acc: 66.4, test_fscore: 65.4, time: 1780650443.465943
epoch: 13, train_loss_a_kd: 4.7042, train_loss_v_kd: 1.3313, valid_loss_a_kd: 6.2008, valid_loss_v_kd: 8.906, test_loss_a_kd: 5.8647, test_loss_v_kd: 8.2911
done
epoch: 14, train_loss: 0.8495, train_acc: 93.31, train_fscore: 93.28 valid_loss: 2.4029, valid_acc: 66.82, valid_fscore: 65.87,test_loss: 2.4429, test_acc: 66.32, test_fscore: 65.26, time: 1780650448.4105332
epoch: 14, train_loss_a_kd: 4.6807, train_loss_v_kd: 1.3154, valid_loss_a_kd: 6.1661, valid_loss_v_kd: 8.8654, test_loss_a_kd: 5.8299, test_loss_v_kd: 8.2532
epoch: 15, train_loss: 0.8502, train_acc: 93.08, train_fscore: 93.06 valid_loss: 2.3868, valid_acc: 66.82, valid_fscore: 66.01,test_loss: 2.4209, test_acc: 65.98, test_fscore: 65.12, time: 1780650452.529865
epoch: 15, train_loss_a_kd: 4.6741, train_loss_v_kd: 1.3239, valid_loss_a_kd: 6.1976, valid_loss_v_kd: 8.9278, test_loss_a_kd: 5.8805, test_loss_v_kd: 8.321
epoch: 16, train_loss: 0.8432, train_acc: 93.26, train_fscore: 93.24 valid_loss: 2.4104, valid_acc: 67.09, valid_fscore: 66.04,test_loss: 2.4503, test_acc: 66.48, test_fscore: 65.31, time: 1780650456.5490968
epoch: 16, train_loss_a_kd: 4.6671, train_loss_v_kd: 1.3083, valid_loss_a_kd: 6.1039, valid_loss_v_kd: 8.8218, test_loss_a_kd: 5.7843, test_loss_v_kd: 8.2127
epoch: 17, train_loss: 0.8434, train_acc: 93.33, train_fscore: 93.32 valid_loss: 2.4041, valid_acc: 67.18, valid_fscore: 66.18,test_loss: 2.4402, test_acc: 66.51, test_fscore: 65.37, time: 1780650460.9047728
epoch: 17, train_loss_a_kd: 4.6419, train_loss_v_kd: 1.3031, valid_loss_a_kd: 6.0876, valid_loss_v_kd: 8.8212, test_loss_a_kd: 5.7713, test_loss_v_kd: 8.2049
done
epoch: 18, train_loss: 0.8342, train_acc: 93.41, train_fscore: 93.39 valid_loss: 2.3933, valid_acc: 66.28, valid_fscore: 65.32,test_loss: 2.4306, test_acc: 66.21, test_fscore: 65.2, time: 1780650465.9872458
epoch: 18, train_loss_a_kd: 4.5896, train_loss_v_kd: 1.2687, valid_loss_a_kd: 6.1187, valid_loss_v_kd: 8.8782, test_loss_a_kd: 5.8034, test_loss_v_kd: 8.2474
epoch: 19, train_loss: 0.8298, train_acc: 93.33, train_fscore: 93.31 valid_loss: 2.39, valid_acc: 66.82, valid_fscore: 65.84,test_loss: 2.4277, test_acc: 66.21, test_fscore: 65.18, time: 1780650470.1860507
epoch: 19, train_loss_a_kd: 4.5698, train_loss_v_kd: 1.2637, valid_loss_a_kd: 6.0781, valid_loss_v_kd: 8.8541, test_loss_a_kd: 5.7771, test_loss_v_kd: 8.2284
epoch: 20, train_loss: 0.8279, train_acc: 93.41, train_fscore: 93.39 valid_loss: 2.3861, valid_acc: 67.18, valid_fscore: 66.18,test_loss: 2.4274, test_acc: 66.13, test_fscore: 65.0, time: 1780650474.4723766
epoch: 20, train_loss_a_kd: 4.5534, train_loss_v_kd: 1.236, valid_loss_a_kd: 6.0797, valid_loss_v_kd: 8.839, test_loss_a_kd: 5.7666, test_loss_v_kd: 8.2027
epoch: 21, train_loss: 0.8257, train_acc: 93.3, train_fscore: 93.29 valid_loss: 2.3943, valid_acc: 67.18, valid_fscore: 66.2,test_loss: 2.4356, test_acc: 66.25, test_fscore: 65.19, time: 1780650478.6097813
epoch: 21, train_loss_a_kd: 4.5624, train_loss_v_kd: 1.2601, valid_loss_a_kd: 6.0615, valid_loss_v_kd: 8.8471, test_loss_a_kd: 5.7621, test_loss_v_kd: 8.2208
epoch: 22, train_loss: 0.8246, train_acc: 93.36, train_fscore: 93.34 valid_loss: 2.3879, valid_acc: 67.27, valid_fscore: 66.28,test_loss: 2.4304, test_acc: 66.17, test_fscore: 65.08, time: 1780650482.735714
epoch: 22, train_loss_a_kd: 4.5588, train_loss_v_kd: 1.2654, valid_loss_a_kd: 6.0441, valid_loss_v_kd: 8.8617, test_loss_a_kd: 5.7467, test_loss_v_kd: 8.2205
epoch: 23, train_loss: 0.8208, train_acc: 93.43, train_fscore: 93.41 valid_loss: 2.3931, valid_acc: 67.09, valid_fscore: 66.09,test_loss: 2.4381, test_acc: 66.13, test_fscore: 65.08, time: 1780650486.9517665
epoch: 23, train_loss_a_kd: 4.5043, train_loss_v_kd: 1.234, valid_loss_a_kd: 6.0272, valid_loss_v_kd: 8.8425, test_loss_a_kd: 5.7374, test_loss_v_kd: 8.2127
epoch: 24, train_loss: 0.8188, train_acc: 93.5, train_fscore: 93.48 valid_loss: 2.3905, valid_acc: 67.36, valid_fscore: 66.42,test_loss: 2.4297, test_acc: 65.98, test_fscore: 64.96, time: 1780650491.1648564
epoch: 24, train_loss_a_kd: 4.5167, train_loss_v_kd: 1.2291, valid_loss_a_kd: 6.0388, valid_loss_v_kd: 8.8584, test_loss_a_kd: 5.7383, test_loss_v_kd: 8.2223
epoch: 25, train_loss: 0.8187, train_acc: 93.4, train_fscore: 93.38 valid_loss: 2.3806, valid_acc: 67.36, valid_fscore: 66.39,test_loss: 2.4195, test_acc: 66.32, test_fscore: 65.24, time: 1780650495.2261736
epoch: 25, train_loss_a_kd: 4.4818, train_loss_v_kd: 1.2415, valid_loss_a_kd: 6.0293, valid_loss_v_kd: 8.8369, test_loss_a_kd: 5.7256, test_loss_v_kd: 8.2052
epoch: 26, train_loss: 0.8181, train_acc: 93.59, train_fscore: 93.58 valid_loss: 2.3823, valid_acc: 67.45, valid_fscore: 66.46,test_loss: 2.4293, test_acc: 66.09, test_fscore: 64.98, time: 1780650499.5283358
epoch: 26, train_loss_a_kd: 4.505, train_loss_v_kd: 1.2489, valid_loss_a_kd: 6.0147, valid_loss_v_kd: 8.8204, test_loss_a_kd: 5.7167, test_loss_v_kd: 8.1907
epoch: 27, train_loss: 0.8114, train_acc: 93.51, train_fscore: 93.49 valid_loss: 2.3814, valid_acc: 67.45, valid_fscore: 66.46,test_loss: 2.4249, test_acc: 66.17, test_fscore: 65.08, time: 1780650503.6630778
epoch: 27, train_loss_a_kd: 4.4933, train_loss_v_kd: 1.2092, valid_loss_a_kd: 6.0173, valid_loss_v_kd: 8.822, test_loss_a_kd: 5.7213, test_loss_v_kd: 8.1962
epoch: 28, train_loss: 0.8146, train_acc: 93.58, train_fscore: 93.57 valid_loss: 2.3852, valid_acc: 67.45, valid_fscore: 66.46,test_loss: 2.4278, test_acc: 66.13, test_fscore: 65.06, time: 1780650507.8496747
epoch: 28, train_loss_a_kd: 4.5071, train_loss_v_kd: 1.2262, valid_loss_a_kd: 6.0111, valid_loss_v_kd: 8.8197, test_loss_a_kd: 5.713, test_loss_v_kd: 8.1945
epoch: 29, train_loss: 0.8103, train_acc: 93.48, train_fscore: 93.45 valid_loss: 2.3865, valid_acc: 67.36, valid_fscore: 66.39,test_loss: 2.4269, test_acc: 66.28, test_fscore: 65.2, time: 1780650512.0292897
epoch: 29, train_loss_a_kd: 4.5167, train_loss_v_kd: 1.205, valid_loss_a_kd: 6.0133, valid_loss_v_kd: 8.826, test_loss_a_kd: 5.7155, test_loss_v_kd: 8.2016
early stopping at epoch 29, best epoch 17, best test_acc 66.51, best test_fscore 65.37
FINAL best epoch 17: test_acc=66.51, test_fscore=65.37, composite=131.88
total parameters: 45750552
training parameters: 45750552
fusion_arch: speaker_gate, fusion_mode: fixed
epoch: 0, train_loss: 2.4566, train_acc: 41.47, train_fscore: 36.62 valid_loss: 2.2459, valid_acc: 47.79, valid_fscore: 35.94,test_loss: 2.1585, test_acc: 52.57, test_fscore: 40.47, time: 1780650522.0026953
epoch: 0, train_loss_a_kd: 7.9485, train_loss_v_kd: 6.9885, valid_loss_a_kd: 5.5968, valid_loss_v_kd: 6.3474, test_loss_a_kd: 5.2868, test_loss_v_kd: 6.0682
done
epoch: 1, train_loss: 1.3109, train_acc: 84.0, train_fscore: 82.94 valid_loss: 2.2743, valid_acc: 66.55, valid_fscore: 65.75,test_loss: 2.3183, test_acc: 64.9, test_fscore: 64.13, time: 1780650526.6147816
epoch: 1, train_loss_a_kd: 6.469, train_loss_v_kd: 2.7933, valid_loss_a_kd: 6.7135, valid_loss_v_kd: 8.2532, test_loss_a_kd: 6.2569, test_loss_v_kd: 7.851
done
epoch: 2, train_loss: 0.9874, train_acc: 91.01, train_fscore: 90.99 valid_loss: 2.3657, valid_acc: 66.55, valid_fscore: 66.02,test_loss: 2.421, test_acc: 65.48, test_fscore: 64.89, time: 1780650531.092968
epoch: 2, train_loss_a_kd: 5.7981, train_loss_v_kd: 1.8143, valid_loss_a_kd: 6.5745, valid_loss_v_kd: 8.6609, test_loss_a_kd: 6.1663, test_loss_v_kd: 8.1709
done
epoch: 3, train_loss: 0.9362, train_acc: 91.89, train_fscore: 91.87 valid_loss: 2.3703, valid_acc: 66.28, valid_fscore: 65.72,test_loss: 2.4226, test_acc: 65.33, test_fscore: 64.69, time: 1780650535.6583562
epoch: 3, train_loss_a_kd: 5.2748, train_loss_v_kd: 1.5956, valid_loss_a_kd: 6.548, valid_loss_v_kd: 8.8417, test_loss_a_kd: 6.1704, test_loss_v_kd: 8.3066
epoch: 4, train_loss: 0.9081, train_acc: 92.15, train_fscore: 92.12 valid_loss: 2.394, valid_acc: 66.82, valid_fscore: 66.05,test_loss: 2.4422, test_acc: 65.63, test_fscore: 64.74, time: 1780650539.6149216
epoch: 4, train_loss_a_kd: 5.1091, train_loss_v_kd: 1.4775, valid_loss_a_kd: 6.4913, valid_loss_v_kd: 8.8628, test_loss_a_kd: 6.0925, test_loss_v_kd: 8.2877
epoch: 5, train_loss: 0.8952, train_acc: 92.65, train_fscore: 92.63 valid_loss: 2.3762, valid_acc: 66.46, valid_fscore: 65.86,test_loss: 2.4155, test_acc: 65.63, test_fscore: 64.95, time: 1780650543.5601215
epoch: 5, train_loss_a_kd: 4.9799, train_loss_v_kd: 1.4552, valid_loss_a_kd: 6.4588, valid_loss_v_kd: 8.9751, test_loss_a_kd: 6.0814, test_loss_v_kd: 8.3911
done
epoch: 6, train_loss: 0.8825, train_acc: 92.86, train_fscore: 92.84 valid_loss: 2.366, valid_acc: 66.73, valid_fscore: 65.97,test_loss: 2.3988, test_acc: 65.79, test_fscore: 64.92, time: 1780650548.186214
epoch: 6, train_loss_a_kd: 4.8786, train_loss_v_kd: 1.4034, valid_loss_a_kd: 6.4151, valid_loss_v_kd: 9.014, test_loss_a_kd: 6.0485, test_loss_v_kd: 8.3937
done
epoch: 7, train_loss: 0.8749, train_acc: 92.81, train_fscore: 92.78 valid_loss: 2.3472, valid_acc: 66.73, valid_fscore: 66.16,test_loss: 2.3787, test_acc: 66.13, test_fscore: 65.42, time: 1780650552.9299695
epoch: 7, train_loss_a_kd: 4.786, train_loss_v_kd: 1.3814, valid_loss_a_kd: 6.3377, valid_loss_v_kd: 9.0396, test_loss_a_kd: 5.9894, test_loss_v_kd: 8.4104
done
epoch: 8, train_loss: 0.8743, train_acc: 92.83, train_fscore: 92.81 valid_loss: 2.3556, valid_acc: 67.09, valid_fscore: 66.18,test_loss: 2.3824, test_acc: 66.09, test_fscore: 65.09, time: 1780650557.445737
epoch: 8, train_loss_a_kd: 4.6607, train_loss_v_kd: 1.3859, valid_loss_a_kd: 6.2146, valid_loss_v_kd: 8.9489, test_loss_a_kd: 5.8779, test_loss_v_kd: 8.332
epoch: 9, train_loss: 0.8635, train_acc: 92.99, train_fscore: 92.96 valid_loss: 2.3754, valid_acc: 67.09, valid_fscore: 66.23,test_loss: 2.403, test_acc: 65.82, test_fscore: 64.89, time: 1780650561.3235366
epoch: 9, train_loss_a_kd: 4.6452, train_loss_v_kd: 1.3341, valid_loss_a_kd: 6.2158, valid_loss_v_kd: 9.0018, test_loss_a_kd: 5.8535, test_loss_v_kd: 8.3765
epoch: 10, train_loss: 0.858, train_acc: 93.04, train_fscore: 93.02 valid_loss: 2.3508, valid_acc: 67.72, valid_fscore: 66.87,test_loss: 2.3928, test_acc: 66.02, test_fscore: 65.13, time: 1780650565.1909394
epoch: 10, train_loss_a_kd: 4.5999, train_loss_v_kd: 1.3343, valid_loss_a_kd: 6.1255, valid_loss_v_kd: 8.9542, test_loss_a_kd: 5.7963, test_loss_v_kd: 8.324
epoch: 11, train_loss: 0.8474, train_acc: 93.13, train_fscore: 93.11 valid_loss: 2.3605, valid_acc: 67.18, valid_fscore: 66.25,test_loss: 2.3927, test_acc: 66.05, test_fscore: 65.1, time: 1780650568.8752255
epoch: 11, train_loss_a_kd: 4.5376, train_loss_v_kd: 1.2979, valid_loss_a_kd: 6.0881, valid_loss_v_kd: 8.927, test_loss_a_kd: 5.7497, test_loss_v_kd: 8.2985
epoch: 12, train_loss: 0.8484, train_acc: 93.23, train_fscore: 93.2 valid_loss: 2.3371, valid_acc: 66.82, valid_fscore: 66.06,test_loss: 2.3715, test_acc: 65.98, test_fscore: 65.08, time: 1780650572.870852
epoch: 12, train_loss_a_kd: 4.5348, train_loss_v_kd: 1.2937, valid_loss_a_kd: 6.0595, valid_loss_v_kd: 8.9601, test_loss_a_kd: 5.7273, test_loss_v_kd: 8.308
epoch: 13, train_loss: 0.8397, train_acc: 93.31, train_fscore: 93.29 valid_loss: 2.3333, valid_acc: 67.0, valid_fscore: 66.26,test_loss: 2.3644, test_acc: 66.13, test_fscore: 65.28, time: 1780650576.7683797
epoch: 13, train_loss_a_kd: 4.4338, train_loss_v_kd: 1.2605, valid_loss_a_kd: 6.0168, valid_loss_v_kd: 8.9386, test_loss_a_kd: 5.6923, test_loss_v_kd: 8.3217
epoch: 14, train_loss: 0.8305, train_acc: 93.13, train_fscore: 93.1 valid_loss: 2.3285, valid_acc: 67.0, valid_fscore: 66.2,test_loss: 2.3667, test_acc: 66.32, test_fscore: 65.38, time: 1780650580.488517
epoch: 14, train_loss_a_kd: 4.4237, train_loss_v_kd: 1.2537, valid_loss_a_kd: 5.9566, valid_loss_v_kd: 8.9126, test_loss_a_kd: 5.6218, test_loss_v_kd: 8.2695
done
epoch: 15, train_loss: 0.8321, train_acc: 93.36, train_fscore: 93.35 valid_loss: 2.3323, valid_acc: 67.36, valid_fscore: 66.4,test_loss: 2.3661, test_acc: 66.36, test_fscore: 65.26, time: 1780650585.0971346
epoch: 15, train_loss_a_kd: 4.3855, train_loss_v_kd: 1.25, valid_loss_a_kd: 5.8581, valid_loss_v_kd: 8.8856, test_loss_a_kd: 5.5316, test_loss_v_kd: 8.2379
epoch: 16, train_loss: 0.8254, train_acc: 93.25, train_fscore: 93.23 valid_loss: 2.3456, valid_acc: 67.09, valid_fscore: 66.18,test_loss: 2.3686, test_acc: 66.28, test_fscore: 65.23, time: 1780650589.1056669
epoch: 16, train_loss_a_kd: 4.3333, train_loss_v_kd: 1.2337, valid_loss_a_kd: 5.7974, valid_loss_v_kd: 8.8824, test_loss_a_kd: 5.4823, test_loss_v_kd: 8.2428
epoch: 17, train_loss: 0.8189, train_acc: 93.35, train_fscore: 93.33 valid_loss: 2.3432, valid_acc: 67.36, valid_fscore: 66.27,test_loss: 2.363, test_acc: 66.4, test_fscore: 65.25, time: 1780650593.0029151
epoch: 17, train_loss_a_kd: 4.336, train_loss_v_kd: 1.2102, valid_loss_a_kd: 5.7536, valid_loss_v_kd: 8.861, test_loss_a_kd: 5.4322, test_loss_v_kd: 8.2075
epoch: 18, train_loss: 0.818, train_acc: 93.28, train_fscore: 93.27 valid_loss: 2.3251, valid_acc: 67.45, valid_fscore: 66.56,test_loss: 2.3636, test_acc: 66.17, test_fscore: 65.17, time: 1780650597.018857
epoch: 18, train_loss_a_kd: 4.291, train_loss_v_kd: 1.2047, valid_loss_a_kd: 5.7553, valid_loss_v_kd: 8.903, test_loss_a_kd: 5.4503, test_loss_v_kd: 8.2288
epoch: 19, train_loss: 0.813, train_acc: 93.47, train_fscore: 93.45 valid_loss: 2.355, valid_acc: 66.82, valid_fscore: 65.95,test_loss: 2.3782, test_acc: 66.17, test_fscore: 65.16, time: 1780650600.7962549
epoch: 19, train_loss_a_kd: 4.2559, train_loss_v_kd: 1.1928, valid_loss_a_kd: 5.7184, valid_loss_v_kd: 8.9023, test_loss_a_kd: 5.4021, test_loss_v_kd: 8.2493
epoch: 20, train_loss: 0.8162, train_acc: 93.35, train_fscore: 93.34 valid_loss: 2.3302, valid_acc: 67.18, valid_fscore: 66.29,test_loss: 2.3629, test_acc: 66.05, test_fscore: 65.01, time: 1780650604.7497349
epoch: 20, train_loss_a_kd: 4.2646, train_loss_v_kd: 1.2015, valid_loss_a_kd: 5.6693, valid_loss_v_kd: 8.8359, test_loss_a_kd: 5.3702, test_loss_v_kd: 8.1878
epoch: 21, train_loss: 0.8092, train_acc: 93.43, train_fscore: 93.41 valid_loss: 2.3215, valid_acc: 67.18, valid_fscore: 66.3,test_loss: 2.3584, test_acc: 66.05, test_fscore: 65.05, time: 1780650608.818606
epoch: 21, train_loss_a_kd: 4.2163, train_loss_v_kd: 1.1686, valid_loss_a_kd: 5.6701, valid_loss_v_kd: 8.8503, test_loss_a_kd: 5.3627, test_loss_v_kd: 8.1944
epoch: 22, train_loss: 0.8033, train_acc: 93.54, train_fscore: 93.53 valid_loss: 2.3273, valid_acc: 67.27, valid_fscore: 66.46,test_loss: 2.3591, test_acc: 66.09, test_fscore: 65.14, time: 1780650612.6329582
epoch: 22, train_loss_a_kd: 4.1995, train_loss_v_kd: 1.1596, valid_loss_a_kd: 5.6345, valid_loss_v_kd: 8.8447, test_loss_a_kd: 5.332, test_loss_v_kd: 8.2006
epoch: 23, train_loss: 0.8031, train_acc: 93.45, train_fscore: 93.43 valid_loss: 2.3309, valid_acc: 67.36, valid_fscore: 66.51,test_loss: 2.362, test_acc: 66.17, test_fscore: 65.17, time: 1780650616.5930939
epoch: 23, train_loss_a_kd: 4.1811, train_loss_v_kd: 1.1684, valid_loss_a_kd: 5.5939, valid_loss_v_kd: 8.8585, test_loss_a_kd: 5.3009, test_loss_v_kd: 8.2019
epoch: 24, train_loss: 0.7967, train_acc: 93.48, train_fscore: 93.46 valid_loss: 2.3217, valid_acc: 67.18, valid_fscore: 66.34,test_loss: 2.3569, test_acc: 65.94, test_fscore: 64.96, time: 1780650620.625819
epoch: 24, train_loss_a_kd: 4.2228, train_loss_v_kd: 1.132, valid_loss_a_kd: 5.5903, valid_loss_v_kd: 8.8499, test_loss_a_kd: 5.2983, test_loss_v_kd: 8.1922
epoch: 25, train_loss: 0.7984, train_acc: 93.52, train_fscore: 93.5 valid_loss: 2.3247, valid_acc: 67.18, valid_fscore: 66.34,test_loss: 2.3573, test_acc: 66.05, test_fscore: 65.08, time: 1780650624.6385102
epoch: 25, train_loss_a_kd: 4.1342, train_loss_v_kd: 1.149, valid_loss_a_kd: 5.5715, valid_loss_v_kd: 8.8521, test_loss_a_kd: 5.2777, test_loss_v_kd: 8.1983
epoch: 26, train_loss: 0.7971, train_acc: 93.54, train_fscore: 93.53 valid_loss: 2.3264, valid_acc: 67.09, valid_fscore: 66.26,test_loss: 2.3588, test_acc: 66.17, test_fscore: 65.2, time: 1780650628.5591185
epoch: 26, train_loss_a_kd: 4.174, train_loss_v_kd: 1.1564, valid_loss_a_kd: 5.553, valid_loss_v_kd: 8.8404, test_loss_a_kd: 5.2639, test_loss_v_kd: 8.1837
early stopping at epoch 26, best epoch 14, best test_acc 66.32, best test_fscore 65.38
FINAL best epoch 14: test_acc=66.32, test_fscore=65.38, composite=131.7

>>> s0_linear: 线性拼接基线
  acc=66.74 fscore=65.3 Δ=-0.40

>>> s1_trimodal_attn: 内部三模态Token注意力
  acc=66.51 fscore=65.37 Δ=-0.56

>>> s2_speaker_gate: 说话人感知门控融合
  acc=66.32 fscore=65.38 Δ=-0.74

>>> s3_cross_enhance: 文本跨模态交叉注意力
  acc=66.36 fscore=65.35 Δ=-0.73

>>> s4_trimodal+logit: Token注意力+Logit集成
  acc=66.51 fscore=65.37 Δ=-0.56

>>> s5_speaker+logit: 说话人门控+Logit集成
  acc=66.32 fscore=65.38 Δ=-0.74

Saved ./experiment_logs/summary_arch.json
