total parameters: 44566293
training parameters: 44566293
epoch: 0, train_loss: 2.1026, train_acc: 54.85, train_fscore: 48.74 valid_loss: 2.1619, valid_acc: 64.02, valid_fscore: 60.65,test_loss: 2.1131, test_acc: 65.56, test_fscore: 62.28, time: 1780644201.3435037
epoch: 0, train_loss_a_kd: 7.8367, train_loss_v_kd: 5.725, valid_loss_a_kd: 7.0406, valid_loss_v_kd: 7.9018, test_loss_a_kd: 6.6293, test_loss_v_kd: 7.387
done
epoch: 1, train_loss: 1.0643, train_acc: 90.37, train_fscore: 90.19 valid_loss: 2.2072, valid_acc: 67.09, valid_fscore: 66.45,test_loss: 2.2312, test_acc: 65.02, test_fscore: 64.26, time: 1780644205.8321798
epoch: 1, train_loss_a_kd: 6.6515, train_loss_v_kd: 2.1521, valid_loss_a_kd: 6.9577, valid_loss_v_kd: 8.737, test_loss_a_kd: 6.4724, test_loss_v_kd: 8.2446
done
epoch: 2, train_loss: 0.9546, train_acc: 91.97, train_fscore: 91.97 valid_loss: 2.2376, valid_acc: 66.82, valid_fscore: 65.94,test_loss: 2.2718, test_acc: 65.75, test_fscore: 64.72, time: 1780644210.248272
epoch: 2, train_loss_a_kd: 5.7248, train_loss_v_kd: 1.6693, valid_loss_a_kd: 6.4741, valid_loss_v_kd: 8.716, test_loss_a_kd: 6.0762, test_loss_v_kd: 8.2077
done
epoch: 3, train_loss: 0.9261, train_acc: 92.41, train_fscore: 92.4 valid_loss: 2.2516, valid_acc: 66.55, valid_fscore: 65.33,test_loss: 2.2564, test_acc: 66.63, test_fscore: 65.18, time: 1780644214.68317
epoch: 3, train_loss_a_kd: 5.2756, train_loss_v_kd: 1.541, valid_loss_a_kd: 6.3332, valid_loss_v_kd: 8.7572, test_loss_a_kd: 5.952, test_loss_v_kd: 8.1901
done
epoch: 4, train_loss: 0.9072, train_acc: 92.77, train_fscore: 92.75 valid_loss: 2.2161, valid_acc: 67.27, valid_fscore: 66.47,test_loss: 2.2531, test_acc: 66.02, test_fscore: 65.02, time: 1780644219.0568562
epoch: 4, train_loss_a_kd: 5.0893, train_loss_v_kd: 1.4682, valid_loss_a_kd: 6.4846, valid_loss_v_kd: 8.854, test_loss_a_kd: 6.0771, test_loss_v_kd: 8.2669
epoch: 5, train_loss: 0.8975, train_acc: 92.66, train_fscore: 92.65 valid_loss: 2.2282, valid_acc: 67.18, valid_fscore: 66.14,test_loss: 2.2533, test_acc: 65.94, test_fscore: 64.68, time: 1780644222.9233062
epoch: 5, train_loss_a_kd: 4.9505, train_loss_v_kd: 1.436, valid_loss_a_kd: 6.2931, valid_loss_v_kd: 8.7744, test_loss_a_kd: 5.9314, test_loss_v_kd: 8.1966
epoch: 6, train_loss: 0.8905, train_acc: 92.63, train_fscore: 92.62 valid_loss: 2.2276, valid_acc: 66.37, valid_fscore: 65.49,test_loss: 2.2452, test_acc: 66.13, test_fscore: 65.08, time: 1780644226.7032478
epoch: 6, train_loss_a_kd: 4.9144, train_loss_v_kd: 1.4268, valid_loss_a_kd: 6.2703, valid_loss_v_kd: 8.83, test_loss_a_kd: 5.917, test_loss_v_kd: 8.2243
epoch: 7, train_loss: 0.879, train_acc: 93.08, train_fscore: 93.06 valid_loss: 2.246, valid_acc: 66.55, valid_fscore: 65.16,test_loss: 2.2486, test_acc: 66.93, test_fscore: 65.5, time: 1780644230.4664202
epoch: 7, train_loss_a_kd: 4.822, train_loss_v_kd: 1.4057, valid_loss_a_kd: 6.1372, valid_loss_v_kd: 8.7156, test_loss_a_kd: 5.79, test_loss_v_kd: 8.1165
done
epoch: 8, train_loss: 0.8729, train_acc: 93.0, train_fscore: 92.98 valid_loss: 2.2108, valid_acc: 67.54, valid_fscore: 66.25,test_loss: 2.2346, test_acc: 66.74, test_fscore: 65.32, time: 1780644234.8349724
epoch: 8, train_loss_a_kd: 4.7654, train_loss_v_kd: 1.3802, valid_loss_a_kd: 6.1489, valid_loss_v_kd: 8.7124, test_loss_a_kd: 5.7974, test_loss_v_kd: 8.0799
epoch: 9, train_loss: 0.8663, train_acc: 93.27, train_fscore: 93.25 valid_loss: 2.1973, valid_acc: 67.27, valid_fscore: 66.01,test_loss: 2.2153, test_acc: 66.7, test_fscore: 65.29, time: 1780644238.6776369
epoch: 9, train_loss_a_kd: 4.7278, train_loss_v_kd: 1.3399, valid_loss_a_kd: 6.056, valid_loss_v_kd: 8.6802, test_loss_a_kd: 5.748, test_loss_v_kd: 8.0485
epoch: 10, train_loss: 0.8467, train_acc: 93.22, train_fscore: 93.2 valid_loss: 2.2254, valid_acc: 67.63, valid_fscore: 66.33,test_loss: 2.2434, test_acc: 66.82, test_fscore: 65.37, time: 1780644242.3387718
epoch: 10, train_loss_a_kd: 4.6728, train_loss_v_kd: 1.3176, valid_loss_a_kd: 5.9877, valid_loss_v_kd: 8.6895, test_loss_a_kd: 5.6931, test_loss_v_kd: 8.057
epoch: 11, train_loss: 0.8497, train_acc: 93.18, train_fscore: 93.17 valid_loss: 2.2256, valid_acc: 67.27, valid_fscore: 65.95,test_loss: 2.244, test_acc: 66.51, test_fscore: 64.89, time: 1780644246.1191468
epoch: 11, train_loss_a_kd: 4.6132, train_loss_v_kd: 1.3243, valid_loss_a_kd: 5.9324, valid_loss_v_kd: 8.5406, test_loss_a_kd: 5.6372, test_loss_v_kd: 7.9477
epoch: 12, train_loss: 0.8419, train_acc: 93.34, train_fscore: 93.32 valid_loss: 2.2405, valid_acc: 66.82, valid_fscore: 65.31,test_loss: 2.2302, test_acc: 66.7, test_fscore: 65.14, time: 1780644249.8468268
epoch: 12, train_loss_a_kd: 4.5796, train_loss_v_kd: 1.297, valid_loss_a_kd: 5.9636, valid_loss_v_kd: 8.6453, test_loss_a_kd: 5.6661, test_loss_v_kd: 8.0143
epoch: 13, train_loss: 0.8382, train_acc: 93.38, train_fscore: 93.37 valid_loss: 2.2295, valid_acc: 66.82, valid_fscore: 65.15,test_loss: 2.238, test_acc: 66.21, test_fscore: 64.32, time: 1780644253.6055388
epoch: 13, train_loss_a_kd: 4.5362, train_loss_v_kd: 1.2837, valid_loss_a_kd: 5.9013, valid_loss_v_kd: 8.5231, test_loss_a_kd: 5.6178, test_loss_v_kd: 7.9152
epoch: 14, train_loss: 0.829, train_acc: 93.59, train_fscore: 93.58 valid_loss: 2.2207, valid_acc: 67.27, valid_fscore: 65.84,test_loss: 2.2362, test_acc: 66.44, test_fscore: 64.91, time: 1780644257.4093592
epoch: 14, train_loss_a_kd: 4.5721, train_loss_v_kd: 1.2593, valid_loss_a_kd: 5.9424, valid_loss_v_kd: 8.5791, test_loss_a_kd: 5.653, test_loss_v_kd: 7.9458
epoch: 15, train_loss: 0.8286, train_acc: 93.46, train_fscore: 93.44 valid_loss: 2.2294, valid_acc: 66.64, valid_fscore: 65.22,test_loss: 2.2269, test_acc: 66.7, test_fscore: 65.08, time: 1780644261.4028976
epoch: 15, train_loss_a_kd: 4.5102, train_loss_v_kd: 1.2669, valid_loss_a_kd: 5.8538, valid_loss_v_kd: 8.629, test_loss_a_kd: 5.5881, test_loss_v_kd: 7.9818
epoch: 16, train_loss: 0.8219, train_acc: 93.59, train_fscore: 93.58 valid_loss: 2.2309, valid_acc: 66.46, valid_fscore: 64.97,test_loss: 2.2242, test_acc: 66.74, test_fscore: 65.04, time: 1780644265.2646735
epoch: 16, train_loss_a_kd: 4.4982, train_loss_v_kd: 1.2541, valid_loss_a_kd: 5.8562, valid_loss_v_kd: 8.5641, test_loss_a_kd: 5.5825, test_loss_v_kd: 7.9077
epoch: 17, train_loss: 0.8076, train_acc: 93.8, train_fscore: 93.78 valid_loss: 2.238, valid_acc: 67.09, valid_fscore: 65.62,test_loss: 2.2312, test_acc: 66.86, test_fscore: 65.24, time: 1780644268.958412
epoch: 17, train_loss_a_kd: 4.4371, train_loss_v_kd: 1.2061, valid_loss_a_kd: 5.8311, valid_loss_v_kd: 8.5084, test_loss_a_kd: 5.5494, test_loss_v_kd: 7.8855
epoch: 18, train_loss: 0.8085, train_acc: 93.94, train_fscore: 93.93 valid_loss: 2.2438, valid_acc: 66.37, valid_fscore: 64.9,test_loss: 2.2366, test_acc: 66.36, test_fscore: 64.66, time: 1780644273.006818
epoch: 18, train_loss_a_kd: 4.4316, train_loss_v_kd: 1.2192, valid_loss_a_kd: 5.7837, valid_loss_v_kd: 8.5213, test_loss_a_kd: 5.5088, test_loss_v_kd: 7.8887
epoch: 19, train_loss: 0.7952, train_acc: 94.03, train_fscore: 94.02 valid_loss: 2.2324, valid_acc: 66.64, valid_fscore: 65.12,test_loss: 2.2483, test_acc: 66.55, test_fscore: 64.79, time: 1780644276.7507944
epoch: 19, train_loss_a_kd: 4.3667, train_loss_v_kd: 1.1924, valid_loss_a_kd: 5.756, valid_loss_v_kd: 8.4657, test_loss_a_kd: 5.4725, test_loss_v_kd: 7.833
early stopping at epoch 19, best epoch 7, best test_acc 66.93, best test_fscore 65.5
FINAL best epoch 7: test_acc=66.93, test_fscore=65.5, composite=132.43
total parameters: 44566293
training parameters: 44566293
epoch: 0, train_loss: 2.2427, train_acc: 47.55, train_fscore: 36.38 valid_loss: 2.1984, valid_acc: 51.13, valid_fscore: 41.05,test_loss: 2.1177, test_acc: 56.02, test_fscore: 46.49, time: 1780644286.3011167
epoch: 0, train_loss_a_kd: 7.3022, train_loss_v_kd: 5.8522, valid_loss_a_kd: 5.9788, valid_loss_v_kd: 6.9678, test_loss_a_kd: 5.6415, test_loss_v_kd: 6.4723
done
epoch: 1, train_loss: 1.1712, train_acc: 88.01, train_fscore: 87.21 valid_loss: 2.1702, valid_acc: 67.18, valid_fscore: 66.41,test_loss: 2.1796, test_acc: 65.75, test_fscore: 64.87, time: 1780644290.6723208
epoch: 1, train_loss_a_kd: 6.0103, train_loss_v_kd: 2.2688, valid_loss_a_kd: 6.6792, valid_loss_v_kd: 8.4163, test_loss_a_kd: 6.2081, test_loss_v_kd: 7.9409
done
epoch: 2, train_loss: 0.9495, train_acc: 91.53, train_fscore: 91.53 valid_loss: 2.2043, valid_acc: 67.0, valid_fscore: 66.3,test_loss: 2.2355, test_acc: 65.44, test_fscore: 64.57, time: 1780644295.1969106
epoch: 2, train_loss_a_kd: 5.3311, train_loss_v_kd: 1.669, valid_loss_a_kd: 6.3567, valid_loss_v_kd: 8.5558, test_loss_a_kd: 5.9423, test_loss_v_kd: 8.0699
epoch: 3, train_loss: 0.9075, train_acc: 92.2, train_fscore: 92.2 valid_loss: 2.2343, valid_acc: 66.01, valid_fscore: 64.86,test_loss: 2.2512, test_acc: 66.48, test_fscore: 65.1, time: 1780644298.936411
epoch: 3, train_loss_a_kd: 4.8818, train_loss_v_kd: 1.4783, valid_loss_a_kd: 6.1365, valid_loss_v_kd: 8.5617, test_loss_a_kd: 5.7522, test_loss_v_kd: 8.0285
done
epoch: 4, train_loss: 0.8866, train_acc: 92.61, train_fscore: 92.6 valid_loss: 2.2124, valid_acc: 66.82, valid_fscore: 66.03,test_loss: 2.2413, test_acc: 65.9, test_fscore: 64.88, time: 1780644303.5147483
epoch: 4, train_loss_a_kd: 4.6757, train_loss_v_kd: 1.401, valid_loss_a_kd: 6.0917, valid_loss_v_kd: 8.6884, test_loss_a_kd: 5.7454, test_loss_v_kd: 8.1182
epoch: 5, train_loss: 0.8713, train_acc: 92.69, train_fscore: 92.68 valid_loss: 2.196, valid_acc: 67.45, valid_fscore: 66.48,test_loss: 2.2246, test_acc: 66.44, test_fscore: 65.2, time: 1780644307.1506717
epoch: 5, train_loss_a_kd: 4.5295, train_loss_v_kd: 1.3407, valid_loss_a_kd: 6.0025, valid_loss_v_kd: 8.637, test_loss_a_kd: 5.6783, test_loss_v_kd: 8.0844
done
epoch: 6, train_loss: 0.8604, train_acc: 92.59, train_fscore: 92.58 valid_loss: 2.2063, valid_acc: 66.55, valid_fscore: 65.6,test_loss: 2.2299, test_acc: 66.25, test_fscore: 65.11, time: 1780644311.5013735
epoch: 6, train_loss_a_kd: 4.4153, train_loss_v_kd: 1.3241, valid_loss_a_kd: 5.9184, valid_loss_v_kd: 8.6563, test_loss_a_kd: 5.6121, test_loss_v_kd: 8.0712
epoch: 7, train_loss: 0.8506, train_acc: 92.91, train_fscore: 92.91 valid_loss: 2.2429, valid_acc: 66.28, valid_fscore: 64.84,test_loss: 2.2383, test_acc: 66.32, test_fscore: 64.74, time: 1780644315.1596131
epoch: 7, train_loss_a_kd: 4.3342, train_loss_v_kd: 1.3007, valid_loss_a_kd: 5.711, valid_loss_v_kd: 8.5366, test_loss_a_kd: 5.4153, test_loss_v_kd: 7.9602
epoch: 8, train_loss: 0.8435, train_acc: 93.1, train_fscore: 93.09 valid_loss: 2.1967, valid_acc: 67.0, valid_fscore: 65.71,test_loss: 2.2191, test_acc: 66.51, test_fscore: 65.07, time: 1780644318.8422973
epoch: 8, train_loss_a_kd: 4.2441, train_loss_v_kd: 1.2635, valid_loss_a_kd: 5.6638, valid_loss_v_kd: 8.5182, test_loss_a_kd: 5.394, test_loss_v_kd: 7.9268
epoch: 9, train_loss: 0.837, train_acc: 93.15, train_fscore: 93.14 valid_loss: 2.1829, valid_acc: 67.0, valid_fscore: 65.55,test_loss: 2.2067, test_acc: 66.28, test_fscore: 64.74, time: 1780644322.6476061
epoch: 9, train_loss_a_kd: 4.157, train_loss_v_kd: 1.238, valid_loss_a_kd: 5.6036, valid_loss_v_kd: 8.4389, test_loss_a_kd: 5.3585, test_loss_v_kd: 7.8603
epoch: 10, train_loss: 0.8204, train_acc: 93.24, train_fscore: 93.23 valid_loss: 2.201, valid_acc: 66.82, valid_fscore: 65.31,test_loss: 2.221, test_acc: 66.48, test_fscore: 64.84, time: 1780644326.3876972
epoch: 10, train_loss_a_kd: 4.1001, train_loss_v_kd: 1.2149, valid_loss_a_kd: 5.5494, valid_loss_v_kd: 8.419, test_loss_a_kd: 5.3056, test_loss_v_kd: 7.8328
epoch: 11, train_loss: 0.8154, train_acc: 93.11, train_fscore: 93.11 valid_loss: 2.2047, valid_acc: 66.82, valid_fscore: 65.25,test_loss: 2.2251, test_acc: 66.32, test_fscore: 64.57, time: 1780644330.0363982
epoch: 11, train_loss_a_kd: 4.0511, train_loss_v_kd: 1.2031, valid_loss_a_kd: 5.4177, valid_loss_v_kd: 8.2675, test_loss_a_kd: 5.1819, test_loss_v_kd: 7.7107
epoch: 12, train_loss: 0.8117, train_acc: 93.32, train_fscore: 93.31 valid_loss: 2.2077, valid_acc: 66.91, valid_fscore: 65.23,test_loss: 2.2077, test_acc: 66.51, test_fscore: 64.77, time: 1780644333.9115899
epoch: 12, train_loss_a_kd: 3.9615, train_loss_v_kd: 1.1771, valid_loss_a_kd: 5.4048, valid_loss_v_kd: 8.3478, test_loss_a_kd: 5.1798, test_loss_v_kd: 7.7625
epoch: 13, train_loss: 0.802, train_acc: 93.45, train_fscore: 93.44 valid_loss: 2.2033, valid_acc: 66.19, valid_fscore: 64.52,test_loss: 2.2194, test_acc: 65.9, test_fscore: 63.98, time: 1780644337.6320078
epoch: 13, train_loss_a_kd: 3.9237, train_loss_v_kd: 1.1529, valid_loss_a_kd: 5.3181, valid_loss_v_kd: 8.2322, test_loss_a_kd: 5.1082, test_loss_v_kd: 7.6607
epoch: 14, train_loss: 0.7946, train_acc: 93.48, train_fscore: 93.47 valid_loss: 2.1925, valid_acc: 66.55, valid_fscore: 65.0,test_loss: 2.2035, test_acc: 66.17, test_fscore: 64.39, time: 1780644341.3836887
epoch: 14, train_loss_a_kd: 3.9154, train_loss_v_kd: 1.1393, valid_loss_a_kd: 5.3396, valid_loss_v_kd: 8.2658, test_loss_a_kd: 5.1277, test_loss_v_kd: 7.6721
epoch: 15, train_loss: 0.7926, train_acc: 93.68, train_fscore: 93.68 valid_loss: 2.208, valid_acc: 66.28, valid_fscore: 64.64,test_loss: 2.2122, test_acc: 66.4, test_fscore: 64.59, time: 1780644345.1265364
epoch: 15, train_loss_a_kd: 3.8488, train_loss_v_kd: 1.1489, valid_loss_a_kd: 5.2421, valid_loss_v_kd: 8.2612, test_loss_a_kd: 5.0259, test_loss_v_kd: 7.6561
epoch: 16, train_loss: 0.7826, train_acc: 93.79, train_fscore: 93.79 valid_loss: 2.2103, valid_acc: 66.46, valid_fscore: 64.69,test_loss: 2.2112, test_acc: 66.4, test_fscore: 64.53, time: 1780644348.9197974
epoch: 16, train_loss_a_kd: 3.8092, train_loss_v_kd: 1.1299, valid_loss_a_kd: 5.1852, valid_loss_v_kd: 8.1839, test_loss_a_kd: 4.9941, test_loss_v_kd: 7.5931
epoch: 17, train_loss: 0.7747, train_acc: 93.85, train_fscore: 93.85 valid_loss: 2.2192, valid_acc: 66.55, valid_fscore: 64.72,test_loss: 2.2191, test_acc: 65.94, test_fscore: 63.97, time: 1780644352.5325196
epoch: 17, train_loss_a_kd: 3.7743, train_loss_v_kd: 1.1017, valid_loss_a_kd: 5.1101, valid_loss_v_kd: 8.129, test_loss_a_kd: 4.9191, test_loss_v_kd: 7.5557
early stopping at epoch 17, best epoch 5, best test_acc 66.44, best test_fscore 65.2
FINAL best epoch 5: test_acc=66.44, test_fscore=65.2, composite=131.64
total parameters: 44566293
training parameters: 44566293
epoch: 0, train_loss: 2.3611, train_acc: 45.81, train_fscore: 36.45 valid_loss: 2.2179, valid_acc: 47.7, valid_fscore: 35.34,test_loss: 2.136, test_acc: 53.07, test_fscore: 41.15, time: 1780644363.7756915
epoch: 0, train_loss_a_kd: 8.1712, train_loss_v_kd: 6.6675, valid_loss_a_kd: 6.3129, valid_loss_v_kd: 6.9563, test_loss_a_kd: 6.0456, test_loss_v_kd: 6.4481
done
epoch: 1, train_loss: 1.2716, train_acc: 85.82, train_fscore: 84.77 valid_loss: 2.1688, valid_acc: 67.0, valid_fscore: 66.05,test_loss: 2.1699, test_acc: 65.82, test_fscore: 64.7, time: 1780644367.9840348
epoch: 1, train_loss_a_kd: 6.9451, train_loss_v_kd: 2.7823, valid_loss_a_kd: 7.0369, valid_loss_v_kd: 8.3864, test_loss_a_kd: 6.5669, test_loss_v_kd: 7.92
done
epoch: 2, train_loss: 1.0047, train_acc: 91.08, train_fscore: 91.04 valid_loss: 2.2056, valid_acc: 67.18, valid_fscore: 66.51,test_loss: 2.2305, test_acc: 65.29, test_fscore: 64.4, time: 1780644372.2110312
epoch: 2, train_loss_a_kd: 6.3201, train_loss_v_kd: 1.9265, valid_loss_a_kd: 6.7029, valid_loss_v_kd: 8.6168, test_loss_a_kd: 6.2468, test_loss_v_kd: 8.1395
epoch: 3, train_loss: 0.9492, train_acc: 91.93, train_fscore: 91.93 valid_loss: 2.2292, valid_acc: 66.82, valid_fscore: 65.87,test_loss: 2.2452, test_acc: 65.94, test_fscore: 64.73, time: 1780644375.9288194
epoch: 3, train_loss_a_kd: 5.6872, train_loss_v_kd: 1.6493, valid_loss_a_kd: 6.4867, valid_loss_v_kd: 8.6852, test_loss_a_kd: 6.0624, test_loss_v_kd: 8.16
done
epoch: 4, train_loss: 0.9207, train_acc: 92.38, train_fscore: 92.36 valid_loss: 2.2252, valid_acc: 67.45, valid_fscore: 66.76,test_loss: 2.2479, test_acc: 65.79, test_fscore: 64.88, time: 1780644380.1491942
epoch: 4, train_loss_a_kd: 5.3851, train_loss_v_kd: 1.5318, valid_loss_a_kd: 6.5082, valid_loss_v_kd: 8.8229, test_loss_a_kd: 6.1173, test_loss_v_kd: 8.2676
epoch: 5, train_loss: 0.9091, train_acc: 92.44, train_fscore: 92.43 valid_loss: 2.2175, valid_acc: 67.63, valid_fscore: 66.76,test_loss: 2.2412, test_acc: 65.86, test_fscore: 64.91, time: 1780644383.928398
epoch: 5, train_loss_a_kd: 5.2133, train_loss_v_kd: 1.4796, valid_loss_a_kd: 6.4576, valid_loss_v_kd: 8.7951, test_loss_a_kd: 6.0769, test_loss_v_kd: 8.2625
done
epoch: 6, train_loss: 0.9016, train_acc: 92.63, train_fscore: 92.62 valid_loss: 2.2106, valid_acc: 67.0, valid_fscore: 66.26,test_loss: 2.2356, test_acc: 66.09, test_fscore: 65.1, time: 1780644388.1946473
epoch: 6, train_loss_a_kd: 5.1614, train_loss_v_kd: 1.4661, valid_loss_a_kd: 6.4608, valid_loss_v_kd: 8.8393, test_loss_a_kd: 6.0749, test_loss_v_kd: 8.2796
done
epoch: 7, train_loss: 0.8884, train_acc: 92.89, train_fscore: 92.88 valid_loss: 2.2437, valid_acc: 66.73, valid_fscore: 65.6,test_loss: 2.2519, test_acc: 66.17, test_fscore: 64.94, time: 1780644392.8235605
epoch: 7, train_loss_a_kd: 5.0423, train_loss_v_kd: 1.4445, valid_loss_a_kd: 6.3397, valid_loss_v_kd: 8.7669, test_loss_a_kd: 5.9821, test_loss_v_kd: 8.2104
epoch: 8, train_loss: 0.8898, train_acc: 92.61, train_fscore: 92.59 valid_loss: 2.2042, valid_acc: 67.45, valid_fscore: 66.48,test_loss: 2.2257, test_acc: 66.48, test_fscore: 65.29, time: 1780644396.5586839
epoch: 8, train_loss_a_kd: 4.9979, train_loss_v_kd: 1.4283, valid_loss_a_kd: 6.3518, valid_loss_v_kd: 8.8262, test_loss_a_kd: 5.983, test_loss_v_kd: 8.2369
done
epoch: 9, train_loss: 0.8829, train_acc: 93.07, train_fscore: 93.05 valid_loss: 2.2046, valid_acc: 67.0, valid_fscore: 65.87,test_loss: 2.2261, test_acc: 66.44, test_fscore: 65.09, time: 1780644401.014517
epoch: 9, train_loss_a_kd: 4.9396, train_loss_v_kd: 1.3914, valid_loss_a_kd: 6.2711, valid_loss_v_kd: 8.7526, test_loss_a_kd: 5.9282, test_loss_v_kd: 8.1728
epoch: 10, train_loss: 0.8667, train_acc: 92.88, train_fscore: 92.86 valid_loss: 2.2205, valid_acc: 67.81, valid_fscore: 66.74,test_loss: 2.2394, test_acc: 66.63, test_fscore: 65.35, time: 1780644404.6692517
epoch: 10, train_loss_a_kd: 4.9203, train_loss_v_kd: 1.3738, valid_loss_a_kd: 6.2506, valid_loss_v_kd: 8.8072, test_loss_a_kd: 5.92, test_loss_v_kd: 8.2229
done
epoch: 11, train_loss: 0.8676, train_acc: 93.2, train_fscore: 93.18 valid_loss: 2.2115, valid_acc: 67.54, valid_fscore: 66.48,test_loss: 2.2411, test_acc: 66.55, test_fscore: 65.29, time: 1780644409.1478546
epoch: 11, train_loss_a_kd: 4.8491, train_loss_v_kd: 1.3695, valid_loss_a_kd: 6.2186, valid_loss_v_kd: 8.7335, test_loss_a_kd: 5.893, test_loss_v_kd: 8.168
epoch: 12, train_loss: 0.8662, train_acc: 93.13, train_fscore: 93.12 valid_loss: 2.2079, valid_acc: 67.81, valid_fscore: 66.75,test_loss: 2.2287, test_acc: 66.32, test_fscore: 64.99, time: 1780644412.7774308
epoch: 12, train_loss_a_kd: 4.793, train_loss_v_kd: 1.358, valid_loss_a_kd: 6.203, valid_loss_v_kd: 8.7834, test_loss_a_kd: 5.8774, test_loss_v_kd: 8.1975
epoch: 13, train_loss: 0.8587, train_acc: 93.12, train_fscore: 93.11 valid_loss: 2.2131, valid_acc: 67.36, valid_fscore: 66.05,test_loss: 2.2328, test_acc: 66.17, test_fscore: 64.71, time: 1780644416.4148047
epoch: 13, train_loss_a_kd: 4.7743, train_loss_v_kd: 1.3324, valid_loss_a_kd: 6.1513, valid_loss_v_kd: 8.7269, test_loss_a_kd: 5.8376, test_loss_v_kd: 8.1446
epoch: 14, train_loss: 0.8576, train_acc: 93.1, train_fscore: 93.08 valid_loss: 2.2093, valid_acc: 67.81, valid_fscore: 66.67,test_loss: 2.2296, test_acc: 66.44, test_fscore: 65.16, time: 1780644420.031038
epoch: 14, train_loss_a_kd: 4.794, train_loss_v_kd: 1.3187, valid_loss_a_kd: 6.1719, valid_loss_v_kd: 8.7839, test_loss_a_kd: 5.8595, test_loss_v_kd: 8.1868
epoch: 15, train_loss: 0.8575, train_acc: 93.22, train_fscore: 93.21 valid_loss: 2.218, valid_acc: 67.63, valid_fscore: 66.56,test_loss: 2.2321, test_acc: 66.44, test_fscore: 65.11, time: 1780644423.6125395
epoch: 15, train_loss_a_kd: 4.7511, train_loss_v_kd: 1.3358, valid_loss_a_kd: 6.1148, valid_loss_v_kd: 8.7903, test_loss_a_kd: 5.8223, test_loss_v_kd: 8.1862
epoch: 16, train_loss: 0.8546, train_acc: 93.24, train_fscore: 93.23 valid_loss: 2.2171, valid_acc: 67.81, valid_fscore: 66.6,test_loss: 2.2307, test_acc: 66.7, test_fscore: 65.36, time: 1780644427.2198389
epoch: 16, train_loss_a_kd: 4.7057, train_loss_v_kd: 1.3271, valid_loss_a_kd: 6.0801, valid_loss_v_kd: 8.7567, test_loss_a_kd: 5.7785, test_loss_v_kd: 8.1574
done
epoch: 17, train_loss: 0.8416, train_acc: 93.21, train_fscore: 93.2 valid_loss: 2.2238, valid_acc: 67.54, valid_fscore: 66.35,test_loss: 2.2338, test_acc: 66.63, test_fscore: 65.26, time: 1780644431.4491951
epoch: 17, train_loss_a_kd: 4.671, train_loss_v_kd: 1.2781, valid_loss_a_kd: 6.0703, valid_loss_v_kd: 8.7362, test_loss_a_kd: 5.7648, test_loss_v_kd: 8.1358
epoch: 18, train_loss: 0.8446, train_acc: 93.31, train_fscore: 93.3 valid_loss: 2.2286, valid_acc: 67.54, valid_fscore: 66.26,test_loss: 2.2405, test_acc: 66.55, test_fscore: 65.06, time: 1780644435.0655274
epoch: 18, train_loss_a_kd: 4.6694, train_loss_v_kd: 1.3039, valid_loss_a_kd: 6.0159, valid_loss_v_kd: 8.6947, test_loss_a_kd: 5.7105, test_loss_v_kd: 8.102
epoch: 19, train_loss: 0.8361, train_acc: 93.51, train_fscore: 93.5 valid_loss: 2.2088, valid_acc: 67.72, valid_fscore: 66.53,test_loss: 2.2342, test_acc: 66.74, test_fscore: 65.4, time: 1780644438.6453035
epoch: 19, train_loss_a_kd: 4.6035, train_loss_v_kd: 1.2761, valid_loss_a_kd: 6.0593, valid_loss_v_kd: 8.7209, test_loss_a_kd: 5.7537, test_loss_v_kd: 8.1218
done
epoch: 20, train_loss: 0.8391, train_acc: 93.27, train_fscore: 93.25 valid_loss: 2.2125, valid_acc: 67.72, valid_fscore: 66.48,test_loss: 2.2303, test_acc: 66.55, test_fscore: 65.16, time: 1780644442.9448516
epoch: 20, train_loss_a_kd: 4.6328, train_loss_v_kd: 1.2823, valid_loss_a_kd: 6.04, valid_loss_v_kd: 8.7138, test_loss_a_kd: 5.7396, test_loss_v_kd: 8.1123
epoch: 21, train_loss: 0.8388, train_acc: 93.38, train_fscore: 93.37 valid_loss: 2.219, valid_acc: 66.91, valid_fscore: 65.46,test_loss: 2.2295, test_acc: 66.7, test_fscore: 65.14, time: 1780644446.5445127
epoch: 21, train_loss_a_kd: 4.5858, train_loss_v_kd: 1.2897, valid_loss_a_kd: 6.0011, valid_loss_v_kd: 8.6599, test_loss_a_kd: 5.6883, test_loss_v_kd: 8.0568
epoch: 22, train_loss: 0.8349, train_acc: 93.44, train_fscore: 93.43 valid_loss: 2.2035, valid_acc: 67.54, valid_fscore: 66.3,test_loss: 2.2225, test_acc: 66.67, test_fscore: 65.28, time: 1780644450.3118625
epoch: 22, train_loss_a_kd: 4.5934, train_loss_v_kd: 1.2704, valid_loss_a_kd: 6.0311, valid_loss_v_kd: 8.6895, test_loss_a_kd: 5.7266, test_loss_v_kd: 8.0815
epoch: 23, train_loss: 0.8274, train_acc: 93.4, train_fscore: 93.39 valid_loss: 2.2062, valid_acc: 67.54, valid_fscore: 66.29,test_loss: 2.2241, test_acc: 66.63, test_fscore: 65.21, time: 1780644454.0860043
epoch: 23, train_loss_a_kd: 4.5747, train_loss_v_kd: 1.2559, valid_loss_a_kd: 6.0235, valid_loss_v_kd: 8.6949, test_loss_a_kd: 5.7236, test_loss_v_kd: 8.0852
epoch: 24, train_loss: 0.8278, train_acc: 93.58, train_fscore: 93.57 valid_loss: 2.2173, valid_acc: 67.54, valid_fscore: 66.24,test_loss: 2.2289, test_acc: 66.97, test_fscore: 65.47, time: 1780644457.7833009
epoch: 24, train_loss_a_kd: 4.6089, train_loss_v_kd: 1.2556, valid_loss_a_kd: 5.9868, valid_loss_v_kd: 8.6675, test_loss_a_kd: 5.6891, test_loss_v_kd: 8.0573
done
epoch: 25, train_loss: 0.8296, train_acc: 93.26, train_fscore: 93.25 valid_loss: 2.2224, valid_acc: 67.27, valid_fscore: 65.92,test_loss: 2.2322, test_acc: 66.78, test_fscore: 65.27, time: 1780644462.4545164
epoch: 25, train_loss_a_kd: 4.5662, train_loss_v_kd: 1.2454, valid_loss_a_kd: 5.9749, valid_loss_v_kd: 8.6703, test_loss_a_kd: 5.6806, test_loss_v_kd: 8.0674
epoch: 26, train_loss: 0.8232, train_acc: 93.47, train_fscore: 93.45 valid_loss: 2.2124, valid_acc: 67.45, valid_fscore: 66.16,test_loss: 2.23, test_acc: 66.74, test_fscore: 65.28, time: 1780644466.1896636
epoch: 26, train_loss_a_kd: 4.5638, train_loss_v_kd: 1.2484, valid_loss_a_kd: 6.0065, valid_loss_v_kd: 8.6899, test_loss_a_kd: 5.7047, test_loss_v_kd: 8.0812
epoch: 27, train_loss: 0.827, train_acc: 93.4, train_fscore: 93.39 valid_loss: 2.215, valid_acc: 67.72, valid_fscore: 66.44,test_loss: 2.2273, test_acc: 66.9, test_fscore: 65.43, time: 1780644469.867684
epoch: 27, train_loss_a_kd: 4.5758, train_loss_v_kd: 1.2417, valid_loss_a_kd: 5.9902, valid_loss_v_kd: 8.6776, test_loss_a_kd: 5.6963, test_loss_v_kd: 8.0728
epoch: 28, train_loss: 0.8215, train_acc: 93.52, train_fscore: 93.51 valid_loss: 2.2151, valid_acc: 67.54, valid_fscore: 66.26,test_loss: 2.2278, test_acc: 66.9, test_fscore: 65.42, time: 1780644473.5039198
epoch: 28, train_loss_a_kd: 4.5377, train_loss_v_kd: 1.2169, valid_loss_a_kd: 5.9892, valid_loss_v_kd: 8.6739, test_loss_a_kd: 5.6913, test_loss_v_kd: 8.0678
epoch: 29, train_loss: 0.8175, train_acc: 93.63, train_fscore: 93.62 valid_loss: 2.2153, valid_acc: 67.54, valid_fscore: 66.26,test_loss: 2.2276, test_acc: 66.86, test_fscore: 65.37, time: 1780644477.118287
epoch: 29, train_loss_a_kd: 4.547, train_loss_v_kd: 1.2374, valid_loss_a_kd: 5.9907, valid_loss_v_kd: 8.6747, test_loss_a_kd: 5.6923, test_loss_v_kd: 8.0674
FINAL best epoch 24: test_acc=66.97, test_fscore=65.47, composite=132.44
total parameters: 44566293
training parameters: 44566293
epoch: 0, train_loss: 1.9835, train_acc: 56.69, train_fscore: 50.01 valid_loss: 2.1452, valid_acc: 65.19, valid_fscore: 62.25,test_loss: 2.1124, test_acc: 66.05, test_fscore: 63.24, time: 1780644486.6545377
epoch: 0, train_loss_a_kd: 7.0007, train_loss_v_kd: 4.9474, valid_loss_a_kd: 6.6941, valid_loss_v_kd: 7.9626, test_loss_a_kd: 6.2322, test_loss_v_kd: 7.5063
done
epoch: 1, train_loss: 1.0001, train_acc: 90.94, train_fscore: 90.8 valid_loss: 2.1957, valid_acc: 66.46, valid_fscore: 65.64,test_loss: 2.2279, test_acc: 65.71, test_fscore: 64.75, time: 1780644491.1038907
epoch: 1, train_loss_a_kd: 5.6557, train_loss_v_kd: 1.8561, valid_loss_a_kd: 6.6168, valid_loss_v_kd: 8.6915, test_loss_a_kd: 6.1495, test_loss_v_kd: 8.1841
done
epoch: 2, train_loss: 0.9126, train_acc: 92.63, train_fscore: 92.63 valid_loss: 2.2184, valid_acc: 66.19, valid_fscore: 65.21,test_loss: 2.2682, test_acc: 65.82, test_fscore: 64.59, time: 1780644495.688716
epoch: 2, train_loss_a_kd: 4.9352, train_loss_v_kd: 1.4954, valid_loss_a_kd: 6.2338, valid_loss_v_kd: 8.6913, test_loss_a_kd: 5.8612, test_loss_v_kd: 8.1716
epoch: 3, train_loss: 0.8877, train_acc: 93.12, train_fscore: 93.11 valid_loss: 2.2495, valid_acc: 66.28, valid_fscore: 64.36,test_loss: 2.2465, test_acc: 66.59, test_fscore: 64.61, time: 1780644499.4606178
epoch: 3, train_loss_a_kd: 4.5769, train_loss_v_kd: 1.4015, valid_loss_a_kd: 5.846, valid_loss_v_kd: 8.5435, test_loss_a_kd: 5.5289, test_loss_v_kd: 7.9754
done
epoch: 4, train_loss: 0.8674, train_acc: 93.31, train_fscore: 93.29 valid_loss: 2.2119, valid_acc: 66.37, valid_fscore: 65.06,test_loss: 2.2395, test_acc: 66.05, test_fscore: 64.55, time: 1780644503.83774
epoch: 4, train_loss_a_kd: 4.3732, train_loss_v_kd: 1.3342, valid_loss_a_kd: 5.794, valid_loss_v_kd: 8.5385, test_loss_a_kd: 5.4854, test_loss_v_kd: 7.9584
epoch: 5, train_loss: 0.8491, train_acc: 93.34, train_fscore: 93.33 valid_loss: 2.2016, valid_acc: 66.64, valid_fscore: 65.13,test_loss: 2.2231, test_acc: 66.55, test_fscore: 64.89, time: 1780644507.9189894
epoch: 5, train_loss_a_kd: 4.2038, train_loss_v_kd: 1.27, valid_loss_a_kd: 5.6222, valid_loss_v_kd: 8.4527, test_loss_a_kd: 5.3731, test_loss_v_kd: 7.8834
done
epoch: 6, train_loss: 0.8322, train_acc: 93.37, train_fscore: 93.37 valid_loss: 2.2097, valid_acc: 66.73, valid_fscore: 65.19,test_loss: 2.2112, test_acc: 66.59, test_fscore: 64.89, time: 1780644512.6582932
epoch: 6, train_loss_a_kd: 4.0661, train_loss_v_kd: 1.2405, valid_loss_a_kd: 5.4392, valid_loss_v_kd: 8.3627, test_loss_a_kd: 5.2062, test_loss_v_kd: 7.7763
done
epoch: 7, train_loss: 0.8173, train_acc: 93.54, train_fscore: 93.54 valid_loss: 2.215, valid_acc: 65.55, valid_fscore: 63.73,test_loss: 2.2247, test_acc: 66.05, test_fscore: 64.02, time: 1780644517.1392806
epoch: 7, train_loss_a_kd: 3.9826, train_loss_v_kd: 1.2032, valid_loss_a_kd: 5.2782, valid_loss_v_kd: 8.3031, test_loss_a_kd: 5.0675, test_loss_v_kd: 7.7021
epoch: 8, train_loss: 0.8077, train_acc: 93.58, train_fscore: 93.57 valid_loss: 2.1852, valid_acc: 66.19, valid_fscore: 64.55,test_loss: 2.1989, test_acc: 65.9, test_fscore: 64.1, time: 1780644520.875522
epoch: 8, train_loss_a_kd: 3.8826, train_loss_v_kd: 1.1793, valid_loss_a_kd: 5.1594, valid_loss_v_kd: 8.2691, test_loss_a_kd: 4.974, test_loss_v_kd: 7.6417
epoch: 9, train_loss: 0.7954, train_acc: 94.08, train_fscore: 94.08 valid_loss: 2.2005, valid_acc: 65.92, valid_fscore: 64.07,test_loss: 2.203, test_acc: 65.75, test_fscore: 63.66, time: 1780644524.767685
epoch: 9, train_loss_a_kd: 3.7844, train_loss_v_kd: 1.1501, valid_loss_a_kd: 5.0352, valid_loss_v_kd: 8.1206, test_loss_a_kd: 4.8649, test_loss_v_kd: 7.5136
epoch: 10, train_loss: 0.7725, train_acc: 94.19, train_fscore: 94.19 valid_loss: 2.2196, valid_acc: 66.1, valid_fscore: 64.25,test_loss: 2.2263, test_acc: 65.67, test_fscore: 63.61, time: 1780644528.5066674
epoch: 10, train_loss_a_kd: 3.7095, train_loss_v_kd: 1.1231, valid_loss_a_kd: 5.0169, valid_loss_v_kd: 8.1878, test_loss_a_kd: 4.8608, test_loss_v_kd: 7.5382
epoch: 11, train_loss: 0.7629, train_acc: 94.54, train_fscore: 94.54 valid_loss: 2.2769, valid_acc: 65.73, valid_fscore: 63.5,test_loss: 2.2742, test_acc: 64.44, test_fscore: 61.6, time: 1780644532.269831
epoch: 11, train_loss_a_kd: 3.6644, train_loss_v_kd: 1.1088, valid_loss_a_kd: 4.8595, valid_loss_v_kd: 7.9252, test_loss_a_kd: 4.7172, test_loss_v_kd: 7.3195
epoch: 12, train_loss: 0.7566, train_acc: 94.76, train_fscore: 94.76 valid_loss: 2.2525, valid_acc: 65.64, valid_fscore: 63.66,test_loss: 2.2459, test_acc: 64.71, test_fscore: 62.33, time: 1780644536.155007
epoch: 12, train_loss_a_kd: 3.6148, train_loss_v_kd: 1.0822, valid_loss_a_kd: 4.7997, valid_loss_v_kd: 7.9341, test_loss_a_kd: 4.6478, test_loss_v_kd: 7.3095
epoch: 13, train_loss: 0.7445, train_acc: 94.74, train_fscore: 94.74 valid_loss: 2.2597, valid_acc: 64.29, valid_fscore: 62.06,test_loss: 2.2542, test_acc: 63.91, test_fscore: 61.08, time: 1780644540.1105814
epoch: 13, train_loss_a_kd: 3.5395, train_loss_v_kd: 1.0596, valid_loss_a_kd: 4.7305, valid_loss_v_kd: 7.8254, test_loss_a_kd: 4.6245, test_loss_v_kd: 7.2252
epoch: 14, train_loss: 0.7354, train_acc: 94.92, train_fscore: 94.92 valid_loss: 2.2673, valid_acc: 64.74, valid_fscore: 62.53,test_loss: 2.2579, test_acc: 64.18, test_fscore: 61.38, time: 1780644543.7395852
epoch: 14, train_loss_a_kd: 3.5107, train_loss_v_kd: 1.0385, valid_loss_a_kd: 4.6943, valid_loss_v_kd: 7.8298, test_loss_a_kd: 4.5631, test_loss_v_kd: 7.2132
epoch: 15, train_loss: 0.7271, train_acc: 95.13, train_fscore: 95.14 valid_loss: 2.2707, valid_acc: 64.83, valid_fscore: 62.58,test_loss: 2.2477, test_acc: 64.71, test_fscore: 62.22, time: 1780644547.419589
epoch: 15, train_loss_a_kd: 3.4792, train_loss_v_kd: 1.0386, valid_loss_a_kd: 4.6036, valid_loss_v_kd: 7.829, test_loss_a_kd: 4.4642, test_loss_v_kd: 7.2143
epoch: 16, train_loss: 0.7156, train_acc: 95.44, train_fscore: 95.44 valid_loss: 2.3032, valid_acc: 64.56, valid_fscore: 62.05,test_loss: 2.2741, test_acc: 64.6, test_fscore: 61.78, time: 1780644551.102938
epoch: 16, train_loss_a_kd: 3.4464, train_loss_v_kd: 1.015, valid_loss_a_kd: 4.5309, valid_loss_v_kd: 7.6916, test_loss_a_kd: 4.4298, test_loss_v_kd: 7.1027
epoch: 17, train_loss: 0.7094, train_acc: 95.63, train_fscore: 95.62 valid_loss: 2.3148, valid_acc: 64.83, valid_fscore: 62.41,test_loss: 2.2651, test_acc: 64.52, test_fscore: 61.81, time: 1780644554.7856145
epoch: 17, train_loss_a_kd: 3.4352, train_loss_v_kd: 1.0012, valid_loss_a_kd: 4.531, valid_loss_v_kd: 7.6985, test_loss_a_kd: 4.3905, test_loss_v_kd: 7.1126
epoch: 18, train_loss: 0.7059, train_acc: 95.4, train_fscore: 95.4 valid_loss: 2.2721, valid_acc: 64.56, valid_fscore: 62.2,test_loss: 2.2498, test_acc: 64.21, test_fscore: 61.52, time: 1780644558.5260403
epoch: 18, train_loss_a_kd: 3.3906, train_loss_v_kd: 0.9862, valid_loss_a_kd: 4.5419, valid_loss_v_kd: 7.6916, test_loss_a_kd: 4.4162, test_loss_v_kd: 7.081
early stopping at epoch 18, best epoch 6, best test_acc 66.59, best test_fscore 64.89
FINAL best epoch 6: test_acc=66.59, test_fscore=64.89, composite=131.48000000000002

>>> r13_combo_strong_dropout: ensemble0.3 + dropout0.6
✓ acc=66.93 fscore=65.5 comp=132.43 Δ=+0.25

>>> r14_combo_strong_lowlr: ensemble0.3 + lr5e-5
✗ acc=66.44 fscore=65.2 comp=131.64 Δ=-0.54

>>> r15_combo_all: ensemble0.3 + dropout0.6 + lr5e-5
✓ acc=66.97 fscore=65.47 comp=132.44 Δ=+0.26

>>> r16_ensemble_035: ensemble a=0.35 v=0.35
✗ acc=66.59 fscore=64.89 comp=131.48000000000002 Δ=-0.70

Saved ./experiment_logs/summary_round2.json
  ★ r15_combo_all                acc=66.97 fscore=65.47 comp=132.44
  ★ r13_combo_strong_dropout     acc=66.93 fscore=65.50 comp=132.43
    r14_combo_strong_lowlr       acc=66.44 fscore=65.20 comp=131.64
    r16_ensemble_035             acc=66.59 fscore=64.89 comp=131.48
