total parameters: 44566293
training parameters: 44566293
fusion_mode: fixed
epoch: 0, train_loss: 2.3611, train_acc: 45.81, train_fscore: 36.45 valid_loss: 2.2179, valid_acc: 47.7, valid_fscore: 35.34,test_loss: 2.136, test_acc: 53.07, test_fscore: 41.15, time: 1780649015.936813
epoch: 0, train_loss_a_kd: 8.1712, train_loss_v_kd: 6.6675, valid_loss_a_kd: 6.3129, valid_loss_v_kd: 6.9563, test_loss_a_kd: 6.0456, test_loss_v_kd: 6.4481
done
epoch: 1, train_loss: 1.2716, train_acc: 85.82, train_fscore: 84.77 valid_loss: 2.1688, valid_acc: 67.0, valid_fscore: 66.05,test_loss: 2.1699, test_acc: 65.82, test_fscore: 64.7, time: 1780649020.4289906
epoch: 1, train_loss_a_kd: 6.9451, train_loss_v_kd: 2.7823, valid_loss_a_kd: 7.0369, valid_loss_v_kd: 8.3864, test_loss_a_kd: 6.5669, test_loss_v_kd: 7.92
done
epoch: 2, train_loss: 1.0047, train_acc: 91.08, train_fscore: 91.04 valid_loss: 2.2056, valid_acc: 67.18, valid_fscore: 66.51,test_loss: 2.2305, test_acc: 65.29, test_fscore: 64.4, time: 1780649024.944187
epoch: 2, train_loss_a_kd: 6.3201, train_loss_v_kd: 1.9265, valid_loss_a_kd: 6.7029, valid_loss_v_kd: 8.6168, test_loss_a_kd: 6.2468, test_loss_v_kd: 8.1395
epoch: 3, train_loss: 0.9492, train_acc: 91.93, train_fscore: 91.93 valid_loss: 2.2292, valid_acc: 66.82, valid_fscore: 65.87,test_loss: 2.2452, test_acc: 65.94, test_fscore: 64.73, time: 1780649028.7094097
epoch: 3, train_loss_a_kd: 5.6872, train_loss_v_kd: 1.6493, valid_loss_a_kd: 6.4867, valid_loss_v_kd: 8.6852, test_loss_a_kd: 6.0624, test_loss_v_kd: 8.16
done
epoch: 4, train_loss: 0.9207, train_acc: 92.38, train_fscore: 92.36 valid_loss: 2.2252, valid_acc: 67.45, valid_fscore: 66.76,test_loss: 2.2479, test_acc: 65.79, test_fscore: 64.88, time: 1780649033.2320256
epoch: 4, train_loss_a_kd: 5.3851, train_loss_v_kd: 1.5318, valid_loss_a_kd: 6.5082, valid_loss_v_kd: 8.8229, test_loss_a_kd: 6.1173, test_loss_v_kd: 8.2676
epoch: 5, train_loss: 0.9091, train_acc: 92.44, train_fscore: 92.43 valid_loss: 2.2175, valid_acc: 67.63, valid_fscore: 66.76,test_loss: 2.2412, test_acc: 65.86, test_fscore: 64.91, time: 1780649036.8863509
epoch: 5, train_loss_a_kd: 5.2133, train_loss_v_kd: 1.4796, valid_loss_a_kd: 6.4576, valid_loss_v_kd: 8.7951, test_loss_a_kd: 6.0769, test_loss_v_kd: 8.2625
done
epoch: 6, train_loss: 0.9016, train_acc: 92.63, train_fscore: 92.62 valid_loss: 2.2106, valid_acc: 67.0, valid_fscore: 66.26,test_loss: 2.2356, test_acc: 66.09, test_fscore: 65.1, time: 1780649041.3185139
epoch: 6, train_loss_a_kd: 5.1614, train_loss_v_kd: 1.4661, valid_loss_a_kd: 6.4608, valid_loss_v_kd: 8.8393, test_loss_a_kd: 6.0749, test_loss_v_kd: 8.2796
done
epoch: 7, train_loss: 0.8884, train_acc: 92.89, train_fscore: 92.88 valid_loss: 2.2437, valid_acc: 66.73, valid_fscore: 65.6,test_loss: 2.2519, test_acc: 66.17, test_fscore: 64.94, time: 1780649045.9989026
epoch: 7, train_loss_a_kd: 5.0423, train_loss_v_kd: 1.4445, valid_loss_a_kd: 6.3397, valid_loss_v_kd: 8.7669, test_loss_a_kd: 5.9821, test_loss_v_kd: 8.2104
epoch: 8, train_loss: 0.8898, train_acc: 92.61, train_fscore: 92.59 valid_loss: 2.2042, valid_acc: 67.45, valid_fscore: 66.48,test_loss: 2.2257, test_acc: 66.48, test_fscore: 65.29, time: 1780649049.732634
epoch: 8, train_loss_a_kd: 4.9979, train_loss_v_kd: 1.4283, valid_loss_a_kd: 6.3518, valid_loss_v_kd: 8.8262, test_loss_a_kd: 5.983, test_loss_v_kd: 8.2369
done
epoch: 9, train_loss: 0.8829, train_acc: 93.07, train_fscore: 93.05 valid_loss: 2.2046, valid_acc: 67.0, valid_fscore: 65.87,test_loss: 2.2261, test_acc: 66.44, test_fscore: 65.09, time: 1780649054.0283122
epoch: 9, train_loss_a_kd: 4.9396, train_loss_v_kd: 1.3914, valid_loss_a_kd: 6.2711, valid_loss_v_kd: 8.7526, test_loss_a_kd: 5.9282, test_loss_v_kd: 8.1728
epoch: 10, train_loss: 0.8667, train_acc: 92.88, train_fscore: 92.86 valid_loss: 2.2205, valid_acc: 67.81, valid_fscore: 66.74,test_loss: 2.2394, test_acc: 66.63, test_fscore: 65.35, time: 1780649057.7928638
epoch: 10, train_loss_a_kd: 4.9203, train_loss_v_kd: 1.3738, valid_loss_a_kd: 6.2506, valid_loss_v_kd: 8.8072, test_loss_a_kd: 5.92, test_loss_v_kd: 8.2229
done
epoch: 11, train_loss: 0.8676, train_acc: 93.2, train_fscore: 93.18 valid_loss: 2.2115, valid_acc: 67.54, valid_fscore: 66.48,test_loss: 2.2411, test_acc: 66.55, test_fscore: 65.29, time: 1780649062.169314
epoch: 11, train_loss_a_kd: 4.8491, train_loss_v_kd: 1.3695, valid_loss_a_kd: 6.2186, valid_loss_v_kd: 8.7335, test_loss_a_kd: 5.893, test_loss_v_kd: 8.168
epoch: 12, train_loss: 0.8662, train_acc: 93.13, train_fscore: 93.12 valid_loss: 2.2079, valid_acc: 67.81, valid_fscore: 66.75,test_loss: 2.2287, test_acc: 66.32, test_fscore: 64.99, time: 1780649066.1312447
epoch: 12, train_loss_a_kd: 4.793, train_loss_v_kd: 1.358, valid_loss_a_kd: 6.203, valid_loss_v_kd: 8.7834, test_loss_a_kd: 5.8774, test_loss_v_kd: 8.1975
epoch: 13, train_loss: 0.8587, train_acc: 93.12, train_fscore: 93.11 valid_loss: 2.2131, valid_acc: 67.36, valid_fscore: 66.05,test_loss: 2.2328, test_acc: 66.17, test_fscore: 64.71, time: 1780649069.833319
epoch: 13, train_loss_a_kd: 4.7743, train_loss_v_kd: 1.3324, valid_loss_a_kd: 6.1513, valid_loss_v_kd: 8.7269, test_loss_a_kd: 5.8376, test_loss_v_kd: 8.1446
epoch: 14, train_loss: 0.8576, train_acc: 93.1, train_fscore: 93.08 valid_loss: 2.2093, valid_acc: 67.81, valid_fscore: 66.67,test_loss: 2.2296, test_acc: 66.44, test_fscore: 65.16, time: 1780649073.6856072
epoch: 14, train_loss_a_kd: 4.794, train_loss_v_kd: 1.3187, valid_loss_a_kd: 6.1719, valid_loss_v_kd: 8.7839, test_loss_a_kd: 5.8595, test_loss_v_kd: 8.1868
epoch: 15, train_loss: 0.8575, train_acc: 93.22, train_fscore: 93.21 valid_loss: 2.218, valid_acc: 67.63, valid_fscore: 66.56,test_loss: 2.2321, test_acc: 66.44, test_fscore: 65.11, time: 1780649077.3319206
epoch: 15, train_loss_a_kd: 4.7511, train_loss_v_kd: 1.3358, valid_loss_a_kd: 6.1148, valid_loss_v_kd: 8.7903, test_loss_a_kd: 5.8223, test_loss_v_kd: 8.1862
epoch: 16, train_loss: 0.8546, train_acc: 93.24, train_fscore: 93.23 valid_loss: 2.2171, valid_acc: 67.81, valid_fscore: 66.6,test_loss: 2.2307, test_acc: 66.7, test_fscore: 65.36, time: 1780649081.018391
epoch: 16, train_loss_a_kd: 4.7057, train_loss_v_kd: 1.3271, valid_loss_a_kd: 6.0801, valid_loss_v_kd: 8.7567, test_loss_a_kd: 5.7785, test_loss_v_kd: 8.1574
done
epoch: 17, train_loss: 0.8416, train_acc: 93.21, train_fscore: 93.2 valid_loss: 2.2238, valid_acc: 67.54, valid_fscore: 66.35,test_loss: 2.2338, test_acc: 66.63, test_fscore: 65.26, time: 1780649085.3414142
epoch: 17, train_loss_a_kd: 4.671, train_loss_v_kd: 1.2781, valid_loss_a_kd: 6.0703, valid_loss_v_kd: 8.7362, test_loss_a_kd: 5.7648, test_loss_v_kd: 8.1358
epoch: 18, train_loss: 0.8446, train_acc: 93.31, train_fscore: 93.3 valid_loss: 2.2286, valid_acc: 67.54, valid_fscore: 66.26,test_loss: 2.2405, test_acc: 66.55, test_fscore: 65.06, time: 1780649089.1967869
epoch: 18, train_loss_a_kd: 4.6694, train_loss_v_kd: 1.3039, valid_loss_a_kd: 6.0159, valid_loss_v_kd: 8.6947, test_loss_a_kd: 5.7105, test_loss_v_kd: 8.102
epoch: 19, train_loss: 0.8361, train_acc: 93.51, train_fscore: 93.5 valid_loss: 2.2088, valid_acc: 67.72, valid_fscore: 66.53,test_loss: 2.2342, test_acc: 66.74, test_fscore: 65.4, time: 1780649092.858724
epoch: 19, train_loss_a_kd: 4.6035, train_loss_v_kd: 1.2761, valid_loss_a_kd: 6.0593, valid_loss_v_kd: 8.7209, test_loss_a_kd: 5.7537, test_loss_v_kd: 8.1218
done
epoch: 20, train_loss: 0.8391, train_acc: 93.27, train_fscore: 93.25 valid_loss: 2.2125, valid_acc: 67.72, valid_fscore: 66.48,test_loss: 2.2303, test_acc: 66.55, test_fscore: 65.16, time: 1780649097.3858736
epoch: 20, train_loss_a_kd: 4.6328, train_loss_v_kd: 1.2823, valid_loss_a_kd: 6.04, valid_loss_v_kd: 8.7138, test_loss_a_kd: 5.7396, test_loss_v_kd: 8.1123
epoch: 21, train_loss: 0.8388, train_acc: 93.38, train_fscore: 93.37 valid_loss: 2.219, valid_acc: 66.91, valid_fscore: 65.46,test_loss: 2.2295, test_acc: 66.7, test_fscore: 65.14, time: 1780649101.1539843
epoch: 21, train_loss_a_kd: 4.5858, train_loss_v_kd: 1.2897, valid_loss_a_kd: 6.0011, valid_loss_v_kd: 8.6599, test_loss_a_kd: 5.6883, test_loss_v_kd: 8.0568
epoch: 22, train_loss: 0.8349, train_acc: 93.44, train_fscore: 93.43 valid_loss: 2.2035, valid_acc: 67.54, valid_fscore: 66.3,test_loss: 2.2225, test_acc: 66.67, test_fscore: 65.28, time: 1780649104.9968917
epoch: 22, train_loss_a_kd: 4.5934, train_loss_v_kd: 1.2704, valid_loss_a_kd: 6.0311, valid_loss_v_kd: 8.6895, test_loss_a_kd: 5.7266, test_loss_v_kd: 8.0815
epoch: 23, train_loss: 0.8274, train_acc: 93.4, train_fscore: 93.39 valid_loss: 2.2062, valid_acc: 67.54, valid_fscore: 66.29,test_loss: 2.2241, test_acc: 66.63, test_fscore: 65.21, time: 1780649108.7290142
epoch: 23, train_loss_a_kd: 4.5747, train_loss_v_kd: 1.2559, valid_loss_a_kd: 6.0235, valid_loss_v_kd: 8.6949, test_loss_a_kd: 5.7236, test_loss_v_kd: 8.0852
epoch: 24, train_loss: 0.8278, train_acc: 93.58, train_fscore: 93.57 valid_loss: 2.2173, valid_acc: 67.54, valid_fscore: 66.24,test_loss: 2.2289, test_acc: 66.97, test_fscore: 65.47, time: 1780649112.566616
epoch: 24, train_loss_a_kd: 4.6089, train_loss_v_kd: 1.2556, valid_loss_a_kd: 5.9868, valid_loss_v_kd: 8.6675, test_loss_a_kd: 5.6891, test_loss_v_kd: 8.0573
done
epoch: 25, train_loss: 0.8296, train_acc: 93.26, train_fscore: 93.25 valid_loss: 2.2224, valid_acc: 67.27, valid_fscore: 65.92,test_loss: 2.2322, test_acc: 66.78, test_fscore: 65.27, time: 1780649116.9833143
epoch: 25, train_loss_a_kd: 4.5662, train_loss_v_kd: 1.2454, valid_loss_a_kd: 5.9749, valid_loss_v_kd: 8.6703, test_loss_a_kd: 5.6806, test_loss_v_kd: 8.0674
epoch: 26, train_loss: 0.8232, train_acc: 93.47, train_fscore: 93.45 valid_loss: 2.2124, valid_acc: 67.45, valid_fscore: 66.16,test_loss: 2.23, test_acc: 66.74, test_fscore: 65.28, time: 1780649120.7937653
epoch: 26, train_loss_a_kd: 4.5638, train_loss_v_kd: 1.2484, valid_loss_a_kd: 6.0065, valid_loss_v_kd: 8.6899, test_loss_a_kd: 5.7047, test_loss_v_kd: 8.0812
epoch: 27, train_loss: 0.827, train_acc: 93.4, train_fscore: 93.39 valid_loss: 2.215, valid_acc: 67.72, valid_fscore: 66.44,test_loss: 2.2273, test_acc: 66.9, test_fscore: 65.43, time: 1780649124.6877394
epoch: 27, train_loss_a_kd: 4.5758, train_loss_v_kd: 1.2417, valid_loss_a_kd: 5.9902, valid_loss_v_kd: 8.6776, test_loss_a_kd: 5.6963, test_loss_v_kd: 8.0728
epoch: 28, train_loss: 0.8215, train_acc: 93.52, train_fscore: 93.51 valid_loss: 2.2151, valid_acc: 67.54, valid_fscore: 66.26,test_loss: 2.2278, test_acc: 66.9, test_fscore: 65.42, time: 1780649128.3831854
epoch: 28, train_loss_a_kd: 4.5377, train_loss_v_kd: 1.2169, valid_loss_a_kd: 5.9892, valid_loss_v_kd: 8.6739, test_loss_a_kd: 5.6913, test_loss_v_kd: 8.0678
epoch: 29, train_loss: 0.8175, train_acc: 93.63, train_fscore: 93.62 valid_loss: 2.2153, valid_acc: 67.54, valid_fscore: 66.26,test_loss: 2.2276, test_acc: 66.86, test_fscore: 65.37, time: 1780649132.1231077
epoch: 29, train_loss_a_kd: 4.547, train_loss_v_kd: 1.2374, valid_loss_a_kd: 5.9907, valid_loss_v_kd: 8.6747, test_loss_a_kd: 5.6923, test_loss_v_kd: 8.0674
FINAL best epoch 24: test_acc=66.97, test_fscore=65.47, composite=132.44
total parameters: 44566295
training parameters: 44566295
fusion_mode: global
epoch: 0, train_loss: 2.6191, train_acc: 48.01, train_fscore: 40.08 valid_loss: 2.4692, valid_acc: 55.55, valid_fscore: 47.96,test_loss: 2.3807, test_acc: 59.89, test_fscore: 52.59, time: 1780649142.8478425
epoch: 0, train_loss_a_kd: 8.3307, train_loss_v_kd: 6.6784, valid_loss_a_kd: 6.3369, valid_loss_v_kd: 7.1025, test_loss_a_kd: 6.0788, test_loss_v_kd: 6.5949
epoch: 0, learned_weights: text=1.0, audio=0.2998, video=0.2998
done
epoch: 1, train_loss: 1.3919, train_acc: 88.24, train_fscore: 87.64 valid_loss: 2.3942, valid_acc: 67.0, valid_fscore: 66.36,test_loss: 2.4042, test_acc: 65.06, test_fscore: 64.48, time: 1780649147.6350684
epoch: 1, train_loss_a_kd: 7.0422, train_loss_v_kd: 2.7333, valid_loss_a_kd: 7.0129, valid_loss_v_kd: 8.4811, test_loss_a_kd: 6.5649, test_loss_v_kd: 8.0257
epoch: 1, learned_weights: text=1.0, audio=0.2994, video=0.2999
done
epoch: 2, train_loss: 1.1099, train_acc: 90.83, train_fscore: 90.86 valid_loss: 2.4243, valid_acc: 66.82, valid_fscore: 66.32,test_loss: 2.462, test_acc: 65.25, test_fscore: 64.76, time: 1780649152.4658043
epoch: 2, train_loss_a_kd: 6.3313, train_loss_v_kd: 1.9242, valid_loss_a_kd: 6.6719, valid_loss_v_kd: 8.663, test_loss_a_kd: 6.2717, test_loss_v_kd: 8.2054
epoch: 2, learned_weights: text=1.0, audio=0.2990, video=0.3003
done
epoch: 3, train_loss: 1.0529, train_acc: 91.81, train_fscore: 91.84 valid_loss: 2.4538, valid_acc: 66.55, valid_fscore: 65.87,test_loss: 2.4813, test_acc: 65.75, test_fscore: 64.84, time: 1780649157.4563367
epoch: 3, train_loss_a_kd: 5.7732, train_loss_v_kd: 1.6675, valid_loss_a_kd: 6.5188, valid_loss_v_kd: 8.7399, test_loss_a_kd: 6.1293, test_loss_v_kd: 8.2361
epoch: 3, learned_weights: text=1.0, audio=0.2984, video=0.3009
done
epoch: 4, train_loss: 1.0229, train_acc: 92.47, train_fscore: 92.48 valid_loss: 2.4493, valid_acc: 67.09, valid_fscore: 66.58,test_loss: 2.4849, test_acc: 65.33, test_fscore: 64.65, time: 1780649162.3261797
epoch: 4, train_loss_a_kd: 5.4913, train_loss_v_kd: 1.5537, valid_loss_a_kd: 6.5358, valid_loss_v_kd: 8.8842, test_loss_a_kd: 6.1935, test_loss_v_kd: 8.355
epoch: 4, learned_weights: text=1.0, audio=0.2977, video=0.3013
epoch: 5, train_loss: 1.011, train_acc: 92.55, train_fscore: 92.57 valid_loss: 2.4407, valid_acc: 66.73, valid_fscore: 66.19,test_loss: 2.4792, test_acc: 65.52, test_fscore: 64.82, time: 1780649166.529968
epoch: 5, train_loss_a_kd: 5.3446, train_loss_v_kd: 1.5026, valid_loss_a_kd: 6.4459, valid_loss_v_kd: 8.8578, test_loss_a_kd: 6.1278, test_loss_v_kd: 8.3563
epoch: 5, learned_weights: text=1.0, audio=0.2970, video=0.3016
epoch: 6, train_loss: 1.003, train_acc: 92.72, train_fscore: 92.74 valid_loss: 2.4345, valid_acc: 66.64, valid_fscore: 66.13,test_loss: 2.4738, test_acc: 65.67, test_fscore: 65.04, time: 1780649170.5650368
epoch: 6, train_loss_a_kd: 5.2853, train_loss_v_kd: 1.493, valid_loss_a_kd: 6.4652, valid_loss_v_kd: 8.9145, test_loss_a_kd: 6.1352, test_loss_v_kd: 8.3837
epoch: 6, learned_weights: text=1.0, audio=0.2962, video=0.3019
done
epoch: 7, train_loss: 0.9884, train_acc: 93.1, train_fscore: 93.11 valid_loss: 2.4763, valid_acc: 65.92, valid_fscore: 65.01,test_loss: 2.4958, test_acc: 65.79, test_fscore: 64.87, time: 1780649175.5597565
epoch: 7, train_loss_a_kd: 5.1834, train_loss_v_kd: 1.4721, valid_loss_a_kd: 6.365, valid_loss_v_kd: 8.861, test_loss_a_kd: 6.0621, test_loss_v_kd: 8.3245
epoch: 7, learned_weights: text=1.0, audio=0.2955, video=0.3021
epoch: 8, train_loss: 0.9907, train_acc: 92.97, train_fscore: 92.98 valid_loss: 2.4291, valid_acc: 66.46, valid_fscore: 65.79,test_loss: 2.465, test_acc: 65.94, test_fscore: 65.14, time: 1780649179.6935704
epoch: 8, train_loss_a_kd: 5.145, train_loss_v_kd: 1.4591, valid_loss_a_kd: 6.3661, valid_loss_v_kd: 8.9085, test_loss_a_kd: 6.0516, test_loss_v_kd: 8.3484
epoch: 8, learned_weights: text=1.0, audio=0.2948, video=0.3024
done
epoch: 9, train_loss: 0.9831, train_acc: 93.23, train_fscore: 93.24 valid_loss: 2.4338, valid_acc: 67.18, valid_fscore: 66.27,test_loss: 2.4695, test_acc: 65.79, test_fscore: 64.71, time: 1780649184.720304
epoch: 9, train_loss_a_kd: 5.0876, train_loss_v_kd: 1.4233, valid_loss_a_kd: 6.2755, valid_loss_v_kd: 8.8523, test_loss_a_kd: 5.9862, test_loss_v_kd: 8.2965
epoch: 9, learned_weights: text=1.0, audio=0.2941, video=0.3026
epoch: 10, train_loss: 0.9655, train_acc: 93.2, train_fscore: 93.2 valid_loss: 2.4496, valid_acc: 66.91, valid_fscore: 66.15,test_loss: 2.4832, test_acc: 65.75, test_fscore: 64.81, time: 1780649188.9072533
epoch: 10, train_loss_a_kd: 5.0617, train_loss_v_kd: 1.4037, valid_loss_a_kd: 6.2557, valid_loss_v_kd: 8.9, test_loss_a_kd: 5.9944, test_loss_v_kd: 8.3423
epoch: 10, learned_weights: text=1.0, audio=0.2934, video=0.3027
epoch: 11, train_loss: 0.9668, train_acc: 93.43, train_fscore: 93.44 valid_loss: 2.4411, valid_acc: 66.82, valid_fscore: 66.03,test_loss: 2.487, test_acc: 65.82, test_fscore: 64.9, time: 1780649193.2027082
epoch: 11, train_loss_a_kd: 5.009, train_loss_v_kd: 1.4037, valid_loss_a_kd: 6.2224, valid_loss_v_kd: 8.8431, test_loss_a_kd: 5.9643, test_loss_v_kd: 8.3018
epoch: 11, learned_weights: text=1.0, audio=0.2928, video=0.3027
epoch: 12, train_loss: 0.9655, train_acc: 93.46, train_fscore: 93.47 valid_loss: 2.4371, valid_acc: 67.0, valid_fscore: 66.14,test_loss: 2.4723, test_acc: 65.82, test_fscore: 64.84, time: 1780649197.6173704
epoch: 12, train_loss_a_kd: 4.9452, train_loss_v_kd: 1.3941, valid_loss_a_kd: 6.1978, valid_loss_v_kd: 8.8974, test_loss_a_kd: 5.9344, test_loss_v_kd: 8.3348
epoch: 12, learned_weights: text=1.0, audio=0.2922, video=0.3028
epoch: 13, train_loss: 0.9574, train_acc: 93.59, train_fscore: 93.6 valid_loss: 2.447, valid_acc: 66.46, valid_fscore: 65.32,test_loss: 2.4807, test_acc: 65.86, test_fscore: 64.69, time: 1780649201.6450317
epoch: 13, train_loss_a_kd: 4.9222, train_loss_v_kd: 1.3663, valid_loss_a_kd: 6.152, valid_loss_v_kd: 8.8334, test_loss_a_kd: 5.9034, test_loss_v_kd: 8.2775
epoch: 13, learned_weights: text=1.0, audio=0.2916, video=0.3028
epoch: 14, train_loss: 0.9564, train_acc: 93.37, train_fscore: 93.38 valid_loss: 2.4398, valid_acc: 67.09, valid_fscore: 66.2,test_loss: 2.4741, test_acc: 66.05, test_fscore: 65.13, time: 1780649205.74839
epoch: 14, train_loss_a_kd: 4.9514, train_loss_v_kd: 1.3552, valid_loss_a_kd: 6.1742, valid_loss_v_kd: 8.8964, test_loss_a_kd: 5.9234, test_loss_v_kd: 8.3241
epoch: 14, learned_weights: text=1.0, audio=0.2911, video=0.3029
done
epoch: 15, train_loss: 0.9564, train_acc: 93.49, train_fscore: 93.49 valid_loss: 2.4486, valid_acc: 67.0, valid_fscore: 66.06,test_loss: 2.4767, test_acc: 66.13, test_fscore: 65.12, time: 1780649210.84513
epoch: 15, train_loss_a_kd: 4.9057, train_loss_v_kd: 1.3724, valid_loss_a_kd: 6.1238, valid_loss_v_kd: 8.8872, test_loss_a_kd: 5.8874, test_loss_v_kd: 8.3098
epoch: 15, learned_weights: text=1.0, audio=0.2906, video=0.3029
done
epoch: 16, train_loss: 0.9526, train_acc: 93.59, train_fscore: 93.6 valid_loss: 2.4493, valid_acc: 67.45, valid_fscore: 66.4,test_loss: 2.4758, test_acc: 66.28, test_fscore: 65.21, time: 1780649215.7176635
epoch: 16, train_loss_a_kd: 4.8695, train_loss_v_kd: 1.3635, valid_loss_a_kd: 6.0929, valid_loss_v_kd: 8.8658, test_loss_a_kd: 5.8444, test_loss_v_kd: 8.2905
epoch: 16, learned_weights: text=1.0, audio=0.2902, video=0.3029
done
epoch: 17, train_loss: 0.9397, train_acc: 93.42, train_fscore: 93.42 valid_loss: 2.4572, valid_acc: 67.18, valid_fscore: 66.14,test_loss: 2.4801, test_acc: 66.13, test_fscore: 65.07, time: 1780649220.4621544
epoch: 17, train_loss_a_kd: 4.8294, train_loss_v_kd: 1.3158, valid_loss_a_kd: 6.092, valid_loss_v_kd: 8.8442, test_loss_a_kd: 5.8381, test_loss_v_kd: 8.2697
epoch: 17, learned_weights: text=1.0, audio=0.2897, video=0.3029
epoch: 18, train_loss: 0.9418, train_acc: 93.71, train_fscore: 93.72 valid_loss: 2.4659, valid_acc: 67.18, valid_fscore: 66.03,test_loss: 2.4905, test_acc: 66.21, test_fscore: 64.97, time: 1780649224.7838733
epoch: 18, train_loss_a_kd: 4.824, train_loss_v_kd: 1.3393, valid_loss_a_kd: 6.0398, valid_loss_v_kd: 8.8025, test_loss_a_kd: 5.7863, test_loss_v_kd: 8.2359
epoch: 18, learned_weights: text=1.0, audio=0.2893, video=0.3030
epoch: 19, train_loss: 0.9334, train_acc: 93.89, train_fscore: 93.91 valid_loss: 2.441, valid_acc: 67.0, valid_fscore: 65.94,test_loss: 2.4816, test_acc: 66.09, test_fscore: 65.02, time: 1780649229.060932
epoch: 19, train_loss_a_kd: 4.7665, train_loss_v_kd: 1.3155, valid_loss_a_kd: 6.0838, valid_loss_v_kd: 8.819, test_loss_a_kd: 5.8367, test_loss_v_kd: 8.25
epoch: 19, learned_weights: text=1.0, audio=0.2890, video=0.3029
epoch: 20, train_loss: 0.9369, train_acc: 93.61, train_fscore: 93.61 valid_loss: 2.4464, valid_acc: 66.82, valid_fscore: 65.73,test_loss: 2.4775, test_acc: 66.21, test_fscore: 65.08, time: 1780649233.065328
epoch: 20, train_loss_a_kd: 4.8015, train_loss_v_kd: 1.3236, valid_loss_a_kd: 6.0581, valid_loss_v_kd: 8.8218, test_loss_a_kd: 5.8123, test_loss_v_kd: 8.2449
epoch: 20, learned_weights: text=1.0, audio=0.2887, video=0.3029
epoch: 21, train_loss: 0.9364, train_acc: 93.72, train_fscore: 93.72 valid_loss: 2.4578, valid_acc: 66.91, valid_fscore: 65.67,test_loss: 2.48, test_acc: 66.4, test_fscore: 65.07, time: 1780649237.2061183
epoch: 21, train_loss_a_kd: 4.7529, train_loss_v_kd: 1.329, valid_loss_a_kd: 6.0157, valid_loss_v_kd: 8.7674, test_loss_a_kd: 5.7558, test_loss_v_kd: 8.1899
epoch: 21, learned_weights: text=1.0, audio=0.2884, video=0.3029
epoch: 22, train_loss: 0.9322, train_acc: 93.94, train_fscore: 93.94 valid_loss: 2.4373, valid_acc: 66.91, valid_fscore: 65.8,test_loss: 2.4699, test_acc: 66.25, test_fscore: 65.12, time: 1780649241.3841655
epoch: 22, train_loss_a_kd: 4.7558, train_loss_v_kd: 1.3107, valid_loss_a_kd: 6.0482, valid_loss_v_kd: 8.7928, test_loss_a_kd: 5.7986, test_loss_v_kd: 8.2119
epoch: 22, learned_weights: text=1.0, audio=0.2881, video=0.3029
epoch: 23, train_loss: 0.9245, train_acc: 93.85, train_fscore: 93.85 valid_loss: 2.4405, valid_acc: 66.73, valid_fscore: 65.61,test_loss: 2.4723, test_acc: 66.13, test_fscore: 64.97, time: 1780649245.5128174
epoch: 23, train_loss_a_kd: 4.7413, train_loss_v_kd: 1.2975, valid_loss_a_kd: 6.0335, valid_loss_v_kd: 8.7975, test_loss_a_kd: 5.7885, test_loss_v_kd: 8.2176
epoch: 23, learned_weights: text=1.0, audio=0.2879, video=0.3028
epoch: 24, train_loss: 0.9243, train_acc: 93.86, train_fscore: 93.87 valid_loss: 2.4533, valid_acc: 66.82, valid_fscore: 65.73,test_loss: 2.4774, test_acc: 66.21, test_fscore: 65.03, time: 1780649249.781804
epoch: 24, train_loss_a_kd: 4.7723, train_loss_v_kd: 1.2944, valid_loss_a_kd: 6.0116, valid_loss_v_kd: 8.7749, test_loss_a_kd: 5.7681, test_loss_v_kd: 8.1928
epoch: 24, learned_weights: text=1.0, audio=0.2877, video=0.3028
epoch: 25, train_loss: 0.9265, train_acc: 93.64, train_fscore: 93.65 valid_loss: 2.4604, valid_acc: 67.27, valid_fscore: 66.13,test_loss: 2.4816, test_acc: 66.4, test_fscore: 65.19, time: 1780649254.1657503
epoch: 25, train_loss_a_kd: 4.7338, train_loss_v_kd: 1.2872, valid_loss_a_kd: 6.0037, valid_loss_v_kd: 8.7791, test_loss_a_kd: 5.7617, test_loss_v_kd: 8.2016
epoch: 25, learned_weights: text=1.0, audio=0.2875, video=0.3028
done
epoch: 26, train_loss: 0.9192, train_acc: 93.89, train_fscore: 93.9 valid_loss: 2.4481, valid_acc: 66.91, valid_fscore: 65.84,test_loss: 2.479, test_acc: 66.02, test_fscore: 64.85, time: 1780649258.94669
epoch: 26, train_loss_a_kd: 4.7289, train_loss_v_kd: 1.2861, valid_loss_a_kd: 6.0312, valid_loss_v_kd: 8.7939, test_loss_a_kd: 5.7825, test_loss_v_kd: 8.2122
epoch: 26, learned_weights: text=1.0, audio=0.2874, video=0.3028
epoch: 27, train_loss: 0.9235, train_acc: 93.82, train_fscore: 93.84 valid_loss: 2.4513, valid_acc: 66.91, valid_fscore: 65.76,test_loss: 2.476, test_acc: 66.25, test_fscore: 65.09, time: 1780649263.13524
epoch: 27, train_loss_a_kd: 4.7424, train_loss_v_kd: 1.2797, valid_loss_a_kd: 6.0146, valid_loss_v_kd: 8.7824, test_loss_a_kd: 5.7733, test_loss_v_kd: 8.2056
epoch: 27, learned_weights: text=1.0, audio=0.2873, video=0.3027
epoch: 28, train_loss: 0.918, train_acc: 93.94, train_fscore: 93.95 valid_loss: 2.4514, valid_acc: 66.91, valid_fscore: 65.8,test_loss: 2.4768, test_acc: 66.17, test_fscore: 65.02, time: 1780649267.2288394
epoch: 28, train_loss_a_kd: 4.7033, train_loss_v_kd: 1.2575, valid_loss_a_kd: 6.0114, valid_loss_v_kd: 8.7802, test_loss_a_kd: 5.765, test_loss_v_kd: 8.2017
epoch: 28, learned_weights: text=1.0, audio=0.2873, video=0.3027
epoch: 29, train_loss: 0.9131, train_acc: 93.97, train_fscore: 93.98 valid_loss: 2.4518, valid_acc: 66.82, valid_fscore: 65.68,test_loss: 2.4765, test_acc: 66.17, test_fscore: 65.0, time: 1780649271.5390491
epoch: 29, train_loss_a_kd: 4.7103, train_loss_v_kd: 1.2761, valid_loss_a_kd: 6.0143, valid_loss_v_kd: 8.7807, test_loss_a_kd: 5.7668, test_loss_v_kd: 8.2013
epoch: 29, learned_weights: text=1.0, audio=0.2873, video=0.3027
FINAL best epoch 25: test_acc=66.4, test_fscore=65.19, composite=131.59
total parameters: 45452568
training parameters: 45452568
fusion_mode: utterance
epoch: 0, train_loss: 2.6234, train_acc: 44.48, train_fscore: 35.92 valid_loss: 2.4821, valid_acc: 50.32, valid_fscore: 39.74,test_loss: 2.386, test_acc: 55.36, test_fscore: 45.38, time: 1780649282.395155
epoch: 0, train_loss_a_kd: 8.069, train_loss_v_kd: 6.6456, valid_loss_a_kd: 6.0163, valid_loss_v_kd: 6.8625, test_loss_a_kd: 5.7679, test_loss_v_kd: 6.3815
done
epoch: 1, train_loss: 1.3988, train_acc: 86.64, train_fscore: 86.19 valid_loss: 2.4118, valid_acc: 65.37, valid_fscore: 64.58,test_loss: 2.4127, test_acc: 64.87, test_fscore: 64.19, time: 1780649287.8447638
epoch: 1, train_loss_a_kd: 6.8633, train_loss_v_kd: 2.7504, valid_loss_a_kd: 6.9676, valid_loss_v_kd: 8.4544, test_loss_a_kd: 6.5079, test_loss_v_kd: 7.9955
done
epoch: 2, train_loss: 1.097, train_acc: 94.82, train_fscore: 94.84 valid_loss: 2.5416, valid_acc: 43.46, valid_fscore: 39.28,test_loss: 2.5541, test_acc: 47.09, test_fscore: 42.99, time: 1780649293.209815
epoch: 2, train_loss_a_kd: 6.2545, train_loss_v_kd: 1.9019, valid_loss_a_kd: 6.6591, valid_loss_v_kd: 8.6641, test_loss_a_kd: 6.2332, test_loss_v_kd: 8.2114
epoch: 3, train_loss: 1.0273, train_acc: 96.93, train_fscore: 96.94 valid_loss: 2.5161, valid_acc: 45.0, valid_fscore: 40.84,test_loss: 2.5263, test_acc: 49.04, test_fscore: 45.22, time: 1780649297.8222034
epoch: 3, train_loss_a_kd: 5.7257, train_loss_v_kd: 1.6256, valid_loss_a_kd: 6.5853, valid_loss_v_kd: 8.8303, test_loss_a_kd: 6.1859, test_loss_v_kd: 8.337
epoch: 4, train_loss: 1.0024, train_acc: 97.47, train_fscore: 97.47 valid_loss: 2.5334, valid_acc: 46.26, valid_fscore: 41.8,test_loss: 2.5347, test_acc: 50.46, test_fscore: 46.39, time: 1780649302.5853128
epoch: 4, train_loss_a_kd: 5.478, train_loss_v_kd: 1.5441, valid_loss_a_kd: 6.479, valid_loss_v_kd: 8.8967, test_loss_a_kd: 6.0989, test_loss_v_kd: 8.3701
epoch: 5, train_loss: 0.9889, train_acc: 97.5, train_fscore: 97.5 valid_loss: 2.5173, valid_acc: 45.45, valid_fscore: 40.81,test_loss: 2.5375, test_acc: 49.58, test_fscore: 45.39, time: 1780649307.3011236
epoch: 5, train_loss_a_kd: 5.3028, train_loss_v_kd: 1.5037, valid_loss_a_kd: 6.4699, valid_loss_v_kd: 8.9185, test_loss_a_kd: 6.1103, test_loss_v_kd: 8.404
epoch: 6, train_loss: 0.9683, train_acc: 97.5, train_fscore: 97.5 valid_loss: 2.5314, valid_acc: 46.35, valid_fscore: 41.77,test_loss: 2.5433, test_acc: 50.0, test_fscore: 45.7, time: 1780649312.1672108
epoch: 6, train_loss_a_kd: 5.1794, train_loss_v_kd: 1.4558, valid_loss_a_kd: 6.3863, valid_loss_v_kd: 8.9431, test_loss_a_kd: 6.0541, test_loss_v_kd: 8.4232
epoch: 7, train_loss: 0.9651, train_acc: 97.71, train_fscore: 97.71 valid_loss: 2.5358, valid_acc: 45.63, valid_fscore: 40.66,test_loss: 2.5548, test_acc: 48.89, test_fscore: 44.32, time: 1780649316.717548
epoch: 7, train_loss_a_kd: 5.083, train_loss_v_kd: 1.4427, valid_loss_a_kd: 6.3909, valid_loss_v_kd: 8.9186, test_loss_a_kd: 6.0291, test_loss_v_kd: 8.3963
epoch: 8, train_loss: 0.9574, train_acc: 98.03, train_fscore: 98.03 valid_loss: 2.5415, valid_acc: 46.53, valid_fscore: 41.48,test_loss: 2.5468, test_acc: 50.0, test_fscore: 45.44, time: 1780649321.3548708
epoch: 8, train_loss_a_kd: 5.0497, train_loss_v_kd: 1.4237, valid_loss_a_kd: 6.3184, valid_loss_v_kd: 8.9375, test_loss_a_kd: 5.9767, test_loss_v_kd: 8.4076
epoch: 9, train_loss: 0.95, train_acc: 97.76, train_fscore: 97.76 valid_loss: 2.5478, valid_acc: 48.6, valid_fscore: 43.85,test_loss: 2.5505, test_acc: 51.53, test_fscore: 46.93, time: 1780649325.959353
epoch: 9, train_loss_a_kd: 4.9426, train_loss_v_kd: 1.4174, valid_loss_a_kd: 6.2609, valid_loss_v_kd: 8.8977, test_loss_a_kd: 5.9169, test_loss_v_kd: 8.3412
epoch: 10, train_loss: 0.9423, train_acc: 98.03, train_fscore: 98.03 valid_loss: 2.5586, valid_acc: 45.81, valid_fscore: 40.92,test_loss: 2.5564, test_acc: 49.69, test_fscore: 45.1, time: 1780649330.5434396
epoch: 10, train_loss_a_kd: 4.9458, train_loss_v_kd: 1.3731, valid_loss_a_kd: 6.2703, valid_loss_v_kd: 8.9257, test_loss_a_kd: 5.9469, test_loss_v_kd: 8.3702
epoch: 11, train_loss: 0.9422, train_acc: 98.05, train_fscore: 98.05 valid_loss: 2.572, valid_acc: 45.36, valid_fscore: 39.88,test_loss: 2.5606, test_acc: 49.39, test_fscore: 44.17, time: 1780649335.0574985
epoch: 11, train_loss_a_kd: 4.8985, train_loss_v_kd: 1.3718, valid_loss_a_kd: 6.2383, valid_loss_v_kd: 8.9769, test_loss_a_kd: 5.915, test_loss_v_kd: 8.393
epoch: 12, train_loss: 0.9339, train_acc: 98.02, train_fscore: 98.02 valid_loss: 2.5517, valid_acc: 45.54, valid_fscore: 40.41,test_loss: 2.5556, test_acc: 49.27, test_fscore: 44.23, time: 1780649339.8015745
epoch: 12, train_loss_a_kd: 4.8552, train_loss_v_kd: 1.3624, valid_loss_a_kd: 6.2161, valid_loss_v_kd: 8.9317, test_loss_a_kd: 5.8921, test_loss_v_kd: 8.3685
epoch: 13, train_loss: 0.9331, train_acc: 98.27, train_fscore: 98.27 valid_loss: 2.5799, valid_acc: 45.18, valid_fscore: 40.03,test_loss: 2.5665, test_acc: 49.31, test_fscore: 44.3, time: 1780649344.4896655
epoch: 13, train_loss_a_kd: 4.8308, train_loss_v_kd: 1.3496, valid_loss_a_kd: 6.1479, valid_loss_v_kd: 8.9324, test_loss_a_kd: 5.828, test_loss_v_kd: 8.3545
early stopping at epoch 13, best epoch 1, best test_acc 64.87, best test_fscore 64.19
FINAL best epoch 1: test_acc=64.87, test_fscore=64.19, composite=129.06
total parameters: 45453337
training parameters: 45453337
fusion_mode: dialogue
epoch: 0, train_loss: 2.6247, train_acc: 45.82, train_fscore: 38.02 valid_loss: 2.4567, valid_acc: 58.43, valid_fscore: 53.02,test_loss: 2.3716, test_acc: 62.38, test_fscore: 56.61, time: 1780649355.4678853
epoch: 0, train_loss_a_kd: 8.083, train_loss_v_kd: 6.6474, valid_loss_a_kd: 6.2304, valid_loss_v_kd: 7.0365, test_loss_a_kd: 5.9525, test_loss_v_kd: 6.5169
done
epoch: 1, train_loss: 1.4062, train_acc: 86.6, train_fscore: 86.38 valid_loss: 2.3827, valid_acc: 65.92, valid_fscore: 65.6,test_loss: 2.3959, test_acc: 64.29, test_fscore: 64.16, time: 1780649361.3000054
epoch: 1, train_loss_a_kd: 6.9123, train_loss_v_kd: 2.8059, valid_loss_a_kd: 6.8681, valid_loss_v_kd: 8.334, test_loss_a_kd: 6.4343, test_loss_v_kd: 7.8843
done
epoch: 2, train_loss: 1.0965, train_acc: 94.12, train_fscore: 94.13 valid_loss: 2.5056, valid_acc: 49.05, valid_fscore: 45.11,test_loss: 2.5157, test_acc: 51.72, test_fscore: 47.72, time: 1780649366.9193017
epoch: 2, train_loss_a_kd: 6.2769, train_loss_v_kd: 1.9198, valid_loss_a_kd: 6.7405, valid_loss_v_kd: 8.7648, test_loss_a_kd: 6.3327, test_loss_v_kd: 8.2955
epoch: 3, train_loss: 1.027, train_acc: 97.11, train_fscore: 97.11 valid_loss: 2.5465, valid_acc: 42.56, valid_fscore: 37.54,test_loss: 2.5629, test_acc: 47.28, test_fscore: 42.64, time: 1780649371.91612
epoch: 3, train_loss_a_kd: 5.7399, train_loss_v_kd: 1.6245, valid_loss_a_kd: 6.6525, valid_loss_v_kd: 8.9059, test_loss_a_kd: 6.2651, test_loss_v_kd: 8.4192
epoch: 4, train_loss: 0.9981, train_acc: 97.44, train_fscore: 97.45 valid_loss: 2.552, valid_acc: 44.09, valid_fscore: 38.46,test_loss: 2.5617, test_acc: 48.47, test_fscore: 43.1, time: 1780649376.8424973
epoch: 4, train_loss_a_kd: 5.4738, train_loss_v_kd: 1.5318, valid_loss_a_kd: 6.4957, valid_loss_v_kd: 8.8193, test_loss_a_kd: 6.1042, test_loss_v_kd: 8.3173
epoch: 5, train_loss: 0.9887, train_acc: 97.51, train_fscore: 97.52 valid_loss: 2.5486, valid_acc: 45.36, valid_fscore: 40.3,test_loss: 2.558, test_acc: 49.2, test_fscore: 44.3, time: 1780649381.8036783
epoch: 5, train_loss_a_kd: 5.3168, train_loss_v_kd: 1.5104, valid_loss_a_kd: 6.472, valid_loss_v_kd: 8.8665, test_loss_a_kd: 6.1079, test_loss_v_kd: 8.3665
epoch: 6, train_loss: 0.9737, train_acc: 97.74, train_fscore: 97.74 valid_loss: 2.5249, valid_acc: 45.45, valid_fscore: 40.15,test_loss: 2.5551, test_acc: 49.77, test_fscore: 44.69, time: 1780649386.7722812
epoch: 6, train_loss_a_kd: 5.1684, train_loss_v_kd: 1.4751, valid_loss_a_kd: 6.432, valid_loss_v_kd: 8.8788, test_loss_a_kd: 6.0738, test_loss_v_kd: 8.3671
epoch: 7, train_loss: 0.9699, train_acc: 97.87, train_fscore: 97.87 valid_loss: 2.5554, valid_acc: 45.9, valid_fscore: 40.68,test_loss: 2.5458, test_acc: 50.11, test_fscore: 45.25, time: 1780649391.6933694
epoch: 7, train_loss_a_kd: 5.1063, train_loss_v_kd: 1.4654, valid_loss_a_kd: 6.3688, valid_loss_v_kd: 8.8694, test_loss_a_kd: 6.0011, test_loss_v_kd: 8.3414
epoch: 8, train_loss: 0.9621, train_acc: 97.82, train_fscore: 97.82 valid_loss: 2.5478, valid_acc: 46.17, valid_fscore: 40.68,test_loss: 2.5599, test_acc: 49.62, test_fscore: 44.18, time: 1780649396.7254293
epoch: 8, train_loss_a_kd: 5.0125, train_loss_v_kd: 1.4157, valid_loss_a_kd: 6.3185, valid_loss_v_kd: 8.7778, test_loss_a_kd: 5.9565, test_loss_v_kd: 8.2629
epoch: 9, train_loss: 0.9609, train_acc: 97.85, train_fscore: 97.85 valid_loss: 2.5406, valid_acc: 46.17, valid_fscore: 40.66,test_loss: 2.552, test_acc: 50.15, test_fscore: 44.89, time: 1780649402.0264397
epoch: 9, train_loss_a_kd: 4.9526, train_loss_v_kd: 1.4336, valid_loss_a_kd: 6.3376, valid_loss_v_kd: 8.8753, test_loss_a_kd: 5.9993, test_loss_v_kd: 8.3266
epoch: 10, train_loss: 0.9519, train_acc: 97.95, train_fscore: 97.95 valid_loss: 2.5269, valid_acc: 47.88, valid_fscore: 42.64,test_loss: 2.537, test_acc: 51.76, test_fscore: 46.84, time: 1780649407.11362
epoch: 10, train_loss_a_kd: 4.909, train_loss_v_kd: 1.4045, valid_loss_a_kd: 6.2759, valid_loss_v_kd: 8.8601, test_loss_a_kd: 5.9819, test_loss_v_kd: 8.3238
epoch: 11, train_loss: 0.9432, train_acc: 97.95, train_fscore: 97.95 valid_loss: 2.5457, valid_acc: 43.64, valid_fscore: 37.92,test_loss: 2.5553, test_acc: 48.31, test_fscore: 42.82, time: 1780649412.3670151
epoch: 11, train_loss_a_kd: 4.9368, train_loss_v_kd: 1.3998, valid_loss_a_kd: 6.2825, valid_loss_v_kd: 8.8813, test_loss_a_kd: 5.9569, test_loss_v_kd: 8.3247
epoch: 12, train_loss: 0.9391, train_acc: 97.95, train_fscore: 97.95 valid_loss: 2.5372, valid_acc: 45.99, valid_fscore: 40.48,test_loss: 2.5392, test_acc: 50.27, test_fscore: 44.92, time: 1780649417.2823374
epoch: 12, train_loss_a_kd: 4.8658, train_loss_v_kd: 1.3815, valid_loss_a_kd: 6.267, valid_loss_v_kd: 8.8971, test_loss_a_kd: 5.9453, test_loss_v_kd: 8.3235
epoch: 13, train_loss: 0.9359, train_acc: 98.06, train_fscore: 98.06 valid_loss: 2.5541, valid_acc: 43.46, valid_fscore: 37.63,test_loss: 2.5522, test_acc: 48.24, test_fscore: 42.73, time: 1780649422.3646119
epoch: 13, train_loss_a_kd: 4.8045, train_loss_v_kd: 1.3603, valid_loss_a_kd: 6.2361, valid_loss_v_kd: 8.8607, test_loss_a_kd: 5.9111, test_loss_v_kd: 8.2798
early stopping at epoch 13, best epoch 1, best test_acc 64.29, best test_fscore 64.16
FINAL best epoch 1: test_acc=64.29, test_fscore=64.16, composite=128.45
total parameters: 45453337
training parameters: 45453337
fusion_mode: dialogue_attn
epoch: 0, train_loss: 2.6247, train_acc: 45.83, train_fscore: 38.0 valid_loss: 2.4568, valid_acc: 58.34, valid_fscore: 52.91,test_loss: 2.3717, test_acc: 62.34, test_fscore: 56.56, time: 1780649435.8598483
epoch: 0, train_loss_a_kd: 8.083, train_loss_v_kd: 6.6476, valid_loss_a_kd: 6.2301, valid_loss_v_kd: 7.0366, test_loss_a_kd: 5.9522, test_loss_v_kd: 6.517
done
epoch: 1, train_loss: 1.4062, train_acc: 86.58, train_fscore: 86.36 valid_loss: 2.3827, valid_acc: 65.83, valid_fscore: 65.52,test_loss: 2.396, test_acc: 64.29, test_fscore: 64.16, time: 1780649441.7524977
epoch: 1, train_loss_a_kd: 6.9121, train_loss_v_kd: 2.8061, valid_loss_a_kd: 6.8678, valid_loss_v_kd: 8.3337, test_loss_a_kd: 6.4341, test_loss_v_kd: 7.884
done
epoch: 2, train_loss: 1.0966, train_acc: 94.08, train_fscore: 94.09 valid_loss: 2.5048, valid_acc: 49.14, valid_fscore: 45.24,test_loss: 2.515, test_acc: 51.76, test_fscore: 47.73, time: 1780649447.764869
epoch: 2, train_loss_a_kd: 6.2768, train_loss_v_kd: 1.9203, valid_loss_a_kd: 6.7406, valid_loss_v_kd: 8.7645, test_loss_a_kd: 6.3327, test_loss_v_kd: 8.2951
epoch: 3, train_loss: 1.027, train_acc: 97.11, train_fscore: 97.11 valid_loss: 2.5477, valid_acc: 42.56, valid_fscore: 37.54,test_loss: 2.5643, test_acc: 47.24, test_fscore: 42.6, time: 1780649452.9868937
epoch: 3, train_loss_a_kd: 5.7398, train_loss_v_kd: 1.6246, valid_loss_a_kd: 6.6522, valid_loss_v_kd: 8.9053, test_loss_a_kd: 6.2649, test_loss_v_kd: 8.4187
epoch: 4, train_loss: 0.9981, train_acc: 97.43, train_fscore: 97.44 valid_loss: 2.5531, valid_acc: 44.09, valid_fscore: 38.38,test_loss: 2.5626, test_acc: 48.47, test_fscore: 43.11, time: 1780649458.3292103
epoch: 4, train_loss_a_kd: 5.4736, train_loss_v_kd: 1.5319, valid_loss_a_kd: 6.4961, valid_loss_v_kd: 8.8188, test_loss_a_kd: 6.1041, test_loss_v_kd: 8.3169
epoch: 5, train_loss: 0.9888, train_acc: 97.52, train_fscore: 97.53 valid_loss: 2.553, valid_acc: 44.91, valid_fscore: 39.77,test_loss: 2.5616, test_acc: 48.85, test_fscore: 43.87, time: 1780649463.5087245
epoch: 5, train_loss_a_kd: 5.3169, train_loss_v_kd: 1.5105, valid_loss_a_kd: 6.4725, valid_loss_v_kd: 8.8661, test_loss_a_kd: 6.1083, test_loss_v_kd: 8.3662
epoch: 6, train_loss: 0.9737, train_acc: 97.74, train_fscore: 97.74 valid_loss: 2.5258, valid_acc: 45.63, valid_fscore: 40.34,test_loss: 2.5557, test_acc: 49.85, test_fscore: 44.73, time: 1780649468.8047774
epoch: 6, train_loss_a_kd: 5.1686, train_loss_v_kd: 1.475, valid_loss_a_kd: 6.4326, valid_loss_v_kd: 8.8779, test_loss_a_kd: 6.074, test_loss_v_kd: 8.3668
epoch: 7, train_loss: 0.9699, train_acc: 97.88, train_fscore: 97.88 valid_loss: 2.5602, valid_acc: 45.63, valid_fscore: 40.31,test_loss: 2.5497, test_acc: 49.85, test_fscore: 44.85, time: 1780649474.0240045
epoch: 7, train_loss_a_kd: 5.1066, train_loss_v_kd: 1.4656, valid_loss_a_kd: 6.3689, valid_loss_v_kd: 8.8688, test_loss_a_kd: 6.001, test_loss_v_kd: 8.3417
epoch: 8, train_loss: 0.9621, train_acc: 97.8, train_fscore: 97.8 valid_loss: 2.5532, valid_acc: 45.36, valid_fscore: 39.68,test_loss: 2.5644, test_acc: 49.35, test_fscore: 43.88, time: 1780649479.394387
epoch: 8, train_loss_a_kd: 5.0122, train_loss_v_kd: 1.4158, valid_loss_a_kd: 6.3191, valid_loss_v_kd: 8.7765, test_loss_a_kd: 5.9568, test_loss_v_kd: 8.2626
epoch: 9, train_loss: 0.9608, train_acc: 97.85, train_fscore: 97.85 valid_loss: 2.5461, valid_acc: 45.81, valid_fscore: 40.25,test_loss: 2.5566, test_acc: 49.77, test_fscore: 44.37, time: 1780649484.667688
epoch: 9, train_loss_a_kd: 4.9529, train_loss_v_kd: 1.4337, valid_loss_a_kd: 6.3394, valid_loss_v_kd: 8.8741, test_loss_a_kd: 6.0002, test_loss_v_kd: 8.3258
epoch: 10, train_loss: 0.9519, train_acc: 97.98, train_fscore: 97.98 valid_loss: 2.5334, valid_acc: 46.98, valid_fscore: 41.53,test_loss: 2.5428, test_acc: 51.15, test_fscore: 46.03, time: 1780649489.8905544
epoch: 10, train_loss_a_kd: 4.9094, train_loss_v_kd: 1.4045, valid_loss_a_kd: 6.2771, valid_loss_v_kd: 8.8594, test_loss_a_kd: 5.9828, test_loss_v_kd: 8.3238
epoch: 11, train_loss: 0.9432, train_acc: 97.93, train_fscore: 97.93 valid_loss: 2.5499, valid_acc: 43.46, valid_fscore: 37.73,test_loss: 2.5588, test_acc: 48.24, test_fscore: 42.63, time: 1780649495.097995
epoch: 11, train_loss_a_kd: 4.9374, train_loss_v_kd: 1.3999, valid_loss_a_kd: 6.284, valid_loss_v_kd: 8.8807, test_loss_a_kd: 5.9575, test_loss_v_kd: 8.3243
epoch: 12, train_loss: 0.9391, train_acc: 97.89, train_fscore: 97.89 valid_loss: 2.5438, valid_acc: 45.36, valid_fscore: 39.74,test_loss: 2.5448, test_acc: 49.92, test_fscore: 44.48, time: 1780649500.3335798
epoch: 12, train_loss_a_kd: 4.8661, train_loss_v_kd: 1.3815, valid_loss_a_kd: 6.268, valid_loss_v_kd: 8.8965, test_loss_a_kd: 5.9461, test_loss_v_kd: 8.3227
epoch: 13, train_loss: 0.9358, train_acc: 98.05, train_fscore: 98.05 valid_loss: 2.5585, valid_acc: 43.1, valid_fscore: 37.17,test_loss: 2.5558, test_acc: 47.97, test_fscore: 42.33, time: 1780649505.4958193
epoch: 13, train_loss_a_kd: 4.8051, train_loss_v_kd: 1.3603, valid_loss_a_kd: 6.237, valid_loss_v_kd: 8.86, test_loss_a_kd: 5.9117, test_loss_v_kd: 8.2788
early stopping at epoch 13, best epoch 1, best test_acc 64.29, best test_fscore 64.16
FINAL best epoch 1: test_acc=64.29, test_fscore=64.16, composite=128.45

>>> f0_fixed: 固定权重基线
✗ acc=66.97 fscore=65.47 Δ=+0.00

>>> f1_global: 可学习全局权重+融合辅助损失
✗ acc=66.4 fscore=65.19 Δ=-0.85

>>> f2_utterance: utterance自适应+融合辅助损失
✗ acc=64.87 fscore=64.19 Δ=-3.38

>>> f3_dialogue: 对话级均值池化+融合辅助损失
✗ acc=64.29 fscore=64.16 Δ=-3.99

>>> f4_dialogue_attn: 对话级注意力池化+融合辅助损失
✗ acc=64.29 fscore=64.16 Δ=-3.99

Saved ./experiment_logs/summary_fusion.json
    f0_fixed           acc=66.97 fscore=65.47  固定权重基线
    f1_global          acc=66.40 fscore=65.19  可学习全局权重+融合辅助损失
    f2_utterance       acc=64.87 fscore=64.19  utterance自适应+融合辅助损失
    f3_dialogue        acc=64.29 fscore=64.16  对话级均值池化+融合辅助损失
    f4_dialogue_attn   acc=64.29 fscore=64.16  对话级注意力池化+融合辅助损失
