=== Round: s2_speaker_gate ===
args: {'lr': 5e-05, 'l2': 1e-06, 'batch_size': 16, 'seed': 2024, 'epochs': 30, 'dropout': 0.6, 'hidden_dim': 768, 'n_head': 8, 'temp': 2.0, 'clsNum': 7, 'train': True, 'label_smoothing': 0.05, 'kd_weight_a': 0.01, 'kd_weight_v': 0.08, 'ensemble_a': 0.3, 'ensemble_v': 0.3, 'fusion_arch': 'speaker_gate', 'fusion_mode': 'fixed', 'loss_target': 'text', 'aux_fused_weight': 0.3, 'focal_gamma': 0.0, 'patience': 12, 'min_epochs': 3, 'exp_name': 's2_speaker_gate', 'log_file': './experiment_logs/s2_speaker_gate.log'}
epoch: 0, train_loss: 2.4566, train_acc: 41.47, train_fscore: 36.62 valid_loss: 2.2459, valid_acc: 47.79, valid_fscore: 35.94,test_loss: 2.1585, test_acc: 52.57, test_fscore: 40.47, time: 1780650136.1660979
epoch: 0, train_loss_a_kd: 7.9485, train_loss_v_kd: 6.9885, valid_loss_a_kd: 5.5968, valid_loss_v_kd: 6.3474, test_loss_a_kd: 5.2868, test_loss_v_kd: 6.0682
done
epoch: 1, train_loss: 1.3109, train_acc: 84.0, train_fscore: 82.94 valid_loss: 2.2743, valid_acc: 66.55, valid_fscore: 65.75,test_loss: 2.3183, test_acc: 64.9, test_fscore: 64.13, time: 1780650140.92568
epoch: 1, train_loss_a_kd: 6.469, train_loss_v_kd: 2.7933, valid_loss_a_kd: 6.7135, valid_loss_v_kd: 8.2532, test_loss_a_kd: 6.2569, test_loss_v_kd: 7.851
done
epoch: 2, train_loss: 0.9874, train_acc: 91.01, train_fscore: 90.99 valid_loss: 2.3657, valid_acc: 66.55, valid_fscore: 66.02,test_loss: 2.421, test_acc: 65.48, test_fscore: 64.89, time: 1780650145.5447166
epoch: 2, train_loss_a_kd: 5.7981, train_loss_v_kd: 1.8143, valid_loss_a_kd: 6.5745, valid_loss_v_kd: 8.6609, test_loss_a_kd: 6.1663, test_loss_v_kd: 8.1709
done
epoch: 3, train_loss: 0.9362, train_acc: 91.89, train_fscore: 91.87 valid_loss: 2.3703, valid_acc: 66.28, valid_fscore: 65.72,test_loss: 2.4226, test_acc: 65.33, test_fscore: 64.69, time: 1780650150.293977
epoch: 3, train_loss_a_kd: 5.2748, train_loss_v_kd: 1.5956, valid_loss_a_kd: 6.548, valid_loss_v_kd: 8.8417, test_loss_a_kd: 6.1704, test_loss_v_kd: 8.3066
epoch: 4, train_loss: 0.9081, train_acc: 92.15, train_fscore: 92.12 valid_loss: 2.394, valid_acc: 66.82, valid_fscore: 66.05,test_loss: 2.4422, test_acc: 65.63, test_fscore: 64.74, time: 1780650154.4290597
epoch: 4, train_loss_a_kd: 5.1091, train_loss_v_kd: 1.4775, valid_loss_a_kd: 6.4913, valid_loss_v_kd: 8.8628, test_loss_a_kd: 6.0925, test_loss_v_kd: 8.2877
epoch: 5, train_loss: 0.8952, train_acc: 92.65, train_fscore: 92.63 valid_loss: 2.3762, valid_acc: 66.46, valid_fscore: 65.86,test_loss: 2.4155, test_acc: 65.63, test_fscore: 64.95, time: 1780650158.9214847
epoch: 5, train_loss_a_kd: 4.9799, train_loss_v_kd: 1.4552, valid_loss_a_kd: 6.4588, valid_loss_v_kd: 8.9751, test_loss_a_kd: 6.0814, test_loss_v_kd: 8.3911
done
epoch: 6, train_loss: 0.8825, train_acc: 92.86, train_fscore: 92.84 valid_loss: 2.366, valid_acc: 66.73, valid_fscore: 65.97,test_loss: 2.3988, test_acc: 65.79, test_fscore: 64.92, time: 1780650163.8490746
epoch: 6, train_loss_a_kd: 4.8786, train_loss_v_kd: 1.4034, valid_loss_a_kd: 6.4151, valid_loss_v_kd: 9.014, test_loss_a_kd: 6.0485, test_loss_v_kd: 8.3937
done
epoch: 7, train_loss: 0.8749, train_acc: 92.81, train_fscore: 92.78 valid_loss: 2.3472, valid_acc: 66.73, valid_fscore: 66.16,test_loss: 2.3787, test_acc: 66.13, test_fscore: 65.42, time: 1780650168.815334
epoch: 7, train_loss_a_kd: 4.786, train_loss_v_kd: 1.3814, valid_loss_a_kd: 6.3377, valid_loss_v_kd: 9.0396, test_loss_a_kd: 5.9894, test_loss_v_kd: 8.4104
done
epoch: 8, train_loss: 0.8743, train_acc: 92.83, train_fscore: 92.81 valid_loss: 2.3556, valid_acc: 67.09, valid_fscore: 66.18,test_loss: 2.3824, test_acc: 66.09, test_fscore: 65.09, time: 1780650173.5841622
epoch: 8, train_loss_a_kd: 4.6607, train_loss_v_kd: 1.3859, valid_loss_a_kd: 6.2146, valid_loss_v_kd: 8.9489, test_loss_a_kd: 5.8779, test_loss_v_kd: 8.332
epoch: 9, train_loss: 0.8635, train_acc: 92.99, train_fscore: 92.96 valid_loss: 2.3754, valid_acc: 67.09, valid_fscore: 66.23,test_loss: 2.403, test_acc: 65.82, test_fscore: 64.89, time: 1780650177.5719326
epoch: 9, train_loss_a_kd: 4.6452, train_loss_v_kd: 1.3341, valid_loss_a_kd: 6.2158, valid_loss_v_kd: 9.0018, test_loss_a_kd: 5.8535, test_loss_v_kd: 8.3765
epoch: 10, train_loss: 0.858, train_acc: 93.04, train_fscore: 93.02 valid_loss: 2.3508, valid_acc: 67.72, valid_fscore: 66.87,test_loss: 2.3928, test_acc: 66.02, test_fscore: 65.13, time: 1780650181.6714895
epoch: 10, train_loss_a_kd: 4.5999, train_loss_v_kd: 1.3343, valid_loss_a_kd: 6.1255, valid_loss_v_kd: 8.9542, test_loss_a_kd: 5.7963, test_loss_v_kd: 8.324
epoch: 11, train_loss: 0.8474, train_acc: 93.13, train_fscore: 93.11 valid_loss: 2.3605, valid_acc: 67.18, valid_fscore: 66.25,test_loss: 2.3927, test_acc: 66.05, test_fscore: 65.1, time: 1780650185.5063262
epoch: 11, train_loss_a_kd: 4.5376, train_loss_v_kd: 1.2979, valid_loss_a_kd: 6.0881, valid_loss_v_kd: 8.927, test_loss_a_kd: 5.7497, test_loss_v_kd: 8.2985
epoch: 12, train_loss: 0.8484, train_acc: 93.23, train_fscore: 93.2 valid_loss: 2.3371, valid_acc: 66.82, valid_fscore: 66.06,test_loss: 2.3715, test_acc: 65.98, test_fscore: 65.08, time: 1780650189.5183983
epoch: 12, train_loss_a_kd: 4.5348, train_loss_v_kd: 1.2937, valid_loss_a_kd: 6.0595, valid_loss_v_kd: 8.9601, test_loss_a_kd: 5.7273, test_loss_v_kd: 8.308
epoch: 13, train_loss: 0.8397, train_acc: 93.31, train_fscore: 93.29 valid_loss: 2.3333, valid_acc: 67.0, valid_fscore: 66.26,test_loss: 2.3644, test_acc: 66.13, test_fscore: 65.28, time: 1780650193.3994505
epoch: 13, train_loss_a_kd: 4.4338, train_loss_v_kd: 1.2605, valid_loss_a_kd: 6.0168, valid_loss_v_kd: 8.9386, test_loss_a_kd: 5.6923, test_loss_v_kd: 8.3217
epoch: 14, train_loss: 0.8305, train_acc: 93.13, train_fscore: 93.1 valid_loss: 2.3285, valid_acc: 67.0, valid_fscore: 66.2,test_loss: 2.3667, test_acc: 66.32, test_fscore: 65.38, time: 1780650197.3736188
epoch: 14, train_loss_a_kd: 4.4237, train_loss_v_kd: 1.2537, valid_loss_a_kd: 5.9566, valid_loss_v_kd: 8.9126, test_loss_a_kd: 5.6218, test_loss_v_kd: 8.2695
done
epoch: 15, train_loss: 0.8321, train_acc: 93.36, train_fscore: 93.35 valid_loss: 2.3323, valid_acc: 67.36, valid_fscore: 66.4,test_loss: 2.3661, test_acc: 66.36, test_fscore: 65.26, time: 1780650202.0195646
epoch: 15, train_loss_a_kd: 4.3855, train_loss_v_kd: 1.25, valid_loss_a_kd: 5.8581, valid_loss_v_kd: 8.8856, test_loss_a_kd: 5.5316, test_loss_v_kd: 8.2379
epoch: 16, train_loss: 0.8254, train_acc: 93.25, train_fscore: 93.23 valid_loss: 2.3456, valid_acc: 67.09, valid_fscore: 66.18,test_loss: 2.3686, test_acc: 66.28, test_fscore: 65.23, time: 1780650205.9658952
epoch: 16, train_loss_a_kd: 4.3333, train_loss_v_kd: 1.2337, valid_loss_a_kd: 5.7974, valid_loss_v_kd: 8.8824, test_loss_a_kd: 5.4823, test_loss_v_kd: 8.2428
epoch: 17, train_loss: 0.8189, train_acc: 93.35, train_fscore: 93.33 valid_loss: 2.3432, valid_acc: 67.36, valid_fscore: 66.27,test_loss: 2.363, test_acc: 66.4, test_fscore: 65.25, time: 1780650209.933518
epoch: 17, train_loss_a_kd: 4.336, train_loss_v_kd: 1.2102, valid_loss_a_kd: 5.7536, valid_loss_v_kd: 8.861, test_loss_a_kd: 5.4322, test_loss_v_kd: 8.2075
epoch: 18, train_loss: 0.818, train_acc: 93.28, train_fscore: 93.27 valid_loss: 2.3251, valid_acc: 67.45, valid_fscore: 66.56,test_loss: 2.3636, test_acc: 66.17, test_fscore: 65.17, time: 1780650214.0159886
epoch: 18, train_loss_a_kd: 4.291, train_loss_v_kd: 1.2047, valid_loss_a_kd: 5.7553, valid_loss_v_kd: 8.903, test_loss_a_kd: 5.4503, test_loss_v_kd: 8.2288
epoch: 19, train_loss: 0.813, train_acc: 93.47, train_fscore: 93.45 valid_loss: 2.355, valid_acc: 66.82, valid_fscore: 65.95,test_loss: 2.3782, test_acc: 66.17, test_fscore: 65.16, time: 1780650218.127702
epoch: 19, train_loss_a_kd: 4.2559, train_loss_v_kd: 1.1928, valid_loss_a_kd: 5.7184, valid_loss_v_kd: 8.9023, test_loss_a_kd: 5.4021, test_loss_v_kd: 8.2493
epoch: 20, train_loss: 0.8162, train_acc: 93.35, train_fscore: 93.34 valid_loss: 2.3302, valid_acc: 67.18, valid_fscore: 66.29,test_loss: 2.3629, test_acc: 66.05, test_fscore: 65.01, time: 1780650222.0393677
epoch: 20, train_loss_a_kd: 4.2646, train_loss_v_kd: 1.2015, valid_loss_a_kd: 5.6693, valid_loss_v_kd: 8.8359, test_loss_a_kd: 5.3702, test_loss_v_kd: 8.1878
epoch: 21, train_loss: 0.8092, train_acc: 93.43, train_fscore: 93.41 valid_loss: 2.3215, valid_acc: 67.18, valid_fscore: 66.3,test_loss: 2.3584, test_acc: 66.05, test_fscore: 65.05, time: 1780650226.1222003
epoch: 21, train_loss_a_kd: 4.2163, train_loss_v_kd: 1.1686, valid_loss_a_kd: 5.6701, valid_loss_v_kd: 8.8503, test_loss_a_kd: 5.3627, test_loss_v_kd: 8.1944
epoch: 22, train_loss: 0.8033, train_acc: 93.54, train_fscore: 93.53 valid_loss: 2.3273, valid_acc: 67.27, valid_fscore: 66.46,test_loss: 2.3591, test_acc: 66.09, test_fscore: 65.14, time: 1780650230.0958884
epoch: 22, train_loss_a_kd: 4.1995, train_loss_v_kd: 1.1596, valid_loss_a_kd: 5.6345, valid_loss_v_kd: 8.8447, test_loss_a_kd: 5.332, test_loss_v_kd: 8.2006
epoch: 23, train_loss: 0.8031, train_acc: 93.45, train_fscore: 93.43 valid_loss: 2.3309, valid_acc: 67.36, valid_fscore: 66.51,test_loss: 2.362, test_acc: 66.17, test_fscore: 65.17, time: 1780650234.0412793
epoch: 23, train_loss_a_kd: 4.1811, train_loss_v_kd: 1.1684, valid_loss_a_kd: 5.5939, valid_loss_v_kd: 8.8585, test_loss_a_kd: 5.3009, test_loss_v_kd: 8.2019
epoch: 24, train_loss: 0.7967, train_acc: 93.48, train_fscore: 93.46 valid_loss: 2.3217, valid_acc: 67.18, valid_fscore: 66.34,test_loss: 2.3569, test_acc: 65.94, test_fscore: 64.96, time: 1780650237.9936743
epoch: 24, train_loss_a_kd: 4.2228, train_loss_v_kd: 1.132, valid_loss_a_kd: 5.5903, valid_loss_v_kd: 8.8499, test_loss_a_kd: 5.2983, test_loss_v_kd: 8.1922
epoch: 25, train_loss: 0.7984, train_acc: 93.52, train_fscore: 93.5 valid_loss: 2.3247, valid_acc: 67.18, valid_fscore: 66.34,test_loss: 2.3573, test_acc: 66.05, test_fscore: 65.08, time: 1780650241.9270372
epoch: 25, train_loss_a_kd: 4.1342, train_loss_v_kd: 1.149, valid_loss_a_kd: 5.5715, valid_loss_v_kd: 8.8521, test_loss_a_kd: 5.2777, test_loss_v_kd: 8.1983
epoch: 26, train_loss: 0.7971, train_acc: 93.54, train_fscore: 93.53 valid_loss: 2.3264, valid_acc: 67.09, valid_fscore: 66.26,test_loss: 2.3588, test_acc: 66.17, test_fscore: 65.2, time: 1780650246.0388086
epoch: 26, train_loss_a_kd: 4.174, train_loss_v_kd: 1.1564, valid_loss_a_kd: 5.553, valid_loss_v_kd: 8.8404, test_loss_a_kd: 5.2639, test_loss_v_kd: 8.1837
early stopping at epoch 26, best epoch 14, best test_acc 66.32, best test_fscore 65.38
FINAL best epoch 14: test_acc=66.32, test_fscore=65.38, composite=131.7
