=== Round: s6_residual_attn ===
args: {'lr': 5e-05, 'l2': 1e-06, 'batch_size': 16, 'seed': 2024, 'epochs': 30, 'dropout': 0.6, 'hidden_dim': 768, 'n_head': 8, 'temp': 2.0, 'clsNum': 7, 'train': True, 'label_smoothing': 0.05, 'kd_weight_a': 0.01, 'kd_weight_v': 0.08, 'ensemble_a': 0.3, 'ensemble_v': 0.3, 'fusion_arch': 'residual_attn', 'fusion_mode': 'fixed', 'loss_target': 'text', 'aux_fused_weight': 0.3, 'focal_gamma': 0.0, 'modality_drop': 0.0, 'patience': 12, 'min_epochs': 3, 'exp_name': 's6_residual_attn', 'log_file': './experiment_logs/s6_residual_attn.log'}
epoch: 0, train_loss: 2.3503, train_acc: 49.46, train_fscore: 46.88 valid_loss: 2.4705, valid_acc: 63.48, valid_fscore: 60.13,test_loss: 2.4293, test_acc: 65.56, test_fscore: 62.22, time: 1780650696.5130992
epoch: 0, train_loss_a_kd: 9.0743, train_loss_v_kd: 7.2673, valid_loss_a_kd: 7.2258, valid_loss_v_kd: 7.6248, test_loss_a_kd: 7.0474, test_loss_v_kd: 7.147
done
epoch: 1, train_loss: 1.2078, train_acc: 88.2, train_fscore: 87.88 valid_loss: 2.922, valid_acc: 65.73, valid_fscore: 65.4,test_loss: 3.0132, test_acc: 64.64, test_fscore: 64.44, time: 1780650701.2298746
epoch: 1, train_loss_a_kd: 7.3585, train_loss_v_kd: 3.0034, valid_loss_a_kd: 7.1151, valid_loss_v_kd: 8.399, test_loss_a_kd: 6.8214, test_loss_v_kd: 8.0085
done
epoch: 2, train_loss: 1.0159, train_acc: 90.92, train_fscore: 90.88 valid_loss: 2.8671, valid_acc: 64.83, valid_fscore: 64.83,test_loss: 2.9677, test_acc: 64.37, test_fscore: 64.45, time: 1780650706.0049381
epoch: 2, train_loss_a_kd: 6.5057, train_loss_v_kd: 1.9938, valid_loss_a_kd: 6.9225, valid_loss_v_kd: 8.705, test_loss_a_kd: 6.5992, test_loss_v_kd: 8.2404
epoch: 3, train_loss: 0.9622, train_acc: 91.48, train_fscore: 91.47 valid_loss: 2.7815, valid_acc: 66.01, valid_fscore: 65.62,test_loss: 2.864, test_acc: 65.33, test_fscore: 64.92, time: 1780650709.9326909
epoch: 3, train_loss_a_kd: 5.8549, train_loss_v_kd: 1.7304, valid_loss_a_kd: 6.6654, valid_loss_v_kd: 8.7303, test_loss_a_kd: 6.3452, test_loss_v_kd: 8.2306
done
epoch: 4, train_loss: 0.934, train_acc: 92.28, train_fscore: 92.27 valid_loss: 2.7299, valid_acc: 66.37, valid_fscore: 65.94,test_loss: 2.7885, test_acc: 65.52, test_fscore: 65.05, time: 1780650714.6242476
epoch: 4, train_loss_a_kd: 5.5435, train_loss_v_kd: 1.6195, valid_loss_a_kd: 6.5761, valid_loss_v_kd: 8.7522, test_loss_a_kd: 6.2628, test_loss_v_kd: 8.2511
done
epoch: 5, train_loss: 0.9207, train_acc: 92.04, train_fscore: 92.02 valid_loss: 2.6922, valid_acc: 66.64, valid_fscore: 65.95,test_loss: 2.7437, test_acc: 66.21, test_fscore: 65.4, time: 1780650719.4117658
epoch: 5, train_loss_a_kd: 5.3956, train_loss_v_kd: 1.5481, valid_loss_a_kd: 6.4901, valid_loss_v_kd: 8.7442, test_loss_a_kd: 6.1521, test_loss_v_kd: 8.2233
done
epoch: 6, train_loss: 0.9125, train_acc: 92.38, train_fscore: 92.36 valid_loss: 2.6021, valid_acc: 66.55, valid_fscore: 65.86,test_loss: 2.6519, test_acc: 65.94, test_fscore: 65.13, time: 1780650724.1831293
epoch: 6, train_loss_a_kd: 5.2307, train_loss_v_kd: 1.529, valid_loss_a_kd: 6.4733, valid_loss_v_kd: 8.7863, test_loss_a_kd: 6.1229, test_loss_v_kd: 8.2454
epoch: 7, train_loss: 0.901, train_acc: 92.9, train_fscore: 92.89 valid_loss: 2.5453, valid_acc: 66.55, valid_fscore: 65.7,test_loss: 2.5857, test_acc: 66.05, test_fscore: 65.2, time: 1780650728.284236
epoch: 7, train_loss_a_kd: 5.1689, train_loss_v_kd: 1.4762, valid_loss_a_kd: 6.4528, valid_loss_v_kd: 8.8179, test_loss_a_kd: 6.1037, test_loss_v_kd: 8.2655
epoch: 8, train_loss: 0.8835, train_acc: 92.98, train_fscore: 92.95 valid_loss: 2.5089, valid_acc: 66.91, valid_fscore: 65.92,test_loss: 2.5521, test_acc: 65.98, test_fscore: 65.04, time: 1780650732.283137
epoch: 8, train_loss_a_kd: 5.099, train_loss_v_kd: 1.4375, valid_loss_a_kd: 6.4774, valid_loss_v_kd: 8.8231, test_loss_a_kd: 6.1342, test_loss_v_kd: 8.2625
epoch: 9, train_loss: 0.8819, train_acc: 92.99, train_fscore: 92.97 valid_loss: 2.5037, valid_acc: 66.82, valid_fscore: 65.87,test_loss: 2.5528, test_acc: 66.02, test_fscore: 65.06, time: 1780650736.1840808
epoch: 9, train_loss_a_kd: 5.0605, train_loss_v_kd: 1.4331, valid_loss_a_kd: 6.3837, valid_loss_v_kd: 8.801, test_loss_a_kd: 6.0548, test_loss_v_kd: 8.2349
epoch: 10, train_loss: 0.8774, train_acc: 92.95, train_fscore: 92.92 valid_loss: 2.4871, valid_acc: 66.55, valid_fscore: 65.81,test_loss: 2.5267, test_acc: 65.71, test_fscore: 64.94, time: 1780650740.1687298
epoch: 10, train_loss_a_kd: 4.9799, train_loss_v_kd: 1.3996, valid_loss_a_kd: 6.4016, valid_loss_v_kd: 8.8817, test_loss_a_kd: 6.0716, test_loss_v_kd: 8.2981
epoch: 11, train_loss: 0.8672, train_acc: 93.04, train_fscore: 93.01 valid_loss: 2.4754, valid_acc: 66.64, valid_fscore: 65.77,test_loss: 2.5057, test_acc: 65.79, test_fscore: 64.87, time: 1780650744.107008
epoch: 11, train_loss_a_kd: 4.9194, train_loss_v_kd: 1.3888, valid_loss_a_kd: 6.3929, valid_loss_v_kd: 8.8942, test_loss_a_kd: 6.0606, test_loss_v_kd: 8.2888
epoch: 12, train_loss: 0.8617, train_acc: 93.01, train_fscore: 92.99 valid_loss: 2.4843, valid_acc: 67.27, valid_fscore: 66.26,test_loss: 2.5162, test_acc: 66.17, test_fscore: 65.13, time: 1780650748.1350644
epoch: 12, train_loss_a_kd: 4.8968, train_loss_v_kd: 1.353, valid_loss_a_kd: 6.3007, valid_loss_v_kd: 8.8299, test_loss_a_kd: 5.9858, test_loss_v_kd: 8.2324
epoch: 13, train_loss: 0.86, train_acc: 93.09, train_fscore: 93.07 valid_loss: 2.479, valid_acc: 66.82, valid_fscore: 65.82,test_loss: 2.5025, test_acc: 66.13, test_fscore: 65.08, time: 1780650752.2121964
epoch: 13, train_loss_a_kd: 4.8512, train_loss_v_kd: 1.3457, valid_loss_a_kd: 6.2977, valid_loss_v_kd: 8.8047, test_loss_a_kd: 5.9812, test_loss_v_kd: 8.2349
epoch: 14, train_loss: 0.853, train_acc: 93.37, train_fscore: 93.35 valid_loss: 2.4598, valid_acc: 67.09, valid_fscore: 66.24,test_loss: 2.4957, test_acc: 65.75, test_fscore: 64.86, time: 1780650756.1352966
epoch: 14, train_loss_a_kd: 4.8378, train_loss_v_kd: 1.3261, valid_loss_a_kd: 6.3264, valid_loss_v_kd: 8.8776, test_loss_a_kd: 6.018, test_loss_v_kd: 8.2841
epoch: 15, train_loss: 0.8475, train_acc: 93.22, train_fscore: 93.2 valid_loss: 2.451, valid_acc: 66.82, valid_fscore: 65.75,test_loss: 2.4813, test_acc: 66.48, test_fscore: 65.35, time: 1780650760.0683303
epoch: 15, train_loss_a_kd: 4.76, train_loss_v_kd: 1.3186, valid_loss_a_kd: 6.2445, valid_loss_v_kd: 8.805, test_loss_a_kd: 5.9306, test_loss_v_kd: 8.2046
done
epoch: 16, train_loss: 0.8481, train_acc: 93.28, train_fscore: 93.26 valid_loss: 2.4423, valid_acc: 67.0, valid_fscore: 65.93,test_loss: 2.4719, test_acc: 66.32, test_fscore: 65.2, time: 1780650764.845405
epoch: 16, train_loss_a_kd: 4.7621, train_loss_v_kd: 1.3063, valid_loss_a_kd: 6.2421, valid_loss_v_kd: 8.8072, test_loss_a_kd: 5.9188, test_loss_v_kd: 8.1934
epoch: 17, train_loss: 0.8409, train_acc: 93.29, train_fscore: 93.27 valid_loss: 2.4371, valid_acc: 67.27, valid_fscore: 66.25,test_loss: 2.4771, test_acc: 66.05, test_fscore: 65.01, time: 1780650768.9746468
epoch: 17, train_loss_a_kd: 4.7581, train_loss_v_kd: 1.3007, valid_loss_a_kd: 6.2475, valid_loss_v_kd: 8.8003, test_loss_a_kd: 5.9308, test_loss_v_kd: 8.1992
epoch: 18, train_loss: 0.8398, train_acc: 93.37, train_fscore: 93.36 valid_loss: 2.4686, valid_acc: 66.37, valid_fscore: 65.31,test_loss: 2.4992, test_acc: 66.36, test_fscore: 65.14, time: 1780650772.9584877
epoch: 18, train_loss_a_kd: 4.7586, train_loss_v_kd: 1.3039, valid_loss_a_kd: 6.1816, valid_loss_v_kd: 8.7802, test_loss_a_kd: 5.8718, test_loss_v_kd: 8.1748
epoch: 19, train_loss: 0.8431, train_acc: 93.46, train_fscore: 93.45 valid_loss: 2.4525, valid_acc: 67.27, valid_fscore: 66.16,test_loss: 2.4797, test_acc: 66.74, test_fscore: 65.53, time: 1780650776.9265094
epoch: 19, train_loss_a_kd: 4.7207, train_loss_v_kd: 1.3118, valid_loss_a_kd: 6.1815, valid_loss_v_kd: 8.7562, test_loss_a_kd: 5.8671, test_loss_v_kd: 8.1582
done
epoch: 20, train_loss: 0.8333, train_acc: 93.53, train_fscore: 93.51 valid_loss: 2.4628, valid_acc: 66.64, valid_fscore: 65.53,test_loss: 2.4793, test_acc: 66.21, test_fscore: 65.07, time: 1780650781.7950904
epoch: 20, train_loss_a_kd: 4.6868, train_loss_v_kd: 1.2769, valid_loss_a_kd: 6.176, valid_loss_v_kd: 8.7982, test_loss_a_kd: 5.8761, test_loss_v_kd: 8.1862
epoch: 21, train_loss: 0.8332, train_acc: 93.53, train_fscore: 93.52 valid_loss: 2.4512, valid_acc: 67.27, valid_fscore: 66.19,test_loss: 2.4751, test_acc: 66.48, test_fscore: 65.35, time: 1780650785.8584466
epoch: 21, train_loss_a_kd: 4.6884, train_loss_v_kd: 1.283, valid_loss_a_kd: 6.1669, valid_loss_v_kd: 8.772, test_loss_a_kd: 5.8708, test_loss_v_kd: 8.1658
epoch: 22, train_loss: 0.831, train_acc: 93.44, train_fscore: 93.42 valid_loss: 2.4558, valid_acc: 66.73, valid_fscore: 65.56,test_loss: 2.4741, test_acc: 66.67, test_fscore: 65.43, time: 1780650789.780985
epoch: 22, train_loss_a_kd: 4.6778, train_loss_v_kd: 1.265, valid_loss_a_kd: 6.1532, valid_loss_v_kd: 8.7539, test_loss_a_kd: 5.8472, test_loss_v_kd: 8.1488
epoch: 23, train_loss: 0.8283, train_acc: 93.49, train_fscore: 93.47 valid_loss: 2.439, valid_acc: 66.91, valid_fscore: 65.76,test_loss: 2.4692, test_acc: 66.55, test_fscore: 65.36, time: 1780650794.0200353
epoch: 23, train_loss_a_kd: 4.6585, train_loss_v_kd: 1.2642, valid_loss_a_kd: 6.1555, valid_loss_v_kd: 8.741, test_loss_a_kd: 5.8414, test_loss_v_kd: 8.1363
epoch: 24, train_loss: 0.8239, train_acc: 93.67, train_fscore: 93.65 valid_loss: 2.4457, valid_acc: 67.09, valid_fscore: 65.89,test_loss: 2.4642, test_acc: 66.67, test_fscore: 65.41, time: 1780650798.0590978
epoch: 24, train_loss_a_kd: 4.6223, train_loss_v_kd: 1.2566, valid_loss_a_kd: 6.1294, valid_loss_v_kd: 8.744, test_loss_a_kd: 5.8311, test_loss_v_kd: 8.1361
epoch: 25, train_loss: 0.818, train_acc: 93.56, train_fscore: 93.54 valid_loss: 2.4446, valid_acc: 67.18, valid_fscore: 66.09,test_loss: 2.4717, test_acc: 66.59, test_fscore: 65.44, time: 1780650802.2495847
epoch: 25, train_loss_a_kd: 4.6505, train_loss_v_kd: 1.2369, valid_loss_a_kd: 6.1513, valid_loss_v_kd: 8.768, test_loss_a_kd: 5.8538, test_loss_v_kd: 8.1623
epoch: 26, train_loss: 0.82, train_acc: 93.59, train_fscore: 93.58 valid_loss: 2.4577, valid_acc: 66.73, valid_fscore: 65.67,test_loss: 2.4823, test_acc: 66.21, test_fscore: 65.06, time: 1780650806.3215666
epoch: 26, train_loss_a_kd: 4.642, train_loss_v_kd: 1.2372, valid_loss_a_kd: 6.1367, valid_loss_v_kd: 8.7684, test_loss_a_kd: 5.8383, test_loss_v_kd: 8.159
epoch: 27, train_loss: 0.8178, train_acc: 93.58, train_fscore: 93.57 valid_loss: 2.456, valid_acc: 67.0, valid_fscore: 65.91,test_loss: 2.4819, test_acc: 66.44, test_fscore: 65.22, time: 1780650810.2731888
epoch: 27, train_loss_a_kd: 4.6597, train_loss_v_kd: 1.2333, valid_loss_a_kd: 6.1254, valid_loss_v_kd: 8.7524, test_loss_a_kd: 5.8287, test_loss_v_kd: 8.1452
epoch: 28, train_loss: 0.8165, train_acc: 93.64, train_fscore: 93.62 valid_loss: 2.4614, valid_acc: 67.0, valid_fscore: 65.87,test_loss: 2.4864, test_acc: 66.4, test_fscore: 65.16, time: 1780650814.4376411
epoch: 28, train_loss_a_kd: 4.6283, train_loss_v_kd: 1.2398, valid_loss_a_kd: 6.1165, valid_loss_v_kd: 8.7448, test_loss_a_kd: 5.8219, test_loss_v_kd: 8.139
epoch: 29, train_loss: 0.8204, train_acc: 93.7, train_fscore: 93.68 valid_loss: 2.462, valid_acc: 66.91, valid_fscore: 65.78,test_loss: 2.4857, test_acc: 66.4, test_fscore: 65.16, time: 1780650818.463979
epoch: 29, train_loss_a_kd: 4.6545, train_loss_v_kd: 1.2583, valid_loss_a_kd: 6.1165, valid_loss_v_kd: 8.7453, test_loss_a_kd: 5.8205, test_loss_v_kd: 8.1394
FINAL best epoch 19: test_acc=66.74, test_fscore=65.53, composite=132.26999999999998
