=== Round: d3_linear_ens28 ===
args: {'lr': 5e-05, 'l2': 1e-06, 'batch_size': 16, 'seed': 2024, 'epochs': 30, 'dropout': 0.6, 'hidden_dim': 768, 'n_head': 8, 'temp': 2.0, 'clsNum': 7, 'train': True, 'label_smoothing': 0.05, 'kd_weight_a': 0.01, 'kd_weight_v': 0.08, 'ensemble_a': 0.28, 'ensemble_v': 0.32, 'fusion_arch': 'linear', 'residual_alpha': 0.1, 'fusion_mode': 'fixed', 'loss_target': 'text', 'aux_fused_weight': 0.3, 'focal_gamma': 0.0, 'modality_drop': 0.0, 'patience': 12, 'min_epochs': 3, 'exp_name': 'd3_linear_ens28', 'log_file': './experiment_logs/d3.log'}
epoch: 0, train_loss: 2.3611, train_acc: 45.94, train_fscore: 36.52 valid_loss: 2.2179, valid_acc: 47.52, valid_fscore: 35.05,test_loss: 2.136, test_acc: 52.95, test_fscore: 40.94, time: 1780653274.3976593
epoch: 0, train_loss_a_kd: 8.1712, train_loss_v_kd: 6.6675, valid_loss_a_kd: 6.3129, valid_loss_v_kd: 6.9563, test_loss_a_kd: 6.0456, test_loss_v_kd: 6.4481
done
epoch: 1, train_loss: 1.2716, train_acc: 86.06, train_fscore: 85.03 valid_loss: 2.1688, valid_acc: 67.09, valid_fscore: 66.12,test_loss: 2.1699, test_acc: 65.71, test_fscore: 64.57, time: 1780653279.0330942
epoch: 1, train_loss_a_kd: 6.9451, train_loss_v_kd: 2.7823, valid_loss_a_kd: 7.0369, valid_loss_v_kd: 8.3864, test_loss_a_kd: 6.5669, test_loss_v_kd: 7.92
done
epoch: 2, train_loss: 1.0047, train_acc: 91.21, train_fscore: 91.17 valid_loss: 2.2056, valid_acc: 66.91, valid_fscore: 66.23,test_loss: 2.2305, test_acc: 65.52, test_fscore: 64.6, time: 1780653283.8986554
epoch: 2, train_loss_a_kd: 6.3201, train_loss_v_kd: 1.9265, valid_loss_a_kd: 6.7029, valid_loss_v_kd: 8.6168, test_loss_a_kd: 6.2468, test_loss_v_kd: 8.1395
epoch: 3, train_loss: 0.9492, train_acc: 92.06, train_fscore: 92.06 valid_loss: 2.2292, valid_acc: 66.73, valid_fscore: 65.75,test_loss: 2.2452, test_acc: 66.09, test_fscore: 64.82, time: 1780653287.960586
epoch: 3, train_loss_a_kd: 5.6872, train_loss_v_kd: 1.6493, valid_loss_a_kd: 6.4867, valid_loss_v_kd: 8.6852, test_loss_a_kd: 6.0624, test_loss_v_kd: 8.16
done
epoch: 4, train_loss: 0.9207, train_acc: 92.55, train_fscore: 92.53 valid_loss: 2.2252, valid_acc: 67.27, valid_fscore: 66.55,test_loss: 2.2479, test_acc: 65.82, test_fscore: 64.86, time: 1780653292.4143968
epoch: 4, train_loss_a_kd: 5.3851, train_loss_v_kd: 1.5318, valid_loss_a_kd: 6.5082, valid_loss_v_kd: 8.8229, test_loss_a_kd: 6.1173, test_loss_v_kd: 8.2676
epoch: 5, train_loss: 0.9091, train_acc: 92.6, train_fscore: 92.6 valid_loss: 2.2175, valid_acc: 67.18, valid_fscore: 66.34,test_loss: 2.2412, test_acc: 65.9, test_fscore: 64.92, time: 1780653296.4752803
epoch: 5, train_loss_a_kd: 5.2133, train_loss_v_kd: 1.4796, valid_loss_a_kd: 6.4576, valid_loss_v_kd: 8.7951, test_loss_a_kd: 6.0769, test_loss_v_kd: 8.2625
epoch: 6, train_loss: 0.9016, train_acc: 92.83, train_fscore: 92.82 valid_loss: 2.2106, valid_acc: 67.27, valid_fscore: 66.51,test_loss: 2.2356, test_acc: 66.17, test_fscore: 65.12, time: 1780653300.454682
epoch: 6, train_loss_a_kd: 5.1614, train_loss_v_kd: 1.4661, valid_loss_a_kd: 6.4608, valid_loss_v_kd: 8.8393, test_loss_a_kd: 6.0749, test_loss_v_kd: 8.2796
done
epoch: 7, train_loss: 0.8884, train_acc: 93.06, train_fscore: 93.05 valid_loss: 2.2437, valid_acc: 66.28, valid_fscore: 65.1,test_loss: 2.2519, test_acc: 66.13, test_fscore: 64.85, time: 1780653305.4054215
epoch: 7, train_loss_a_kd: 5.0423, train_loss_v_kd: 1.4445, valid_loss_a_kd: 6.3397, valid_loss_v_kd: 8.7669, test_loss_a_kd: 5.9821, test_loss_v_kd: 8.2104
epoch: 8, train_loss: 0.8898, train_acc: 92.93, train_fscore: 92.91 valid_loss: 2.2042, valid_acc: 67.27, valid_fscore: 66.3,test_loss: 2.2257, test_acc: 66.4, test_fscore: 65.2, time: 1780653309.450911
epoch: 8, train_loss_a_kd: 4.9979, train_loss_v_kd: 1.4283, valid_loss_a_kd: 6.3518, valid_loss_v_kd: 8.8262, test_loss_a_kd: 5.983, test_loss_v_kd: 8.2369
done
epoch: 9, train_loss: 0.8829, train_acc: 93.16, train_fscore: 93.14 valid_loss: 2.2046, valid_acc: 66.91, valid_fscore: 65.76,test_loss: 2.2261, test_acc: 66.32, test_fscore: 64.95, time: 1780653314.2066061
epoch: 9, train_loss_a_kd: 4.9396, train_loss_v_kd: 1.3914, valid_loss_a_kd: 6.2711, valid_loss_v_kd: 8.7526, test_loss_a_kd: 5.9282, test_loss_v_kd: 8.1728
epoch: 10, train_loss: 0.8667, train_acc: 93.12, train_fscore: 93.1 valid_loss: 2.2205, valid_acc: 67.81, valid_fscore: 66.69,test_loss: 2.2394, test_acc: 66.67, test_fscore: 65.35, time: 1780653318.1098223
epoch: 10, train_loss_a_kd: 4.9203, train_loss_v_kd: 1.3738, valid_loss_a_kd: 6.2506, valid_loss_v_kd: 8.8072, test_loss_a_kd: 5.92, test_loss_v_kd: 8.2229
done
epoch: 11, train_loss: 0.8676, train_acc: 93.35, train_fscore: 93.33 valid_loss: 2.2115, valid_acc: 67.27, valid_fscore: 66.21,test_loss: 2.2411, test_acc: 66.36, test_fscore: 65.05, time: 1780653322.6351783
epoch: 11, train_loss_a_kd: 4.8491, train_loss_v_kd: 1.3695, valid_loss_a_kd: 6.2186, valid_loss_v_kd: 8.7335, test_loss_a_kd: 5.893, test_loss_v_kd: 8.168
epoch: 12, train_loss: 0.8662, train_acc: 93.28, train_fscore: 93.27 valid_loss: 2.2079, valid_acc: 67.54, valid_fscore: 66.41,test_loss: 2.2287, test_acc: 66.28, test_fscore: 64.92, time: 1780653326.6537309
epoch: 12, train_loss_a_kd: 4.793, train_loss_v_kd: 1.358, valid_loss_a_kd: 6.203, valid_loss_v_kd: 8.7834, test_loss_a_kd: 5.8774, test_loss_v_kd: 8.1975
epoch: 13, train_loss: 0.8587, train_acc: 93.33, train_fscore: 93.32 valid_loss: 2.2131, valid_acc: 67.36, valid_fscore: 66.03,test_loss: 2.2328, test_acc: 66.13, test_fscore: 64.63, time: 1780653330.8588593
epoch: 13, train_loss_a_kd: 4.7743, train_loss_v_kd: 1.3324, valid_loss_a_kd: 6.1513, valid_loss_v_kd: 8.7269, test_loss_a_kd: 5.8376, test_loss_v_kd: 8.1446
epoch: 14, train_loss: 0.8576, train_acc: 93.27, train_fscore: 93.25 valid_loss: 2.2093, valid_acc: 67.63, valid_fscore: 66.48,test_loss: 2.2296, test_acc: 66.44, test_fscore: 65.15, time: 1780653335.11189
epoch: 14, train_loss_a_kd: 4.794, train_loss_v_kd: 1.3187, valid_loss_a_kd: 6.1719, valid_loss_v_kd: 8.7839, test_loss_a_kd: 5.8595, test_loss_v_kd: 8.1868
epoch: 15, train_loss: 0.8575, train_acc: 93.34, train_fscore: 93.33 valid_loss: 2.218, valid_acc: 67.72, valid_fscore: 66.6,test_loss: 2.2321, test_acc: 66.48, test_fscore: 65.12, time: 1780653339.0520492
epoch: 15, train_loss_a_kd: 4.7511, train_loss_v_kd: 1.3358, valid_loss_a_kd: 6.1148, valid_loss_v_kd: 8.7903, test_loss_a_kd: 5.8223, test_loss_v_kd: 8.1862
epoch: 16, train_loss: 0.8546, train_acc: 93.43, train_fscore: 93.42 valid_loss: 2.2171, valid_acc: 67.81, valid_fscore: 66.59,test_loss: 2.2307, test_acc: 66.67, test_fscore: 65.27, time: 1780653343.0464172
epoch: 16, train_loss_a_kd: 4.7057, train_loss_v_kd: 1.3271, valid_loss_a_kd: 6.0801, valid_loss_v_kd: 8.7567, test_loss_a_kd: 5.7785, test_loss_v_kd: 8.1574
epoch: 17, train_loss: 0.8416, train_acc: 93.35, train_fscore: 93.34 valid_loss: 2.2238, valid_acc: 67.54, valid_fscore: 66.32,test_loss: 2.2338, test_acc: 66.59, test_fscore: 65.19, time: 1780653347.1884575
epoch: 17, train_loss_a_kd: 4.671, train_loss_v_kd: 1.2781, valid_loss_a_kd: 6.0703, valid_loss_v_kd: 8.7362, test_loss_a_kd: 5.7648, test_loss_v_kd: 8.1358
epoch: 18, train_loss: 0.8446, train_acc: 93.41, train_fscore: 93.41 valid_loss: 2.2286, valid_acc: 67.09, valid_fscore: 65.77,test_loss: 2.2405, test_acc: 66.82, test_fscore: 65.3, time: 1780653351.054982
epoch: 18, train_loss_a_kd: 4.6694, train_loss_v_kd: 1.3039, valid_loss_a_kd: 6.0159, valid_loss_v_kd: 8.6947, test_loss_a_kd: 5.7105, test_loss_v_kd: 8.102
done
epoch: 19, train_loss: 0.8361, train_acc: 93.64, train_fscore: 93.63 valid_loss: 2.2088, valid_acc: 67.54, valid_fscore: 66.31,test_loss: 2.2342, test_acc: 66.59, test_fscore: 65.19, time: 1780653355.7703462
epoch: 19, train_loss_a_kd: 4.6035, train_loss_v_kd: 1.2761, valid_loss_a_kd: 6.0593, valid_loss_v_kd: 8.7209, test_loss_a_kd: 5.7537, test_loss_v_kd: 8.1218
epoch: 20, train_loss: 0.8391, train_acc: 93.37, train_fscore: 93.35 valid_loss: 2.2125, valid_acc: 67.54, valid_fscore: 66.26,test_loss: 2.2303, test_acc: 66.59, test_fscore: 65.15, time: 1780653359.8111124
epoch: 20, train_loss_a_kd: 4.6328, train_loss_v_kd: 1.2823, valid_loss_a_kd: 6.04, valid_loss_v_kd: 8.7138, test_loss_a_kd: 5.7396, test_loss_v_kd: 8.1123
epoch: 21, train_loss: 0.8388, train_acc: 93.46, train_fscore: 93.45 valid_loss: 2.219, valid_acc: 66.55, valid_fscore: 65.03,test_loss: 2.2295, test_acc: 66.55, test_fscore: 64.92, time: 1780653363.8133519
epoch: 21, train_loss_a_kd: 4.5858, train_loss_v_kd: 1.2897, valid_loss_a_kd: 6.0011, valid_loss_v_kd: 8.6599, test_loss_a_kd: 5.6883, test_loss_v_kd: 8.0568
epoch: 22, train_loss: 0.8349, train_acc: 93.6, train_fscore: 93.59 valid_loss: 2.2035, valid_acc: 67.36, valid_fscore: 66.07,test_loss: 2.2225, test_acc: 66.67, test_fscore: 65.22, time: 1780653367.6667383
epoch: 22, train_loss_a_kd: 4.5934, train_loss_v_kd: 1.2704, valid_loss_a_kd: 6.0311, valid_loss_v_kd: 8.6895, test_loss_a_kd: 5.7266, test_loss_v_kd: 8.0815
epoch: 23, train_loss: 0.8274, train_acc: 93.59, train_fscore: 93.58 valid_loss: 2.2062, valid_acc: 67.27, valid_fscore: 65.99,test_loss: 2.2241, test_acc: 66.59, test_fscore: 65.09, time: 1780653371.6616328
epoch: 23, train_loss_a_kd: 4.5747, train_loss_v_kd: 1.2559, valid_loss_a_kd: 6.0235, valid_loss_v_kd: 8.6949, test_loss_a_kd: 5.7236, test_loss_v_kd: 8.0852
epoch: 24, train_loss: 0.8278, train_acc: 93.72, train_fscore: 93.71 valid_loss: 2.2173, valid_acc: 67.36, valid_fscore: 65.99,test_loss: 2.2289, test_acc: 66.78, test_fscore: 65.26, time: 1780653375.8368607
epoch: 24, train_loss_a_kd: 4.6089, train_loss_v_kd: 1.2556, valid_loss_a_kd: 5.9868, valid_loss_v_kd: 8.6675, test_loss_a_kd: 5.6891, test_loss_v_kd: 8.0573
epoch: 25, train_loss: 0.8296, train_acc: 93.46, train_fscore: 93.45 valid_loss: 2.2224, valid_acc: 67.09, valid_fscore: 65.71,test_loss: 2.2322, test_acc: 66.78, test_fscore: 65.25, time: 1780653379.8010817
epoch: 25, train_loss_a_kd: 4.5662, train_loss_v_kd: 1.2454, valid_loss_a_kd: 5.9749, valid_loss_v_kd: 8.6703, test_loss_a_kd: 5.6806, test_loss_v_kd: 8.0674
epoch: 26, train_loss: 0.8232, train_acc: 93.64, train_fscore: 93.63 valid_loss: 2.2124, valid_acc: 67.45, valid_fscore: 66.19,test_loss: 2.23, test_acc: 66.63, test_fscore: 65.1, time: 1780653383.9036663
epoch: 26, train_loss_a_kd: 4.5638, train_loss_v_kd: 1.2484, valid_loss_a_kd: 6.0065, valid_loss_v_kd: 8.6899, test_loss_a_kd: 5.7047, test_loss_v_kd: 8.0812
epoch: 27, train_loss: 0.827, train_acc: 93.59, train_fscore: 93.58 valid_loss: 2.215, valid_acc: 67.36, valid_fscore: 66.05,test_loss: 2.2273, test_acc: 66.9, test_fscore: 65.39, time: 1780653387.957956
epoch: 27, train_loss_a_kd: 4.5758, train_loss_v_kd: 1.2417, valid_loss_a_kd: 5.9902, valid_loss_v_kd: 8.6776, test_loss_a_kd: 5.6963, test_loss_v_kd: 8.0728
done
epoch: 28, train_loss: 0.8215, train_acc: 93.68, train_fscore: 93.67 valid_loss: 2.2151, valid_acc: 67.27, valid_fscore: 65.94,test_loss: 2.2278, test_acc: 66.82, test_fscore: 65.3, time: 1780653392.7691827
epoch: 28, train_loss_a_kd: 4.5377, train_loss_v_kd: 1.2169, valid_loss_a_kd: 5.9892, valid_loss_v_kd: 8.6739, test_loss_a_kd: 5.6913, test_loss_v_kd: 8.0678
epoch: 29, train_loss: 0.8175, train_acc: 93.79, train_fscore: 93.78 valid_loss: 2.2153, valid_acc: 67.36, valid_fscore: 66.03,test_loss: 2.2276, test_acc: 66.78, test_fscore: 65.25, time: 1780653396.979283
epoch: 29, train_loss_a_kd: 4.547, train_loss_v_kd: 1.2374, valid_loss_a_kd: 5.9907, valid_loss_v_kd: 8.6747, test_loss_a_kd: 5.6923, test_loss_v_kd: 8.0674
FINAL best epoch 27: test_acc=66.9, test_fscore=65.39, composite=132.29000000000002, dual_beat=False
