=== Round: d4_rescross_drop55 ===
args: {'lr': 5e-05, 'l2': 1e-06, 'batch_size': 16, 'seed': 2024, 'epochs': 30, 'dropout': 0.55, 'hidden_dim': 768, 'n_head': 8, 'temp': 2.0, 'clsNum': 7, 'train': True, 'label_smoothing': 0.05, 'kd_weight_a': 0.01, 'kd_weight_v': 0.08, 'ensemble_a': 0.3, 'ensemble_v': 0.3, 'fusion_arch': 'residual_cross', 'residual_alpha': 0.1, 'fusion_mode': 'fixed', 'loss_target': 'text', 'aux_fused_weight': 0.3, 'focal_gamma': 0.0, 'modality_drop': 0.0, 'patience': 12, 'min_epochs': 3, 'exp_name': 'd4_rescross_drop55', 'log_file': './experiment_logs/d4.log'}
epoch: 0, train_loss: 2.3906, train_acc: 42.19, train_fscore: 46.2 valid_loss: 2.4147, valid_acc: 62.58, valid_fscore: 59.81,test_loss: 2.3829, test_acc: 65.44, test_fscore: 62.42, time: 1780653423.3074
epoch: 0, train_loss_a_kd: 8.9158, train_loss_v_kd: 7.3942, valid_loss_a_kd: 7.2997, valid_loss_v_kd: 7.7881, test_loss_a_kd: 7.047, test_loss_v_kd: 7.3257
done
epoch: 1, train_loss: 1.125, train_acc: 88.94, train_fscore: 88.78 valid_loss: 2.7092, valid_acc: 65.46, valid_fscore: 65.05,test_loss: 2.791, test_acc: 65.4, test_fscore: 64.99, time: 1780653427.9555793
epoch: 1, train_loss_a_kd: 7.0765, train_loss_v_kd: 2.6791, valid_loss_a_kd: 6.8626, valid_loss_v_kd: 8.4294, test_loss_a_kd: 6.4875, test_loss_v_kd: 7.9995
done
epoch: 2, train_loss: 0.9798, train_acc: 91.18, train_fscore: 91.15 valid_loss: 2.6169, valid_acc: 65.55, valid_fscore: 65.46,test_loss: 2.7047, test_acc: 64.87, test_fscore: 64.79, time: 1780653432.94593
epoch: 2, train_loss_a_kd: 5.9069, train_loss_v_kd: 1.842, valid_loss_a_kd: 6.7203, valid_loss_v_kd: 8.7264, test_loss_a_kd: 6.3598, test_loss_v_kd: 8.2427
epoch: 3, train_loss: 0.9361, train_acc: 91.8, train_fscore: 91.78 valid_loss: 2.565, valid_acc: 65.92, valid_fscore: 65.42,test_loss: 2.6417, test_acc: 65.67, test_fscore: 65.15, time: 1780653436.679367
epoch: 3, train_loss_a_kd: 5.4368, train_loss_v_kd: 1.6223, valid_loss_a_kd: 6.4991, valid_loss_v_kd: 8.7209, test_loss_a_kd: 6.1416, test_loss_v_kd: 8.2227
done
epoch: 4, train_loss: 0.9139, train_acc: 92.32, train_fscore: 92.3 valid_loss: 2.537, valid_acc: 66.01, valid_fscore: 65.29,test_loss: 2.5819, test_acc: 65.79, test_fscore: 65.07, time: 1780653441.2741199
epoch: 4, train_loss_a_kd: 5.1603, train_loss_v_kd: 1.5257, valid_loss_a_kd: 6.3629, valid_loss_v_kd: 8.6882, test_loss_a_kd: 6.0265, test_loss_v_kd: 8.1949
done
epoch: 5, train_loss: 0.9002, train_acc: 92.46, train_fscore: 92.44 valid_loss: 2.5188, valid_acc: 66.91, valid_fscore: 66.0,test_loss: 2.5649, test_acc: 66.05, test_fscore: 65.06, time: 1780653445.948488
epoch: 5, train_loss_a_kd: 4.9789, train_loss_v_kd: 1.4605, valid_loss_a_kd: 6.3294, valid_loss_v_kd: 8.7155, test_loss_a_kd: 5.9854, test_loss_v_kd: 8.1893
done
epoch: 6, train_loss: 0.8864, train_acc: 92.65, train_fscore: 92.64 valid_loss: 2.4832, valid_acc: 66.82, valid_fscore: 65.88,test_loss: 2.5267, test_acc: 65.82, test_fscore: 64.91, time: 1780653450.76578
epoch: 6, train_loss_a_kd: 4.8686, train_loss_v_kd: 1.4435, valid_loss_a_kd: 6.2409, valid_loss_v_kd: 8.6999, test_loss_a_kd: 5.8881, test_loss_v_kd: 8.1601
epoch: 7, train_loss: 0.8738, train_acc: 92.77, train_fscore: 92.75 valid_loss: 2.4373, valid_acc: 67.27, valid_fscore: 66.42,test_loss: 2.471, test_acc: 66.02, test_fscore: 65.13, time: 1780653454.6595166
epoch: 7, train_loss_a_kd: 4.8173, train_loss_v_kd: 1.398, valid_loss_a_kd: 6.2454, valid_loss_v_kd: 8.7951, test_loss_a_kd: 5.8999, test_loss_v_kd: 8.224
done
epoch: 8, train_loss: 0.864, train_acc: 92.96, train_fscore: 92.94 valid_loss: 2.4219, valid_acc: 66.46, valid_fscore: 65.33,test_loss: 2.4645, test_acc: 66.28, test_fscore: 65.21, time: 1780653459.332392
epoch: 8, train_loss_a_kd: 4.7549, train_loss_v_kd: 1.3698, valid_loss_a_kd: 6.182, valid_loss_v_kd: 8.7176, test_loss_a_kd: 5.8573, test_loss_v_kd: 8.1545
done
epoch: 9, train_loss: 0.857, train_acc: 93.16, train_fscore: 93.14 valid_loss: 2.4099, valid_acc: 67.0, valid_fscore: 65.94,test_loss: 2.4597, test_acc: 66.28, test_fscore: 65.02, time: 1780653464.0777547
epoch: 9, train_loss_a_kd: 4.6712, train_loss_v_kd: 1.3418, valid_loss_a_kd: 6.0894, valid_loss_v_kd: 8.6587, test_loss_a_kd: 5.7856, test_loss_v_kd: 8.0935
epoch: 10, train_loss: 0.8494, train_acc: 93.08, train_fscore: 93.07 valid_loss: 2.4074, valid_acc: 66.01, valid_fscore: 65.26,test_loss: 2.4549, test_acc: 65.86, test_fscore: 64.99, time: 1780653467.8166084
epoch: 10, train_loss_a_kd: 4.615, train_loss_v_kd: 1.3211, valid_loss_a_kd: 6.1458, valid_loss_v_kd: 8.7767, test_loss_a_kd: 5.8363, test_loss_v_kd: 8.1907
epoch: 11, train_loss: 0.8451, train_acc: 93.08, train_fscore: 93.07 valid_loss: 2.4, valid_acc: 66.55, valid_fscore: 65.41,test_loss: 2.4355, test_acc: 66.13, test_fscore: 64.95, time: 1780653471.625669
epoch: 11, train_loss_a_kd: 4.5619, train_loss_v_kd: 1.3117, valid_loss_a_kd: 6.0565, valid_loss_v_kd: 8.7269, test_loss_a_kd: 5.7549, test_loss_v_kd: 8.1346
epoch: 12, train_loss: 0.8398, train_acc: 93.07, train_fscore: 93.06 valid_loss: 2.4132, valid_acc: 66.28, valid_fscore: 64.95,test_loss: 2.4478, test_acc: 66.25, test_fscore: 64.9, time: 1780653475.410675
epoch: 12, train_loss_a_kd: 4.5307, train_loss_v_kd: 1.2815, valid_loss_a_kd: 5.9801, valid_loss_v_kd: 8.6694, test_loss_a_kd: 5.6738, test_loss_v_kd: 8.0757
epoch: 13, train_loss: 0.8366, train_acc: 93.22, train_fscore: 93.2 valid_loss: 2.4205, valid_acc: 66.55, valid_fscore: 65.12,test_loss: 2.4429, test_acc: 66.67, test_fscore: 65.32, time: 1780653479.4405289
epoch: 13, train_loss_a_kd: 4.4962, train_loss_v_kd: 1.2744, valid_loss_a_kd: 5.943, valid_loss_v_kd: 8.6189, test_loss_a_kd: 5.6518, test_loss_v_kd: 8.0523
done
epoch: 14, train_loss: 0.826, train_acc: 93.53, train_fscore: 93.52 valid_loss: 2.388, valid_acc: 66.91, valid_fscore: 65.77,test_loss: 2.4348, test_acc: 66.4, test_fscore: 65.23, time: 1780653484.0644667
epoch: 14, train_loss_a_kd: 4.4442, train_loss_v_kd: 1.2414, valid_loss_a_kd: 5.9658, valid_loss_v_kd: 8.6599, test_loss_a_kd: 5.6975, test_loss_v_kd: 8.0762
epoch: 15, train_loss: 0.8183, train_acc: 93.58, train_fscore: 93.56 valid_loss: 2.3773, valid_acc: 66.1, valid_fscore: 64.79,test_loss: 2.4216, test_acc: 66.32, test_fscore: 64.94, time: 1780653487.8430753
epoch: 15, train_loss_a_kd: 4.4008, train_loss_v_kd: 1.2355, valid_loss_a_kd: 5.9263, valid_loss_v_kd: 8.6152, test_loss_a_kd: 5.6352, test_loss_v_kd: 8.0168
epoch: 16, train_loss: 0.8168, train_acc: 93.53, train_fscore: 93.52 valid_loss: 2.388, valid_acc: 66.1, valid_fscore: 64.81,test_loss: 2.4309, test_acc: 66.28, test_fscore: 64.8, time: 1780653491.5918884
epoch: 16, train_loss_a_kd: 4.3659, train_loss_v_kd: 1.2148, valid_loss_a_kd: 5.883, valid_loss_v_kd: 8.5925, test_loss_a_kd: 5.6037, test_loss_v_kd: 7.9972
epoch: 17, train_loss: 0.8079, train_acc: 93.7, train_fscore: 93.69 valid_loss: 2.3785, valid_acc: 66.46, valid_fscore: 65.24,test_loss: 2.4319, test_acc: 66.32, test_fscore: 64.9, time: 1780653495.5205235
epoch: 17, train_loss_a_kd: 4.3508, train_loss_v_kd: 1.2127, valid_loss_a_kd: 5.8666, valid_loss_v_kd: 8.5602, test_loss_a_kd: 5.6017, test_loss_v_kd: 7.9811
epoch: 18, train_loss: 0.8076, train_acc: 93.59, train_fscore: 93.58 valid_loss: 2.4103, valid_acc: 65.92, valid_fscore: 64.49,test_loss: 2.4488, test_acc: 66.36, test_fscore: 64.74, time: 1780653499.5167928
epoch: 18, train_loss_a_kd: 4.3356, train_loss_v_kd: 1.2172, valid_loss_a_kd: 5.8183, valid_loss_v_kd: 8.5417, test_loss_a_kd: 5.5488, test_loss_v_kd: 7.9495
epoch: 19, train_loss: 0.8039, train_acc: 93.76, train_fscore: 93.75 valid_loss: 2.4026, valid_acc: 65.73, valid_fscore: 64.34,test_loss: 2.4408, test_acc: 66.63, test_fscore: 65.09, time: 1780653503.4521163
epoch: 19, train_loss_a_kd: 4.3224, train_loss_v_kd: 1.2108, valid_loss_a_kd: 5.8031, valid_loss_v_kd: 8.4958, test_loss_a_kd: 5.5321, test_loss_v_kd: 7.9141
epoch: 20, train_loss: 0.7983, train_acc: 93.92, train_fscore: 93.91 valid_loss: 2.4075, valid_acc: 66.64, valid_fscore: 65.29,test_loss: 2.4315, test_acc: 66.51, test_fscore: 65.06, time: 1780653507.242742
epoch: 20, train_loss_a_kd: 4.3131, train_loss_v_kd: 1.1855, valid_loss_a_kd: 5.8145, valid_loss_v_kd: 8.5533, test_loss_a_kd: 5.5591, test_loss_v_kd: 7.9479
epoch: 21, train_loss: 0.7964, train_acc: 93.88, train_fscore: 93.87 valid_loss: 2.4134, valid_acc: 66.19, valid_fscore: 64.75,test_loss: 2.4392, test_acc: 66.44, test_fscore: 64.87, time: 1780653511.3007379
epoch: 21, train_loss_a_kd: 4.2764, train_loss_v_kd: 1.1917, valid_loss_a_kd: 5.788, valid_loss_v_kd: 8.5246, test_loss_a_kd: 5.5333, test_loss_v_kd: 7.9192
epoch: 22, train_loss: 0.7932, train_acc: 93.76, train_fscore: 93.75 valid_loss: 2.4133, valid_acc: 66.37, valid_fscore: 64.89,test_loss: 2.4421, test_acc: 66.48, test_fscore: 64.85, time: 1780653515.2580802
epoch: 22, train_loss_a_kd: 4.2389, train_loss_v_kd: 1.1762, valid_loss_a_kd: 5.7491, valid_loss_v_kd: 8.4698, test_loss_a_kd: 5.498, test_loss_v_kd: 7.8803
epoch: 23, train_loss: 0.7877, train_acc: 93.96, train_fscore: 93.95 valid_loss: 2.3981, valid_acc: 65.64, valid_fscore: 64.12,test_loss: 2.4421, test_acc: 66.02, test_fscore: 64.39, time: 1780653519.150409
epoch: 23, train_loss_a_kd: 4.2454, train_loss_v_kd: 1.163, valid_loss_a_kd: 5.7463, valid_loss_v_kd: 8.452, test_loss_a_kd: 5.4931, test_loss_v_kd: 7.8587
epoch: 24, train_loss: 0.7876, train_acc: 93.88, train_fscore: 93.87 valid_loss: 2.3932, valid_acc: 65.83, valid_fscore: 64.3,test_loss: 2.4305, test_acc: 66.25, test_fscore: 64.63, time: 1780653523.0066872
epoch: 24, train_loss_a_kd: 4.2478, train_loss_v_kd: 1.1636, valid_loss_a_kd: 5.7435, valid_loss_v_kd: 8.4507, test_loss_a_kd: 5.4978, test_loss_v_kd: 7.8508
epoch: 25, train_loss: 0.7808, train_acc: 93.99, train_fscore: 93.99 valid_loss: 2.3943, valid_acc: 66.28, valid_fscore: 64.88,test_loss: 2.4384, test_acc: 66.28, test_fscore: 64.75, time: 1780653527.0404518
epoch: 25, train_loss_a_kd: 4.24, train_loss_v_kd: 1.1462, valid_loss_a_kd: 5.7538, valid_loss_v_kd: 8.4664, test_loss_a_kd: 5.5057, test_loss_v_kd: 7.8672
early stopping at epoch 25, best epoch 13, best test_acc 66.67, best test_fscore 65.32
FINAL best epoch 13: test_acc=66.67, test_fscore=65.32, composite=131.99, dual_beat=False
