=== Round: d8_linear_ls003 ===
args: {'lr': 5e-05, 'l2': 1e-06, 'batch_size': 16, 'seed': 2024, 'epochs': 30, 'dropout': 0.6, 'hidden_dim': 768, 'n_head': 8, 'temp': 2.0, 'clsNum': 7, 'train': True, 'label_smoothing': 0.03, 'kd_weight_a': 0.01, 'kd_weight_v': 0.08, 'ensemble_a': 0.3, 'ensemble_v': 0.3, 'fusion_arch': 'linear', 'residual_alpha': 0.1, 'fusion_mode': 'fixed', 'loss_target': 'text', 'aux_fused_weight': 0.3, 'focal_gamma': 0.0, 'modality_drop': 0.0, 'patience': 12, 'min_epochs': 3, 'exp_name': 'd8_linear_ls003', 'log_file': './experiment_logs/d8.log'}
epoch: 0, train_loss: 2.3159, train_acc: 45.73, train_fscore: 36.31 valid_loss: 2.171, valid_acc: 47.79, valid_fscore: 35.46,test_loss: 2.0796, test_acc: 53.03, test_fscore: 41.07, time: 1780656834.291382
epoch: 0, train_loss_a_kd: 8.1541, train_loss_v_kd: 6.6275, valid_loss_a_kd: 6.2595, valid_loss_v_kd: 6.8996, test_loss_a_kd: 5.9974, test_loss_v_kd: 6.392
done
epoch: 1, train_loss: 1.1797, train_acc: 85.54, train_fscore: 84.39 valid_loss: 2.1177, valid_acc: 67.09, valid_fscore: 66.05,test_loss: 2.1118, test_acc: 65.9, test_fscore: 64.64, time: 1780656838.952784
epoch: 1, train_loss_a_kd: 6.8763, train_loss_v_kd: 2.6896, valid_loss_a_kd: 6.9488, valid_loss_v_kd: 8.3212, test_loss_a_kd: 6.4795, test_loss_v_kd: 7.8474
done
epoch: 2, train_loss: 0.8924, train_acc: 91.09, train_fscore: 91.04 valid_loss: 2.1709, valid_acc: 67.18, valid_fscore: 66.47,test_loss: 2.1944, test_acc: 65.48, test_fscore: 64.5, time: 1780656845.8047757
epoch: 2, train_loss_a_kd: 6.2544, train_loss_v_kd: 1.828, valid_loss_a_kd: 6.6554, valid_loss_v_kd: 8.5944, test_loss_a_kd: 6.193, test_loss_v_kd: 8.1097
epoch: 3, train_loss: 0.8334, train_acc: 92.01, train_fscore: 91.99 valid_loss: 2.2052, valid_acc: 66.55, valid_fscore: 65.51,test_loss: 2.2193, test_acc: 66.02, test_fscore: 64.75, time: 1780656849.6824317
epoch: 3, train_loss_a_kd: 5.6306, train_loss_v_kd: 1.5372, valid_loss_a_kd: 6.4435, valid_loss_v_kd: 8.6982, test_loss_a_kd: 6.0065, test_loss_v_kd: 8.1587
done
epoch: 4, train_loss: 0.8036, train_acc: 92.34, train_fscore: 92.31 valid_loss: 2.2034, valid_acc: 67.45, valid_fscore: 66.67,test_loss: 2.2229, test_acc: 65.79, test_fscore: 64.84, time: 1780656854.6454794
epoch: 4, train_loss_a_kd: 5.3282, train_loss_v_kd: 1.4152, valid_loss_a_kd: 6.4709, valid_loss_v_kd: 8.8584, test_loss_a_kd: 6.0679, test_loss_v_kd: 8.2872
epoch: 5, train_loss: 0.7923, train_acc: 92.38, train_fscore: 92.37 valid_loss: 2.1989, valid_acc: 67.27, valid_fscore: 66.44,test_loss: 2.2213, test_acc: 65.94, test_fscore: 64.96, time: 1780656858.58901
epoch: 5, train_loss_a_kd: 5.1558, train_loss_v_kd: 1.3629, valid_loss_a_kd: 6.4259, valid_loss_v_kd: 8.8441, test_loss_a_kd: 6.0281, test_loss_v_kd: 8.2922
done
epoch: 6, train_loss: 0.7853, train_acc: 92.6, train_fscore: 92.58 valid_loss: 2.1897, valid_acc: 67.09, valid_fscore: 66.32,test_loss: 2.2142, test_acc: 66.13, test_fscore: 65.1, time: 1780656863.2908769
epoch: 6, train_loss_a_kd: 5.1067, train_loss_v_kd: 1.3498, valid_loss_a_kd: 6.4274, valid_loss_v_kd: 8.8939, test_loss_a_kd: 6.0241, test_loss_v_kd: 8.3188
done
epoch: 7, train_loss: 0.7711, train_acc: 92.94, train_fscore: 92.92 valid_loss: 2.2317, valid_acc: 66.55, valid_fscore: 65.27,test_loss: 2.2387, test_acc: 66.13, test_fscore: 64.72, time: 1780656868.0511851
epoch: 7, train_loss_a_kd: 4.9883, train_loss_v_kd: 1.3285, valid_loss_a_kd: 6.2989, valid_loss_v_kd: 8.8124, test_loss_a_kd: 5.925, test_loss_v_kd: 8.2395
epoch: 8, train_loss: 0.7737, train_acc: 92.67, train_fscore: 92.64 valid_loss: 2.1839, valid_acc: 67.45, valid_fscore: 66.44,test_loss: 2.2029, test_acc: 66.59, test_fscore: 65.35, time: 1780656872.2683797
epoch: 8, train_loss_a_kd: 4.9468, train_loss_v_kd: 1.3118, valid_loss_a_kd: 6.3274, valid_loss_v_kd: 8.8969, test_loss_a_kd: 5.9437, test_loss_v_kd: 8.2876
done
epoch: 9, train_loss: 0.7664, train_acc: 92.98, train_fscore: 92.96 valid_loss: 2.1873, valid_acc: 66.91, valid_fscore: 65.72,test_loss: 2.2092, test_acc: 66.32, test_fscore: 64.92, time: 1780656877.877654
epoch: 9, train_loss_a_kd: 4.8888, train_loss_v_kd: 1.276, valid_loss_a_kd: 6.24, valid_loss_v_kd: 8.811, test_loss_a_kd: 5.8777, test_loss_v_kd: 8.2121
epoch: 10, train_loss: 0.7491, train_acc: 92.92, train_fscore: 92.89 valid_loss: 2.2054, valid_acc: 67.54, valid_fscore: 66.45,test_loss: 2.2219, test_acc: 66.67, test_fscore: 65.36, time: 1780656881.9175372
epoch: 10, train_loss_a_kd: 4.8746, train_loss_v_kd: 1.2601, valid_loss_a_kd: 6.237, valid_loss_v_kd: 8.8906, test_loss_a_kd: 5.8907, test_loss_v_kd: 8.2836
done
epoch: 11, train_loss: 0.7498, train_acc: 93.19, train_fscore: 93.17 valid_loss: 2.1957, valid_acc: 67.72, valid_fscore: 66.68,test_loss: 2.2256, test_acc: 66.28, test_fscore: 64.93, time: 1780656886.5742073
epoch: 11, train_loss_a_kd: 4.8007, train_loss_v_kd: 1.254, valid_loss_a_kd: 6.2006, valid_loss_v_kd: 8.8086, test_loss_a_kd: 5.8573, test_loss_v_kd: 8.2212
epoch: 12, train_loss: 0.7496, train_acc: 93.19, train_fscore: 93.18 valid_loss: 2.1953, valid_acc: 67.72, valid_fscore: 66.53,test_loss: 2.2148, test_acc: 66.25, test_fscore: 64.84, time: 1780656890.6036804
epoch: 12, train_loss_a_kd: 4.7486, train_loss_v_kd: 1.2459, valid_loss_a_kd: 6.17, valid_loss_v_kd: 8.8494, test_loss_a_kd: 5.8245, test_loss_v_kd: 8.2381
epoch: 13, train_loss: 0.7412, train_acc: 93.17, train_fscore: 93.15 valid_loss: 2.1985, valid_acc: 67.45, valid_fscore: 66.11,test_loss: 2.2176, test_acc: 66.21, test_fscore: 64.67, time: 1780656894.748751
epoch: 13, train_loss_a_kd: 4.7336, train_loss_v_kd: 1.219, valid_loss_a_kd: 6.1329, valid_loss_v_kd: 8.8099, test_loss_a_kd: 5.7962, test_loss_v_kd: 8.2036
epoch: 14, train_loss: 0.7403, train_acc: 93.09, train_fscore: 93.07 valid_loss: 2.1946, valid_acc: 68.17, valid_fscore: 67.03,test_loss: 2.2141, test_acc: 66.44, test_fscore: 65.11, time: 1780656898.5418425
epoch: 14, train_loss_a_kd: 4.7515, train_loss_v_kd: 1.207, valid_loss_a_kd: 6.1531, valid_loss_v_kd: 8.8636, test_loss_a_kd: 5.8191, test_loss_v_kd: 8.2432
epoch: 15, train_loss: 0.7396, train_acc: 93.23, train_fscore: 93.21 valid_loss: 2.2043, valid_acc: 67.9, valid_fscore: 66.7,test_loss: 2.2167, test_acc: 66.44, test_fscore: 65.05, time: 1780656902.926481
epoch: 15, train_loss_a_kd: 4.7091, train_loss_v_kd: 1.2242, valid_loss_a_kd: 6.1113, valid_loss_v_kd: 8.8915, test_loss_a_kd: 5.8009, test_loss_v_kd: 8.2634
epoch: 16, train_loss: 0.737, train_acc: 93.25, train_fscore: 93.24 valid_loss: 2.2087, valid_acc: 67.36, valid_fscore: 66.02,test_loss: 2.2201, test_acc: 66.7, test_fscore: 65.2, time: 1780656907.093084
epoch: 16, train_loss_a_kd: 4.6657, train_loss_v_kd: 1.2171, valid_loss_a_kd: 6.0615, valid_loss_v_kd: 8.849, test_loss_a_kd: 5.7407, test_loss_v_kd: 8.2246
epoch: 17, train_loss: 0.7229, train_acc: 93.22, train_fscore: 93.2 valid_loss: 2.2164, valid_acc: 67.0, valid_fscore: 65.73,test_loss: 2.2235, test_acc: 66.55, test_fscore: 65.07, time: 1780656911.0097005
epoch: 17, train_loss_a_kd: 4.6325, train_loss_v_kd: 1.1669, valid_loss_a_kd: 6.0538, valid_loss_v_kd: 8.8273, test_loss_a_kd: 5.7303, test_loss_v_kd: 8.2003
epoch: 18, train_loss: 0.7266, train_acc: 93.27, train_fscore: 93.26 valid_loss: 2.2231, valid_acc: 67.18, valid_fscore: 65.71,test_loss: 2.2325, test_acc: 66.59, test_fscore: 64.92, time: 1780656915.2049348
epoch: 18, train_loss_a_kd: 4.6332, train_loss_v_kd: 1.195, valid_loss_a_kd: 5.9969, valid_loss_v_kd: 8.7806, test_loss_a_kd: 5.6743, test_loss_v_kd: 8.1632
epoch: 19, train_loss: 0.7167, train_acc: 93.52, train_fscore: 93.51 valid_loss: 2.197, valid_acc: 67.81, valid_fscore: 66.59,test_loss: 2.2203, test_acc: 66.55, test_fscore: 65.11, time: 1780656919.1560483
epoch: 19, train_loss_a_kd: 4.5655, train_loss_v_kd: 1.166, valid_loss_a_kd: 6.0593, valid_loss_v_kd: 8.833, test_loss_a_kd: 5.7363, test_loss_v_kd: 8.2056
epoch: 20, train_loss: 0.7203, train_acc: 93.22, train_fscore: 93.2 valid_loss: 2.2025, valid_acc: 67.54, valid_fscore: 66.19,test_loss: 2.2189, test_acc: 66.59, test_fscore: 65.03, time: 1780656923.0730705
epoch: 20, train_loss_a_kd: 4.5948, train_loss_v_kd: 1.1736, valid_loss_a_kd: 6.0311, valid_loss_v_kd: 8.819, test_loss_a_kd: 5.7113, test_loss_v_kd: 8.189
epoch: 21, train_loss: 0.7201, train_acc: 93.41, train_fscore: 93.4 valid_loss: 2.2134, valid_acc: 66.46, valid_fscore: 64.85,test_loss: 2.2212, test_acc: 66.51, test_fscore: 64.68, time: 1780656927.2392426
epoch: 21, train_loss_a_kd: 4.5508, train_loss_v_kd: 1.1833, valid_loss_a_kd: 5.9828, valid_loss_v_kd: 8.7477, test_loss_a_kd: 5.6503, test_loss_v_kd: 8.121
epoch: 22, train_loss: 0.7157, train_acc: 93.47, train_fscore: 93.45 valid_loss: 2.1938, valid_acc: 67.27, valid_fscore: 65.87,test_loss: 2.2098, test_acc: 66.51, test_fscore: 64.93, time: 1780656931.6207495
epoch: 22, train_loss_a_kd: 4.5556, train_loss_v_kd: 1.1605, valid_loss_a_kd: 6.02, valid_loss_v_kd: 8.7903, test_loss_a_kd: 5.6969, test_loss_v_kd: 8.1542
early stopping at epoch 22, best epoch 10, best test_acc 66.67, best test_fscore 65.36
FINAL best epoch 10: test_acc=66.67, test_fscore=65.36, composite=132.03, dual_beat=False
