=== Round: f4_dialogue_attn ===
args: {'lr': 5e-05, 'l2': 1e-06, 'batch_size': 16, 'seed': 2024, 'epochs': 30, 'dropout': 0.6, 'hidden_dim': 768, 'n_head': 8, 'temp': 2.0, 'clsNum': 7, 'train': True, 'label_smoothing': 0.05, 'kd_weight_a': 0.01, 'kd_weight_v': 0.08, 'ensemble_a': 0.3, 'ensemble_v': 0.3, 'fusion_mode': 'dialogue_attn', 'loss_target': 'text+fused', 'aux_fused_weight': 0.15, 'focal_gamma': 0.0, 'patience': 12, 'min_epochs': 3, 'exp_name': 'f4_dialogue_attn', 'log_file': './experiment_logs/f4_dialogue_attn.log'}
epoch: 0, train_loss: 2.6247, train_acc: 45.83, train_fscore: 38.0 valid_loss: 2.4568, valid_acc: 58.34, valid_fscore: 52.91,test_loss: 2.3717, test_acc: 62.34, test_fscore: 56.56, time: 1780649435.8598483
epoch: 0, train_loss_a_kd: 8.083, train_loss_v_kd: 6.6476, valid_loss_a_kd: 6.2301, valid_loss_v_kd: 7.0366, test_loss_a_kd: 5.9522, test_loss_v_kd: 6.517
done
epoch: 1, train_loss: 1.4062, train_acc: 86.58, train_fscore: 86.36 valid_loss: 2.3827, valid_acc: 65.83, valid_fscore: 65.52,test_loss: 2.396, test_acc: 64.29, test_fscore: 64.16, time: 1780649441.7524977
epoch: 1, train_loss_a_kd: 6.9121, train_loss_v_kd: 2.8061, valid_loss_a_kd: 6.8678, valid_loss_v_kd: 8.3337, test_loss_a_kd: 6.4341, test_loss_v_kd: 7.884
done
epoch: 2, train_loss: 1.0966, train_acc: 94.08, train_fscore: 94.09 valid_loss: 2.5048, valid_acc: 49.14, valid_fscore: 45.24,test_loss: 2.515, test_acc: 51.76, test_fscore: 47.73, time: 1780649447.764869
epoch: 2, train_loss_a_kd: 6.2768, train_loss_v_kd: 1.9203, valid_loss_a_kd: 6.7406, valid_loss_v_kd: 8.7645, test_loss_a_kd: 6.3327, test_loss_v_kd: 8.2951
epoch: 3, train_loss: 1.027, train_acc: 97.11, train_fscore: 97.11 valid_loss: 2.5477, valid_acc: 42.56, valid_fscore: 37.54,test_loss: 2.5643, test_acc: 47.24, test_fscore: 42.6, time: 1780649452.9868937
epoch: 3, train_loss_a_kd: 5.7398, train_loss_v_kd: 1.6246, valid_loss_a_kd: 6.6522, valid_loss_v_kd: 8.9053, test_loss_a_kd: 6.2649, test_loss_v_kd: 8.4187
epoch: 4, train_loss: 0.9981, train_acc: 97.43, train_fscore: 97.44 valid_loss: 2.5531, valid_acc: 44.09, valid_fscore: 38.38,test_loss: 2.5626, test_acc: 48.47, test_fscore: 43.11, time: 1780649458.3292103
epoch: 4, train_loss_a_kd: 5.4736, train_loss_v_kd: 1.5319, valid_loss_a_kd: 6.4961, valid_loss_v_kd: 8.8188, test_loss_a_kd: 6.1041, test_loss_v_kd: 8.3169
epoch: 5, train_loss: 0.9888, train_acc: 97.52, train_fscore: 97.53 valid_loss: 2.553, valid_acc: 44.91, valid_fscore: 39.77,test_loss: 2.5616, test_acc: 48.85, test_fscore: 43.87, time: 1780649463.5087245
epoch: 5, train_loss_a_kd: 5.3169, train_loss_v_kd: 1.5105, valid_loss_a_kd: 6.4725, valid_loss_v_kd: 8.8661, test_loss_a_kd: 6.1083, test_loss_v_kd: 8.3662
epoch: 6, train_loss: 0.9737, train_acc: 97.74, train_fscore: 97.74 valid_loss: 2.5258, valid_acc: 45.63, valid_fscore: 40.34,test_loss: 2.5557, test_acc: 49.85, test_fscore: 44.73, time: 1780649468.8047774
epoch: 6, train_loss_a_kd: 5.1686, train_loss_v_kd: 1.475, valid_loss_a_kd: 6.4326, valid_loss_v_kd: 8.8779, test_loss_a_kd: 6.074, test_loss_v_kd: 8.3668
epoch: 7, train_loss: 0.9699, train_acc: 97.88, train_fscore: 97.88 valid_loss: 2.5602, valid_acc: 45.63, valid_fscore: 40.31,test_loss: 2.5497, test_acc: 49.85, test_fscore: 44.85, time: 1780649474.0240045
epoch: 7, train_loss_a_kd: 5.1066, train_loss_v_kd: 1.4656, valid_loss_a_kd: 6.3689, valid_loss_v_kd: 8.8688, test_loss_a_kd: 6.001, test_loss_v_kd: 8.3417
epoch: 8, train_loss: 0.9621, train_acc: 97.8, train_fscore: 97.8 valid_loss: 2.5532, valid_acc: 45.36, valid_fscore: 39.68,test_loss: 2.5644, test_acc: 49.35, test_fscore: 43.88, time: 1780649479.394387
epoch: 8, train_loss_a_kd: 5.0122, train_loss_v_kd: 1.4158, valid_loss_a_kd: 6.3191, valid_loss_v_kd: 8.7765, test_loss_a_kd: 5.9568, test_loss_v_kd: 8.2626
epoch: 9, train_loss: 0.9608, train_acc: 97.85, train_fscore: 97.85 valid_loss: 2.5461, valid_acc: 45.81, valid_fscore: 40.25,test_loss: 2.5566, test_acc: 49.77, test_fscore: 44.37, time: 1780649484.667688
epoch: 9, train_loss_a_kd: 4.9529, train_loss_v_kd: 1.4337, valid_loss_a_kd: 6.3394, valid_loss_v_kd: 8.8741, test_loss_a_kd: 6.0002, test_loss_v_kd: 8.3258
epoch: 10, train_loss: 0.9519, train_acc: 97.98, train_fscore: 97.98 valid_loss: 2.5334, valid_acc: 46.98, valid_fscore: 41.53,test_loss: 2.5428, test_acc: 51.15, test_fscore: 46.03, time: 1780649489.8905544
epoch: 10, train_loss_a_kd: 4.9094, train_loss_v_kd: 1.4045, valid_loss_a_kd: 6.2771, valid_loss_v_kd: 8.8594, test_loss_a_kd: 5.9828, test_loss_v_kd: 8.3238
epoch: 11, train_loss: 0.9432, train_acc: 97.93, train_fscore: 97.93 valid_loss: 2.5499, valid_acc: 43.46, valid_fscore: 37.73,test_loss: 2.5588, test_acc: 48.24, test_fscore: 42.63, time: 1780649495.097995
epoch: 11, train_loss_a_kd: 4.9374, train_loss_v_kd: 1.3999, valid_loss_a_kd: 6.284, valid_loss_v_kd: 8.8807, test_loss_a_kd: 5.9575, test_loss_v_kd: 8.3243
epoch: 12, train_loss: 0.9391, train_acc: 97.89, train_fscore: 97.89 valid_loss: 2.5438, valid_acc: 45.36, valid_fscore: 39.74,test_loss: 2.5448, test_acc: 49.92, test_fscore: 44.48, time: 1780649500.3335798
epoch: 12, train_loss_a_kd: 4.8661, train_loss_v_kd: 1.3815, valid_loss_a_kd: 6.268, valid_loss_v_kd: 8.8965, test_loss_a_kd: 5.9461, test_loss_v_kd: 8.3227
epoch: 13, train_loss: 0.9358, train_acc: 98.05, train_fscore: 98.05 valid_loss: 2.5585, valid_acc: 43.1, valid_fscore: 37.17,test_loss: 2.5558, test_acc: 47.97, test_fscore: 42.33, time: 1780649505.4958193
epoch: 13, train_loss_a_kd: 4.8051, train_loss_v_kd: 1.3603, valid_loss_a_kd: 6.237, valid_loss_v_kd: 8.86, test_loss_a_kd: 5.9117, test_loss_v_kd: 8.2788
early stopping at epoch 13, best epoch 1, best test_acc 64.29, best test_fscore 64.16
FINAL best epoch 1: test_acc=64.29, test_fscore=64.16, composite=128.45
