=== Round: r13_combo_strong_dropout ===
args: {'lr': 0.0001, 'l2': 1e-06, 'batch_size': 16, 'seed': 2024, 'epochs': 30, 'dropout': 0.6, 'hidden_dim': 768, 'n_head': 8, 'temp': 2.0, 'clsNum': 7, 'train': True, 'label_smoothing': 0.05, 'kd_weight_a': 0.01, 'kd_weight_v': 0.08, 'ensemble_a': 0.3, 'ensemble_v': 0.3, 'loss_target': 'text', 'aux_fused_weight': 0.3, 'focal_gamma': 0.0, 'patience': 12, 'min_epochs': 3, 'exp_name': 'r13_combo_strong_dropout', 'log_file': './experiment_logs/r13_combo_strong_dropout.log'}
epoch: 0, train_loss: 2.1026, train_acc: 54.85, train_fscore: 48.74 valid_loss: 2.1619, valid_acc: 64.02, valid_fscore: 60.65,test_loss: 2.1131, test_acc: 65.56, test_fscore: 62.28, time: 1780644201.3435037
epoch: 0, train_loss_a_kd: 7.8367, train_loss_v_kd: 5.725, valid_loss_a_kd: 7.0406, valid_loss_v_kd: 7.9018, test_loss_a_kd: 6.6293, test_loss_v_kd: 7.387
done
epoch: 1, train_loss: 1.0643, train_acc: 90.37, train_fscore: 90.19 valid_loss: 2.2072, valid_acc: 67.09, valid_fscore: 66.45,test_loss: 2.2312, test_acc: 65.02, test_fscore: 64.26, time: 1780644205.8321798
epoch: 1, train_loss_a_kd: 6.6515, train_loss_v_kd: 2.1521, valid_loss_a_kd: 6.9577, valid_loss_v_kd: 8.737, test_loss_a_kd: 6.4724, test_loss_v_kd: 8.2446
done
epoch: 2, train_loss: 0.9546, train_acc: 91.97, train_fscore: 91.97 valid_loss: 2.2376, valid_acc: 66.82, valid_fscore: 65.94,test_loss: 2.2718, test_acc: 65.75, test_fscore: 64.72, time: 1780644210.248272
epoch: 2, train_loss_a_kd: 5.7248, train_loss_v_kd: 1.6693, valid_loss_a_kd: 6.4741, valid_loss_v_kd: 8.716, test_loss_a_kd: 6.0762, test_loss_v_kd: 8.2077
done
epoch: 3, train_loss: 0.9261, train_acc: 92.41, train_fscore: 92.4 valid_loss: 2.2516, valid_acc: 66.55, valid_fscore: 65.33,test_loss: 2.2564, test_acc: 66.63, test_fscore: 65.18, time: 1780644214.68317
epoch: 3, train_loss_a_kd: 5.2756, train_loss_v_kd: 1.541, valid_loss_a_kd: 6.3332, valid_loss_v_kd: 8.7572, test_loss_a_kd: 5.952, test_loss_v_kd: 8.1901
done
epoch: 4, train_loss: 0.9072, train_acc: 92.77, train_fscore: 92.75 valid_loss: 2.2161, valid_acc: 67.27, valid_fscore: 66.47,test_loss: 2.2531, test_acc: 66.02, test_fscore: 65.02, time: 1780644219.0568562
epoch: 4, train_loss_a_kd: 5.0893, train_loss_v_kd: 1.4682, valid_loss_a_kd: 6.4846, valid_loss_v_kd: 8.854, test_loss_a_kd: 6.0771, test_loss_v_kd: 8.2669
epoch: 5, train_loss: 0.8975, train_acc: 92.66, train_fscore: 92.65 valid_loss: 2.2282, valid_acc: 67.18, valid_fscore: 66.14,test_loss: 2.2533, test_acc: 65.94, test_fscore: 64.68, time: 1780644222.9233062
epoch: 5, train_loss_a_kd: 4.9505, train_loss_v_kd: 1.436, valid_loss_a_kd: 6.2931, valid_loss_v_kd: 8.7744, test_loss_a_kd: 5.9314, test_loss_v_kd: 8.1966
epoch: 6, train_loss: 0.8905, train_acc: 92.63, train_fscore: 92.62 valid_loss: 2.2276, valid_acc: 66.37, valid_fscore: 65.49,test_loss: 2.2452, test_acc: 66.13, test_fscore: 65.08, time: 1780644226.7032478
epoch: 6, train_loss_a_kd: 4.9144, train_loss_v_kd: 1.4268, valid_loss_a_kd: 6.2703, valid_loss_v_kd: 8.83, test_loss_a_kd: 5.917, test_loss_v_kd: 8.2243
epoch: 7, train_loss: 0.879, train_acc: 93.08, train_fscore: 93.06 valid_loss: 2.246, valid_acc: 66.55, valid_fscore: 65.16,test_loss: 2.2486, test_acc: 66.93, test_fscore: 65.5, time: 1780644230.4664202
epoch: 7, train_loss_a_kd: 4.822, train_loss_v_kd: 1.4057, valid_loss_a_kd: 6.1372, valid_loss_v_kd: 8.7156, test_loss_a_kd: 5.79, test_loss_v_kd: 8.1165
done
epoch: 8, train_loss: 0.8729, train_acc: 93.0, train_fscore: 92.98 valid_loss: 2.2108, valid_acc: 67.54, valid_fscore: 66.25,test_loss: 2.2346, test_acc: 66.74, test_fscore: 65.32, time: 1780644234.8349724
epoch: 8, train_loss_a_kd: 4.7654, train_loss_v_kd: 1.3802, valid_loss_a_kd: 6.1489, valid_loss_v_kd: 8.7124, test_loss_a_kd: 5.7974, test_loss_v_kd: 8.0799
epoch: 9, train_loss: 0.8663, train_acc: 93.27, train_fscore: 93.25 valid_loss: 2.1973, valid_acc: 67.27, valid_fscore: 66.01,test_loss: 2.2153, test_acc: 66.7, test_fscore: 65.29, time: 1780644238.6776369
epoch: 9, train_loss_a_kd: 4.7278, train_loss_v_kd: 1.3399, valid_loss_a_kd: 6.056, valid_loss_v_kd: 8.6802, test_loss_a_kd: 5.748, test_loss_v_kd: 8.0485
epoch: 10, train_loss: 0.8467, train_acc: 93.22, train_fscore: 93.2 valid_loss: 2.2254, valid_acc: 67.63, valid_fscore: 66.33,test_loss: 2.2434, test_acc: 66.82, test_fscore: 65.37, time: 1780644242.3387718
epoch: 10, train_loss_a_kd: 4.6728, train_loss_v_kd: 1.3176, valid_loss_a_kd: 5.9877, valid_loss_v_kd: 8.6895, test_loss_a_kd: 5.6931, test_loss_v_kd: 8.057
epoch: 11, train_loss: 0.8497, train_acc: 93.18, train_fscore: 93.17 valid_loss: 2.2256, valid_acc: 67.27, valid_fscore: 65.95,test_loss: 2.244, test_acc: 66.51, test_fscore: 64.89, time: 1780644246.1191468
epoch: 11, train_loss_a_kd: 4.6132, train_loss_v_kd: 1.3243, valid_loss_a_kd: 5.9324, valid_loss_v_kd: 8.5406, test_loss_a_kd: 5.6372, test_loss_v_kd: 7.9477
epoch: 12, train_loss: 0.8419, train_acc: 93.34, train_fscore: 93.32 valid_loss: 2.2405, valid_acc: 66.82, valid_fscore: 65.31,test_loss: 2.2302, test_acc: 66.7, test_fscore: 65.14, time: 1780644249.8468268
epoch: 12, train_loss_a_kd: 4.5796, train_loss_v_kd: 1.297, valid_loss_a_kd: 5.9636, valid_loss_v_kd: 8.6453, test_loss_a_kd: 5.6661, test_loss_v_kd: 8.0143
epoch: 13, train_loss: 0.8382, train_acc: 93.38, train_fscore: 93.37 valid_loss: 2.2295, valid_acc: 66.82, valid_fscore: 65.15,test_loss: 2.238, test_acc: 66.21, test_fscore: 64.32, time: 1780644253.6055388
epoch: 13, train_loss_a_kd: 4.5362, train_loss_v_kd: 1.2837, valid_loss_a_kd: 5.9013, valid_loss_v_kd: 8.5231, test_loss_a_kd: 5.6178, test_loss_v_kd: 7.9152
epoch: 14, train_loss: 0.829, train_acc: 93.59, train_fscore: 93.58 valid_loss: 2.2207, valid_acc: 67.27, valid_fscore: 65.84,test_loss: 2.2362, test_acc: 66.44, test_fscore: 64.91, time: 1780644257.4093592
epoch: 14, train_loss_a_kd: 4.5721, train_loss_v_kd: 1.2593, valid_loss_a_kd: 5.9424, valid_loss_v_kd: 8.5791, test_loss_a_kd: 5.653, test_loss_v_kd: 7.9458
epoch: 15, train_loss: 0.8286, train_acc: 93.46, train_fscore: 93.44 valid_loss: 2.2294, valid_acc: 66.64, valid_fscore: 65.22,test_loss: 2.2269, test_acc: 66.7, test_fscore: 65.08, time: 1780644261.4028976
epoch: 15, train_loss_a_kd: 4.5102, train_loss_v_kd: 1.2669, valid_loss_a_kd: 5.8538, valid_loss_v_kd: 8.629, test_loss_a_kd: 5.5881, test_loss_v_kd: 7.9818
epoch: 16, train_loss: 0.8219, train_acc: 93.59, train_fscore: 93.58 valid_loss: 2.2309, valid_acc: 66.46, valid_fscore: 64.97,test_loss: 2.2242, test_acc: 66.74, test_fscore: 65.04, time: 1780644265.2646735
epoch: 16, train_loss_a_kd: 4.4982, train_loss_v_kd: 1.2541, valid_loss_a_kd: 5.8562, valid_loss_v_kd: 8.5641, test_loss_a_kd: 5.5825, test_loss_v_kd: 7.9077
epoch: 17, train_loss: 0.8076, train_acc: 93.8, train_fscore: 93.78 valid_loss: 2.238, valid_acc: 67.09, valid_fscore: 65.62,test_loss: 2.2312, test_acc: 66.86, test_fscore: 65.24, time: 1780644268.958412
epoch: 17, train_loss_a_kd: 4.4371, train_loss_v_kd: 1.2061, valid_loss_a_kd: 5.8311, valid_loss_v_kd: 8.5084, test_loss_a_kd: 5.5494, test_loss_v_kd: 7.8855
epoch: 18, train_loss: 0.8085, train_acc: 93.94, train_fscore: 93.93 valid_loss: 2.2438, valid_acc: 66.37, valid_fscore: 64.9,test_loss: 2.2366, test_acc: 66.36, test_fscore: 64.66, time: 1780644273.006818
epoch: 18, train_loss_a_kd: 4.4316, train_loss_v_kd: 1.2192, valid_loss_a_kd: 5.7837, valid_loss_v_kd: 8.5213, test_loss_a_kd: 5.5088, test_loss_v_kd: 7.8887
epoch: 19, train_loss: 0.7952, train_acc: 94.03, train_fscore: 94.02 valid_loss: 2.2324, valid_acc: 66.64, valid_fscore: 65.12,test_loss: 2.2483, test_acc: 66.55, test_fscore: 64.79, time: 1780644276.7507944
epoch: 19, train_loss_a_kd: 4.3667, train_loss_v_kd: 1.1924, valid_loss_a_kd: 5.756, valid_loss_v_kd: 8.4657, test_loss_a_kd: 5.4725, test_loss_v_kd: 7.833
early stopping at epoch 19, best epoch 7, best test_acc 66.93, best test_fscore 65.5
FINAL best epoch 7: test_acc=66.93, test_fscore=65.5, composite=132.43
