=== Round: r14_combo_strong_lowlr ===
args: {'lr': 5e-05, 'l2': 1e-06, 'batch_size': 16, 'seed': 2024, 'epochs': 30, 'dropout': 0.5, 'hidden_dim': 768, 'n_head': 8, 'temp': 2.0, 'clsNum': 7, 'train': True, 'label_smoothing': 0.05, 'kd_weight_a': 0.01, 'kd_weight_v': 0.08, 'ensemble_a': 0.3, 'ensemble_v': 0.3, 'loss_target': 'text', 'aux_fused_weight': 0.3, 'focal_gamma': 0.0, 'patience': 12, 'min_epochs': 3, 'exp_name': 'r14_combo_strong_lowlr', 'log_file': './experiment_logs/r14_combo_strong_lowlr.log'}
epoch: 0, train_loss: 2.2427, train_acc: 47.55, train_fscore: 36.38 valid_loss: 2.1984, valid_acc: 51.13, valid_fscore: 41.05,test_loss: 2.1177, test_acc: 56.02, test_fscore: 46.49, time: 1780644286.3011167
epoch: 0, train_loss_a_kd: 7.3022, train_loss_v_kd: 5.8522, valid_loss_a_kd: 5.9788, valid_loss_v_kd: 6.9678, test_loss_a_kd: 5.6415, test_loss_v_kd: 6.4723
done
epoch: 1, train_loss: 1.1712, train_acc: 88.01, train_fscore: 87.21 valid_loss: 2.1702, valid_acc: 67.18, valid_fscore: 66.41,test_loss: 2.1796, test_acc: 65.75, test_fscore: 64.87, time: 1780644290.6723208
epoch: 1, train_loss_a_kd: 6.0103, train_loss_v_kd: 2.2688, valid_loss_a_kd: 6.6792, valid_loss_v_kd: 8.4163, test_loss_a_kd: 6.2081, test_loss_v_kd: 7.9409
done
epoch: 2, train_loss: 0.9495, train_acc: 91.53, train_fscore: 91.53 valid_loss: 2.2043, valid_acc: 67.0, valid_fscore: 66.3,test_loss: 2.2355, test_acc: 65.44, test_fscore: 64.57, time: 1780644295.1969106
epoch: 2, train_loss_a_kd: 5.3311, train_loss_v_kd: 1.669, valid_loss_a_kd: 6.3567, valid_loss_v_kd: 8.5558, test_loss_a_kd: 5.9423, test_loss_v_kd: 8.0699
epoch: 3, train_loss: 0.9075, train_acc: 92.2, train_fscore: 92.2 valid_loss: 2.2343, valid_acc: 66.01, valid_fscore: 64.86,test_loss: 2.2512, test_acc: 66.48, test_fscore: 65.1, time: 1780644298.936411
epoch: 3, train_loss_a_kd: 4.8818, train_loss_v_kd: 1.4783, valid_loss_a_kd: 6.1365, valid_loss_v_kd: 8.5617, test_loss_a_kd: 5.7522, test_loss_v_kd: 8.0285
done
epoch: 4, train_loss: 0.8866, train_acc: 92.61, train_fscore: 92.6 valid_loss: 2.2124, valid_acc: 66.82, valid_fscore: 66.03,test_loss: 2.2413, test_acc: 65.9, test_fscore: 64.88, time: 1780644303.5147483
epoch: 4, train_loss_a_kd: 4.6757, train_loss_v_kd: 1.401, valid_loss_a_kd: 6.0917, valid_loss_v_kd: 8.6884, test_loss_a_kd: 5.7454, test_loss_v_kd: 8.1182
epoch: 5, train_loss: 0.8713, train_acc: 92.69, train_fscore: 92.68 valid_loss: 2.196, valid_acc: 67.45, valid_fscore: 66.48,test_loss: 2.2246, test_acc: 66.44, test_fscore: 65.2, time: 1780644307.1506717
epoch: 5, train_loss_a_kd: 4.5295, train_loss_v_kd: 1.3407, valid_loss_a_kd: 6.0025, valid_loss_v_kd: 8.637, test_loss_a_kd: 5.6783, test_loss_v_kd: 8.0844
done
epoch: 6, train_loss: 0.8604, train_acc: 92.59, train_fscore: 92.58 valid_loss: 2.2063, valid_acc: 66.55, valid_fscore: 65.6,test_loss: 2.2299, test_acc: 66.25, test_fscore: 65.11, time: 1780644311.5013735
epoch: 6, train_loss_a_kd: 4.4153, train_loss_v_kd: 1.3241, valid_loss_a_kd: 5.9184, valid_loss_v_kd: 8.6563, test_loss_a_kd: 5.6121, test_loss_v_kd: 8.0712
epoch: 7, train_loss: 0.8506, train_acc: 92.91, train_fscore: 92.91 valid_loss: 2.2429, valid_acc: 66.28, valid_fscore: 64.84,test_loss: 2.2383, test_acc: 66.32, test_fscore: 64.74, time: 1780644315.1596131
epoch: 7, train_loss_a_kd: 4.3342, train_loss_v_kd: 1.3007, valid_loss_a_kd: 5.711, valid_loss_v_kd: 8.5366, test_loss_a_kd: 5.4153, test_loss_v_kd: 7.9602
epoch: 8, train_loss: 0.8435, train_acc: 93.1, train_fscore: 93.09 valid_loss: 2.1967, valid_acc: 67.0, valid_fscore: 65.71,test_loss: 2.2191, test_acc: 66.51, test_fscore: 65.07, time: 1780644318.8422973
epoch: 8, train_loss_a_kd: 4.2441, train_loss_v_kd: 1.2635, valid_loss_a_kd: 5.6638, valid_loss_v_kd: 8.5182, test_loss_a_kd: 5.394, test_loss_v_kd: 7.9268
epoch: 9, train_loss: 0.837, train_acc: 93.15, train_fscore: 93.14 valid_loss: 2.1829, valid_acc: 67.0, valid_fscore: 65.55,test_loss: 2.2067, test_acc: 66.28, test_fscore: 64.74, time: 1780644322.6476061
epoch: 9, train_loss_a_kd: 4.157, train_loss_v_kd: 1.238, valid_loss_a_kd: 5.6036, valid_loss_v_kd: 8.4389, test_loss_a_kd: 5.3585, test_loss_v_kd: 7.8603
epoch: 10, train_loss: 0.8204, train_acc: 93.24, train_fscore: 93.23 valid_loss: 2.201, valid_acc: 66.82, valid_fscore: 65.31,test_loss: 2.221, test_acc: 66.48, test_fscore: 64.84, time: 1780644326.3876972
epoch: 10, train_loss_a_kd: 4.1001, train_loss_v_kd: 1.2149, valid_loss_a_kd: 5.5494, valid_loss_v_kd: 8.419, test_loss_a_kd: 5.3056, test_loss_v_kd: 7.8328
epoch: 11, train_loss: 0.8154, train_acc: 93.11, train_fscore: 93.11 valid_loss: 2.2047, valid_acc: 66.82, valid_fscore: 65.25,test_loss: 2.2251, test_acc: 66.32, test_fscore: 64.57, time: 1780644330.0363982
epoch: 11, train_loss_a_kd: 4.0511, train_loss_v_kd: 1.2031, valid_loss_a_kd: 5.4177, valid_loss_v_kd: 8.2675, test_loss_a_kd: 5.1819, test_loss_v_kd: 7.7107
epoch: 12, train_loss: 0.8117, train_acc: 93.32, train_fscore: 93.31 valid_loss: 2.2077, valid_acc: 66.91, valid_fscore: 65.23,test_loss: 2.2077, test_acc: 66.51, test_fscore: 64.77, time: 1780644333.9115899
epoch: 12, train_loss_a_kd: 3.9615, train_loss_v_kd: 1.1771, valid_loss_a_kd: 5.4048, valid_loss_v_kd: 8.3478, test_loss_a_kd: 5.1798, test_loss_v_kd: 7.7625
epoch: 13, train_loss: 0.802, train_acc: 93.45, train_fscore: 93.44 valid_loss: 2.2033, valid_acc: 66.19, valid_fscore: 64.52,test_loss: 2.2194, test_acc: 65.9, test_fscore: 63.98, time: 1780644337.6320078
epoch: 13, train_loss_a_kd: 3.9237, train_loss_v_kd: 1.1529, valid_loss_a_kd: 5.3181, valid_loss_v_kd: 8.2322, test_loss_a_kd: 5.1082, test_loss_v_kd: 7.6607
epoch: 14, train_loss: 0.7946, train_acc: 93.48, train_fscore: 93.47 valid_loss: 2.1925, valid_acc: 66.55, valid_fscore: 65.0,test_loss: 2.2035, test_acc: 66.17, test_fscore: 64.39, time: 1780644341.3836887
epoch: 14, train_loss_a_kd: 3.9154, train_loss_v_kd: 1.1393, valid_loss_a_kd: 5.3396, valid_loss_v_kd: 8.2658, test_loss_a_kd: 5.1277, test_loss_v_kd: 7.6721
epoch: 15, train_loss: 0.7926, train_acc: 93.68, train_fscore: 93.68 valid_loss: 2.208, valid_acc: 66.28, valid_fscore: 64.64,test_loss: 2.2122, test_acc: 66.4, test_fscore: 64.59, time: 1780644345.1265364
epoch: 15, train_loss_a_kd: 3.8488, train_loss_v_kd: 1.1489, valid_loss_a_kd: 5.2421, valid_loss_v_kd: 8.2612, test_loss_a_kd: 5.0259, test_loss_v_kd: 7.6561
epoch: 16, train_loss: 0.7826, train_acc: 93.79, train_fscore: 93.79 valid_loss: 2.2103, valid_acc: 66.46, valid_fscore: 64.69,test_loss: 2.2112, test_acc: 66.4, test_fscore: 64.53, time: 1780644348.9197974
epoch: 16, train_loss_a_kd: 3.8092, train_loss_v_kd: 1.1299, valid_loss_a_kd: 5.1852, valid_loss_v_kd: 8.1839, test_loss_a_kd: 4.9941, test_loss_v_kd: 7.5931
epoch: 17, train_loss: 0.7747, train_acc: 93.85, train_fscore: 93.85 valid_loss: 2.2192, valid_acc: 66.55, valid_fscore: 64.72,test_loss: 2.2191, test_acc: 65.94, test_fscore: 63.97, time: 1780644352.5325196
epoch: 17, train_loss_a_kd: 3.7743, train_loss_v_kd: 1.1017, valid_loss_a_kd: 5.1101, valid_loss_v_kd: 8.129, test_loss_a_kd: 4.9191, test_loss_v_kd: 7.5557
early stopping at epoch 17, best epoch 5, best test_acc 66.44, best test_fscore 65.2
FINAL best epoch 5: test_acc=66.44, test_fscore=65.2, composite=131.64
