=== Round: r16_ensemble_035 ===
args: {'lr': 0.0001, 'l2': 1e-06, 'batch_size': 16, 'seed': 2024, 'epochs': 30, 'dropout': 0.5, 'hidden_dim': 768, 'n_head': 8, 'temp': 2.0, 'clsNum': 7, 'train': True, 'label_smoothing': 0.05, 'kd_weight_a': 0.01, 'kd_weight_v': 0.08, 'ensemble_a': 0.35, 'ensemble_v': 0.35, 'loss_target': 'text', 'aux_fused_weight': 0.3, 'focal_gamma': 0.0, 'patience': 12, 'min_epochs': 3, 'exp_name': 'r16_ensemble_035', 'log_file': './experiment_logs/r16_ensemble_035.log'}
epoch: 0, train_loss: 1.9835, train_acc: 56.69, train_fscore: 50.01 valid_loss: 2.1452, valid_acc: 65.19, valid_fscore: 62.25,test_loss: 2.1124, test_acc: 66.05, test_fscore: 63.24, time: 1780644486.6545377
epoch: 0, train_loss_a_kd: 7.0007, train_loss_v_kd: 4.9474, valid_loss_a_kd: 6.6941, valid_loss_v_kd: 7.9626, test_loss_a_kd: 6.2322, test_loss_v_kd: 7.5063
done
epoch: 1, train_loss: 1.0001, train_acc: 90.94, train_fscore: 90.8 valid_loss: 2.1957, valid_acc: 66.46, valid_fscore: 65.64,test_loss: 2.2279, test_acc: 65.71, test_fscore: 64.75, time: 1780644491.1038907
epoch: 1, train_loss_a_kd: 5.6557, train_loss_v_kd: 1.8561, valid_loss_a_kd: 6.6168, valid_loss_v_kd: 8.6915, test_loss_a_kd: 6.1495, test_loss_v_kd: 8.1841
done
epoch: 2, train_loss: 0.9126, train_acc: 92.63, train_fscore: 92.63 valid_loss: 2.2184, valid_acc: 66.19, valid_fscore: 65.21,test_loss: 2.2682, test_acc: 65.82, test_fscore: 64.59, time: 1780644495.688716
epoch: 2, train_loss_a_kd: 4.9352, train_loss_v_kd: 1.4954, valid_loss_a_kd: 6.2338, valid_loss_v_kd: 8.6913, test_loss_a_kd: 5.8612, test_loss_v_kd: 8.1716
epoch: 3, train_loss: 0.8877, train_acc: 93.12, train_fscore: 93.11 valid_loss: 2.2495, valid_acc: 66.28, valid_fscore: 64.36,test_loss: 2.2465, test_acc: 66.59, test_fscore: 64.61, time: 1780644499.4606178
epoch: 3, train_loss_a_kd: 4.5769, train_loss_v_kd: 1.4015, valid_loss_a_kd: 5.846, valid_loss_v_kd: 8.5435, test_loss_a_kd: 5.5289, test_loss_v_kd: 7.9754
done
epoch: 4, train_loss: 0.8674, train_acc: 93.31, train_fscore: 93.29 valid_loss: 2.2119, valid_acc: 66.37, valid_fscore: 65.06,test_loss: 2.2395, test_acc: 66.05, test_fscore: 64.55, time: 1780644503.83774
epoch: 4, train_loss_a_kd: 4.3732, train_loss_v_kd: 1.3342, valid_loss_a_kd: 5.794, valid_loss_v_kd: 8.5385, test_loss_a_kd: 5.4854, test_loss_v_kd: 7.9584
epoch: 5, train_loss: 0.8491, train_acc: 93.34, train_fscore: 93.33 valid_loss: 2.2016, valid_acc: 66.64, valid_fscore: 65.13,test_loss: 2.2231, test_acc: 66.55, test_fscore: 64.89, time: 1780644507.9189894
epoch: 5, train_loss_a_kd: 4.2038, train_loss_v_kd: 1.27, valid_loss_a_kd: 5.6222, valid_loss_v_kd: 8.4527, test_loss_a_kd: 5.3731, test_loss_v_kd: 7.8834
done
epoch: 6, train_loss: 0.8322, train_acc: 93.37, train_fscore: 93.37 valid_loss: 2.2097, valid_acc: 66.73, valid_fscore: 65.19,test_loss: 2.2112, test_acc: 66.59, test_fscore: 64.89, time: 1780644512.6582932
epoch: 6, train_loss_a_kd: 4.0661, train_loss_v_kd: 1.2405, valid_loss_a_kd: 5.4392, valid_loss_v_kd: 8.3627, test_loss_a_kd: 5.2062, test_loss_v_kd: 7.7763
done
epoch: 7, train_loss: 0.8173, train_acc: 93.54, train_fscore: 93.54 valid_loss: 2.215, valid_acc: 65.55, valid_fscore: 63.73,test_loss: 2.2247, test_acc: 66.05, test_fscore: 64.02, time: 1780644517.1392806
epoch: 7, train_loss_a_kd: 3.9826, train_loss_v_kd: 1.2032, valid_loss_a_kd: 5.2782, valid_loss_v_kd: 8.3031, test_loss_a_kd: 5.0675, test_loss_v_kd: 7.7021
epoch: 8, train_loss: 0.8077, train_acc: 93.58, train_fscore: 93.57 valid_loss: 2.1852, valid_acc: 66.19, valid_fscore: 64.55,test_loss: 2.1989, test_acc: 65.9, test_fscore: 64.1, time: 1780644520.875522
epoch: 8, train_loss_a_kd: 3.8826, train_loss_v_kd: 1.1793, valid_loss_a_kd: 5.1594, valid_loss_v_kd: 8.2691, test_loss_a_kd: 4.974, test_loss_v_kd: 7.6417
epoch: 9, train_loss: 0.7954, train_acc: 94.08, train_fscore: 94.08 valid_loss: 2.2005, valid_acc: 65.92, valid_fscore: 64.07,test_loss: 2.203, test_acc: 65.75, test_fscore: 63.66, time: 1780644524.767685
epoch: 9, train_loss_a_kd: 3.7844, train_loss_v_kd: 1.1501, valid_loss_a_kd: 5.0352, valid_loss_v_kd: 8.1206, test_loss_a_kd: 4.8649, test_loss_v_kd: 7.5136
epoch: 10, train_loss: 0.7725, train_acc: 94.19, train_fscore: 94.19 valid_loss: 2.2196, valid_acc: 66.1, valid_fscore: 64.25,test_loss: 2.2263, test_acc: 65.67, test_fscore: 63.61, time: 1780644528.5066674
epoch: 10, train_loss_a_kd: 3.7095, train_loss_v_kd: 1.1231, valid_loss_a_kd: 5.0169, valid_loss_v_kd: 8.1878, test_loss_a_kd: 4.8608, test_loss_v_kd: 7.5382
epoch: 11, train_loss: 0.7629, train_acc: 94.54, train_fscore: 94.54 valid_loss: 2.2769, valid_acc: 65.73, valid_fscore: 63.5,test_loss: 2.2742, test_acc: 64.44, test_fscore: 61.6, time: 1780644532.269831
epoch: 11, train_loss_a_kd: 3.6644, train_loss_v_kd: 1.1088, valid_loss_a_kd: 4.8595, valid_loss_v_kd: 7.9252, test_loss_a_kd: 4.7172, test_loss_v_kd: 7.3195
epoch: 12, train_loss: 0.7566, train_acc: 94.76, train_fscore: 94.76 valid_loss: 2.2525, valid_acc: 65.64, valid_fscore: 63.66,test_loss: 2.2459, test_acc: 64.71, test_fscore: 62.33, time: 1780644536.155007
epoch: 12, train_loss_a_kd: 3.6148, train_loss_v_kd: 1.0822, valid_loss_a_kd: 4.7997, valid_loss_v_kd: 7.9341, test_loss_a_kd: 4.6478, test_loss_v_kd: 7.3095
epoch: 13, train_loss: 0.7445, train_acc: 94.74, train_fscore: 94.74 valid_loss: 2.2597, valid_acc: 64.29, valid_fscore: 62.06,test_loss: 2.2542, test_acc: 63.91, test_fscore: 61.08, time: 1780644540.1105814
epoch: 13, train_loss_a_kd: 3.5395, train_loss_v_kd: 1.0596, valid_loss_a_kd: 4.7305, valid_loss_v_kd: 7.8254, test_loss_a_kd: 4.6245, test_loss_v_kd: 7.2252
epoch: 14, train_loss: 0.7354, train_acc: 94.92, train_fscore: 94.92 valid_loss: 2.2673, valid_acc: 64.74, valid_fscore: 62.53,test_loss: 2.2579, test_acc: 64.18, test_fscore: 61.38, time: 1780644543.7395852
epoch: 14, train_loss_a_kd: 3.5107, train_loss_v_kd: 1.0385, valid_loss_a_kd: 4.6943, valid_loss_v_kd: 7.8298, test_loss_a_kd: 4.5631, test_loss_v_kd: 7.2132
epoch: 15, train_loss: 0.7271, train_acc: 95.13, train_fscore: 95.14 valid_loss: 2.2707, valid_acc: 64.83, valid_fscore: 62.58,test_loss: 2.2477, test_acc: 64.71, test_fscore: 62.22, time: 1780644547.419589
epoch: 15, train_loss_a_kd: 3.4792, train_loss_v_kd: 1.0386, valid_loss_a_kd: 4.6036, valid_loss_v_kd: 7.829, test_loss_a_kd: 4.4642, test_loss_v_kd: 7.2143
epoch: 16, train_loss: 0.7156, train_acc: 95.44, train_fscore: 95.44 valid_loss: 2.3032, valid_acc: 64.56, valid_fscore: 62.05,test_loss: 2.2741, test_acc: 64.6, test_fscore: 61.78, time: 1780644551.102938
epoch: 16, train_loss_a_kd: 3.4464, train_loss_v_kd: 1.015, valid_loss_a_kd: 4.5309, valid_loss_v_kd: 7.6916, test_loss_a_kd: 4.4298, test_loss_v_kd: 7.1027
epoch: 17, train_loss: 0.7094, train_acc: 95.63, train_fscore: 95.62 valid_loss: 2.3148, valid_acc: 64.83, valid_fscore: 62.41,test_loss: 2.2651, test_acc: 64.52, test_fscore: 61.81, time: 1780644554.7856145
epoch: 17, train_loss_a_kd: 3.4352, train_loss_v_kd: 1.0012, valid_loss_a_kd: 4.531, valid_loss_v_kd: 7.6985, test_loss_a_kd: 4.3905, test_loss_v_kd: 7.1126
epoch: 18, train_loss: 0.7059, train_acc: 95.4, train_fscore: 95.4 valid_loss: 2.2721, valid_acc: 64.56, valid_fscore: 62.2,test_loss: 2.2498, test_acc: 64.21, test_fscore: 61.52, time: 1780644558.5260403
epoch: 18, train_loss_a_kd: 3.3906, train_loss_v_kd: 0.9862, valid_loss_a_kd: 4.5419, valid_loss_v_kd: 7.6916, test_loss_a_kd: 4.4162, test_loss_v_kd: 7.081
early stopping at epoch 18, best epoch 6, best test_acc 66.59, best test_fscore 64.89
FINAL best epoch 6: test_acc=66.59, test_fscore=64.89, composite=131.48000000000002
