=== Round: r9_focal_g20 ===
args: {'lr': 0.0001, 'l2': 1e-06, 'batch_size': 16, 'seed': 2024, 'epochs': 30, 'dropout': 0.5, 'hidden_dim': 768, 'n_head': 8, 'temp': 2.0, 'clsNum': 7, 'train': True, 'label_smoothing': 0.05, 'kd_weight_a': 0.01, 'kd_weight_v': 0.08, 'ensemble_a': 0.2, 'ensemble_v': 0.2, 'loss_target': 'text', 'aux_fused_weight': 0.3, 'focal_gamma': 2.0, 'patience': 12, 'min_epochs': 3, 'exp_name': 'r9_focal_g20', 'log_file': './experiment_logs/r9_focal_g20.log'}
epoch: 0, train_loss: 1.3681, train_acc: 60.62, train_fscore: 55.92 valid_loss: 1.6087, valid_acc: 65.19, valid_fscore: 63.59,test_loss: 1.492, test_acc: 65.36, test_fscore: 64.13, time: 1780643778.0254653
epoch: 0, train_loss_a_kd: 7.0596, train_loss_v_kd: 5.0654, valid_loss_a_kd: 6.6063, valid_loss_v_kd: 7.8839, test_loss_a_kd: 6.1419, test_loss_v_kd: 7.4489
done
epoch: 1, train_loss: 0.5374, train_acc: 90.3, train_fscore: 90.28 valid_loss: 1.6753, valid_acc: 65.55, valid_fscore: 65.29,test_loss: 1.6144, test_acc: 64.98, test_fscore: 64.81, time: 1780643782.909008
epoch: 1, train_loss_a_kd: 5.4648, train_loss_v_kd: 1.8519, valid_loss_a_kd: 6.4771, valid_loss_v_kd: 8.5806, test_loss_a_kd: 5.9853, test_loss_v_kd: 8.0568
done
epoch: 2, train_loss: 0.4675, train_acc: 91.39, train_fscore: 91.43 valid_loss: 1.7256, valid_acc: 66.73, valid_fscore: 66.01,test_loss: 1.6741, test_acc: 65.06, test_fscore: 64.15, time: 1780643787.6935275
epoch: 2, train_loss_a_kd: 4.7606, train_loss_v_kd: 1.4859, valid_loss_a_kd: 6.0264, valid_loss_v_kd: 8.4637, test_loss_a_kd: 5.5955, test_loss_v_kd: 7.9167
epoch: 3, train_loss: 0.4436, train_acc: 91.84, train_fscore: 91.86 valid_loss: 1.7545, valid_acc: 65.92, valid_fscore: 64.42,test_loss: 1.6481, test_acc: 66.4, test_fscore: 64.83, time: 1780643791.6618004
epoch: 3, train_loss_a_kd: 4.401, train_loss_v_kd: 1.3947, valid_loss_a_kd: 5.6452, valid_loss_v_kd: 8.2743, test_loss_a_kd: 5.2794, test_loss_v_kd: 7.6818
done
epoch: 4, train_loss: 0.4288, train_acc: 92.02, train_fscore: 92.04 valid_loss: 1.6942, valid_acc: 66.73, valid_fscore: 66.03,test_loss: 1.6195, test_acc: 65.63, test_fscore: 64.83, time: 1780643796.1419356
epoch: 4, train_loss_a_kd: 4.209, train_loss_v_kd: 1.3356, valid_loss_a_kd: 5.7304, valid_loss_v_kd: 8.3596, test_loss_a_kd: 5.3587, test_loss_v_kd: 7.7403
epoch: 5, train_loss: 0.411, train_acc: 92.24, train_fscore: 92.26 valid_loss: 1.6919, valid_acc: 66.1, valid_fscore: 65.22,test_loss: 1.6114, test_acc: 65.48, test_fscore: 64.41, time: 1780643800.1352842
epoch: 5, train_loss_a_kd: 4.0401, train_loss_v_kd: 1.2732, valid_loss_a_kd: 5.4262, valid_loss_v_kd: 8.1558, test_loss_a_kd: 5.1341, test_loss_v_kd: 7.559
epoch: 6, train_loss: 0.3959, train_acc: 92.11, train_fscore: 92.14 valid_loss: 1.7034, valid_acc: 66.37, valid_fscore: 65.52,test_loss: 1.5998, test_acc: 66.02, test_fscore: 64.89, time: 1780643803.9171257
epoch: 6, train_loss_a_kd: 3.9082, train_loss_v_kd: 1.2479, valid_loss_a_kd: 5.2678, valid_loss_v_kd: 8.0715, test_loss_a_kd: 4.9821, test_loss_v_kd: 7.4511
epoch: 7, train_loss: 0.3819, train_acc: 92.46, train_fscore: 92.49 valid_loss: 1.7086, valid_acc: 65.83, valid_fscore: 64.47,test_loss: 1.6089, test_acc: 65.75, test_fscore: 64.27, time: 1780643807.862538
epoch: 7, train_loss_a_kd: 3.8302, train_loss_v_kd: 1.2095, valid_loss_a_kd: 5.1188, valid_loss_v_kd: 8.0056, test_loss_a_kd: 4.8412, test_loss_v_kd: 7.3857
epoch: 8, train_loss: 0.373, train_acc: 92.6, train_fscore: 92.63 valid_loss: 1.6807, valid_acc: 66.37, valid_fscore: 65.17,test_loss: 1.5893, test_acc: 65.86, test_fscore: 64.48, time: 1780643811.9957623
epoch: 8, train_loss_a_kd: 3.7453, train_loss_v_kd: 1.1906, valid_loss_a_kd: 4.9838, valid_loss_v_kd: 7.8882, test_loss_a_kd: 4.7429, test_loss_v_kd: 7.2514
epoch: 9, train_loss: 0.3603, train_acc: 92.92, train_fscore: 92.95 valid_loss: 1.7201, valid_acc: 66.73, valid_fscore: 65.09,test_loss: 1.6145, test_acc: 65.82, test_fscore: 63.96, time: 1780643815.9069118
epoch: 9, train_loss_a_kd: 3.6291, train_loss_v_kd: 1.1602, valid_loss_a_kd: 4.8181, valid_loss_v_kd: 7.7216, test_loss_a_kd: 4.5739, test_loss_v_kd: 7.1272
epoch: 10, train_loss: 0.3395, train_acc: 93.34, train_fscore: 93.36 valid_loss: 1.7458, valid_acc: 66.19, valid_fscore: 64.5,test_loss: 1.6358, test_acc: 65.71, test_fscore: 63.87, time: 1780643819.9199107
epoch: 10, train_loss_a_kd: 3.5607, train_loss_v_kd: 1.127, valid_loss_a_kd: 4.8021, valid_loss_v_kd: 7.7315, test_loss_a_kd: 4.5736, test_loss_v_kd: 7.1009
epoch: 11, train_loss: 0.3326, train_acc: 93.63, train_fscore: 93.66 valid_loss: 1.8121, valid_acc: 65.37, valid_fscore: 63.07,test_loss: 1.6884, test_acc: 64.83, test_fscore: 62.28, time: 1780643823.9948153
epoch: 11, train_loss_a_kd: 3.5329, train_loss_v_kd: 1.1216, valid_loss_a_kd: 4.6439, valid_loss_v_kd: 7.4402, test_loss_a_kd: 4.4232, test_loss_v_kd: 6.8718
epoch: 12, train_loss: 0.3274, train_acc: 93.79, train_fscore: 93.82 valid_loss: 1.789, valid_acc: 64.2, valid_fscore: 62.69,test_loss: 1.6564, test_acc: 64.44, test_fscore: 62.6, time: 1780643827.954675
epoch: 12, train_loss_a_kd: 3.4667, train_loss_v_kd: 1.1023, valid_loss_a_kd: 4.6258, valid_loss_v_kd: 7.5922, test_loss_a_kd: 4.445, test_loss_v_kd: 6.9715
epoch: 13, train_loss: 0.3151, train_acc: 93.96, train_fscore: 93.98 valid_loss: 1.8006, valid_acc: 64.83, valid_fscore: 62.71,test_loss: 1.6572, test_acc: 64.29, test_fscore: 61.83, time: 1780643832.0220153
epoch: 13, train_loss_a_kd: 3.4148, train_loss_v_kd: 1.076, valid_loss_a_kd: 4.576, valid_loss_v_kd: 7.3989, test_loss_a_kd: 4.3913, test_loss_v_kd: 6.8065
epoch: 14, train_loss: 0.3087, train_acc: 93.89, train_fscore: 93.91 valid_loss: 1.7918, valid_acc: 64.74, valid_fscore: 62.81,test_loss: 1.651, test_acc: 64.56, test_fscore: 62.33, time: 1780643836.0527093
epoch: 14, train_loss_a_kd: 3.3714, train_loss_v_kd: 1.0615, valid_loss_a_kd: 4.5519, valid_loss_v_kd: 7.4346, test_loss_a_kd: 4.369, test_loss_v_kd: 6.8267
epoch: 15, train_loss: 0.2983, train_acc: 94.46, train_fscore: 94.48 valid_loss: 1.8392, valid_acc: 64.47, valid_fscore: 62.78,test_loss: 1.6884, test_acc: 64.48, test_fscore: 62.3, time: 1780643840.0808113
epoch: 15, train_loss_a_kd: 3.3424, train_loss_v_kd: 1.0576, valid_loss_a_kd: 4.4325, valid_loss_v_kd: 7.4061, test_loss_a_kd: 4.2355, test_loss_v_kd: 6.7982
early stopping at epoch 15, best epoch 3, best test_acc 66.4, best test_fscore 64.83
FINAL best epoch 3: test_acc=66.4, test_fscore=64.83, composite=131.23000000000002
