total parameters: 44566293
training parameters: 44566293
fusion_mode: fixed
epoch: 0, train_loss: 2.3611, train_acc: 45.81, train_fscore: 36.45 valid_loss: 2.2179, valid_acc: 47.7, valid_fscore: 35.34,test_loss: 2.136, test_acc: 53.07, test_fscore: 41.15, time: 1780648491.0704844
epoch: 0, train_loss_a_kd: 8.1712, train_loss_v_kd: 6.6675, valid_loss_a_kd: 6.3129, valid_loss_v_kd: 6.9563, test_loss_a_kd: 6.0456, test_loss_v_kd: 6.4481
done
epoch: 1, train_loss: 1.2716, train_acc: 85.82, train_fscore: 84.77 valid_loss: 2.1688, valid_acc: 67.0, valid_fscore: 66.05,test_loss: 2.1699, test_acc: 65.82, test_fscore: 64.7, time: 1780648495.3265557
epoch: 1, train_loss_a_kd: 6.9451, train_loss_v_kd: 2.7823, valid_loss_a_kd: 7.0369, valid_loss_v_kd: 8.3864, test_loss_a_kd: 6.5669, test_loss_v_kd: 7.92
done
epoch: 2, train_loss: 1.0047, train_acc: 91.08, train_fscore: 91.04 valid_loss: 2.2056, valid_acc: 67.18, valid_fscore: 66.51,test_loss: 2.2305, test_acc: 65.29, test_fscore: 64.4, time: 1780648499.8169498
epoch: 2, train_loss_a_kd: 6.3201, train_loss_v_kd: 1.9265, valid_loss_a_kd: 6.7029, valid_loss_v_kd: 8.6168, test_loss_a_kd: 6.2468, test_loss_v_kd: 8.1395
epoch: 3, train_loss: 0.9492, train_acc: 91.93, train_fscore: 91.93 valid_loss: 2.2292, valid_acc: 66.82, valid_fscore: 65.87,test_loss: 2.2452, test_acc: 65.94, test_fscore: 64.73, time: 1780648503.826251
epoch: 3, train_loss_a_kd: 5.6872, train_loss_v_kd: 1.6493, valid_loss_a_kd: 6.4867, valid_loss_v_kd: 8.6852, test_loss_a_kd: 6.0624, test_loss_v_kd: 8.16
done
epoch: 4, train_loss: 0.9207, train_acc: 92.38, train_fscore: 92.36 valid_loss: 2.2252, valid_acc: 67.45, valid_fscore: 66.76,test_loss: 2.2479, test_acc: 65.79, test_fscore: 64.88, time: 1780648508.1424348
epoch: 4, train_loss_a_kd: 5.3851, train_loss_v_kd: 1.5318, valid_loss_a_kd: 6.5082, valid_loss_v_kd: 8.8229, test_loss_a_kd: 6.1173, test_loss_v_kd: 8.2676
epoch: 5, train_loss: 0.9091, train_acc: 92.44, train_fscore: 92.43 valid_loss: 2.2175, valid_acc: 67.63, valid_fscore: 66.76,test_loss: 2.2412, test_acc: 65.86, test_fscore: 64.91, time: 1780648511.7665014
epoch: 5, train_loss_a_kd: 5.2133, train_loss_v_kd: 1.4796, valid_loss_a_kd: 6.4576, valid_loss_v_kd: 8.7951, test_loss_a_kd: 6.0769, test_loss_v_kd: 8.2625
done
epoch: 6, train_loss: 0.9016, train_acc: 92.63, train_fscore: 92.62 valid_loss: 2.2106, valid_acc: 67.0, valid_fscore: 66.26,test_loss: 2.2356, test_acc: 66.09, test_fscore: 65.1, time: 1780648516.247693
epoch: 6, train_loss_a_kd: 5.1614, train_loss_v_kd: 1.4661, valid_loss_a_kd: 6.4608, valid_loss_v_kd: 8.8393, test_loss_a_kd: 6.0749, test_loss_v_kd: 8.2796
done
epoch: 7, train_loss: 0.8884, train_acc: 92.89, train_fscore: 92.88 valid_loss: 2.2437, valid_acc: 66.73, valid_fscore: 65.6,test_loss: 2.2519, test_acc: 66.17, test_fscore: 64.94, time: 1780648520.6269975
epoch: 7, train_loss_a_kd: 5.0423, train_loss_v_kd: 1.4445, valid_loss_a_kd: 6.3397, valid_loss_v_kd: 8.7669, test_loss_a_kd: 5.9821, test_loss_v_kd: 8.2104
epoch: 8, train_loss: 0.8898, train_acc: 92.61, train_fscore: 92.59 valid_loss: 2.2042, valid_acc: 67.45, valid_fscore: 66.48,test_loss: 2.2257, test_acc: 66.48, test_fscore: 65.29, time: 1780648524.3432195
epoch: 8, train_loss_a_kd: 4.9979, train_loss_v_kd: 1.4283, valid_loss_a_kd: 6.3518, valid_loss_v_kd: 8.8262, test_loss_a_kd: 5.983, test_loss_v_kd: 8.2369
done
epoch: 9, train_loss: 0.8829, train_acc: 93.07, train_fscore: 93.05 valid_loss: 2.2046, valid_acc: 67.0, valid_fscore: 65.87,test_loss: 2.2261, test_acc: 66.44, test_fscore: 65.09, time: 1780648528.9298594
epoch: 9, train_loss_a_kd: 4.9396, train_loss_v_kd: 1.3914, valid_loss_a_kd: 6.2711, valid_loss_v_kd: 8.7526, test_loss_a_kd: 5.9282, test_loss_v_kd: 8.1728
epoch: 10, train_loss: 0.8667, train_acc: 92.88, train_fscore: 92.86 valid_loss: 2.2205, valid_acc: 67.81, valid_fscore: 66.74,test_loss: 2.2394, test_acc: 66.63, test_fscore: 65.35, time: 1780648532.6790922
epoch: 10, train_loss_a_kd: 4.9203, train_loss_v_kd: 1.3738, valid_loss_a_kd: 6.2506, valid_loss_v_kd: 8.8072, test_loss_a_kd: 5.92, test_loss_v_kd: 8.2229
done
epoch: 11, train_loss: 0.8676, train_acc: 93.2, train_fscore: 93.18 valid_loss: 2.2115, valid_acc: 67.54, valid_fscore: 66.48,test_loss: 2.2411, test_acc: 66.55, test_fscore: 65.29, time: 1780648537.206502
epoch: 11, train_loss_a_kd: 4.8491, train_loss_v_kd: 1.3695, valid_loss_a_kd: 6.2186, valid_loss_v_kd: 8.7335, test_loss_a_kd: 5.893, test_loss_v_kd: 8.168
epoch: 12, train_loss: 0.8662, train_acc: 93.13, train_fscore: 93.12 valid_loss: 2.2079, valid_acc: 67.81, valid_fscore: 66.75,test_loss: 2.2287, test_acc: 66.32, test_fscore: 64.99, time: 1780648540.9459734
epoch: 12, train_loss_a_kd: 4.793, train_loss_v_kd: 1.358, valid_loss_a_kd: 6.203, valid_loss_v_kd: 8.7834, test_loss_a_kd: 5.8774, test_loss_v_kd: 8.1975
epoch: 13, train_loss: 0.8587, train_acc: 93.12, train_fscore: 93.11 valid_loss: 2.2131, valid_acc: 67.36, valid_fscore: 66.05,test_loss: 2.2328, test_acc: 66.17, test_fscore: 64.71, time: 1780648544.5744689
epoch: 13, train_loss_a_kd: 4.7743, train_loss_v_kd: 1.3324, valid_loss_a_kd: 6.1513, valid_loss_v_kd: 8.7269, test_loss_a_kd: 5.8376, test_loss_v_kd: 8.1446
epoch: 14, train_loss: 0.8576, train_acc: 93.1, train_fscore: 93.08 valid_loss: 2.2093, valid_acc: 67.81, valid_fscore: 66.67,test_loss: 2.2296, test_acc: 66.44, test_fscore: 65.16, time: 1780648548.1438096
epoch: 14, train_loss_a_kd: 4.794, train_loss_v_kd: 1.3187, valid_loss_a_kd: 6.1719, valid_loss_v_kd: 8.7839, test_loss_a_kd: 5.8595, test_loss_v_kd: 8.1868
epoch: 15, train_loss: 0.8575, train_acc: 93.22, train_fscore: 93.21 valid_loss: 2.218, valid_acc: 67.63, valid_fscore: 66.56,test_loss: 2.2321, test_acc: 66.44, test_fscore: 65.11, time: 1780648551.8550615
epoch: 15, train_loss_a_kd: 4.7511, train_loss_v_kd: 1.3358, valid_loss_a_kd: 6.1148, valid_loss_v_kd: 8.7903, test_loss_a_kd: 5.8223, test_loss_v_kd: 8.1862
epoch: 16, train_loss: 0.8546, train_acc: 93.24, train_fscore: 93.23 valid_loss: 2.2171, valid_acc: 67.81, valid_fscore: 66.6,test_loss: 2.2307, test_acc: 66.7, test_fscore: 65.36, time: 1780648555.446336
epoch: 16, train_loss_a_kd: 4.7057, train_loss_v_kd: 1.3271, valid_loss_a_kd: 6.0801, valid_loss_v_kd: 8.7567, test_loss_a_kd: 5.7785, test_loss_v_kd: 8.1574
done
epoch: 17, train_loss: 0.8416, train_acc: 93.21, train_fscore: 93.2 valid_loss: 2.2238, valid_acc: 67.54, valid_fscore: 66.35,test_loss: 2.2338, test_acc: 66.63, test_fscore: 65.26, time: 1780648559.9926646
epoch: 17, train_loss_a_kd: 4.671, train_loss_v_kd: 1.2781, valid_loss_a_kd: 6.0703, valid_loss_v_kd: 8.7362, test_loss_a_kd: 5.7648, test_loss_v_kd: 8.1358
epoch: 18, train_loss: 0.8446, train_acc: 93.31, train_fscore: 93.3 valid_loss: 2.2286, valid_acc: 67.54, valid_fscore: 66.26,test_loss: 2.2405, test_acc: 66.55, test_fscore: 65.06, time: 1780648563.6426897
epoch: 18, train_loss_a_kd: 4.6694, train_loss_v_kd: 1.3039, valid_loss_a_kd: 6.0159, valid_loss_v_kd: 8.6947, test_loss_a_kd: 5.7105, test_loss_v_kd: 8.102
epoch: 19, train_loss: 0.8361, train_acc: 93.51, train_fscore: 93.5 valid_loss: 2.2088, valid_acc: 67.72, valid_fscore: 66.53,test_loss: 2.2342, test_acc: 66.74, test_fscore: 65.4, time: 1780648567.3919113
epoch: 19, train_loss_a_kd: 4.6035, train_loss_v_kd: 1.2761, valid_loss_a_kd: 6.0593, valid_loss_v_kd: 8.7209, test_loss_a_kd: 5.7537, test_loss_v_kd: 8.1218
done
epoch: 20, train_loss: 0.8391, train_acc: 93.27, train_fscore: 93.25 valid_loss: 2.2125, valid_acc: 67.72, valid_fscore: 66.48,test_loss: 2.2303, test_acc: 66.55, test_fscore: 65.16, time: 1780648571.7070758
epoch: 20, train_loss_a_kd: 4.6328, train_loss_v_kd: 1.2823, valid_loss_a_kd: 6.04, valid_loss_v_kd: 8.7138, test_loss_a_kd: 5.7396, test_loss_v_kd: 8.1123
epoch: 21, train_loss: 0.8388, train_acc: 93.38, train_fscore: 93.37 valid_loss: 2.219, valid_acc: 66.91, valid_fscore: 65.46,test_loss: 2.2295, test_acc: 66.7, test_fscore: 65.14, time: 1780648575.3665795
epoch: 21, train_loss_a_kd: 4.5858, train_loss_v_kd: 1.2897, valid_loss_a_kd: 6.0011, valid_loss_v_kd: 8.6599, test_loss_a_kd: 5.6883, test_loss_v_kd: 8.0568
epoch: 22, train_loss: 0.8349, train_acc: 93.44, train_fscore: 93.43 valid_loss: 2.2035, valid_acc: 67.54, valid_fscore: 66.3,test_loss: 2.2225, test_acc: 66.67, test_fscore: 65.28, time: 1780648579.041702
epoch: 22, train_loss_a_kd: 4.5934, train_loss_v_kd: 1.2704, valid_loss_a_kd: 6.0311, valid_loss_v_kd: 8.6895, test_loss_a_kd: 5.7266, test_loss_v_kd: 8.0815
epoch: 23, train_loss: 0.8274, train_acc: 93.4, train_fscore: 93.39 valid_loss: 2.2062, valid_acc: 67.54, valid_fscore: 66.29,test_loss: 2.2241, test_acc: 66.63, test_fscore: 65.21, time: 1780648582.7686377
epoch: 23, train_loss_a_kd: 4.5747, train_loss_v_kd: 1.2559, valid_loss_a_kd: 6.0235, valid_loss_v_kd: 8.6949, test_loss_a_kd: 5.7236, test_loss_v_kd: 8.0852
epoch: 24, train_loss: 0.8278, train_acc: 93.58, train_fscore: 93.57 valid_loss: 2.2173, valid_acc: 67.54, valid_fscore: 66.24,test_loss: 2.2289, test_acc: 66.97, test_fscore: 65.47, time: 1780648586.4584057
epoch: 24, train_loss_a_kd: 4.6089, train_loss_v_kd: 1.2556, valid_loss_a_kd: 5.9868, valid_loss_v_kd: 8.6675, test_loss_a_kd: 5.6891, test_loss_v_kd: 8.0573
done
epoch: 25, train_loss: 0.8296, train_acc: 93.26, train_fscore: 93.25 valid_loss: 2.2224, valid_acc: 67.27, valid_fscore: 65.92,test_loss: 2.2322, test_acc: 66.78, test_fscore: 65.27, time: 1780648591.0422864
epoch: 25, train_loss_a_kd: 4.5662, train_loss_v_kd: 1.2454, valid_loss_a_kd: 5.9749, valid_loss_v_kd: 8.6703, test_loss_a_kd: 5.6806, test_loss_v_kd: 8.0674
epoch: 26, train_loss: 0.8232, train_acc: 93.47, train_fscore: 93.45 valid_loss: 2.2124, valid_acc: 67.45, valid_fscore: 66.16,test_loss: 2.23, test_acc: 66.74, test_fscore: 65.28, time: 1780648594.816709
epoch: 26, train_loss_a_kd: 4.5638, train_loss_v_kd: 1.2484, valid_loss_a_kd: 6.0065, valid_loss_v_kd: 8.6899, test_loss_a_kd: 5.7047, test_loss_v_kd: 8.0812
epoch: 27, train_loss: 0.827, train_acc: 93.4, train_fscore: 93.39 valid_loss: 2.215, valid_acc: 67.72, valid_fscore: 66.44,test_loss: 2.2273, test_acc: 66.9, test_fscore: 65.43, time: 1780648598.57367
epoch: 27, train_loss_a_kd: 4.5758, train_loss_v_kd: 1.2417, valid_loss_a_kd: 5.9902, valid_loss_v_kd: 8.6776, test_loss_a_kd: 5.6963, test_loss_v_kd: 8.0728
epoch: 28, train_loss: 0.8215, train_acc: 93.52, train_fscore: 93.51 valid_loss: 2.2151, valid_acc: 67.54, valid_fscore: 66.26,test_loss: 2.2278, test_acc: 66.9, test_fscore: 65.42, time: 1780648602.21144
epoch: 28, train_loss_a_kd: 4.5377, train_loss_v_kd: 1.2169, valid_loss_a_kd: 5.9892, valid_loss_v_kd: 8.6739, test_loss_a_kd: 5.6913, test_loss_v_kd: 8.0678
epoch: 29, train_loss: 0.8175, train_acc: 93.63, train_fscore: 93.62 valid_loss: 2.2153, valid_acc: 67.54, valid_fscore: 66.26,test_loss: 2.2276, test_acc: 66.86, test_fscore: 65.37, time: 1780648605.8898718
epoch: 29, train_loss_a_kd: 4.547, train_loss_v_kd: 1.2374, valid_loss_a_kd: 5.9907, valid_loss_v_kd: 8.6747, test_loss_a_kd: 5.6923, test_loss_v_kd: 8.0674
FINAL best epoch 24: test_acc=66.97, test_fscore=65.47, composite=132.44
total parameters: 44566295
training parameters: 44566295
fusion_mode: global
epoch: 0, train_loss: 2.3611, train_acc: 45.81, train_fscore: 36.45 valid_loss: 2.2179, valid_acc: 47.7, valid_fscore: 35.34,test_loss: 2.136, test_acc: 53.07, test_fscore: 41.15, time: 1780648616.7313395
epoch: 0, train_loss_a_kd: 8.1712, train_loss_v_kd: 6.6675, valid_loss_a_kd: 6.3129, valid_loss_v_kd: 6.9563, test_loss_a_kd: 6.0456, test_loss_v_kd: 6.4481
epoch: 0, learned_weights: text=1.0, audio=0.3000, video=0.3000
done
epoch: 1, train_loss: 1.2716, train_acc: 85.82, train_fscore: 84.77 valid_loss: 2.1688, valid_acc: 67.0, valid_fscore: 66.05,test_loss: 2.1699, test_acc: 65.82, test_fscore: 64.7, time: 1780648621.1946266
epoch: 1, train_loss_a_kd: 6.9451, train_loss_v_kd: 2.7823, valid_loss_a_kd: 7.0369, valid_loss_v_kd: 8.3864, test_loss_a_kd: 6.5669, test_loss_v_kd: 7.92
epoch: 1, learned_weights: text=1.0, audio=0.3000, video=0.3000
done
epoch: 2, train_loss: 1.0047, train_acc: 91.08, train_fscore: 91.04 valid_loss: 2.2056, valid_acc: 67.18, valid_fscore: 66.51,test_loss: 2.2305, test_acc: 65.29, test_fscore: 64.4, time: 1780648625.9196885
epoch: 2, train_loss_a_kd: 6.3201, train_loss_v_kd: 1.9265, valid_loss_a_kd: 6.7029, valid_loss_v_kd: 8.6168, test_loss_a_kd: 6.2468, test_loss_v_kd: 8.1395
epoch: 2, learned_weights: text=1.0, audio=0.3000, video=0.3000
epoch: 3, train_loss: 0.9492, train_acc: 91.93, train_fscore: 91.93 valid_loss: 2.2292, valid_acc: 66.82, valid_fscore: 65.87,test_loss: 2.2452, test_acc: 65.94, test_fscore: 64.73, time: 1780648629.5487592
epoch: 3, train_loss_a_kd: 5.6872, train_loss_v_kd: 1.6493, valid_loss_a_kd: 6.4867, valid_loss_v_kd: 8.6852, test_loss_a_kd: 6.0624, test_loss_v_kd: 8.16
epoch: 3, learned_weights: text=1.0, audio=0.3000, video=0.3000
done
epoch: 4, train_loss: 0.9207, train_acc: 92.38, train_fscore: 92.36 valid_loss: 2.2252, valid_acc: 67.45, valid_fscore: 66.76,test_loss: 2.2479, test_acc: 65.79, test_fscore: 64.88, time: 1780648633.979238
epoch: 4, train_loss_a_kd: 5.3851, train_loss_v_kd: 1.5318, valid_loss_a_kd: 6.5082, valid_loss_v_kd: 8.8229, test_loss_a_kd: 6.1173, test_loss_v_kd: 8.2676
epoch: 4, learned_weights: text=1.0, audio=0.3000, video=0.3000
epoch: 5, train_loss: 0.9091, train_acc: 92.44, train_fscore: 92.43 valid_loss: 2.2175, valid_acc: 67.63, valid_fscore: 66.76,test_loss: 2.2412, test_acc: 65.86, test_fscore: 64.91, time: 1780648637.6879551
epoch: 5, train_loss_a_kd: 5.2133, train_loss_v_kd: 1.4796, valid_loss_a_kd: 6.4576, valid_loss_v_kd: 8.7951, test_loss_a_kd: 6.0769, test_loss_v_kd: 8.2625
epoch: 5, learned_weights: text=1.0, audio=0.3000, video=0.3000
done
epoch: 6, train_loss: 0.9016, train_acc: 92.63, train_fscore: 92.62 valid_loss: 2.2106, valid_acc: 67.0, valid_fscore: 66.26,test_loss: 2.2356, test_acc: 66.09, test_fscore: 65.1, time: 1780648642.1753643
epoch: 6, train_loss_a_kd: 5.1614, train_loss_v_kd: 1.4661, valid_loss_a_kd: 6.4608, valid_loss_v_kd: 8.8393, test_loss_a_kd: 6.0749, test_loss_v_kd: 8.2796
epoch: 6, learned_weights: text=1.0, audio=0.3000, video=0.3000
done
epoch: 7, train_loss: 0.8884, train_acc: 92.89, train_fscore: 92.88 valid_loss: 2.2437, valid_acc: 66.73, valid_fscore: 65.6,test_loss: 2.2519, test_acc: 66.17, test_fscore: 64.94, time: 1780648646.7950823
epoch: 7, train_loss_a_kd: 5.0423, train_loss_v_kd: 1.4445, valid_loss_a_kd: 6.3397, valid_loss_v_kd: 8.7669, test_loss_a_kd: 5.9821, test_loss_v_kd: 8.2104
epoch: 7, learned_weights: text=1.0, audio=0.3000, video=0.3000
epoch: 8, train_loss: 0.8898, train_acc: 92.61, train_fscore: 92.59 valid_loss: 2.2042, valid_acc: 67.45, valid_fscore: 66.48,test_loss: 2.2257, test_acc: 66.48, test_fscore: 65.29, time: 1780648650.658076
epoch: 8, train_loss_a_kd: 4.9979, train_loss_v_kd: 1.4283, valid_loss_a_kd: 6.3518, valid_loss_v_kd: 8.8262, test_loss_a_kd: 5.983, test_loss_v_kd: 8.2369
epoch: 8, learned_weights: text=1.0, audio=0.3000, video=0.3000
done
epoch: 9, train_loss: 0.8829, train_acc: 93.07, train_fscore: 93.05 valid_loss: 2.2046, valid_acc: 67.0, valid_fscore: 65.87,test_loss: 2.2261, test_acc: 66.44, test_fscore: 65.09, time: 1780648655.2663915
epoch: 9, train_loss_a_kd: 4.9396, train_loss_v_kd: 1.3914, valid_loss_a_kd: 6.2711, valid_loss_v_kd: 8.7526, test_loss_a_kd: 5.9282, test_loss_v_kd: 8.1728
epoch: 9, learned_weights: text=1.0, audio=0.3000, video=0.3000
epoch: 10, train_loss: 0.8667, train_acc: 92.88, train_fscore: 92.86 valid_loss: 2.2205, valid_acc: 67.81, valid_fscore: 66.74,test_loss: 2.2394, test_acc: 66.63, test_fscore: 65.35, time: 1780648658.9526281
epoch: 10, train_loss_a_kd: 4.9203, train_loss_v_kd: 1.3738, valid_loss_a_kd: 6.2506, valid_loss_v_kd: 8.8072, test_loss_a_kd: 5.92, test_loss_v_kd: 8.2229
epoch: 10, learned_weights: text=1.0, audio=0.3000, video=0.3000
done
epoch: 11, train_loss: 0.8676, train_acc: 93.2, train_fscore: 93.18 valid_loss: 2.2115, valid_acc: 67.54, valid_fscore: 66.48,test_loss: 2.2411, test_acc: 66.55, test_fscore: 65.29, time: 1780648663.395277
epoch: 11, train_loss_a_kd: 4.8491, train_loss_v_kd: 1.3695, valid_loss_a_kd: 6.2186, valid_loss_v_kd: 8.7335, test_loss_a_kd: 5.893, test_loss_v_kd: 8.168
epoch: 11, learned_weights: text=1.0, audio=0.3000, video=0.3000
epoch: 12, train_loss: 0.8662, train_acc: 93.13, train_fscore: 93.12 valid_loss: 2.2079, valid_acc: 67.81, valid_fscore: 66.75,test_loss: 2.2287, test_acc: 66.32, test_fscore: 64.99, time: 1780648667.1333525
epoch: 12, train_loss_a_kd: 4.793, train_loss_v_kd: 1.358, valid_loss_a_kd: 6.203, valid_loss_v_kd: 8.7834, test_loss_a_kd: 5.8774, test_loss_v_kd: 8.1975
epoch: 12, learned_weights: text=1.0, audio=0.3000, video=0.3000
epoch: 13, train_loss: 0.8587, train_acc: 93.12, train_fscore: 93.11 valid_loss: 2.2131, valid_acc: 67.36, valid_fscore: 66.05,test_loss: 2.2328, test_acc: 66.17, test_fscore: 64.71, time: 1780648670.8690867
epoch: 13, train_loss_a_kd: 4.7743, train_loss_v_kd: 1.3324, valid_loss_a_kd: 6.1513, valid_loss_v_kd: 8.7269, test_loss_a_kd: 5.8376, test_loss_v_kd: 8.1446
epoch: 13, learned_weights: text=1.0, audio=0.3000, video=0.3000
epoch: 14, train_loss: 0.8576, train_acc: 93.1, train_fscore: 93.08 valid_loss: 2.2093, valid_acc: 67.81, valid_fscore: 66.67,test_loss: 2.2296, test_acc: 66.44, test_fscore: 65.16, time: 1780648674.5432408
epoch: 14, train_loss_a_kd: 4.794, train_loss_v_kd: 1.3187, valid_loss_a_kd: 6.1719, valid_loss_v_kd: 8.7839, test_loss_a_kd: 5.8595, test_loss_v_kd: 8.1868
epoch: 14, learned_weights: text=1.0, audio=0.3000, video=0.3000
epoch: 15, train_loss: 0.8575, train_acc: 93.22, train_fscore: 93.21 valid_loss: 2.218, valid_acc: 67.63, valid_fscore: 66.56,test_loss: 2.2321, test_acc: 66.44, test_fscore: 65.11, time: 1780648678.2655582
epoch: 15, train_loss_a_kd: 4.7511, train_loss_v_kd: 1.3358, valid_loss_a_kd: 6.1148, valid_loss_v_kd: 8.7903, test_loss_a_kd: 5.8223, test_loss_v_kd: 8.1862
epoch: 15, learned_weights: text=1.0, audio=0.3000, video=0.3000
epoch: 16, train_loss: 0.8546, train_acc: 93.24, train_fscore: 93.23 valid_loss: 2.2171, valid_acc: 67.81, valid_fscore: 66.6,test_loss: 2.2307, test_acc: 66.7, test_fscore: 65.36, time: 1780648681.8979166
epoch: 16, train_loss_a_kd: 4.7057, train_loss_v_kd: 1.3271, valid_loss_a_kd: 6.0801, valid_loss_v_kd: 8.7567, test_loss_a_kd: 5.7785, test_loss_v_kd: 8.1574
epoch: 16, learned_weights: text=1.0, audio=0.3000, video=0.3000
done
epoch: 17, train_loss: 0.8416, train_acc: 93.21, train_fscore: 93.2 valid_loss: 2.2238, valid_acc: 67.54, valid_fscore: 66.35,test_loss: 2.2338, test_acc: 66.63, test_fscore: 65.26, time: 1780648686.4682345
epoch: 17, train_loss_a_kd: 4.671, train_loss_v_kd: 1.2781, valid_loss_a_kd: 6.0703, valid_loss_v_kd: 8.7362, test_loss_a_kd: 5.7648, test_loss_v_kd: 8.1358
epoch: 17, learned_weights: text=1.0, audio=0.3000, video=0.3000
epoch: 18, train_loss: 0.8446, train_acc: 93.31, train_fscore: 93.3 valid_loss: 2.2286, valid_acc: 67.54, valid_fscore: 66.26,test_loss: 2.2405, test_acc: 66.55, test_fscore: 65.06, time: 1780648690.147759
epoch: 18, train_loss_a_kd: 4.6694, train_loss_v_kd: 1.3039, valid_loss_a_kd: 6.0159, valid_loss_v_kd: 8.6947, test_loss_a_kd: 5.7105, test_loss_v_kd: 8.102
epoch: 18, learned_weights: text=1.0, audio=0.3000, video=0.3000
epoch: 19, train_loss: 0.8361, train_acc: 93.51, train_fscore: 93.5 valid_loss: 2.2088, valid_acc: 67.72, valid_fscore: 66.53,test_loss: 2.2342, test_acc: 66.74, test_fscore: 65.4, time: 1780648693.8416812
epoch: 19, train_loss_a_kd: 4.6035, train_loss_v_kd: 1.2761, valid_loss_a_kd: 6.0593, valid_loss_v_kd: 8.7209, test_loss_a_kd: 5.7537, test_loss_v_kd: 8.1218
epoch: 19, learned_weights: text=1.0, audio=0.3000, video=0.3000
done
epoch: 20, train_loss: 0.8391, train_acc: 93.27, train_fscore: 93.25 valid_loss: 2.2125, valid_acc: 67.72, valid_fscore: 66.48,test_loss: 2.2303, test_acc: 66.55, test_fscore: 65.16, time: 1780648698.1605234
epoch: 20, train_loss_a_kd: 4.6328, train_loss_v_kd: 1.2823, valid_loss_a_kd: 6.04, valid_loss_v_kd: 8.7138, test_loss_a_kd: 5.7396, test_loss_v_kd: 8.1123
epoch: 20, learned_weights: text=1.0, audio=0.3000, video=0.3000
epoch: 21, train_loss: 0.8388, train_acc: 93.38, train_fscore: 93.37 valid_loss: 2.219, valid_acc: 66.91, valid_fscore: 65.46,test_loss: 2.2295, test_acc: 66.7, test_fscore: 65.14, time: 1780648701.991107
epoch: 21, train_loss_a_kd: 4.5858, train_loss_v_kd: 1.2897, valid_loss_a_kd: 6.0011, valid_loss_v_kd: 8.6599, test_loss_a_kd: 5.6883, test_loss_v_kd: 8.0568
epoch: 21, learned_weights: text=1.0, audio=0.3000, video=0.3000
epoch: 22, train_loss: 0.8349, train_acc: 93.44, train_fscore: 93.43 valid_loss: 2.2035, valid_acc: 67.54, valid_fscore: 66.3,test_loss: 2.2225, test_acc: 66.67, test_fscore: 65.28, time: 1780648705.80032
epoch: 22, train_loss_a_kd: 4.5934, train_loss_v_kd: 1.2704, valid_loss_a_kd: 6.0311, valid_loss_v_kd: 8.6895, test_loss_a_kd: 5.7266, test_loss_v_kd: 8.0815
epoch: 22, learned_weights: text=1.0, audio=0.3000, video=0.3000
epoch: 23, train_loss: 0.8274, train_acc: 93.4, train_fscore: 93.39 valid_loss: 2.2062, valid_acc: 67.54, valid_fscore: 66.29,test_loss: 2.2241, test_acc: 66.63, test_fscore: 65.21, time: 1780648709.6161652
epoch: 23, train_loss_a_kd: 4.5747, train_loss_v_kd: 1.2559, valid_loss_a_kd: 6.0235, valid_loss_v_kd: 8.6949, test_loss_a_kd: 5.7236, test_loss_v_kd: 8.0852
epoch: 23, learned_weights: text=1.0, audio=0.3000, video=0.3000
epoch: 24, train_loss: 0.8278, train_acc: 93.58, train_fscore: 93.57 valid_loss: 2.2173, valid_acc: 67.54, valid_fscore: 66.24,test_loss: 2.2289, test_acc: 66.97, test_fscore: 65.47, time: 1780648713.2805502
epoch: 24, train_loss_a_kd: 4.6089, train_loss_v_kd: 1.2556, valid_loss_a_kd: 5.9868, valid_loss_v_kd: 8.6675, test_loss_a_kd: 5.6891, test_loss_v_kd: 8.0573
epoch: 24, learned_weights: text=1.0, audio=0.3000, video=0.3000
done
epoch: 25, train_loss: 0.8296, train_acc: 93.26, train_fscore: 93.25 valid_loss: 2.2224, valid_acc: 67.27, valid_fscore: 65.92,test_loss: 2.2322, test_acc: 66.78, test_fscore: 65.27, time: 1780648717.6723938
epoch: 25, train_loss_a_kd: 4.5662, train_loss_v_kd: 1.2454, valid_loss_a_kd: 5.9749, valid_loss_v_kd: 8.6703, test_loss_a_kd: 5.6806, test_loss_v_kd: 8.0674
epoch: 25, learned_weights: text=1.0, audio=0.3000, video=0.3000
epoch: 26, train_loss: 0.8232, train_acc: 93.47, train_fscore: 93.45 valid_loss: 2.2124, valid_acc: 67.45, valid_fscore: 66.16,test_loss: 2.23, test_acc: 66.74, test_fscore: 65.28, time: 1780648721.5142703
epoch: 26, train_loss_a_kd: 4.5638, train_loss_v_kd: 1.2484, valid_loss_a_kd: 6.0065, valid_loss_v_kd: 8.6899, test_loss_a_kd: 5.7047, test_loss_v_kd: 8.0812
epoch: 26, learned_weights: text=1.0, audio=0.3000, video=0.3000
epoch: 27, train_loss: 0.827, train_acc: 93.4, train_fscore: 93.39 valid_loss: 2.215, valid_acc: 67.72, valid_fscore: 66.44,test_loss: 2.2273, test_acc: 66.9, test_fscore: 65.43, time: 1780648725.320869
epoch: 27, train_loss_a_kd: 4.5758, train_loss_v_kd: 1.2417, valid_loss_a_kd: 5.9902, valid_loss_v_kd: 8.6776, test_loss_a_kd: 5.6963, test_loss_v_kd: 8.0728
epoch: 27, learned_weights: text=1.0, audio=0.3000, video=0.3000
epoch: 28, train_loss: 0.8215, train_acc: 93.52, train_fscore: 93.51 valid_loss: 2.2151, valid_acc: 67.54, valid_fscore: 66.26,test_loss: 2.2278, test_acc: 66.9, test_fscore: 65.42, time: 1780648729.1251972
epoch: 28, train_loss_a_kd: 4.5377, train_loss_v_kd: 1.2169, valid_loss_a_kd: 5.9892, valid_loss_v_kd: 8.6739, test_loss_a_kd: 5.6913, test_loss_v_kd: 8.0678
epoch: 28, learned_weights: text=1.0, audio=0.3000, video=0.3000
epoch: 29, train_loss: 0.8175, train_acc: 93.63, train_fscore: 93.62 valid_loss: 2.2153, valid_acc: 67.54, valid_fscore: 66.26,test_loss: 2.2276, test_acc: 66.86, test_fscore: 65.37, time: 1780648733.1477015
epoch: 29, train_loss_a_kd: 4.547, train_loss_v_kd: 1.2374, valid_loss_a_kd: 5.9907, valid_loss_v_kd: 8.6747, test_loss_a_kd: 5.6923, test_loss_v_kd: 8.0674
epoch: 29, learned_weights: text=1.0, audio=0.3000, video=0.3000
FINAL best epoch 24: test_acc=66.97, test_fscore=65.47, composite=132.44
total parameters: 45452568
training parameters: 45452568
fusion_mode: utterance
epoch: 0, train_loss: 2.365, train_acc: 42.15, train_fscore: 32.26 valid_loss: 2.2277, valid_acc: 42.47, valid_fscore: 25.42,test_loss: 2.1424, test_acc: 48.16, test_fscore: 31.36, time: 1780648743.7007132
epoch: 0, train_loss_a_kd: 8.0923, train_loss_v_kd: 6.6986, valid_loss_a_kd: 6.1261, valid_loss_v_kd: 6.778, test_loss_a_kd: 5.8886, test_loss_v_kd: 6.3024
done
epoch: 1, train_loss: 1.2724, train_acc: 81.21, train_fscore: 78.61 valid_loss: 2.188, valid_acc: 59.51, valid_fscore: 54.1,test_loss: 2.1842, test_acc: 61.03, test_fscore: 55.51, time: 1780648748.387352
epoch: 1, train_loss_a_kd: 6.9369, train_loss_v_kd: 2.7968, valid_loss_a_kd: 6.9849, valid_loss_v_kd: 8.404, test_loss_a_kd: 6.5173, test_loss_v_kd: 7.9438
done
epoch: 2, train_loss: 1.0047, train_acc: 93.14, train_fscore: 92.94 valid_loss: 2.2326, valid_acc: 62.4, valid_fscore: 58.47,test_loss: 2.2461, test_acc: 62.45, test_fscore: 58.29, time: 1780648753.0205283
epoch: 2, train_loss_a_kd: 6.2719, train_loss_v_kd: 1.9174, valid_loss_a_kd: 6.6476, valid_loss_v_kd: 8.588, test_loss_a_kd: 6.2133, test_loss_v_kd: 8.1142
done
epoch: 3, train_loss: 0.9471, train_acc: 94.58, train_fscore: 94.52 valid_loss: 2.2233, valid_acc: 62.31, valid_fscore: 58.73,test_loss: 2.2341, test_acc: 62.87, test_fscore: 58.91, time: 1780648757.8114882
epoch: 3, train_loss_a_kd: 5.6881, train_loss_v_kd: 1.6416, valid_loss_a_kd: 6.5646, valid_loss_v_kd: 8.7432, test_loss_a_kd: 6.1533, test_loss_v_kd: 8.231
done
epoch: 4, train_loss: 0.926, train_acc: 94.73, train_fscore: 94.69 valid_loss: 2.2354, valid_acc: 61.68, valid_fscore: 57.96,test_loss: 2.2415, test_acc: 62.95, test_fscore: 59.11, time: 1780648762.4235208
epoch: 4, train_loss_a_kd: 5.4292, train_loss_v_kd: 1.5493, valid_loss_a_kd: 6.4583, valid_loss_v_kd: 8.7828, test_loss_a_kd: 6.067, test_loss_v_kd: 8.2423
done
epoch: 5, train_loss: 0.9135, train_acc: 95.05, train_fscore: 95.01 valid_loss: 2.2095, valid_acc: 62.67, valid_fscore: 59.35,test_loss: 2.2356, test_acc: 62.91, test_fscore: 59.32, time: 1780648767.261577
epoch: 5, train_loss_a_kd: 5.2537, train_loss_v_kd: 1.5035, valid_loss_a_kd: 6.45, valid_loss_v_kd: 8.7987, test_loss_a_kd: 6.079, test_loss_v_kd: 8.2723
done
epoch: 6, train_loss: 0.8941, train_acc: 95.04, train_fscore: 95.01 valid_loss: 2.2246, valid_acc: 62.85, valid_fscore: 59.39,test_loss: 2.2432, test_acc: 63.26, test_fscore: 59.64, time: 1780648772.0405936
epoch: 6, train_loss_a_kd: 5.1303, train_loss_v_kd: 1.4512, valid_loss_a_kd: 6.3646, valid_loss_v_kd: 8.8157, test_loss_a_kd: 6.0212, test_loss_v_kd: 8.2779
done
epoch: 7, train_loss: 0.8912, train_acc: 95.0, train_fscore: 94.97 valid_loss: 2.2177, valid_acc: 62.31, valid_fscore: 59.0,test_loss: 2.2449, test_acc: 63.49, test_fscore: 60.08, time: 1780648776.7036917
epoch: 7, train_loss_a_kd: 5.0351, train_loss_v_kd: 1.435, valid_loss_a_kd: 6.3631, valid_loss_v_kd: 8.7798, test_loss_a_kd: 5.9888, test_loss_v_kd: 8.2398
done
epoch: 8, train_loss: 0.8849, train_acc: 95.18, train_fscore: 95.15 valid_loss: 2.2224, valid_acc: 62.04, valid_fscore: 58.39,test_loss: 2.2352, test_acc: 62.95, test_fscore: 59.19, time: 1780648781.5326133
epoch: 8, train_loss_a_kd: 4.9993, train_loss_v_kd: 1.417, valid_loss_a_kd: 6.2911, valid_loss_v_kd: 8.7861, test_loss_a_kd: 5.9362, test_loss_v_kd: 8.2351
epoch: 9, train_loss: 0.8774, train_acc: 95.14, train_fscore: 95.11 valid_loss: 2.232, valid_acc: 62.49, valid_fscore: 58.88,test_loss: 2.2438, test_acc: 62.64, test_fscore: 58.63, time: 1780648785.5180597
epoch: 9, train_loss_a_kd: 4.8894, train_loss_v_kd: 1.4078, valid_loss_a_kd: 6.2384, valid_loss_v_kd: 8.7362, test_loss_a_kd: 5.8809, test_loss_v_kd: 8.1605
epoch: 10, train_loss: 0.8704, train_acc: 95.31, train_fscore: 95.28 valid_loss: 2.2272, valid_acc: 62.04, valid_fscore: 58.4,test_loss: 2.2365, test_acc: 62.57, test_fscore: 58.52, time: 1780648789.519307
epoch: 10, train_loss_a_kd: 4.8947, train_loss_v_kd: 1.3638, valid_loss_a_kd: 6.252, valid_loss_v_kd: 8.7662, test_loss_a_kd: 5.9133, test_loss_v_kd: 8.1869
epoch: 11, train_loss: 0.8701, train_acc: 95.33, train_fscore: 95.3 valid_loss: 2.2273, valid_acc: 61.77, valid_fscore: 57.95,test_loss: 2.2326, test_acc: 62.07, test_fscore: 57.91, time: 1780648793.5416665
epoch: 11, train_loss_a_kd: 4.8472, train_loss_v_kd: 1.3589, valid_loss_a_kd: 6.2206, valid_loss_v_kd: 8.8227, test_loss_a_kd: 5.8831, test_loss_v_kd: 8.221
epoch: 12, train_loss: 0.8624, train_acc: 95.32, train_fscore: 95.29 valid_loss: 2.2126, valid_acc: 62.4, valid_fscore: 58.83,test_loss: 2.2289, test_acc: 62.72, test_fscore: 58.71, time: 1780648797.4877286
epoch: 12, train_loss_a_kd: 4.8063, train_loss_v_kd: 1.3514, valid_loss_a_kd: 6.2009, valid_loss_v_kd: 8.7674, test_loss_a_kd: 5.8598, test_loss_v_kd: 8.1819
epoch: 13, train_loss: 0.8614, train_acc: 95.23, train_fscore: 95.21 valid_loss: 2.2358, valid_acc: 61.59, valid_fscore: 57.72,test_loss: 2.2364, test_acc: 62.38, test_fscore: 58.29, time: 1780648801.5260572
epoch: 13, train_loss_a_kd: 4.78, train_loss_v_kd: 1.3352, valid_loss_a_kd: 6.1327, valid_loss_v_kd: 8.7657, test_loss_a_kd: 5.7977, test_loss_v_kd: 8.1676
epoch: 14, train_loss: 0.8564, train_acc: 95.3, train_fscore: 95.28 valid_loss: 2.2197, valid_acc: 61.41, valid_fscore: 57.45,test_loss: 2.2274, test_acc: 61.84, test_fscore: 57.44, time: 1780648805.5575733
epoch: 14, train_loss_a_kd: 4.7454, train_loss_v_kd: 1.3297, valid_loss_a_kd: 6.1164, valid_loss_v_kd: 8.7122, test_loss_a_kd: 5.7772, test_loss_v_kd: 8.1214
epoch: 15, train_loss: 0.8568, train_acc: 95.44, train_fscore: 95.42 valid_loss: 2.2391, valid_acc: 61.5, valid_fscore: 57.77,test_loss: 2.2437, test_acc: 62.49, test_fscore: 58.66, time: 1780648809.4254138
epoch: 15, train_loss_a_kd: 4.7246, train_loss_v_kd: 1.3507, valid_loss_a_kd: 6.0992, valid_loss_v_kd: 8.737, test_loss_a_kd: 5.7749, test_loss_v_kd: 8.142
epoch: 16, train_loss: 0.8496, train_acc: 95.27, train_fscore: 95.24 valid_loss: 2.2115, valid_acc: 61.77, valid_fscore: 58.19,test_loss: 2.2241, test_acc: 62.11, test_fscore: 58.27, time: 1780648813.4839478
epoch: 16, train_loss_a_kd: 4.6783, train_loss_v_kd: 1.3067, valid_loss_a_kd: 6.1578, valid_loss_v_kd: 8.8252, test_loss_a_kd: 5.8519, test_loss_v_kd: 8.2163
epoch: 17, train_loss: 0.8457, train_acc: 95.53, train_fscore: 95.5 valid_loss: 2.2264, valid_acc: 61.77, valid_fscore: 57.97,test_loss: 2.2277, test_acc: 62.03, test_fscore: 57.96, time: 1780648817.4390495
epoch: 17, train_loss_a_kd: 4.6738, train_loss_v_kd: 1.2953, valid_loss_a_kd: 6.0678, valid_loss_v_kd: 8.6916, test_loss_a_kd: 5.7426, test_loss_v_kd: 8.0996
epoch: 18, train_loss: 0.8423, train_acc: 95.59, train_fscore: 95.56 valid_loss: 2.2167, valid_acc: 62.13, valid_fscore: 58.49,test_loss: 2.2311, test_acc: 62.15, test_fscore: 58.16, time: 1780648821.6138618
epoch: 18, train_loss_a_kd: 4.6125, train_loss_v_kd: 1.2765, valid_loss_a_kd: 6.0861, valid_loss_v_kd: 8.7022, test_loss_a_kd: 5.7728, test_loss_v_kd: 8.1148
epoch: 19, train_loss: 0.834, train_acc: 95.31, train_fscore: 95.29 valid_loss: 2.2238, valid_acc: 61.86, valid_fscore: 58.24,test_loss: 2.2296, test_acc: 62.15, test_fscore: 58.25, time: 1780648825.6459122
epoch: 19, train_loss_a_kd: 4.6158, train_loss_v_kd: 1.2766, valid_loss_a_kd: 6.0604, valid_loss_v_kd: 8.7125, test_loss_a_kd: 5.7585, test_loss_v_kd: 8.1166
early stopping at epoch 19, best epoch 7, best test_acc 63.49, best test_fscore 60.08
FINAL best epoch 7: test_acc=63.49, test_fscore=60.08, composite=123.57
total parameters: 45453337
training parameters: 45453337
fusion_mode: dialogue
epoch: 0, train_loss: 2.3683, train_acc: 42.27, train_fscore: 32.22 valid_loss: 2.2161, valid_acc: 42.56, valid_fscore: 25.64,test_loss: 2.1373, test_acc: 48.28, test_fscore: 31.69, time: 1780648836.4872038
epoch: 0, train_loss_a_kd: 8.0994, train_loss_v_kd: 6.6955, valid_loss_a_kd: 6.2622, valid_loss_v_kd: 6.9398, test_loss_a_kd: 5.995, test_loss_v_kd: 6.4262
done
epoch: 1, train_loss: 1.2791, train_acc: 83.26, train_fscore: 80.93 valid_loss: 2.1669, valid_acc: 60.23, valid_fscore: 55.71,test_loss: 2.1719, test_acc: 62.45, test_fscore: 57.77, time: 1780648841.3635259
epoch: 1, train_loss_a_kd: 6.9418, train_loss_v_kd: 2.8358, valid_loss_a_kd: 6.8583, valid_loss_v_kd: 8.2934, test_loss_a_kd: 6.4167, test_loss_v_kd: 7.8439
done
epoch: 2, train_loss: 1.0003, train_acc: 93.48, train_fscore: 93.34 valid_loss: 2.2239, valid_acc: 62.76, valid_fscore: 59.29,test_loss: 2.2339, test_acc: 63.64, test_fscore: 60.36, time: 1780648846.3076093
epoch: 2, train_loss_a_kd: 6.2569, train_loss_v_kd: 1.9265, valid_loss_a_kd: 6.722, valid_loss_v_kd: 8.6903, test_loss_a_kd: 6.3086, test_loss_v_kd: 8.2058
done
epoch: 3, train_loss: 0.9465, train_acc: 94.81, train_fscore: 94.77 valid_loss: 2.2187, valid_acc: 61.5, valid_fscore: 58.14,test_loss: 2.241, test_acc: 62.84, test_fscore: 59.46, time: 1780648851.1340196
epoch: 3, train_loss_a_kd: 5.6842, train_loss_v_kd: 1.6443, valid_loss_a_kd: 6.6233, valid_loss_v_kd: 8.8097, test_loss_a_kd: 6.2253, test_loss_v_kd: 8.2972
epoch: 4, train_loss: 0.9208, train_acc: 95.35, train_fscore: 95.31 valid_loss: 2.2255, valid_acc: 60.41, valid_fscore: 56.19,test_loss: 2.2415, test_acc: 61.61, test_fscore: 57.28, time: 1780648855.4200795
epoch: 4, train_loss_a_kd: 5.4162, train_loss_v_kd: 1.5373, valid_loss_a_kd: 6.4651, valid_loss_v_kd: 8.7248, test_loss_a_kd: 6.0608, test_loss_v_kd: 8.1948
epoch: 5, train_loss: 0.9116, train_acc: 95.49, train_fscore: 95.45 valid_loss: 2.2294, valid_acc: 60.78, valid_fscore: 56.75,test_loss: 2.246, test_acc: 61.65, test_fscore: 57.46, time: 1780648859.4737043
epoch: 5, train_loss_a_kd: 5.2563, train_loss_v_kd: 1.5048, valid_loss_a_kd: 6.4461, valid_loss_v_kd: 8.7845, test_loss_a_kd: 6.0704, test_loss_v_kd: 8.2585
epoch: 6, train_loss: 0.8976, train_acc: 95.69, train_fscore: 95.66 valid_loss: 2.2135, valid_acc: 60.5, valid_fscore: 56.33,test_loss: 2.2476, test_acc: 61.57, test_fscore: 57.39, time: 1780648863.6446214
epoch: 6, train_loss_a_kd: 5.1127, train_loss_v_kd: 1.4661, valid_loss_a_kd: 6.3983, valid_loss_v_kd: 8.8129, test_loss_a_kd: 6.0283, test_loss_v_kd: 8.2642
epoch: 7, train_loss: 0.8942, train_acc: 95.72, train_fscore: 95.69 valid_loss: 2.2437, valid_acc: 59.96, valid_fscore: 55.58,test_loss: 2.2398, test_acc: 61.03, test_fscore: 56.51, time: 1780648867.7301798
epoch: 7, train_loss_a_kd: 5.0519, train_loss_v_kd: 1.4502, valid_loss_a_kd: 6.3436, valid_loss_v_kd: 8.8195, test_loss_a_kd: 5.9638, test_loss_v_kd: 8.2517
epoch: 8, train_loss: 0.8867, train_acc: 95.93, train_fscore: 95.9 valid_loss: 2.2309, valid_acc: 59.69, valid_fscore: 55.31,test_loss: 2.2485, test_acc: 60.8, test_fscore: 56.19, time: 1780648871.9966445
epoch: 8, train_loss_a_kd: 4.9601, train_loss_v_kd: 1.4007, valid_loss_a_kd: 6.2945, valid_loss_v_kd: 8.7314, test_loss_a_kd: 5.9232, test_loss_v_kd: 8.1783
epoch: 9, train_loss: 0.885, train_acc: 95.9, train_fscore: 95.87 valid_loss: 2.2271, valid_acc: 59.69, valid_fscore: 55.45,test_loss: 2.2461, test_acc: 60.88, test_fscore: 56.54, time: 1780648875.957682
epoch: 9, train_loss_a_kd: 4.9011, train_loss_v_kd: 1.4159, valid_loss_a_kd: 6.3114, valid_loss_v_kd: 8.8308, test_loss_a_kd: 5.9606, test_loss_v_kd: 8.2476
epoch: 10, train_loss: 0.8767, train_acc: 95.91, train_fscore: 95.88 valid_loss: 2.23, valid_acc: 60.5, valid_fscore: 56.35,test_loss: 2.2446, test_acc: 61.19, test_fscore: 56.79, time: 1780648880.1161306
epoch: 10, train_loss_a_kd: 4.8578, train_loss_v_kd: 1.3849, valid_loss_a_kd: 6.2478, valid_loss_v_kd: 8.8287, test_loss_a_kd: 5.9416, test_loss_v_kd: 8.2524
epoch: 11, train_loss: 0.868, train_acc: 96.11, train_fscore: 96.09 valid_loss: 2.2104, valid_acc: 59.87, valid_fscore: 55.73,test_loss: 2.2307, test_acc: 60.96, test_fscore: 56.69, time: 1780648884.2043743
epoch: 11, train_loss_a_kd: 4.8881, train_loss_v_kd: 1.3808, valid_loss_a_kd: 6.2529, valid_loss_v_kd: 8.8453, test_loss_a_kd: 5.9156, test_loss_v_kd: 8.2493
epoch: 12, train_loss: 0.8639, train_acc: 95.73, train_fscore: 95.7 valid_loss: 2.2191, valid_acc: 59.78, valid_fscore: 55.68,test_loss: 2.2303, test_acc: 61.03, test_fscore: 56.83, time: 1780648888.3042097
epoch: 12, train_loss_a_kd: 4.8159, train_loss_v_kd: 1.3614, valid_loss_a_kd: 6.238, valid_loss_v_kd: 8.8546, test_loss_a_kd: 5.9066, test_loss_v_kd: 8.2505
epoch: 13, train_loss: 0.8609, train_acc: 95.78, train_fscore: 95.75 valid_loss: 2.2165, valid_acc: 59.24, valid_fscore: 55.06,test_loss: 2.2254, test_acc: 60.57, test_fscore: 56.23, time: 1780648892.5099788
epoch: 13, train_loss_a_kd: 4.7558, train_loss_v_kd: 1.3406, valid_loss_a_kd: 6.2059, valid_loss_v_kd: 8.8213, test_loss_a_kd: 5.8722, test_loss_v_kd: 8.2034
epoch: 14, train_loss: 0.8592, train_acc: 96.0, train_fscore: 95.97 valid_loss: 2.2175, valid_acc: 59.78, valid_fscore: 55.63,test_loss: 2.2325, test_acc: 60.96, test_fscore: 56.49, time: 1780648896.530738
epoch: 14, train_loss_a_kd: 4.7644, train_loss_v_kd: 1.3369, valid_loss_a_kd: 6.1753, valid_loss_v_kd: 8.7937, test_loss_a_kd: 5.8364, test_loss_v_kd: 8.1931
early stopping at epoch 14, best epoch 2, best test_acc 63.64, best test_fscore 60.36
FINAL best epoch 2: test_acc=63.64, test_fscore=60.36, composite=124.0
total parameters: 45453337
training parameters: 45453337
fusion_mode: dialogue_attn
epoch: 0, train_loss: 2.3683, train_acc: 42.27, train_fscore: 32.22 valid_loss: 2.2161, valid_acc: 42.56, valid_fscore: 25.64,test_loss: 2.1373, test_acc: 48.28, test_fscore: 31.69, time: 1780648907.0914035
epoch: 0, train_loss_a_kd: 8.0994, train_loss_v_kd: 6.6955, valid_loss_a_kd: 6.2622, valid_loss_v_kd: 6.9398, test_loss_a_kd: 5.995, test_loss_v_kd: 6.4262
done
epoch: 1, train_loss: 1.2791, train_acc: 83.17, train_fscore: 80.83 valid_loss: 2.1669, valid_acc: 60.32, valid_fscore: 55.81,test_loss: 2.1719, test_acc: 62.49, test_fscore: 57.81, time: 1780648912.7139893
epoch: 1, train_loss_a_kd: 6.9418, train_loss_v_kd: 2.8358, valid_loss_a_kd: 6.8583, valid_loss_v_kd: 8.2934, test_loss_a_kd: 6.4167, test_loss_v_kd: 7.8439
done
epoch: 2, train_loss: 1.0003, train_acc: 93.43, train_fscore: 93.29 valid_loss: 2.2239, valid_acc: 62.76, valid_fscore: 59.29,test_loss: 2.2339, test_acc: 63.68, test_fscore: 60.41, time: 1780648918.1426768
epoch: 2, train_loss_a_kd: 6.2569, train_loss_v_kd: 1.9265, valid_loss_a_kd: 6.722, valid_loss_v_kd: 8.6903, test_loss_a_kd: 6.3086, test_loss_v_kd: 8.2058
done
epoch: 3, train_loss: 0.9465, train_acc: 94.8, train_fscore: 94.76 valid_loss: 2.2187, valid_acc: 61.41, valid_fscore: 58.07,test_loss: 2.241, test_acc: 62.84, test_fscore: 59.46, time: 1780648923.684647
epoch: 3, train_loss_a_kd: 5.6842, train_loss_v_kd: 1.6443, valid_loss_a_kd: 6.6233, valid_loss_v_kd: 8.8097, test_loss_a_kd: 6.2253, test_loss_v_kd: 8.2972
epoch: 4, train_loss: 0.9208, train_acc: 95.33, train_fscore: 95.29 valid_loss: 2.2255, valid_acc: 60.41, valid_fscore: 56.19,test_loss: 2.2415, test_acc: 61.57, test_fscore: 57.23, time: 1780648928.5844517
epoch: 4, train_loss_a_kd: 5.4162, train_loss_v_kd: 1.5373, valid_loss_a_kd: 6.4651, valid_loss_v_kd: 8.7248, test_loss_a_kd: 6.0608, test_loss_v_kd: 8.1948
epoch: 5, train_loss: 0.9116, train_acc: 95.5, train_fscore: 95.46 valid_loss: 2.2294, valid_acc: 60.87, valid_fscore: 56.82,test_loss: 2.246, test_acc: 61.65, test_fscore: 57.46, time: 1780648933.2054517
epoch: 5, train_loss_a_kd: 5.2563, train_loss_v_kd: 1.5048, valid_loss_a_kd: 6.4461, valid_loss_v_kd: 8.7845, test_loss_a_kd: 6.0704, test_loss_v_kd: 8.2585
epoch: 6, train_loss: 0.8976, train_acc: 95.67, train_fscore: 95.64 valid_loss: 2.2135, valid_acc: 60.41, valid_fscore: 56.22,test_loss: 2.2476, test_acc: 61.61, test_fscore: 57.44, time: 1780648938.2549057
epoch: 6, train_loss_a_kd: 5.1127, train_loss_v_kd: 1.4661, valid_loss_a_kd: 6.3983, valid_loss_v_kd: 8.8129, test_loss_a_kd: 6.0283, test_loss_v_kd: 8.2642
epoch: 7, train_loss: 0.8942, train_acc: 95.72, train_fscore: 95.69 valid_loss: 2.2437, valid_acc: 59.96, valid_fscore: 55.58,test_loss: 2.2398, test_acc: 61.11, test_fscore: 56.61, time: 1780648942.8004794
epoch: 7, train_loss_a_kd: 5.0519, train_loss_v_kd: 1.4502, valid_loss_a_kd: 6.3436, valid_loss_v_kd: 8.8195, test_loss_a_kd: 5.9638, test_loss_v_kd: 8.2517
epoch: 8, train_loss: 0.8867, train_acc: 95.94, train_fscore: 95.91 valid_loss: 2.2309, valid_acc: 59.69, valid_fscore: 55.3,test_loss: 2.2485, test_acc: 60.8, test_fscore: 56.19, time: 1780648947.4347644
epoch: 8, train_loss_a_kd: 4.9601, train_loss_v_kd: 1.4007, valid_loss_a_kd: 6.2945, valid_loss_v_kd: 8.7314, test_loss_a_kd: 5.9232, test_loss_v_kd: 8.1783
epoch: 9, train_loss: 0.885, train_acc: 95.92, train_fscore: 95.89 valid_loss: 2.2271, valid_acc: 59.69, valid_fscore: 55.45,test_loss: 2.2461, test_acc: 60.92, test_fscore: 56.59, time: 1780648952.23511
epoch: 9, train_loss_a_kd: 4.9011, train_loss_v_kd: 1.4159, valid_loss_a_kd: 6.3114, valid_loss_v_kd: 8.8308, test_loss_a_kd: 5.9606, test_loss_v_kd: 8.2476
epoch: 10, train_loss: 0.8767, train_acc: 95.91, train_fscore: 95.88 valid_loss: 2.23, valid_acc: 60.6, valid_fscore: 56.45,test_loss: 2.2446, test_acc: 61.23, test_fscore: 56.84, time: 1780648957.19434
epoch: 10, train_loss_a_kd: 4.8578, train_loss_v_kd: 1.3849, valid_loss_a_kd: 6.2478, valid_loss_v_kd: 8.8287, test_loss_a_kd: 5.9416, test_loss_v_kd: 8.2524
epoch: 11, train_loss: 0.868, train_acc: 96.03, train_fscore: 96.01 valid_loss: 2.2104, valid_acc: 59.87, valid_fscore: 55.73,test_loss: 2.2307, test_acc: 60.96, test_fscore: 56.69, time: 1780648962.2346087
epoch: 11, train_loss_a_kd: 4.8881, train_loss_v_kd: 1.3808, valid_loss_a_kd: 6.2529, valid_loss_v_kd: 8.8453, test_loss_a_kd: 5.9156, test_loss_v_kd: 8.2493
epoch: 12, train_loss: 0.8639, train_acc: 95.76, train_fscore: 95.73 valid_loss: 2.2191, valid_acc: 59.78, valid_fscore: 55.68,test_loss: 2.2303, test_acc: 61.03, test_fscore: 56.84, time: 1780648967.0026026
epoch: 12, train_loss_a_kd: 4.8159, train_loss_v_kd: 1.3614, valid_loss_a_kd: 6.238, valid_loss_v_kd: 8.8546, test_loss_a_kd: 5.9066, test_loss_v_kd: 8.2505
epoch: 13, train_loss: 0.8609, train_acc: 95.77, train_fscore: 95.74 valid_loss: 2.2165, valid_acc: 59.33, valid_fscore: 55.17,test_loss: 2.2254, test_acc: 60.57, test_fscore: 56.25, time: 1780648971.6139386
epoch: 13, train_loss_a_kd: 4.7558, train_loss_v_kd: 1.3406, valid_loss_a_kd: 6.2059, valid_loss_v_kd: 8.8213, test_loss_a_kd: 5.8722, test_loss_v_kd: 8.2034
epoch: 14, train_loss: 0.8592, train_acc: 95.99, train_fscore: 95.96 valid_loss: 2.2175, valid_acc: 59.87, valid_fscore: 55.7,test_loss: 2.2325, test_acc: 61.0, test_fscore: 56.54, time: 1780648976.1154792
epoch: 14, train_loss_a_kd: 4.7644, train_loss_v_kd: 1.3369, valid_loss_a_kd: 6.1753, valid_loss_v_kd: 8.7937, test_loss_a_kd: 5.8364, test_loss_v_kd: 8.1931
early stopping at epoch 14, best epoch 2, best test_acc 63.68, best test_fscore 60.41
FINAL best epoch 2: test_acc=63.68, test_fscore=60.41, composite=124.09

>>> f0_fixed: 固定权重基线
✗ acc=66.97 fscore=65.47 Δ=+0.00

>>> f1_global: 可学习全局集成权重
✗ acc=66.97 fscore=65.47 Δ=+0.00

>>> f2_utterance: utterance级自适应权重
✗ acc=63.49 fscore=60.08 Δ=-8.87

>>> f3_dialogue: 对话级均值池化集成
✗ acc=63.64 fscore=60.36 Δ=-8.44

>>> f4_dialogue_attn: 对话级注意力池化集成
✗ acc=63.68 fscore=60.41 Δ=-8.35

Saved ./experiment_logs/summary_fusion.json
    f0_fixed           acc=66.97 fscore=65.47  固定权重基线
    f1_global          acc=66.97 fscore=65.47  可学习全局集成权重
    f4_dialogue_attn   acc=63.68 fscore=60.41  对话级注意力池化集成
    f3_dialogue        acc=63.64 fscore=60.36  对话级均值池化集成
    f2_utterance       acc=63.49 fscore=60.08  utterance级自适应权重
