=== Round: s0_linear ===
args: {'lr': 5e-05, 'l2': 1e-06, 'batch_size': 16, 'seed': 2024, 'epochs': 30, 'dropout': 0.6, 'hidden_dim': 768, 'n_head': 8, 'temp': 2.0, 'clsNum': 7, 'train': True, 'label_smoothing': 0.05, 'kd_weight_a': 0.01, 'kd_weight_v': 0.08, 'ensemble_a': 0.3, 'ensemble_v': 0.3, 'fusion_arch': 'linear', 'fusion_mode': 'fixed', 'loss_target': 'text', 'aux_fused_weight': 0.3, 'focal_gamma': 0.0, 'patience': 12, 'min_epochs': 3, 'exp_name': 's0_linear', 'log_file': './experiment_logs/s0_linear.log'}
epoch: 0, train_loss: 2.2599, train_acc: 49.92, train_fscore: 45.55 valid_loss: 2.197, valid_acc: 51.67, valid_fscore: 42.02,test_loss: 2.1259, test_acc: 57.09, test_fscore: 48.1, time: 1780649886.8124526
epoch: 0, train_loss_a_kd: 8.2385, train_loss_v_kd: 6.5336, valid_loss_a_kd: 6.2858, valid_loss_v_kd: 6.9172, test_loss_a_kd: 6.0257, test_loss_v_kd: 6.5784
done
epoch: 1, train_loss: 1.2557, train_acc: 86.79, train_fscore: 85.9 valid_loss: 2.1732, valid_acc: 66.55, valid_fscore: 65.55,test_loss: 2.1789, test_acc: 66.13, test_fscore: 65.04, time: 1780649891.2206933
epoch: 1, train_loss_a_kd: 6.9492, train_loss_v_kd: 2.7027, valid_loss_a_kd: 6.9632, valid_loss_v_kd: 8.3827, test_loss_a_kd: 6.5127, test_loss_v_kd: 7.9451
done
epoch: 2, train_loss: 1.0026, train_acc: 91.22, train_fscore: 91.18 valid_loss: 2.2064, valid_acc: 67.0, valid_fscore: 66.29,test_loss: 2.2323, test_acc: 65.67, test_fscore: 64.86, time: 1780649895.4453278
epoch: 2, train_loss_a_kd: 6.3067, train_loss_v_kd: 1.9026, valid_loss_a_kd: 6.688, valid_loss_v_kd: 8.6089, test_loss_a_kd: 6.2564, test_loss_v_kd: 8.147
epoch: 3, train_loss: 0.9507, train_acc: 91.77, train_fscore: 91.76 valid_loss: 2.2351, valid_acc: 66.55, valid_fscore: 65.57,test_loss: 2.2546, test_acc: 65.86, test_fscore: 64.76, time: 1780649899.136717
epoch: 3, train_loss_a_kd: 5.6848, train_loss_v_kd: 1.6537, valid_loss_a_kd: 6.5279, valid_loss_v_kd: 8.6834, test_loss_a_kd: 6.1086, test_loss_v_kd: 8.1769
epoch: 4, train_loss: 0.9241, train_acc: 92.29, train_fscore: 92.28 valid_loss: 2.2321, valid_acc: 66.73, valid_fscore: 66.02,test_loss: 2.2565, test_acc: 65.71, test_fscore: 64.8, time: 1780649902.7889986
epoch: 4, train_loss_a_kd: 5.3902, train_loss_v_kd: 1.5443, valid_loss_a_kd: 6.5412, valid_loss_v_kd: 8.7975, test_loss_a_kd: 6.1391, test_loss_v_kd: 8.2691
epoch: 5, train_loss: 0.9093, train_acc: 92.38, train_fscore: 92.37 valid_loss: 2.2222, valid_acc: 66.91, valid_fscore: 66.04,test_loss: 2.2452, test_acc: 65.75, test_fscore: 64.8, time: 1780649906.6407104
epoch: 5, train_loss_a_kd: 5.203, train_loss_v_kd: 1.4915, valid_loss_a_kd: 6.5067, valid_loss_v_kd: 8.8001, test_loss_a_kd: 6.1171, test_loss_v_kd: 8.2745
epoch: 6, train_loss: 0.8991, train_acc: 92.64, train_fscore: 92.63 valid_loss: 2.2188, valid_acc: 66.82, valid_fscore: 65.98,test_loss: 2.2406, test_acc: 66.25, test_fscore: 65.24, time: 1780649910.2600064
epoch: 6, train_loss_a_kd: 5.1544, train_loss_v_kd: 1.467, valid_loss_a_kd: 6.4723, valid_loss_v_kd: 8.8458, test_loss_a_kd: 6.0916, test_loss_v_kd: 8.2869
done
epoch: 7, train_loss: 0.8913, train_acc: 92.8, train_fscore: 92.79 valid_loss: 2.2483, valid_acc: 66.91, valid_fscore: 65.7,test_loss: 2.2519, test_acc: 66.32, test_fscore: 65.0, time: 1780649914.6814115
epoch: 7, train_loss_a_kd: 5.0452, train_loss_v_kd: 1.4328, valid_loss_a_kd: 6.3587, valid_loss_v_kd: 8.7719, test_loss_a_kd: 5.9814, test_loss_v_kd: 8.2193
epoch: 8, train_loss: 0.8855, train_acc: 92.97, train_fscore: 92.95 valid_loss: 2.2115, valid_acc: 67.45, valid_fscore: 66.57,test_loss: 2.2311, test_acc: 66.51, test_fscore: 65.41, time: 1780649918.2965925
epoch: 8, train_loss_a_kd: 4.9774, train_loss_v_kd: 1.4129, valid_loss_a_kd: 6.3701, valid_loss_v_kd: 8.8752, test_loss_a_kd: 6.0107, test_loss_v_kd: 8.293
done
epoch: 9, train_loss: 0.8804, train_acc: 92.95, train_fscore: 92.94 valid_loss: 2.2157, valid_acc: 67.09, valid_fscore: 65.91,test_loss: 2.2323, test_acc: 66.51, test_fscore: 65.18, time: 1780649922.7466624
epoch: 9, train_loss_a_kd: 4.9544, train_loss_v_kd: 1.3881, valid_loss_a_kd: 6.2701, valid_loss_v_kd: 8.7729, test_loss_a_kd: 5.9227, test_loss_v_kd: 8.199
epoch: 10, train_loss: 0.8719, train_acc: 92.99, train_fscore: 92.97 valid_loss: 2.2253, valid_acc: 67.81, valid_fscore: 66.79,test_loss: 2.2411, test_acc: 66.44, test_fscore: 65.19, time: 1780649926.4204943
epoch: 10, train_loss_a_kd: 4.9001, train_loss_v_kd: 1.3772, valid_loss_a_kd: 6.2844, valid_loss_v_kd: 8.839, test_loss_a_kd: 5.9346, test_loss_v_kd: 8.2564
epoch: 11, train_loss: 0.8705, train_acc: 92.96, train_fscore: 92.94 valid_loss: 2.2184, valid_acc: 67.9, valid_fscore: 66.83,test_loss: 2.2391, test_acc: 66.59, test_fscore: 65.33, time: 1780649930.0922978
epoch: 11, train_loss_a_kd: 4.8415, train_loss_v_kd: 1.3729, valid_loss_a_kd: 6.2338, valid_loss_v_kd: 8.7767, test_loss_a_kd: 5.8944, test_loss_v_kd: 8.2058
epoch: 12, train_loss: 0.8678, train_acc: 93.17, train_fscore: 93.15 valid_loss: 2.2148, valid_acc: 67.72, valid_fscore: 66.58,test_loss: 2.23, test_acc: 66.44, test_fscore: 65.12, time: 1780649933.6952634
epoch: 12, train_loss_a_kd: 4.7643, train_loss_v_kd: 1.3589, valid_loss_a_kd: 6.224, valid_loss_v_kd: 8.8076, test_loss_a_kd: 5.8792, test_loss_v_kd: 8.2192
epoch: 13, train_loss: 0.8557, train_acc: 93.25, train_fscore: 93.24 valid_loss: 2.2146, valid_acc: 67.0, valid_fscore: 65.69,test_loss: 2.232, test_acc: 66.25, test_fscore: 64.77, time: 1780649937.3399956
epoch: 13, train_loss_a_kd: 4.7471, train_loss_v_kd: 1.3152, valid_loss_a_kd: 6.1828, valid_loss_v_kd: 8.7599, test_loss_a_kd: 5.844, test_loss_v_kd: 8.1792
epoch: 14, train_loss: 0.8524, train_acc: 93.24, train_fscore: 93.22 valid_loss: 2.2162, valid_acc: 67.36, valid_fscore: 66.19,test_loss: 2.2295, test_acc: 66.55, test_fscore: 65.25, time: 1780649941.010271
epoch: 14, train_loss_a_kd: 4.7671, train_loss_v_kd: 1.3177, valid_loss_a_kd: 6.1676, valid_loss_v_kd: 8.8126, test_loss_a_kd: 5.8335, test_loss_v_kd: 8.2024
epoch: 15, train_loss: 0.8512, train_acc: 93.22, train_fscore: 93.2 valid_loss: 2.2264, valid_acc: 67.18, valid_fscore: 66.05,test_loss: 2.2364, test_acc: 66.36, test_fscore: 65.03, time: 1780649944.5938635
epoch: 15, train_loss_a_kd: 4.7277, train_loss_v_kd: 1.3236, valid_loss_a_kd: 6.1489, valid_loss_v_kd: 8.8233, test_loss_a_kd: 5.8277, test_loss_v_kd: 8.2144
epoch: 16, train_loss: 0.8529, train_acc: 93.28, train_fscore: 93.27 valid_loss: 2.2276, valid_acc: 67.18, valid_fscore: 65.94,test_loss: 2.2353, test_acc: 66.74, test_fscore: 65.3, time: 1780649948.2436175
epoch: 16, train_loss_a_kd: 4.668, train_loss_v_kd: 1.333, valid_loss_a_kd: 6.1107, valid_loss_v_kd: 8.7826, test_loss_a_kd: 5.788, test_loss_v_kd: 8.1723
done
epoch: 17, train_loss: 0.8434, train_acc: 93.3, train_fscore: 93.29 valid_loss: 2.2323, valid_acc: 67.18, valid_fscore: 65.99,test_loss: 2.2378, test_acc: 66.44, test_fscore: 65.09, time: 1780649952.696765
epoch: 17, train_loss_a_kd: 4.6822, train_loss_v_kd: 1.2897, valid_loss_a_kd: 6.1068, valid_loss_v_kd: 8.7708, test_loss_a_kd: 5.7733, test_loss_v_kd: 8.1735
epoch: 18, train_loss: 0.844, train_acc: 93.61, train_fscore: 93.6 valid_loss: 2.2352, valid_acc: 66.73, valid_fscore: 65.39,test_loss: 2.2425, test_acc: 66.67, test_fscore: 65.11, time: 1780649956.3470879
epoch: 18, train_loss_a_kd: 4.6707, train_loss_v_kd: 1.3017, valid_loss_a_kd: 6.0386, valid_loss_v_kd: 8.7053, test_loss_a_kd: 5.7115, test_loss_v_kd: 8.1121
epoch: 19, train_loss: 0.8411, train_acc: 93.47, train_fscore: 93.45 valid_loss: 2.2201, valid_acc: 67.18, valid_fscore: 65.89,test_loss: 2.2404, test_acc: 66.51, test_fscore: 65.08, time: 1780649960.0021389
epoch: 19, train_loss_a_kd: 4.5963, train_loss_v_kd: 1.2821, valid_loss_a_kd: 6.0711, valid_loss_v_kd: 8.7472, test_loss_a_kd: 5.748, test_loss_v_kd: 8.1506
epoch: 20, train_loss: 0.8357, train_acc: 93.43, train_fscore: 93.42 valid_loss: 2.2182, valid_acc: 67.27, valid_fscore: 65.98,test_loss: 2.2315, test_acc: 66.55, test_fscore: 65.07, time: 1780649963.753179
epoch: 20, train_loss_a_kd: 4.5961, train_loss_v_kd: 1.2791, valid_loss_a_kd: 6.0593, valid_loss_v_kd: 8.7359, test_loss_a_kd: 5.7354, test_loss_v_kd: 8.135
epoch: 21, train_loss: 0.8335, train_acc: 93.44, train_fscore: 93.43 valid_loss: 2.2271, valid_acc: 66.91, valid_fscore: 65.52,test_loss: 2.234, test_acc: 66.55, test_fscore: 64.96, time: 1780649967.4920788
epoch: 21, train_loss_a_kd: 4.5496, train_loss_v_kd: 1.2813, valid_loss_a_kd: 6.0221, valid_loss_v_kd: 8.6968, test_loss_a_kd: 5.693, test_loss_v_kd: 8.0928
epoch: 22, train_loss: 0.8337, train_acc: 93.3, train_fscore: 93.28 valid_loss: 2.2143, valid_acc: 67.0, valid_fscore: 65.68,test_loss: 2.2285, test_acc: 66.63, test_fscore: 65.13, time: 1780649971.1482427
epoch: 22, train_loss_a_kd: 4.5941, train_loss_v_kd: 1.2607, valid_loss_a_kd: 6.0336, valid_loss_v_kd: 8.7028, test_loss_a_kd: 5.7043, test_loss_v_kd: 8.0994
epoch: 23, train_loss: 0.8308, train_acc: 93.24, train_fscore: 93.22 valid_loss: 2.2183, valid_acc: 67.09, valid_fscore: 65.76,test_loss: 2.2306, test_acc: 66.55, test_fscore: 65.08, time: 1780649975.1635985
epoch: 23, train_loss_a_kd: 4.5466, train_loss_v_kd: 1.2652, valid_loss_a_kd: 6.0292, valid_loss_v_kd: 8.7098, test_loss_a_kd: 5.7065, test_loss_v_kd: 8.1058
epoch: 24, train_loss: 0.8279, train_acc: 93.62, train_fscore: 93.61 valid_loss: 2.2286, valid_acc: 67.0, valid_fscore: 65.67,test_loss: 2.234, test_acc: 66.7, test_fscore: 65.18, time: 1780649978.8321779
epoch: 24, train_loss_a_kd: 4.5669, train_loss_v_kd: 1.2533, valid_loss_a_kd: 6.0031, valid_loss_v_kd: 8.6947, test_loss_a_kd: 5.683, test_loss_v_kd: 8.0892
epoch: 25, train_loss: 0.8257, train_acc: 93.43, train_fscore: 93.42 valid_loss: 2.235, valid_acc: 67.27, valid_fscore: 65.9,test_loss: 2.2378, test_acc: 66.63, test_fscore: 65.09, time: 1780649982.440141
epoch: 25, train_loss_a_kd: 4.5548, train_loss_v_kd: 1.2412, valid_loss_a_kd: 5.9923, valid_loss_v_kd: 8.7064, test_loss_a_kd: 5.6804, test_loss_v_kd: 8.0969
epoch: 26, train_loss: 0.8176, train_acc: 93.58, train_fscore: 93.56 valid_loss: 2.2253, valid_acc: 67.0, valid_fscore: 65.66,test_loss: 2.2359, test_acc: 66.59, test_fscore: 65.09, time: 1780649986.1982028
epoch: 26, train_loss_a_kd: 4.5363, train_loss_v_kd: 1.2398, valid_loss_a_kd: 6.0171, valid_loss_v_kd: 8.7213, test_loss_a_kd: 5.6952, test_loss_v_kd: 8.11
epoch: 27, train_loss: 0.8229, train_acc: 93.49, train_fscore: 93.48 valid_loss: 2.2281, valid_acc: 67.09, valid_fscore: 65.73,test_loss: 2.2347, test_acc: 66.59, test_fscore: 65.07, time: 1780649989.865431
epoch: 27, train_loss_a_kd: 4.5166, train_loss_v_kd: 1.243, valid_loss_a_kd: 5.995, valid_loss_v_kd: 8.7048, test_loss_a_kd: 5.6822, test_loss_v_kd: 8.096
epoch: 28, train_loss: 0.8238, train_acc: 93.7, train_fscore: 93.69 valid_loss: 2.2263, valid_acc: 66.64, valid_fscore: 65.27,test_loss: 2.2334, test_acc: 66.63, test_fscore: 65.09, time: 1780649993.62232
epoch: 28, train_loss_a_kd: 4.5255, train_loss_v_kd: 1.227, valid_loss_a_kd: 5.9987, valid_loss_v_kd: 8.7073, test_loss_a_kd: 5.6822, test_loss_v_kd: 8.0966
early stopping at epoch 28, best epoch 16, best test_acc 66.74, best test_fscore 65.3
FINAL best epoch 16: test_acc=66.74, test_fscore=65.3, composite=132.04
