=== Round: s11_rescross+moddrop ===
args: {'lr': 5e-05, 'l2': 1e-06, 'batch_size': 16, 'seed': 2024, 'epochs': 30, 'dropout': 0.6, 'hidden_dim': 768, 'n_head': 8, 'temp': 2.0, 'clsNum': 7, 'train': True, 'label_smoothing': 0.05, 'kd_weight_a': 0.01, 'kd_weight_v': 0.08, 'ensemble_a': 0.3, 'ensemble_v': 0.3, 'fusion_arch': 'residual_cross', 'fusion_mode': 'fixed', 'loss_target': 'text', 'aux_fused_weight': 0.3, 'focal_gamma': 0.0, 'modality_drop': 0.1, 'patience': 12, 'min_epochs': 3, 'exp_name': 's11_rescross+moddrop', 'log_file': './experiment_logs/s11_rescross+moddrop.log'}
epoch: 0, train_loss: 2.3758, train_acc: 50.44, train_fscore: 48.0 valid_loss: 2.4604, valid_acc: 63.39, valid_fscore: 59.98,test_loss: 2.4168, test_acc: 65.4, test_fscore: 62.05, time: 1780651404.8522398
epoch: 0, train_loss_a_kd: 9.2096, train_loss_v_kd: 7.6679, valid_loss_a_kd: 7.2649, valid_loss_v_kd: 7.5773, test_loss_a_kd: 7.0963, test_loss_v_kd: 7.1254
done
epoch: 1, train_loss: 1.2656, train_acc: 88.03, train_fscore: 87.75 valid_loss: 2.9237, valid_acc: 65.46, valid_fscore: 65.22,test_loss: 3.0143, test_acc: 64.33, test_fscore: 64.31, time: 1780651409.8980541
epoch: 1, train_loss_a_kd: 7.7456, train_loss_v_kd: 3.7642, valid_loss_a_kd: 7.1711, valid_loss_v_kd: 8.4591, test_loss_a_kd: 6.8888, test_loss_v_kd: 8.074
done
epoch: 2, train_loss: 1.0829, train_acc: 90.39, train_fscore: 90.4 valid_loss: 2.8629, valid_acc: 64.92, valid_fscore: 64.97,test_loss: 2.965, test_acc: 64.52, test_fscore: 64.69, time: 1780651415.0205429
epoch: 2, train_loss_a_kd: 7.0161, train_loss_v_kd: 2.8001, valid_loss_a_kd: 6.9427, valid_loss_v_kd: 8.7273, test_loss_a_kd: 6.6321, test_loss_v_kd: 8.2865
done
epoch: 3, train_loss: 1.0261, train_acc: 91.19, train_fscore: 91.19 valid_loss: 2.812, valid_acc: 65.64, valid_fscore: 65.32,test_loss: 2.8924, test_acc: 65.17, test_fscore: 64.82, time: 1780651420.209215
epoch: 3, train_loss_a_kd: 6.4135, train_loss_v_kd: 2.5098, valid_loss_a_kd: 6.7057, valid_loss_v_kd: 8.7378, test_loss_a_kd: 6.3707, test_loss_v_kd: 8.2548
done
epoch: 4, train_loss: 1.0043, train_acc: 91.5, train_fscore: 91.51 valid_loss: 2.7602, valid_acc: 66.01, valid_fscore: 65.66,test_loss: 2.8044, test_acc: 65.25, test_fscore: 64.87, time: 1780651425.3103812
epoch: 4, train_loss_a_kd: 6.0855, train_loss_v_kd: 2.3817, valid_loss_a_kd: 6.6308, valid_loss_v_kd: 8.8015, test_loss_a_kd: 6.326, test_loss_v_kd: 8.3425
done
epoch: 5, train_loss: 0.9869, train_acc: 91.84, train_fscore: 91.85 valid_loss: 2.6812, valid_acc: 66.55, valid_fscore: 66.07,test_loss: 2.7345, test_acc: 65.82, test_fscore: 65.2, time: 1780651430.477865
epoch: 5, train_loss_a_kd: 5.907, train_loss_v_kd: 2.2981, valid_loss_a_kd: 6.5775, valid_loss_v_kd: 8.8406, test_loss_a_kd: 6.2579, test_loss_v_kd: 8.3386
done
epoch: 6, train_loss: 0.9787, train_acc: 92.05, train_fscore: 92.06 valid_loss: 2.6185, valid_acc: 66.64, valid_fscore: 66.22,test_loss: 2.6659, test_acc: 65.59, test_fscore: 65.05, time: 1780651435.6833854
epoch: 6, train_loss_a_kd: 5.763, train_loss_v_kd: 2.2999, valid_loss_a_kd: 6.5454, valid_loss_v_kd: 8.8359, test_loss_a_kd: 6.209, test_loss_v_kd: 8.3378
epoch: 7, train_loss: 0.9593, train_acc: 92.43, train_fscore: 92.43 valid_loss: 2.568, valid_acc: 66.28, valid_fscore: 65.75,test_loss: 2.6026, test_acc: 65.86, test_fscore: 65.27, time: 1780651440.051368
epoch: 7, train_loss_a_kd: 5.665, train_loss_v_kd: 2.2103, valid_loss_a_kd: 6.5283, valid_loss_v_kd: 8.8642, test_loss_a_kd: 6.1897, test_loss_v_kd: 8.359
done
epoch: 8, train_loss: 0.9505, train_acc: 92.32, train_fscore: 92.32 valid_loss: 2.517, valid_acc: 66.01, valid_fscore: 65.42,test_loss: 2.5523, test_acc: 65.82, test_fscore: 65.24, time: 1780651445.1040945
epoch: 8, train_loss_a_kd: 5.5882, train_loss_v_kd: 2.1457, valid_loss_a_kd: 6.5484, valid_loss_v_kd: 8.8544, test_loss_a_kd: 6.232, test_loss_v_kd: 8.3341
epoch: 9, train_loss: 0.9484, train_acc: 92.42, train_fscore: 92.42 valid_loss: 2.5202, valid_acc: 67.0, valid_fscore: 66.24,test_loss: 2.562, test_acc: 65.98, test_fscore: 65.18, time: 1780651449.2407246
epoch: 9, train_loss_a_kd: 5.5662, train_loss_v_kd: 2.2045, valid_loss_a_kd: 6.4375, valid_loss_v_kd: 8.8532, test_loss_a_kd: 6.1306, test_loss_v_kd: 8.3243
done
epoch: 10, train_loss: 0.9378, train_acc: 92.5, train_fscore: 92.5 valid_loss: 2.4985, valid_acc: 66.46, valid_fscore: 65.89,test_loss: 2.5314, test_acc: 65.75, test_fscore: 65.1, time: 1780651454.1984706
epoch: 10, train_loss_a_kd: 5.4789, train_loss_v_kd: 2.1192, valid_loss_a_kd: 6.4539, valid_loss_v_kd: 8.9046, test_loss_a_kd: 6.1444, test_loss_v_kd: 8.3594
epoch: 11, train_loss: 0.9319, train_acc: 92.71, train_fscore: 92.7 valid_loss: 2.4723, valid_acc: 66.91, valid_fscore: 66.16,test_loss: 2.4995, test_acc: 65.79, test_fscore: 65.11, time: 1780651458.5725863
epoch: 11, train_loss_a_kd: 5.4549, train_loss_v_kd: 2.1087, valid_loss_a_kd: 6.4475, valid_loss_v_kd: 8.8809, test_loss_a_kd: 6.1431, test_loss_v_kd: 8.3408
epoch: 12, train_loss: 0.9273, train_acc: 92.74, train_fscore: 92.73 valid_loss: 2.4926, valid_acc: 67.09, valid_fscore: 66.1,test_loss: 2.519, test_acc: 66.13, test_fscore: 65.11, time: 1780651462.8168793
epoch: 12, train_loss_a_kd: 5.3968, train_loss_v_kd: 2.1089, valid_loss_a_kd: 6.3408, valid_loss_v_kd: 8.8146, test_loss_a_kd: 6.0338, test_loss_v_kd: 8.267
done
epoch: 13, train_loss: 0.9237, train_acc: 92.8, train_fscore: 92.79 valid_loss: 2.504, valid_acc: 66.82, valid_fscore: 65.79,test_loss: 2.5059, test_acc: 66.05, test_fscore: 65.09, time: 1780651467.9146078
epoch: 13, train_loss_a_kd: 5.3898, train_loss_v_kd: 2.0697, valid_loss_a_kd: 6.3339, valid_loss_v_kd: 8.7997, test_loss_a_kd: 6.0354, test_loss_v_kd: 8.2651
epoch: 14, train_loss: 0.9248, train_acc: 92.84, train_fscore: 92.84 valid_loss: 2.4591, valid_acc: 67.0, valid_fscore: 66.3,test_loss: 2.4903, test_acc: 66.09, test_fscore: 65.44, time: 1780651472.18342
epoch: 14, train_loss_a_kd: 5.3651, train_loss_v_kd: 2.0958, valid_loss_a_kd: 6.3802, valid_loss_v_kd: 8.8754, test_loss_a_kd: 6.1033, test_loss_v_kd: 8.3332
done
epoch: 15, train_loss: 0.9215, train_acc: 92.65, train_fscore: 92.65 valid_loss: 2.4416, valid_acc: 67.09, valid_fscore: 66.12,test_loss: 2.4723, test_acc: 66.02, test_fscore: 65.02, time: 1780651477.4028354
epoch: 15, train_loss_a_kd: 5.31, train_loss_v_kd: 2.0718, valid_loss_a_kd: 6.3125, valid_loss_v_kd: 8.822, test_loss_a_kd: 6.0201, test_loss_v_kd: 8.2636
epoch: 16, train_loss: 0.9096, train_acc: 92.95, train_fscore: 92.95 valid_loss: 2.4375, valid_acc: 67.18, valid_fscore: 66.23,test_loss: 2.4675, test_acc: 65.86, test_fscore: 64.94, time: 1780651481.512416
epoch: 16, train_loss_a_kd: 5.2939, train_loss_v_kd: 2.0455, valid_loss_a_kd: 6.3015, valid_loss_v_kd: 8.8267, test_loss_a_kd: 6.016, test_loss_v_kd: 8.2632
epoch: 17, train_loss: 0.9107, train_acc: 93.0, train_fscore: 93.0 valid_loss: 2.4254, valid_acc: 66.82, valid_fscore: 65.92,test_loss: 2.4652, test_acc: 65.94, test_fscore: 65.04, time: 1780651485.7462583
epoch: 17, train_loss_a_kd: 5.2892, train_loss_v_kd: 2.0991, valid_loss_a_kd: 6.282, valid_loss_v_kd: 8.7989, test_loss_a_kd: 6.0137, test_loss_v_kd: 8.2549
epoch: 18, train_loss: 0.9077, train_acc: 93.03, train_fscore: 93.03 valid_loss: 2.4652, valid_acc: 66.73, valid_fscore: 65.69,test_loss: 2.4835, test_acc: 66.13, test_fscore: 65.04, time: 1780651489.9391692
epoch: 18, train_loss_a_kd: 5.3121, train_loss_v_kd: 2.0617, valid_loss_a_kd: 6.2335, valid_loss_v_kd: 8.8008, test_loss_a_kd: 5.9609, test_loss_v_kd: 8.2389
epoch: 19, train_loss: 0.9125, train_acc: 92.99, train_fscore: 92.98 valid_loss: 2.4528, valid_acc: 67.0, valid_fscore: 65.92,test_loss: 2.4708, test_acc: 66.28, test_fscore: 65.25, time: 1780651494.2822838
epoch: 19, train_loss_a_kd: 5.2307, train_loss_v_kd: 2.0931, valid_loss_a_kd: 6.2291, valid_loss_v_kd: 8.7781, test_loss_a_kd: 5.955, test_loss_v_kd: 8.2379
epoch: 20, train_loss: 0.9027, train_acc: 93.15, train_fscore: 93.15 valid_loss: 2.4473, valid_acc: 66.55, valid_fscore: 65.55,test_loss: 2.4606, test_acc: 66.44, test_fscore: 65.44, time: 1780651498.4860475
epoch: 20, train_loss_a_kd: 5.2607, train_loss_v_kd: 2.0499, valid_loss_a_kd: 6.2407, valid_loss_v_kd: 8.8159, test_loss_a_kd: 5.9714, test_loss_v_kd: 8.2638
done
epoch: 21, train_loss: 0.9064, train_acc: 93.17, train_fscore: 93.16 valid_loss: 2.4421, valid_acc: 67.18, valid_fscore: 66.08,test_loss: 2.4538, test_acc: 66.48, test_fscore: 65.39, time: 1780651503.850713
epoch: 21, train_loss_a_kd: 5.2367, train_loss_v_kd: 2.0799, valid_loss_a_kd: 6.2242, valid_loss_v_kd: 8.8018, test_loss_a_kd: 5.9506, test_loss_v_kd: 8.2351
epoch: 22, train_loss: 0.9023, train_acc: 93.21, train_fscore: 93.2 valid_loss: 2.4422, valid_acc: 66.73, valid_fscore: 65.67,test_loss: 2.4553, test_acc: 66.44, test_fscore: 65.34, time: 1780651508.1258945
epoch: 22, train_loss_a_kd: 5.2045, train_loss_v_kd: 2.0856, valid_loss_a_kd: 6.1914, valid_loss_v_kd: 8.7802, test_loss_a_kd: 5.9236, test_loss_v_kd: 8.215
epoch: 23, train_loss: 0.8987, train_acc: 93.29, train_fscore: 93.29 valid_loss: 2.4268, valid_acc: 67.27, valid_fscore: 66.18,test_loss: 2.4527, test_acc: 66.51, test_fscore: 65.42, time: 1780651512.3306885
epoch: 23, train_loss_a_kd: 5.1682, train_loss_v_kd: 2.0307, valid_loss_a_kd: 6.1908, valid_loss_v_kd: 8.757, test_loss_a_kd: 5.9131, test_loss_v_kd: 8.1944
done
epoch: 24, train_loss: 0.8932, train_acc: 93.17, train_fscore: 93.17 valid_loss: 2.4266, valid_acc: 67.0, valid_fscore: 65.89,test_loss: 2.4424, test_acc: 66.63, test_fscore: 65.49, time: 1780651517.327672
epoch: 24, train_loss_a_kd: 5.1805, train_loss_v_kd: 2.04, valid_loss_a_kd: 6.1857, valid_loss_v_kd: 8.7545, test_loss_a_kd: 5.9138, test_loss_v_kd: 8.1902
done
epoch: 25, train_loss: 0.8932, train_acc: 93.37, train_fscore: 93.37 valid_loss: 2.4262, valid_acc: 67.0, valid_fscore: 66.01,test_loss: 2.4481, test_acc: 66.48, test_fscore: 65.5, time: 1780651522.4713187
epoch: 25, train_loss_a_kd: 5.2336, train_loss_v_kd: 2.0385, valid_loss_a_kd: 6.207, valid_loss_v_kd: 8.7809, test_loss_a_kd: 5.9438, test_loss_v_kd: 8.22
epoch: 26, train_loss: 0.8912, train_acc: 93.35, train_fscore: 93.35 valid_loss: 2.4337, valid_acc: 67.09, valid_fscore: 66.11,test_loss: 2.4538, test_acc: 66.25, test_fscore: 65.2, time: 1780651526.810824
epoch: 26, train_loss_a_kd: 5.1642, train_loss_v_kd: 2.01, valid_loss_a_kd: 6.1913, valid_loss_v_kd: 8.7851, test_loss_a_kd: 5.9264, test_loss_v_kd: 8.2189
epoch: 27, train_loss: 0.8885, train_acc: 93.41, train_fscore: 93.41 valid_loss: 2.4389, valid_acc: 67.09, valid_fscore: 66.02,test_loss: 2.455, test_acc: 66.48, test_fscore: 65.42, time: 1780651531.1529675
epoch: 27, train_loss_a_kd: 5.196, train_loss_v_kd: 2.0091, valid_loss_a_kd: 6.1798, valid_loss_v_kd: 8.7618, test_loss_a_kd: 5.915, test_loss_v_kd: 8.2022
epoch: 28, train_loss: 0.8833, train_acc: 93.23, train_fscore: 93.23 valid_loss: 2.44, valid_acc: 67.18, valid_fscore: 66.13,test_loss: 2.4552, test_acc: 66.55, test_fscore: 65.45, time: 1780651535.32724
epoch: 28, train_loss_a_kd: 5.1653, train_loss_v_kd: 1.9936, valid_loss_a_kd: 6.1716, valid_loss_v_kd: 8.7623, test_loss_a_kd: 5.9075, test_loss_v_kd: 8.2022
epoch: 29, train_loss: 0.8814, train_acc: 93.21, train_fscore: 93.21 valid_loss: 2.4412, valid_acc: 66.91, valid_fscore: 65.83,test_loss: 2.4556, test_acc: 66.51, test_fscore: 65.41, time: 1780651539.7218192
epoch: 29, train_loss_a_kd: 5.1265, train_loss_v_kd: 1.966, valid_loss_a_kd: 6.1698, valid_loss_v_kd: 8.7628, test_loss_a_kd: 5.9042, test_loss_v_kd: 8.202
FINAL best epoch 24: test_acc=66.63, test_fscore=65.49, composite=132.12
