=== Round: s9_linear+moddrop ===
args: {'lr': 5e-05, 'l2': 1e-06, 'batch_size': 16, 'seed': 2024, 'epochs': 30, 'dropout': 0.6, 'hidden_dim': 768, 'n_head': 8, 'temp': 2.0, 'clsNum': 7, 'train': True, 'label_smoothing': 0.05, 'kd_weight_a': 0.01, 'kd_weight_v': 0.08, 'ensemble_a': 0.3, 'ensemble_v': 0.3, 'fusion_arch': 'linear', 'fusion_mode': 'fixed', 'loss_target': 'text', 'aux_fused_weight': 0.3, 'focal_gamma': 0.0, 'modality_drop': 0.15, 'patience': 12, 'min_epochs': 3, 'exp_name': 's9_linear+moddrop', 'log_file': './experiment_logs/s9_linear+moddrop.log'}
epoch: 0, train_loss: 2.3132, train_acc: 51.05, train_fscore: 47.46 valid_loss: 2.1881, valid_acc: 54.55, valid_fscore: 46.72,test_loss: 2.122, test_acc: 59.04, test_fscore: 51.28, time: 1780651100.5692444
epoch: 0, train_loss_a_kd: 8.6274, train_loss_v_kd: 7.1592, valid_loss_a_kd: 6.4588, valid_loss_v_kd: 6.981, test_loss_a_kd: 6.1942, test_loss_v_kd: 6.6572
done
epoch: 1, train_loss: 1.33, train_acc: 87.62, train_fscore: 87.03 valid_loss: 2.181, valid_acc: 66.37, valid_fscore: 65.57,test_loss: 2.1897, test_acc: 65.48, test_fscore: 64.69, time: 1780651105.052204
epoch: 1, train_loss_a_kd: 7.5879, train_loss_v_kd: 3.7775, valid_loss_a_kd: 7.0573, valid_loss_v_kd: 8.4583, test_loss_a_kd: 6.6405, test_loss_v_kd: 8.0677
done
epoch: 2, train_loss: 1.0937, train_acc: 90.56, train_fscore: 90.58 valid_loss: 2.2168, valid_acc: 66.28, valid_fscore: 65.66,test_loss: 2.2491, test_acc: 65.13, test_fscore: 64.54, time: 1780651109.4856074
epoch: 2, train_loss_a_kd: 7.0039, train_loss_v_kd: 3.014, valid_loss_a_kd: 6.6825, valid_loss_v_kd: 8.62, test_loss_a_kd: 6.2919, test_loss_v_kd: 8.2113
epoch: 3, train_loss: 1.0445, train_acc: 91.24, train_fscore: 91.28 valid_loss: 2.2335, valid_acc: 66.64, valid_fscore: 65.9,test_loss: 2.253, test_acc: 65.71, test_fscore: 64.86, time: 1780651113.134844
epoch: 3, train_loss_a_kd: 6.4457, train_loss_v_kd: 2.787, valid_loss_a_kd: 6.5844, valid_loss_v_kd: 8.753, test_loss_a_kd: 6.1735, test_loss_v_kd: 8.2689
done
epoch: 4, train_loss: 1.0137, train_acc: 91.87, train_fscore: 91.89 valid_loss: 2.2489, valid_acc: 66.28, valid_fscore: 65.75,test_loss: 2.2704, test_acc: 65.63, test_fscore: 65.03, time: 1780651117.7337475
epoch: 4, train_loss_a_kd: 6.119, train_loss_v_kd: 2.6296, valid_loss_a_kd: 6.5989, valid_loss_v_kd: 8.8798, test_loss_a_kd: 6.234, test_loss_v_kd: 8.3795
done
epoch: 5, train_loss: 1.0053, train_acc: 91.83, train_fscore: 91.85 valid_loss: 2.2412, valid_acc: 66.64, valid_fscore: 65.98,test_loss: 2.261, test_acc: 65.48, test_fscore: 64.82, time: 1780651122.18272
epoch: 5, train_loss_a_kd: 5.9779, train_loss_v_kd: 2.5646, valid_loss_a_kd: 6.5655, valid_loss_v_kd: 8.8769, test_loss_a_kd: 6.1923, test_loss_v_kd: 8.3819
epoch: 6, train_loss: 0.998, train_acc: 92.0, train_fscore: 92.02 valid_loss: 2.2299, valid_acc: 66.73, valid_fscore: 66.02,test_loss: 2.252, test_acc: 65.82, test_fscore: 64.98, time: 1780651125.9643059
epoch: 6, train_loss_a_kd: 5.8775, train_loss_v_kd: 2.5879, valid_loss_a_kd: 6.5441, valid_loss_v_kd: 8.8723, test_loss_a_kd: 6.1688, test_loss_v_kd: 8.3646
done
epoch: 7, train_loss: 0.9889, train_acc: 92.18, train_fscore: 92.2 valid_loss: 2.2572, valid_acc: 66.82, valid_fscore: 65.88,test_loss: 2.2633, test_acc: 65.75, test_fscore: 64.74, time: 1780651130.5188894
epoch: 7, train_loss_a_kd: 5.8096, train_loss_v_kd: 2.5635, valid_loss_a_kd: 6.4555, valid_loss_v_kd: 8.8483, test_loss_a_kd: 6.0987, test_loss_v_kd: 8.3351
epoch: 8, train_loss: 0.987, train_acc: 92.19, train_fscore: 92.21 valid_loss: 2.2315, valid_acc: 66.64, valid_fscore: 65.97,test_loss: 2.2509, test_acc: 65.94, test_fscore: 65.13, time: 1780651134.3428233
epoch: 8, train_loss_a_kd: 5.7771, train_loss_v_kd: 2.5695, valid_loss_a_kd: 6.4546, valid_loss_v_kd: 8.9025, test_loss_a_kd: 6.0988, test_loss_v_kd: 8.3616
done
epoch: 9, train_loss: 0.982, train_acc: 92.48, train_fscore: 92.5 valid_loss: 2.2282, valid_acc: 67.18, valid_fscore: 66.22,test_loss: 2.2477, test_acc: 66.44, test_fscore: 65.28, time: 1780651139.0119286
epoch: 9, train_loss_a_kd: 5.7133, train_loss_v_kd: 2.5224, valid_loss_a_kd: 6.3946, valid_loss_v_kd: 8.8372, test_loss_a_kd: 6.0651, test_loss_v_kd: 8.3075
done
epoch: 10, train_loss: 0.9765, train_acc: 92.54, train_fscore: 92.55 valid_loss: 2.2378, valid_acc: 66.91, valid_fscore: 66.1,test_loss: 2.2559, test_acc: 66.05, test_fscore: 65.12, time: 1780651143.5533679
epoch: 10, train_loss_a_kd: 5.6667, train_loss_v_kd: 2.5865, valid_loss_a_kd: 6.3816, valid_loss_v_kd: 8.8859, test_loss_a_kd: 6.042, test_loss_v_kd: 8.3485
epoch: 11, train_loss: 0.9675, train_acc: 92.45, train_fscore: 92.46 valid_loss: 2.237, valid_acc: 67.36, valid_fscore: 66.36,test_loss: 2.2593, test_acc: 66.05, test_fscore: 65.0, time: 1780651147.4187865
epoch: 11, train_loss_a_kd: 5.5838, train_loss_v_kd: 2.4821, valid_loss_a_kd: 6.3504, valid_loss_v_kd: 8.8382, test_loss_a_kd: 6.0266, test_loss_v_kd: 8.2899
epoch: 12, train_loss: 0.963, train_acc: 92.58, train_fscore: 92.59 valid_loss: 2.2277, valid_acc: 66.82, valid_fscore: 65.94,test_loss: 2.2471, test_acc: 66.21, test_fscore: 65.25, time: 1780651151.2017214
epoch: 12, train_loss_a_kd: 5.5501, train_loss_v_kd: 2.4807, valid_loss_a_kd: 6.3432, valid_loss_v_kd: 8.911, test_loss_a_kd: 6.0198, test_loss_v_kd: 8.3553
epoch: 13, train_loss: 0.9545, train_acc: 92.76, train_fscore: 92.77 valid_loss: 2.2276, valid_acc: 67.09, valid_fscore: 65.89,test_loss: 2.2483, test_acc: 66.17, test_fscore: 64.87, time: 1780651155.1661992
epoch: 13, train_loss_a_kd: 5.549, train_loss_v_kd: 2.4737, valid_loss_a_kd: 6.3034, valid_loss_v_kd: 8.8391, test_loss_a_kd: 5.9828, test_loss_v_kd: 8.2778
epoch: 14, train_loss: 0.947, train_acc: 93.01, train_fscore: 93.02 valid_loss: 2.2299, valid_acc: 66.91, valid_fscore: 66.02,test_loss: 2.2462, test_acc: 66.13, test_fscore: 65.15, time: 1780651159.0090818
epoch: 14, train_loss_a_kd: 5.5114, train_loss_v_kd: 2.442, valid_loss_a_kd: 6.286, valid_loss_v_kd: 8.897, test_loss_a_kd: 5.9717, test_loss_v_kd: 8.3104
epoch: 15, train_loss: 0.9448, train_acc: 92.75, train_fscore: 92.76 valid_loss: 2.2373, valid_acc: 67.27, valid_fscore: 66.17,test_loss: 2.2527, test_acc: 66.48, test_fscore: 65.35, time: 1780651162.925866
epoch: 15, train_loss_a_kd: 5.5084, train_loss_v_kd: 2.4146, valid_loss_a_kd: 6.2251, valid_loss_v_kd: 8.8746, test_loss_a_kd: 5.9315, test_loss_v_kd: 8.3005
done
epoch: 16, train_loss: 0.9486, train_acc: 92.8, train_fscore: 92.81 valid_loss: 2.2394, valid_acc: 67.18, valid_fscore: 66.09,test_loss: 2.2515, test_acc: 66.78, test_fscore: 65.5, time: 1780651167.4533522
epoch: 16, train_loss_a_kd: 5.4646, train_loss_v_kd: 2.4559, valid_loss_a_kd: 6.1922, valid_loss_v_kd: 8.8725, test_loss_a_kd: 5.9019, test_loss_v_kd: 8.2903
done
epoch: 17, train_loss: 0.9447, train_acc: 92.8, train_fscore: 92.82 valid_loss: 2.2436, valid_acc: 67.27, valid_fscore: 66.18,test_loss: 2.2508, test_acc: 66.55, test_fscore: 65.44, time: 1780651172.08148
epoch: 17, train_loss_a_kd: 5.4974, train_loss_v_kd: 2.4364, valid_loss_a_kd: 6.1943, valid_loss_v_kd: 8.8449, test_loss_a_kd: 5.8976, test_loss_v_kd: 8.2724
epoch: 18, train_loss: 0.9389, train_acc: 92.87, train_fscore: 92.89 valid_loss: 2.2524, valid_acc: 67.27, valid_fscore: 66.0,test_loss: 2.2589, test_acc: 66.7, test_fscore: 65.39, time: 1780651176.065881
epoch: 18, train_loss_a_kd: 5.4238, train_loss_v_kd: 2.389, valid_loss_a_kd: 6.1422, valid_loss_v_kd: 8.8119, test_loss_a_kd: 5.8452, test_loss_v_kd: 8.2322
epoch: 19, train_loss: 0.9383, train_acc: 92.78, train_fscore: 92.79 valid_loss: 2.2371, valid_acc: 67.09, valid_fscore: 65.94,test_loss: 2.2567, test_acc: 66.21, test_fscore: 65.05, time: 1780651179.796098
epoch: 19, train_loss_a_kd: 5.4211, train_loss_v_kd: 2.3992, valid_loss_a_kd: 6.1678, valid_loss_v_kd: 8.8315, test_loss_a_kd: 5.8715, test_loss_v_kd: 8.249
epoch: 20, train_loss: 0.935, train_acc: 93.03, train_fscore: 93.04 valid_loss: 2.2326, valid_acc: 67.36, valid_fscore: 66.25,test_loss: 2.2491, test_acc: 66.36, test_fscore: 65.16, time: 1780651183.5726423
epoch: 20, train_loss_a_kd: 5.3674, train_loss_v_kd: 2.4188, valid_loss_a_kd: 6.1524, valid_loss_v_kd: 8.8447, test_loss_a_kd: 5.8545, test_loss_v_kd: 8.256
epoch: 21, train_loss: 0.9324, train_acc: 92.89, train_fscore: 92.9 valid_loss: 2.2431, valid_acc: 67.45, valid_fscore: 66.23,test_loss: 2.2511, test_acc: 66.59, test_fscore: 65.18, time: 1780651187.4918458
epoch: 21, train_loss_a_kd: 5.3456, train_loss_v_kd: 2.3803, valid_loss_a_kd: 6.1019, valid_loss_v_kd: 8.7778, test_loss_a_kd: 5.7973, test_loss_v_kd: 8.1938
epoch: 22, train_loss: 0.9315, train_acc: 93.11, train_fscore: 93.12 valid_loss: 2.2274, valid_acc: 67.36, valid_fscore: 66.15,test_loss: 2.2439, test_acc: 66.32, test_fscore: 65.06, time: 1780651191.5168815
epoch: 22, train_loss_a_kd: 5.3961, train_loss_v_kd: 2.4278, valid_loss_a_kd: 6.1317, valid_loss_v_kd: 8.8148, test_loss_a_kd: 5.8312, test_loss_v_kd: 8.2304
epoch: 23, train_loss: 0.9224, train_acc: 93.03, train_fscore: 93.03 valid_loss: 2.2321, valid_acc: 67.27, valid_fscore: 66.12,test_loss: 2.2456, test_acc: 66.32, test_fscore: 65.09, time: 1780651195.2500713
epoch: 23, train_loss_a_kd: 5.3554, train_loss_v_kd: 2.3758, valid_loss_a_kd: 6.1314, valid_loss_v_kd: 8.8246, test_loss_a_kd: 5.8416, test_loss_v_kd: 8.2334
epoch: 24, train_loss: 0.9286, train_acc: 93.07, train_fscore: 93.09 valid_loss: 2.2378, valid_acc: 67.36, valid_fscore: 66.17,test_loss: 2.2479, test_acc: 66.59, test_fscore: 65.29, time: 1780651199.1125112
epoch: 24, train_loss_a_kd: 5.3575, train_loss_v_kd: 2.3768, valid_loss_a_kd: 6.0917, valid_loss_v_kd: 8.8168, test_loss_a_kd: 5.8113, test_loss_v_kd: 8.2189
epoch: 25, train_loss: 0.928, train_acc: 92.97, train_fscore: 92.98 valid_loss: 2.2504, valid_acc: 67.18, valid_fscore: 65.96,test_loss: 2.2545, test_acc: 66.7, test_fscore: 65.39, time: 1780651203.1564467
epoch: 25, train_loss_a_kd: 5.3885, train_loss_v_kd: 2.4365, valid_loss_a_kd: 6.0861, valid_loss_v_kd: 8.8046, test_loss_a_kd: 5.8014, test_loss_v_kd: 8.2122
epoch: 26, train_loss: 0.9245, train_acc: 93.14, train_fscore: 93.14 valid_loss: 2.2369, valid_acc: 67.45, valid_fscore: 66.22,test_loss: 2.2509, test_acc: 66.44, test_fscore: 65.19, time: 1780651206.9264677
epoch: 26, train_loss_a_kd: 5.3885, train_loss_v_kd: 2.4083, valid_loss_a_kd: 6.1037, valid_loss_v_kd: 8.8084, test_loss_a_kd: 5.8089, test_loss_v_kd: 8.2143
epoch: 27, train_loss: 0.9229, train_acc: 93.16, train_fscore: 93.17 valid_loss: 2.2402, valid_acc: 67.27, valid_fscore: 66.09,test_loss: 2.2493, test_acc: 66.63, test_fscore: 65.35, time: 1780651210.799063
epoch: 27, train_loss_a_kd: 5.3455, train_loss_v_kd: 2.395, valid_loss_a_kd: 6.0897, valid_loss_v_kd: 8.8032, test_loss_a_kd: 5.8017, test_loss_v_kd: 8.21
epoch: 28, train_loss: 0.9219, train_acc: 93.26, train_fscore: 93.26 valid_loss: 2.2381, valid_acc: 67.36, valid_fscore: 66.13,test_loss: 2.2482, test_acc: 66.59, test_fscore: 65.29, time: 1780651214.67802
epoch: 28, train_loss_a_kd: 5.365, train_loss_v_kd: 2.3864, valid_loss_a_kd: 6.088, valid_loss_v_kd: 8.7987, test_loss_a_kd: 5.797, test_loss_v_kd: 8.206
early stopping at epoch 28, best epoch 16, best test_acc 66.78, best test_fscore 65.5
FINAL best epoch 16: test_acc=66.78, test_fscore=65.5, composite=132.28
